2026-02-22T01:34:04.9178953Z Current runner version: '2.331.0'
2026-02-22T01:34:04.9203490Z ##[group]Runner Image Provisioner
2026-02-22T01:34:04.9204414Z Hosted Compute Agent
2026-02-22T01:34:04.9205085Z Version: 20260123.484
2026-02-22T01:34:04.9205717Z Commit: 6bd6555ca37d84114959e1c76d2c01448ff61c5d
2026-02-22T01:34:04.9206448Z Build Date: 2026-01-23T19:41:17Z
2026-02-22T01:34:04.9207189Z Worker ID: {69de8d4c-cd67-4d42-8147-51035c7bd3dd}
2026-02-22T01:34:04.9207940Z Azure Region: centralus
2026-02-22T01:34:04.9208758Z ##[endgroup]
2026-02-22T01:34:04.9210281Z ##[group]Operating System
2026-02-22T01:34:04.9211081Z Ubuntu
2026-02-22T01:34:04.9211541Z 24.04.3
2026-02-22T01:34:04.9211983Z LTS
2026-02-22T01:34:04.9212480Z ##[endgroup]
2026-02-22T01:34:04.9213008Z ##[group]Runner Image
2026-02-22T01:34:04.9213510Z Image: ubuntu-24.04
2026-02-22T01:34:04.9214082Z Version: 20260201.15.1
2026-02-22T01:34:04.9215220Z Included Software: https://github.com/actions/runner-images/blob/ubuntu24/20260201.15/images/ubuntu/Ubuntu2404-Readme.md
2026-02-22T01:34:04.9216708Z Image Release: https://github.com/actions/runner-images/releases/tag/ubuntu24%2F20260201.15
2026-02-22T01:34:04.9217546Z ##[endgroup]
2026-02-22T01:34:04.9218812Z ##[group]GITHUB_TOKEN Permissions
2026-02-22T01:34:04.9220787Z Contents: read
2026-02-22T01:34:04.9221334Z Metadata: read
2026-02-22T01:34:04.9221864Z Packages: read
2026-02-22T01:34:04.9222372Z ##[endgroup]
2026-02-22T01:34:04.9224411Z Secret source: Actions
2026-02-22T01:34:04.9225171Z Prepare workflow directory
2026-02-22T01:34:04.9560611Z Prepare all required actions
2026-02-22T01:34:04.9597755Z Getting action download info
2026-02-22T01:34:05.3904238Z Download action repository 'actions/checkout@v4' (SHA:34e114876b0b11c390a56381ad16ebd13914f8d5)
2026-02-22T01:34:05.4747777Z Download action repository 'cachix/install-nix-action@v25' (SHA:6004951b182f8860210c8d6f0d808ec5b1a33d28)
2026-02-22T01:34:05.8521282Z Download action repository 'cachix/cachix-action@v14' (SHA:18cf96c7c98e048e10a83abd92116114cd8504be)
2026-02-22T01:34:06.2985395Z Download action repository 'actions/upload-artifact@v4' (SHA:ea165f8d65b6e75b540449e92b4886f43607fa02)
2026-02-22T01:34:06.5684849Z Complete job name: Build Glove80
2026-02-22T01:34:06.6498355Z ##[group]Run actions/checkout@v4
2026-02-22T01:34:06.6499823Z with:
2026-02-22T01:34:06.6500720Z   repository: nothingfortune/zmk-custom-functions-lib
2026-02-22T01:34:06.6502161Z   token: ***
2026-02-22T01:34:06.6502868Z   ssh-strict: true
2026-02-22T01:34:06.6503608Z   ssh-user: git
2026-02-22T01:34:06.6504364Z   persist-credentials: true
2026-02-22T01:34:06.6505217Z   clean: true
2026-02-22T01:34:06.6505980Z   sparse-checkout-cone-mode: true
2026-02-22T01:34:06.6506898Z   fetch-depth: 1
2026-02-22T01:34:06.6507651Z   fetch-tags: false
2026-02-22T01:34:06.6508608Z   show-progress: true
2026-02-22T01:34:06.6509389Z   lfs: false
2026-02-22T01:34:06.6510106Z   submodules: false
2026-02-22T01:34:06.6510884Z   set-safe-directory: true
2026-02-22T01:34:06.6511984Z ##[endgroup]
2026-02-22T01:34:06.7590809Z Syncing repository: nothingfortune/zmk-custom-functions-lib
2026-02-22T01:34:06.7593520Z ##[group]Getting Git version info
2026-02-22T01:34:06.7595196Z Working directory is '/home/runner/work/zmk-custom-functions-lib/zmk-custom-functions-lib'
2026-02-22T01:34:06.7597505Z [command]/usr/bin/git version
2026-02-22T01:34:06.7679633Z git version 2.52.0
2026-02-22T01:34:06.7706281Z ##[endgroup]
2026-02-22T01:34:06.7720349Z Temporarily overriding HOME='/home/runner/work/_temp/7e2051b1-8fad-4a33-b1bb-ac5cc86d14fc' before making global git config changes
2026-02-22T01:34:06.7722998Z Adding repository directory to the temporary git global config as a safe directory
2026-02-22T01:34:06.7734192Z [command]/usr/bin/git config --global --add safe.directory /home/runner/work/zmk-custom-functions-lib/zmk-custom-functions-lib
2026-02-22T01:34:06.7774273Z Deleting the contents of '/home/runner/work/zmk-custom-functions-lib/zmk-custom-functions-lib'
2026-02-22T01:34:06.7778575Z ##[group]Initializing the repository
2026-02-22T01:34:06.7783051Z [command]/usr/bin/git init /home/runner/work/zmk-custom-functions-lib/zmk-custom-functions-lib
2026-02-22T01:34:06.7904218Z hint: Using 'master' as the name for the initial branch. This default branch name
2026-02-22T01:34:06.7906204Z hint: will change to "main" in Git 3.0. To configure the initial branch name
2026-02-22T01:34:06.7908389Z hint: to use in all of your new repositories, which will suppress this warning,
2026-02-22T01:34:06.7910453Z hint: call:
2026-02-22T01:34:06.7911688Z hint:
2026-02-22T01:34:06.7913332Z hint: 	git config --global init.defaultBranch <name>
2026-02-22T01:34:06.7915336Z hint:
2026-02-22T01:34:06.7917250Z hint: Names commonly chosen instead of 'master' are 'main', 'trunk' and
2026-02-22T01:34:06.7920536Z hint: 'development'. The just-created branch can be renamed via this command:
2026-02-22T01:34:06.7923052Z hint:
2026-02-22T01:34:06.7924310Z hint: 	git branch -m <name>
2026-02-22T01:34:06.7925741Z hint:
2026-02-22T01:34:06.7927649Z hint: Disable this message with "git config set advice.defaultBranchName false"
2026-02-22T01:34:06.7930908Z Initialized empty Git repository in /home/runner/work/zmk-custom-functions-lib/zmk-custom-functions-lib/.git/
2026-02-22T01:34:06.7934828Z [command]/usr/bin/git remote add origin https://github.com/nothingfortune/zmk-custom-functions-lib
2026-02-22T01:34:06.7961114Z ##[endgroup]
2026-02-22T01:34:06.7963513Z ##[group]Disabling automatic garbage collection
2026-02-22T01:34:06.7965679Z [command]/usr/bin/git config --local gc.auto 0
2026-02-22T01:34:06.7995193Z ##[endgroup]
2026-02-22T01:34:06.7997402Z ##[group]Setting up auth
2026-02-22T01:34:06.8003341Z [command]/usr/bin/git config --local --name-only --get-regexp core\.sshCommand
2026-02-22T01:34:06.8036733Z [command]/usr/bin/git submodule foreach --recursive sh -c "git config --local --name-only --get-regexp 'core\.sshCommand' && git config --local --unset-all 'core.sshCommand' || :"
2026-02-22T01:34:06.8458766Z [command]/usr/bin/git config --local --name-only --get-regexp http\.https\:\/\/github\.com\/\.extraheader
2026-02-22T01:34:06.8492287Z [command]/usr/bin/git submodule foreach --recursive sh -c "git config --local --name-only --get-regexp 'http\.https\:\/\/github\.com\/\.extraheader' && git config --local --unset-all 'http.https://github.com/.extraheader' || :"
2026-02-22T01:34:06.8711674Z [command]/usr/bin/git config --local --name-only --get-regexp ^includeIf\.gitdir:
2026-02-22T01:34:06.8743321Z [command]/usr/bin/git submodule foreach --recursive git config --local --show-origin --name-only --get-regexp remote.origin.url
2026-02-22T01:34:06.8978378Z [command]/usr/bin/git config --local http.https://github.com/.extraheader AUTHORIZATION: basic ***
2026-02-22T01:34:06.9015195Z ##[endgroup]
2026-02-22T01:34:06.9017476Z ##[group]Fetching the repository
2026-02-22T01:34:06.9027003Z [command]/usr/bin/git -c protocol.version=2 fetch --no-tags --prune --no-recurse-submodules --depth=1 origin +6791d3ee6e7675e1a1d8c137172fced6bcccdf8b:refs/remotes/origin/main
2026-02-22T01:34:07.2777123Z From https://github.com/nothingfortune/zmk-custom-functions-lib
2026-02-22T01:34:07.2814749Z  * [new ref]         6791d3ee6e7675e1a1d8c137172fced6bcccdf8b -> origin/main
2026-02-22T01:34:07.2818701Z ##[endgroup]
2026-02-22T01:34:07.2819984Z ##[group]Determining the checkout info
2026-02-22T01:34:07.2821389Z ##[endgroup]
2026-02-22T01:34:07.2822919Z [command]/usr/bin/git sparse-checkout disable
2026-02-22T01:34:07.2868821Z [command]/usr/bin/git config --local --unset-all extensions.worktreeConfig
2026-02-22T01:34:07.2896252Z ##[group]Checking out the ref
2026-02-22T01:34:07.2899880Z [command]/usr/bin/git checkout --progress --force -B main refs/remotes/origin/main
2026-02-22T01:34:07.3070006Z Switched to a new branch 'main'
2026-02-22T01:34:07.3072156Z branch 'main' set up to track 'origin/main'.
2026-02-22T01:34:07.3081228Z ##[endgroup]
2026-02-22T01:34:07.3113556Z [command]/usr/bin/git log -1 --format=%H
2026-02-22T01:34:07.3134518Z 6791d3ee6e7675e1a1d8c137172fced6bcccdf8b
2026-02-22T01:34:07.3446200Z ##[group]Run actions/checkout@v4
2026-02-22T01:34:07.3447333Z with:
2026-02-22T01:34:07.3448015Z   repository: moergo-sc/zmk
2026-02-22T01:34:07.3448969Z   ref: main
2026-02-22T01:34:07.3449622Z   path: src
2026-02-22T01:34:07.3450543Z   token: ***
2026-02-22T01:34:07.3451230Z   ssh-strict: true
2026-02-22T01:34:07.3451953Z   ssh-user: git
2026-02-22T01:34:07.3452678Z   persist-credentials: true
2026-02-22T01:34:07.3453492Z   clean: true
2026-02-22T01:34:07.3454222Z   sparse-checkout-cone-mode: true
2026-02-22T01:34:07.3455114Z   fetch-depth: 1
2026-02-22T01:34:07.3455815Z   fetch-tags: false
2026-02-22T01:34:07.3456545Z   show-progress: true
2026-02-22T01:34:07.3457270Z   lfs: false
2026-02-22T01:34:07.3457946Z   submodules: false
2026-02-22T01:34:07.3458856Z   set-safe-directory: true
2026-02-22T01:34:07.3459664Z ##[endgroup]
2026-02-22T01:34:07.4390623Z Syncing repository: moergo-sc/zmk
2026-02-22T01:34:07.4397306Z ##[group]Getting Git version info
2026-02-22T01:34:07.4464441Z Working directory is '/home/runner/work/zmk-custom-functions-lib/zmk-custom-functions-lib/src'
2026-02-22T01:34:07.4470480Z [command]/usr/bin/git version
2026-02-22T01:34:07.4481376Z git version 2.52.0
2026-02-22T01:34:07.4509470Z ##[endgroup]
2026-02-22T01:34:07.4525194Z Temporarily overriding HOME='/home/runner/work/_temp/0ea02180-1c21-4b95-beea-92b6876685aa' before making global git config changes
2026-02-22T01:34:07.4529967Z Adding repository directory to the temporary git global config as a safe directory
2026-02-22T01:34:07.4540354Z [command]/usr/bin/git config --global --add safe.directory /home/runner/work/zmk-custom-functions-lib/zmk-custom-functions-lib/src
2026-02-22T01:34:07.4572884Z ##[group]Initializing the repository
2026-02-22T01:34:07.4579457Z [command]/usr/bin/git init /home/runner/work/zmk-custom-functions-lib/zmk-custom-functions-lib/src
2026-02-22T01:34:07.4628743Z hint: Using 'master' as the name for the initial branch. This default branch name
2026-02-22T01:34:07.4631459Z hint: will change to "main" in Git 3.0. To configure the initial branch name
2026-02-22T01:34:07.4634580Z hint: to use in all of your new repositories, which will suppress this warning,
2026-02-22T01:34:07.4637019Z hint: call:
2026-02-22T01:34:07.4638430Z hint:
2026-02-22T01:34:07.4639875Z hint: 	git config --global init.defaultBranch <name>
2026-02-22T01:34:07.4641852Z hint:
2026-02-22T01:34:07.4643725Z hint: Names commonly chosen instead of 'master' are 'main', 'trunk' and
2026-02-22T01:34:07.4646637Z hint: 'development'. The just-created branch can be renamed via this command:
2026-02-22T01:34:07.4648921Z hint:
2026-02-22T01:34:07.4649623Z hint: 	git branch -m <name>
2026-02-22T01:34:07.4650424Z hint:
2026-02-22T01:34:07.4651522Z hint: Disable this message with "git config set advice.defaultBranchName false"
2026-02-22T01:34:07.4654431Z Initialized empty Git repository in /home/runner/work/zmk-custom-functions-lib/zmk-custom-functions-lib/src/.git/
2026-02-22T01:34:07.4659738Z [command]/usr/bin/git remote add origin https://github.com/moergo-sc/zmk
2026-02-22T01:34:07.4678405Z ##[endgroup]
2026-02-22T01:34:07.4680682Z ##[group]Disabling automatic garbage collection
2026-02-22T01:34:07.4682817Z [command]/usr/bin/git config --local gc.auto 0
2026-02-22T01:34:07.4712016Z ##[endgroup]
2026-02-22T01:34:07.4713233Z ##[group]Setting up auth
2026-02-22T01:34:07.4717346Z [command]/usr/bin/git config --local --name-only --get-regexp core\.sshCommand
2026-02-22T01:34:07.4746962Z [command]/usr/bin/git submodule foreach --recursive sh -c "git config --local --name-only --get-regexp 'core\.sshCommand' && git config --local --unset-all 'core.sshCommand' || :"
2026-02-22T01:34:07.4964406Z [command]/usr/bin/git config --local --name-only --get-regexp http\.https\:\/\/github\.com\/\.extraheader
2026-02-22T01:34:07.4993997Z [command]/usr/bin/git submodule foreach --recursive sh -c "git config --local --name-only --get-regexp 'http\.https\:\/\/github\.com\/\.extraheader' && git config --local --unset-all 'http.https://github.com/.extraheader' || :"
2026-02-22T01:34:07.5212285Z [command]/usr/bin/git config --local --name-only --get-regexp ^includeIf\.gitdir:
2026-02-22T01:34:07.5252952Z [command]/usr/bin/git submodule foreach --recursive git config --local --show-origin --name-only --get-regexp remote.origin.url
2026-02-22T01:34:07.5473560Z [command]/usr/bin/git config --local http.https://github.com/.extraheader AUTHORIZATION: basic ***
2026-02-22T01:34:07.5508244Z ##[endgroup]
2026-02-22T01:34:07.5509596Z ##[group]Fetching the repository
2026-02-22T01:34:07.5516770Z [command]/usr/bin/git -c protocol.version=2 fetch --no-tags --prune --no-recurse-submodules --depth=1 origin +refs/heads/main*:refs/remotes/origin/main* +refs/tags/main*:refs/tags/main*
2026-02-22T01:34:08.2183922Z From https://github.com/moergo-sc/zmk
2026-02-22T01:34:08.2185200Z  * [new branch]      main       -> origin/main
2026-02-22T01:34:08.2213301Z ##[endgroup]
2026-02-22T01:34:08.2215405Z ##[group]Determining the checkout info
2026-02-22T01:34:08.2221023Z [command]/usr/bin/git branch --list --remote origin/main
2026-02-22T01:34:08.2244387Z   origin/main
2026-02-22T01:34:08.2249695Z ##[endgroup]
2026-02-22T01:34:08.2253697Z [command]/usr/bin/git sparse-checkout disable
2026-02-22T01:34:08.2291315Z [command]/usr/bin/git config --local --unset-all extensions.worktreeConfig
2026-02-22T01:34:08.2319258Z ##[group]Checking out the ref
2026-02-22T01:34:08.2322753Z [command]/usr/bin/git checkout --progress --force -B main refs/remotes/origin/main
2026-02-22T01:34:08.3748854Z Switched to a new branch 'main'
2026-02-22T01:34:08.3754208Z branch 'main' set up to track 'origin/main'.
2026-02-22T01:34:08.3764984Z ##[endgroup]
2026-02-22T01:34:08.3811091Z [command]/usr/bin/git log -1 --format=%H
2026-02-22T01:34:08.3841636Z 11454d23596afbdb06380a1125371b19ab65675c
2026-02-22T01:34:08.4089592Z ##[group]Run cachix/install-nix-action@v25
2026-02-22T01:34:08.4090580Z with:
2026-02-22T01:34:08.4091263Z   nix_path: nixpkgs=channel:nixos-22.05
2026-02-22T01:34:08.4092169Z   enable_kvm: true
2026-02-22T01:34:08.4092856Z ##[endgroup]
2026-02-22T01:34:08.4196107Z ##[group]Run ${GITHUB_ACTION_PATH}/install-nix.sh
2026-02-22T01:34:08.4197326Z [36;1m${GITHUB_ACTION_PATH}/install-nix.sh[0m
2026-02-22T01:34:08.4235476Z shell: /usr/bin/bash --noprofile --norc -e -o pipefail {0}
2026-02-22T01:34:08.4236606Z env:
2026-02-22T01:34:08.4237252Z   INPUT_EXTRA_NIX_CONFIG: 
2026-02-22T01:34:08.4238230Z   INPUT_GITHUB_ACCESS_TOKEN: 
2026-02-22T01:34:08.4239086Z   INPUT_INSTALL_OPTIONS: 
2026-02-22T01:34:08.4239868Z   INPUT_INSTALL_URL: 
2026-02-22T01:34:08.4240690Z   INPUT_NIX_PATH: nixpkgs=channel:nixos-22.05
2026-02-22T01:34:08.4241678Z   INPUT_ENABLE_KVM: true
2026-02-22T01:34:08.4242895Z   GITHUB_TOKEN: ***
2026-02-22T01:34:08.4243605Z ##[endgroup]
2026-02-22T01:34:08.4350426Z ##[group]Enabling KVM support
2026-02-22T01:34:08.4416531Z KERNEL=="kvm", GROUP="kvm", MODE="0666", OPTIONS+="static_node=kvm"
2026-02-22T01:34:08.4711977Z Enabled KVM
2026-02-22T01:34:08.4714308Z ##[endgroup]
2026-02-22T01:34:08.4716265Z ##[group]Installing Nix
2026-02-22T01:34:08.4998970Z installer options: --no-channel-add --darwin-use-unencrypted-nix-store-volume --nix-extra-conf-file /tmp/tmp.3TcPQRGril/nix.conf --daemon --daemon-user-count 8
2026-02-22T01:34:08.6306270Z * Host releases.nixos.org:443 was resolved.
2026-02-22T01:34:08.6310804Z * IPv6: 2a04:4e42:8a::347
2026-02-22T01:34:08.6311574Z * IPv4: 146.75.77.91
2026-02-22T01:34:08.6312265Z *   Trying 146.75.77.91:443...
2026-02-22T01:34:08.6423868Z * Connected to releases.nixos.org (146.75.77.91) port 443
2026-02-22T01:34:08.6439828Z * ALPN: curl offers h2,http/1.1
2026-02-22T01:34:08.6441086Z } [5 bytes data]
2026-02-22T01:34:08.6442114Z * TLSv1.3 (OUT), TLS handshake, Client hello (1):
2026-02-22T01:34:08.6443105Z } [512 bytes data]
2026-02-22T01:34:08.6659107Z *  CAfile: /etc/ssl/certs/ca-certificates.crt
2026-02-22T01:34:08.6660705Z *  CApath: /etc/ssl/certs
2026-02-22T01:34:08.6661841Z { [5 bytes data]
2026-02-22T01:34:08.6662771Z * TLSv1.3 (IN), TLS handshake, Server hello (2):
2026-02-22T01:34:08.6663905Z { [122 bytes data]
2026-02-22T01:34:08.6665333Z * TLSv1.3 (IN), TLS handshake, Encrypted Extensions (8):
2026-02-22T01:34:08.6666500Z { [19 bytes data]
2026-02-22T01:34:08.6667669Z * TLSv1.3 (IN), TLS handshake, Certificate (11):
2026-02-22T01:34:08.6669319Z { [2602 bytes data]
2026-02-22T01:34:08.6670513Z * TLSv1.3 (IN), TLS handshake, CERT verify (15):
2026-02-22T01:34:08.6672013Z { [264 bytes data]
2026-02-22T01:34:08.6673108Z * TLSv1.3 (IN), TLS handshake, Finished (20):
2026-02-22T01:34:08.6674002Z { [36 bytes data]
2026-02-22T01:34:08.6674824Z * TLSv1.3 (OUT), TLS change cipher, Change cipher spec (1):
2026-02-22T01:34:08.6675835Z } [1 bytes data]
2026-02-22T01:34:08.6676547Z * TLSv1.3 (OUT), TLS handshake, Finished (20):
2026-02-22T01:34:08.6677461Z } [36 bytes data]
2026-02-22T01:34:08.6678600Z * SSL connection using TLSv1.3 / TLS_AES_128_GCM_SHA256 / X25519 / RSASSA-PSS
2026-02-22T01:34:08.6679856Z * ALPN: server accepted h2
2026-02-22T01:34:08.6680583Z * Server certificate:
2026-02-22T01:34:08.6681286Z *  subject: CN=releases.nixos.org
2026-02-22T01:34:08.6682120Z *  start date: Jan 13 01:58:01 2026 GMT
2026-02-22T01:34:08.6682969Z *  expire date: Apr 13 01:58:00 2026 GMT
2026-02-22T01:34:08.6684249Z *  subjectAltName: host "releases.nixos.org" matched cert's "releases.nixos.org"
2026-02-22T01:34:08.6685587Z *  issuer: C=US; O=Let's Encrypt; CN=R12
2026-02-22T01:34:08.6686442Z *  SSL certificate verify ok.
2026-02-22T01:34:08.6687849Z *   Certificate level 0: Public key type RSA (2048/112 Bits/secBits), signed using sha256WithRSAEncryption
2026-02-22T01:34:08.6690136Z *   Certificate level 1: Public key type RSA (2048/112 Bits/secBits), signed using sha256WithRSAEncryption
2026-02-22T01:34:08.6692526Z *   Certificate level 2: Public key type RSA (4096/152 Bits/secBits), signed using sha256WithRSAEncryption
2026-02-22T01:34:08.6694044Z { [5 bytes data]
2026-02-22T01:34:08.6694816Z * TLSv1.3 (IN), TLS handshake, Newsession Ticket (4):
2026-02-22T01:34:08.6695766Z { [201 bytes data]
2026-02-22T01:34:08.6696360Z * using HTTP/2
2026-02-22T01:34:08.6697405Z * [HTTP/2] [1] OPENED stream for https://releases.nixos.org/nix/nix-2.19.2/install
2026-02-22T01:34:08.6698798Z * [HTTP/2] [1] [:method: GET]
2026-02-22T01:34:08.6699550Z * [HTTP/2] [1] [:scheme: https]
2026-02-22T01:34:08.6700388Z * [HTTP/2] [1] [:authority: releases.nixos.org]
2026-02-22T01:34:08.6701613Z * [HTTP/2] [1] [:path: /nix/nix-2.19.2/install]
2026-02-22T01:34:08.6702725Z * [HTTP/2] [1] [user-agent: curl/8.5.0]
2026-02-22T01:34:08.6703560Z * [HTTP/2] [1] [accept: */*]
2026-02-22T01:34:08.6704275Z } [5 bytes data]
2026-02-22T01:34:08.6704971Z > GET /nix/nix-2.19.2/install HTTP/2
2026-02-22T01:34:08.6705866Z > Host: releases.nixos.org
2026-02-22T01:34:08.6706662Z > User-Agent: curl/8.5.0
2026-02-22T01:34:08.6707444Z > Accept: */*
2026-02-22T01:34:08.6708014Z > 
2026-02-22T01:34:08.6786225Z { [5 bytes data]
2026-02-22T01:34:08.6803266Z < HTTP/2 200 
2026-02-22T01:34:08.6804396Z < last-modified: Wed, 29 Nov 2023 16:16:25 GMT
2026-02-22T01:34:08.6805873Z < etag: "65029e6468c72d36dcb083ab91c4a430"
2026-02-22T01:34:08.6807136Z < x-amz-server-side-encryption: AES256
2026-02-22T01:34:08.6808421Z < content-type: text/plain
2026-02-22T01:34:08.6809314Z < server: AmazonS3
2026-02-22T01:34:08.6810111Z < via: 1.1 varnish, 1.1 varnish
2026-02-22T01:34:08.6811107Z < access-control-allow-origin: *
2026-02-22T01:34:08.6812101Z < accept-ranges: bytes
2026-02-22T01:34:08.6812921Z < age: 66414
2026-02-22T01:34:08.6813674Z < date: Sun, 22 Feb 2026 01:34:08 GMT
2026-02-22T01:34:08.6814961Z < x-served-by: cache-dub4395-DUB, cache-chi-kigq8000080-CHI
2026-02-22T01:34:08.6816276Z < x-cache: HIT, HIT
2026-02-22T01:34:08.6817070Z < x-cache-hits: 985, 0
2026-02-22T01:34:08.6817902Z < content-length: 4052
2026-02-22T01:34:08.6818837Z < 
2026-02-22T01:34:08.6819500Z { [5 bytes data]
2026-02-22T01:34:08.6820484Z * Connection #0 to host releases.nixos.org left intact
2026-02-22T01:34:08.6876885Z downloading Nix 2.19.2 binary tarball for x86_64-linux from 'https://releases.nixos.org/nix/nix-2.19.2/nix-2.19.2-x86_64-linux.tar.xz' to '/tmp/nix-binary-tarball-unpack.geowQHcUu7'...
2026-02-22T01:34:08.6922578Z   % Total    % Received % Xferd  Average Speed   Time    Time     Time  Current
2026-02-22T01:34:08.6924672Z                                  Dload  Upload   Total   Spent    Left  Speed
2026-02-22T01:34:08.6925731Z 
2026-02-22T01:34:08.7271525Z   0     0    0     0    0     0      0      0 --:--:-- --:--:-- --:--:--     0
2026-02-22T01:34:08.9012461Z   0     0    0     0    0     0      0      0 --:--:-- --:--:-- --:--:--     0
2026-02-22T01:34:08.9013357Z 100 20.6M  100 20.6M    0     0  98.7M      0 --:--:-- --:--:-- --:--:-- 98.3M
2026-02-22T01:34:10.3735463Z Note: a multi-user installation is possible. See https://nixos.org/manual/nix/stable/installation/installing-binary.html#multi-user-installation
2026-02-22T01:34:10.3743923Z Warning: the flag --darwin-use-unencrypted-nix-store-volume
2026-02-22T01:34:10.3744757Z          is no longer needed and will be removed in the future.
2026-02-22T01:34:10.3745178Z 
2026-02-22T01:34:10.3754921Z [1;31mSwitching to the Multi-user Installer[0m
2026-02-22T01:34:10.3850982Z [32mWelcome to the Multi-User Nix Installation
2026-02-22T01:34:10.3860783Z [0m
2026-02-22T01:34:10.3861300Z This installation tool will set up your computer with the Nix package
2026-02-22T01:34:10.3861967Z manager. This will happen in a few stages:
2026-02-22T01:34:10.3862302Z 
2026-02-22T01:34:10.3862620Z 1. Make sure your computer doesn't already have Nix. If it does, I
2026-02-22T01:34:10.3863391Z    will show you instructions on how to clean up your old install.
2026-02-22T01:34:10.3863849Z 
2026-02-22T01:34:10.3864169Z 2. Show you what I am going to install and where. Then I will ask
2026-02-22T01:34:10.3865042Z    if you are ready to continue.
2026-02-22T01:34:10.3865423Z 
2026-02-22T01:34:10.3865988Z 3. Create the system users [34m(uids [30001..30008])[0m and groups [34m(gid 30000)[0m
2026-02-22T01:34:10.3866766Z    that the Nix daemon uses to run builds.
2026-02-22T01:34:10.3867101Z 
2026-02-22T01:34:10.3867386Z 4. Perform the basic installation of the Nix files daemon.
2026-02-22T01:34:10.3867799Z 
2026-02-22T01:34:10.3868313Z 5. Configure your shell to import special Nix Profile files, so you
2026-02-22T01:34:10.3868895Z    can use Nix.
2026-02-22T01:34:10.3869103Z 
2026-02-22T01:34:10.3869253Z 6. Start the Nix daemon.
2026-02-22T01:34:10.3869490Z 
2026-02-22T01:34:10.3869965Z [32m[4;32mWould you like to see a more detailed list of what I will do?
2026-02-22T01:34:10.3870794Z [0mNo TTY, assuming you would say yes :)
2026-02-22T01:34:10.3875626Z 
2026-02-22T01:34:10.3876077Z I will:
2026-02-22T01:34:10.3876306Z 
2026-02-22T01:34:10.3876589Z  - make sure your computer doesn't already have Nix files
2026-02-22T01:34:10.3877251Z    (if it does, I will tell you how to clean them up.)
2026-02-22T01:34:10.3877901Z  - create local users (see the list above for the users I'll make)
2026-02-22T01:34:10.3878690Z  - create a local group (nixbld)
2026-02-22T01:34:10.3879159Z  - install Nix in to /nix
2026-02-22T01:34:10.3879607Z  - create a configuration file in /etc/nix
2026-02-22T01:34:10.3880239Z  - set up the "default profile" by creating some Nix-related files in
2026-02-22T01:34:10.3880785Z    /root
2026-02-22T01:34:10.3895149Z  - back up /etc/bash.bashrc to /etc/bash.bashrc.backup-before-nix
2026-02-22T01:34:10.3895992Z  - update /etc/bash.bashrc to include some Nix configuration
2026-02-22T01:34:10.3906642Z  - load and start a service (at /etc/systemd/system/nix-daemon.service
2026-02-22T01:34:10.3907414Z    and /etc/systemd/system/nix-daemon.socket) for nix-daemon
2026-02-22T01:34:10.3907836Z 
2026-02-22T01:34:10.3909037Z [32m[4;32mReady to continue?
2026-02-22T01:34:10.3909572Z [0mNo TTY, assuming you would say yes :)
2026-02-22T01:34:10.3929477Z 
2026-02-22T01:34:10.3930423Z [34m---- let's talk about sudo -----------------------------------------------------
2026-02-22T01:34:10.3940277Z [0mThis script is going to call sudo a lot. Normally, it would show you
2026-02-22T01:34:10.3941472Z exactly what commands it is running and why. However, the script is
2026-02-22T01:34:10.3942128Z run in a headless fashion, like this:
2026-02-22T01:34:10.3942454Z 
2026-02-22T01:34:10.3942684Z   $ curl -L https://nixos.org/nix/install | sh
2026-02-22T01:34:10.3943072Z 
2026-02-22T01:34:10.3943358Z or maybe in a CI pipeline. Because of that, I'm going to skip the
2026-02-22T01:34:10.3944007Z verbose output in the interest of brevity.
2026-02-22T01:34:10.3944342Z 
2026-02-22T01:34:10.3944475Z If you would like to
2026-02-22T01:34:10.3944846Z see the output, try like this:
2026-02-22T01:34:10.3945119Z 
2026-02-22T01:34:10.3945371Z   $ curl -L -o install-nix https://nixos.org/nix/install
2026-02-22T01:34:10.3945947Z   $ sh ./install-nix
2026-02-22T01:34:10.3946162Z 
2026-02-22T01:34:10.3946193Z 
2026-02-22T01:34:10.3946545Z [32m~~> Checking for artifacts of previous installs
2026-02-22T01:34:10.3954159Z [0mBefore I try to install, I'll check for signs Nix already is or has
2026-02-22T01:34:10.3954861Z been installed on this system.
2026-02-22T01:34:10.3987131Z 
2026-02-22T01:34:10.3987724Z [34m---- Nix config report ---------------------------------------------------------
2026-02-22T01:34:10.3988720Z [0m[1m        Temp Dir[0m:	/tmp/tmp.GqtB1j8hHN
2026-02-22T01:34:10.3989258Z [1m        Nix Root[0m:	/nix
2026-02-22T01:34:10.3989674Z [1m     Build Users[0m:	8
2026-02-22T01:34:10.3990082Z [1m  Build Group ID[0m:	30000
2026-02-22T01:34:10.3990368Z [1mBuild Group Name[0m:	nixbld
2026-02-22T01:34:10.3991008Z 
2026-02-22T01:34:10.3991215Z [4;34mbuild users:
2026-02-22T01:34:10.3991598Z [0m[1m    Username[0m:	UID
2026-02-22T01:34:10.4103000Z [1m     nixbld1[0m:	30001
2026-02-22T01:34:10.4112926Z [1m     nixbld2[0m:	30002
2026-02-22T01:34:10.4122899Z [1m     nixbld3[0m:	30003
2026-02-22T01:34:10.4132546Z [1m     nixbld4[0m:	30004
2026-02-22T01:34:10.4142289Z [1m     nixbld5[0m:	30005
2026-02-22T01:34:10.4151995Z [1m     nixbld6[0m:	30006
2026-02-22T01:34:10.4161875Z [1m     nixbld7[0m:	30007
2026-02-22T01:34:10.4171620Z [1m     nixbld8[0m:	30008
2026-02-22T01:34:10.4171895Z 
2026-02-22T01:34:10.4172110Z [32m[4;32mReady to continue?
2026-02-22T01:34:10.4172631Z [0mNo TTY, assuming you would say yes :)
2026-02-22T01:34:10.4172968Z 
2026-02-22T01:34:10.4173224Z [32m~~> Setting up the build group nixbld
2026-02-22T01:34:10.4416979Z [0m[1m            Created[0m:	Yes
2026-02-22T01:34:10.4440183Z 
2026-02-22T01:34:10.4440643Z [32m~~> Setting up the build user nixbld1
2026-02-22T01:34:10.4625272Z useradd warning: nixbld1's uid 30001 is greater than SYS_UID_MAX 999
2026-02-22T01:34:10.4738965Z [0m[1m           Created[0m:	Yes
2026-02-22T01:34:10.4744177Z [1m            Hidden[0m:	Yes
2026-02-22T01:34:10.4762116Z [1m    Home Directory[0m:	/var/empty
2026-02-22T01:34:10.4781963Z [1m              Note[0m:	Nix build user 1
2026-02-22T01:34:10.4799982Z [1m   Logins Disabled[0m:	Yes
2026-02-22T01:34:10.4826587Z [1m  Member of nixbld[0m:	Yes
2026-02-22T01:34:10.4844511Z [1m    PrimaryGroupID[0m:	30000
2026-02-22T01:34:10.4855071Z 
2026-02-22T01:34:10.4855370Z [32m~~> Setting up the build user nixbld2
2026-02-22T01:34:10.5002055Z useradd warning: nixbld2's uid 30002 is greater than SYS_UID_MAX 999
2026-02-22T01:34:10.5101027Z [0m[1m           Created[0m:	Yes
2026-02-22T01:34:10.5106142Z [1m            Hidden[0m:	Yes
2026-02-22T01:34:10.5124366Z [1m    Home Directory[0m:	/var/empty
2026-02-22T01:34:10.5144484Z [1m              Note[0m:	Nix build user 2
2026-02-22T01:34:10.5162358Z [1m   Logins Disabled[0m:	Yes
2026-02-22T01:34:10.5181744Z [1m  Member of nixbld[0m:	Yes
2026-02-22T01:34:10.5199547Z [1m    PrimaryGroupID[0m:	30000
2026-02-22T01:34:10.5210225Z 
2026-02-22T01:34:10.5341313Z useradd warning: nixbld3's uid 30003 is greater than SYS_UID_MAX 999
2026-02-22T01:34:10.5342016Z [32m~~> Setting up the build user nixbld3
2026-02-22T01:34:10.5462190Z [0m[1m           Created[0m:	Yes
2026-02-22T01:34:10.5467474Z [1m            Hidden[0m:	Yes
2026-02-22T01:34:10.5487913Z [1m    Home Directory[0m:	/var/empty
2026-02-22T01:34:10.5509491Z [1m              Note[0m:	Nix build user 3
2026-02-22T01:34:10.5526535Z [1m   Logins Disabled[0m:	Yes
2026-02-22T01:34:10.5547135Z [1m  Member of nixbld[0m:	Yes
2026-02-22T01:34:10.5565043Z [1m    PrimaryGroupID[0m:	30000
2026-02-22T01:34:10.5576030Z 
2026-02-22T01:34:10.5576433Z [32m~~> Setting up the build user nixbld4
2026-02-22T01:34:10.5719840Z useradd warning: nixbld4's uid 30004 is greater than SYS_UID_MAX 999
2026-02-22T01:34:10.5833430Z [0m[1m           Created[0m:	Yes
2026-02-22T01:34:10.5838682Z [1m            Hidden[0m:	Yes
2026-02-22T01:34:10.5857168Z [1m    Home Directory[0m:	/var/empty
2026-02-22T01:34:10.5877967Z [1m              Note[0m:	Nix build user 4
2026-02-22T01:34:10.5896144Z [1m   Logins Disabled[0m:	Yes
2026-02-22T01:34:10.5915138Z [1m  Member of nixbld[0m:	Yes
2026-02-22T01:34:10.5932788Z [1m    PrimaryGroupID[0m:	30000
2026-02-22T01:34:10.5943541Z 
2026-02-22T01:34:10.5944015Z [32m~~> Setting up the build user nixbld5
2026-02-22T01:34:10.6101134Z useradd warning: nixbld5's uid 30005 is greater than SYS_UID_MAX 999
2026-02-22T01:34:10.6246728Z [0m[1m           Created[0m:	Yes
2026-02-22T01:34:10.6253713Z [1m            Hidden[0m:	Yes
2026-02-22T01:34:10.6277071Z [1m    Home Directory[0m:	/var/empty
2026-02-22T01:34:10.6301103Z [1m              Note[0m:	Nix build user 5
2026-02-22T01:34:10.6323047Z [1m   Logins Disabled[0m:	Yes
2026-02-22T01:34:10.6348381Z [1m  Member of nixbld[0m:	Yes
2026-02-22T01:34:10.6370521Z [1m    PrimaryGroupID[0m:	30000
2026-02-22T01:34:10.6382464Z 
2026-02-22T01:34:10.6382889Z [32m~~> Setting up the build user nixbld6
2026-02-22T01:34:10.6537570Z useradd warning: nixbld6's uid 30006 is greater than SYS_UID_MAX 999
2026-02-22T01:34:10.6649192Z [0m[1m           Created[0m:	Yes
2026-02-22T01:34:10.6654454Z [1m            Hidden[0m:	Yes
2026-02-22T01:34:10.6672216Z [1m    Home Directory[0m:	/var/empty
2026-02-22T01:34:10.6692566Z [1m              Note[0m:	Nix build user 6
2026-02-22T01:34:10.6710787Z [1m   Logins Disabled[0m:	Yes
2026-02-22T01:34:10.6730162Z [1m  Member of nixbld[0m:	Yes
2026-02-22T01:34:10.6747594Z [1m    PrimaryGroupID[0m:	30000
2026-02-22T01:34:10.6758010Z 
2026-02-22T01:34:10.6758625Z [32m~~> Setting up the build user nixbld7
2026-02-22T01:34:10.6894221Z useradd warning: nixbld7's uid 30007 is greater than SYS_UID_MAX 999
2026-02-22T01:34:10.7009656Z [0m[1m           Created[0m:	Yes
2026-02-22T01:34:10.7015068Z [1m            Hidden[0m:	Yes
2026-02-22T01:34:10.7033627Z [1m    Home Directory[0m:	/var/empty
2026-02-22T01:34:10.7053600Z [1m              Note[0m:	Nix build user 7
2026-02-22T01:34:10.7071352Z [1m   Logins Disabled[0m:	Yes
2026-02-22T01:34:10.7090121Z [1m  Member of nixbld[0m:	Yes
2026-02-22T01:34:10.7107487Z [1m    PrimaryGroupID[0m:	30000
2026-02-22T01:34:10.7118236Z 
2026-02-22T01:34:10.7118601Z [32m~~> Setting up the build user nixbld8
2026-02-22T01:34:10.7254150Z useradd warning: nixbld8's uid 30008 is greater than SYS_UID_MAX 999
2026-02-22T01:34:10.7380484Z [0m[1m           Created[0m:	Yes
2026-02-22T01:34:10.7385628Z [1m            Hidden[0m:	Yes
2026-02-22T01:34:10.7403791Z [1m    Home Directory[0m:	/var/empty
2026-02-22T01:34:10.7423726Z [1m              Note[0m:	Nix build user 8
2026-02-22T01:34:10.7441560Z [1m   Logins Disabled[0m:	Yes
2026-02-22T01:34:10.7460503Z [1m  Member of nixbld[0m:	Yes
2026-02-22T01:34:10.7477858Z [1m    PrimaryGroupID[0m:	30000
2026-02-22T01:34:10.7478565Z 
2026-02-22T01:34:10.7478904Z [32m~~> Setting up the basic directory structure
2026-02-22T01:34:10.7677413Z [0minstall: creating directory '/nix'
2026-02-22T01:34:10.7678253Z install: creating directory '/nix/var'
2026-02-22T01:34:10.7678884Z install: creating directory '/nix/var/log'
2026-02-22T01:34:10.7679268Z install: creating directory '/nix/var/log/nix'
2026-02-22T01:34:10.7679665Z install: creating directory '/nix/var/log/nix/drvs'
2026-02-22T01:34:10.7680242Z install: creating directory '/nix/var/nix'
2026-02-22T01:34:10.7680975Z install: creating directory '/nix/var/nix/db'
2026-02-22T01:34:10.7681370Z install: creating directory '/nix/var/nix/gcroots'
2026-02-22T01:34:10.7681776Z install: creating directory '/nix/var/nix/profiles'
2026-02-22T01:34:10.7682206Z install: creating directory '/nix/var/nix/temproots'
2026-02-22T01:34:10.7682613Z install: creating directory '/nix/var/nix/userpool'
2026-02-22T01:34:10.7683045Z install: creating directory '/nix/var/nix/daemon-socket'
2026-02-22T01:34:10.7683505Z install: creating directory '/nix/var/nix/gcroots/per-user'
2026-02-22T01:34:10.7683988Z install: creating directory '/nix/var/nix/profiles/per-user'
2026-02-22T01:34:10.7749932Z install: creating directory '/nix/store'
2026-02-22T01:34:10.7820384Z install: creating directory '/etc/nix'
2026-02-22T01:34:10.7830052Z 
2026-02-22T01:34:10.7830372Z [32m~~> Installing Nix
2026-02-22T01:34:10.9736739Z [0m      Alright! We have our first nix at /nix/store/smfmnz0ylx80wkbqbjibj7zcw4q668xp-nix-2.19.2
2026-02-22T01:34:11.0176509Z       Just finished getting the nix database ready.
2026-02-22T01:34:11.0179628Z 
2026-02-22T01:34:11.0180983Z [32m~~> Setting up shell profiles: /etc/bashrc /etc/profile.d/nix.sh /etc/zshrc /etc/bash.bashrc /etc/zsh/zshrc
2026-02-22T01:34:11.0340259Z [0m
2026-02-22T01:34:11.0340579Z # Nix
2026-02-22T01:34:11.0341038Z if [ -e '/nix/var/nix/profiles/default/etc/profile.d/nix-daemon.sh' ]; then
2026-02-22T01:34:11.0341504Z   . '/nix/var/nix/profiles/default/etc/profile.d/nix-daemon.sh'
2026-02-22T01:34:11.0342026Z fi
2026-02-22T01:34:11.0342310Z # End Nix
2026-02-22T01:34:11.0342483Z 
2026-02-22T01:34:11.0500784Z 
2026-02-22T01:34:11.0501074Z # Nix
2026-02-22T01:34:11.0501915Z if [ -e '/nix/var/nix/profiles/default/etc/profile.d/nix-daemon.sh' ]; then
2026-02-22T01:34:11.0502393Z   . '/nix/var/nix/profiles/default/etc/profile.d/nix-daemon.sh'
2026-02-22T01:34:11.0502929Z fi
2026-02-22T01:34:11.0503194Z # End Nix
2026-02-22T01:34:11.0503366Z 
2026-02-22T01:34:11.0659261Z 
2026-02-22T01:34:11.0659553Z # Nix
2026-02-22T01:34:11.0659978Z if [ -e '/nix/var/nix/profiles/default/etc/profile.d/nix-daemon.sh' ]; then
2026-02-22T01:34:11.0660574Z   . '/nix/var/nix/profiles/default/etc/profile.d/nix-daemon.sh'
2026-02-22T01:34:11.0661140Z fi
2026-02-22T01:34:11.0661408Z # End Nix
2026-02-22T01:34:11.0661593Z 
2026-02-22T01:34:11.0814608Z 
2026-02-22T01:34:11.0814923Z # Nix
2026-02-22T01:34:11.0815512Z if [ -e '/nix/var/nix/profiles/default/etc/profile.d/nix-daemon.sh' ]; then
2026-02-22T01:34:11.0815988Z   . '/nix/var/nix/profiles/default/etc/profile.d/nix-daemon.sh'
2026-02-22T01:34:11.0816303Z fi
2026-02-22T01:34:11.0816539Z # End Nix
2026-02-22T01:34:11.0816730Z 
2026-02-22T01:34:11.0839403Z 
2026-02-22T01:34:11.0840206Z [32m~~> Setting up shell profiles for Fish with conf.d/nix.fish inside /etc/fish /usr/local/etc/fish /opt/homebrew/etc/fish /opt/local/etc/fish
2026-02-22T01:34:11.0923347Z [0m
2026-02-22T01:34:11.0923659Z [32m~~> Setting up the default profile
2026-02-22T01:34:11.1209997Z installing 'nix-2.19.2'
2026-02-22T01:34:11.1340708Z building '/nix/store/g8k2ay0cs99bzfzdrgl98j8rybjjki98-user-environment.drv'...
2026-02-22T01:34:11.1730637Z installing 'nss-cacert-3.92'
2026-02-22T01:34:11.1851301Z building '/nix/store/yyad8x4mww9vi0njnc0mw4ii4fcslyhc-user-environment.drv'...
2026-02-22T01:34:11.2052817Z [0m
2026-02-22T01:34:11.2053162Z [32m~~> Setting up the nix-daemon systemd service
2026-02-22T01:34:11.2313537Z Created symlink /etc/systemd/system/nix-daemon.service → /nix/var/nix/profiles/default/lib/systemd/system/nix-daemon.service.
2026-02-22T01:34:11.4824772Z Created symlink /etc/systemd/system/nix-daemon.socket → /nix/var/nix/profiles/default/lib/systemd/system/nix-daemon.socket.
2026-02-22T01:34:11.4826601Z Created symlink /etc/systemd/system/sockets.target.wants/nix-daemon.socket → /nix/var/nix/profiles/default/lib/systemd/system/nix-daemon.socket.
2026-02-22T01:34:12.0651808Z [0m[32mAlright! We're done!
2026-02-22T01:34:12.0674691Z [0mTry it! Open a new terminal, and type:
2026-02-22T01:34:12.0675565Z 
2026-02-22T01:34:12.0675786Z   $ nix-shell -p nix-info --run "nix-info -m"
2026-02-22T01:34:12.0676169Z 
2026-02-22T01:34:12.0676529Z Thank you for using this installer. If you have any feedback or need
2026-02-22T01:34:12.0676896Z help, don't hesitate:
2026-02-22T01:34:12.0677038Z 
2026-02-22T01:34:12.0677122Z You can open an issue at
2026-02-22T01:34:12.0677584Z https://github.com/NixOS/nix/issues/new?labels=installer&template=installer.md
2026-02-22T01:34:12.0678296Z 
2026-02-22T01:34:12.0678562Z Or get in touch with the community: https://nixos.org/community
2026-02-22T01:34:12.0697545Z 
2026-02-22T01:34:12.0698488Z [34m---- Reminders -----------------------------------------------------------------
2026-02-22T01:34:12.0700460Z [0m[34m[ 1 ][0m
2026-02-22T01:34:12.0700963Z Nix won't work in active shell sessions until you restart them.
2026-02-22T01:34:12.0701392Z 
2026-02-22T01:34:12.1357303Z ##[endgroup]
2026-02-22T01:34:12.1463415Z ##[group]Run cachix/cachix-action@v14
2026-02-22T01:34:12.1463698Z with:
2026-02-22T01:34:12.1463888Z   name: moergo-glove80-zmk-dev
2026-02-22T01:34:12.1464103Z   skipPush: true
2026-02-22T01:34:12.1464286Z   useDaemon: true
2026-02-22T01:34:12.1464461Z env:
2026-02-22T01:34:12.1464634Z   NIX_PATH: nixpkgs=channel:nixos-22.05
2026-02-22T01:34:12.1464891Z   TMPDIR: /home/runner/work/_temp
2026-02-22T01:34:12.1465110Z ##[endgroup]
2026-02-22T01:34:12.1907192Z ##[group]Cachix: installing
2026-02-22T01:34:12.1948684Z [command]/usr/bin/bash -c nix-env --quiet -j8 -iA cachix -f https://cachix.org/api/v1/install
2026-02-22T01:34:14.8315159Z ##[endgroup]
2026-02-22T01:34:14.8316966Z ##[group]Cachix: checking version
2026-02-22T01:34:14.8320786Z [command]/home/runner/.nix-profile/bin/cachix --version
2026-02-22T01:34:14.8724587Z cachix 1.10.1
2026-02-22T01:34:14.8766840Z ##[endgroup]
2026-02-22T01:34:14.8767437Z ##[group]Cachix: using cache moergo-glove80-zmk-dev
2026-02-22T01:34:14.8768628Z [command]/home/runner/.nix-profile/bin/cachix use moergo-glove80-zmk-dev
2026-02-22T01:34:15.1251333Z No config at /home/runner/.config/nix/nix.conf:
2026-02-22T01:34:15.1251749Z 
2026-02-22T01:34:15.1252142Z /home/runner/.config/nix/nix.conf: openFile: does not exist (No such file or directory)
2026-02-22T01:34:15.1252698Z 
2026-02-22T01:34:15.1254706Z Configured https://moergo-glove80-zmk-dev.cachix.org binary cache in /home/runner/.config/nix/nix.conf
2026-02-22T01:34:15.1334863Z ##[endgroup]
2026-02-22T01:34:15.1670363Z ##[warning]No push credentials found. Ignoring the 'useDaemon' option.
2026-02-22T01:34:15.1678749Z [command]/usr/bin/sh -c /home/runner/work/_actions/cachix/cachix-action/v14/dist/main/list-nix-store.sh > /tmp/store-path-pre-build
2026-02-22T01:34:15.1792159Z ##[group]Run nix-build build/glove80.nix --arg firmware 'import ./src {}' -o result-glove80
2026-02-22T01:34:15.1792788Z [36;1mnix-build build/glove80.nix --arg firmware 'import ./src {}' -o result-glove80[0m
2026-02-22T01:34:15.1826746Z shell: /usr/bin/bash -e {0}
2026-02-22T01:34:15.1826997Z env:
2026-02-22T01:34:15.1827193Z   NIX_PATH: nixpkgs=channel:nixos-22.05
2026-02-22T01:34:15.1827457Z   TMPDIR: /home/runner/work/_temp
2026-02-22T01:34:15.1827687Z ##[endgroup]
2026-02-22T01:34:33.1030119Z these 5 derivations will be built:
2026-02-22T01:34:33.1034645Z   /nix/store/ryf981zc9kshrrgm5c5dphnw879gn09m-builder.pl.drv
2026-02-22T01:34:33.1035507Z   /nix/store/14s41r3aqgw7vrl845jxarjcx3ivgvc4-python3-3.12.7-env.drv
2026-02-22T01:34:33.1036352Z   /nix/store/4s6svafym1429papyq6y7v8yvcirz4c6-zmk_glove80_lh.drv
2026-02-22T01:34:33.1037140Z   /nix/store/i4qgmy76wchlj76fb1q0ibaq2kz4dsm3-zmk_glove80_rh.drv
2026-02-22T01:34:33.1038377Z   /nix/store/j8w36lll5kc8di657p56jg32m05qv3cb-combined_zmk_glove80_lh_zmk_glove80_rh.drv
2026-02-22T01:34:33.1039420Z these 156 paths will be fetched (458.96 MiB download, 2284.78 MiB unpacked):
2026-02-22T01:34:33.1040238Z   /nix/store/nrl5m466dwdscvavf1nqzdnqhszjyy9n-acl-2.3.2
2026-02-22T01:34:33.1040871Z   /nix/store/nmq6s9l9zlym3qjx76zzrqbp05a63y90-attr-2.5.2
2026-02-22T01:34:33.1041924Z   /nix/store/p6k7xp1lsfmbdd731mlglrdj2d66mr82-bash-5.2p37
2026-02-22T01:34:33.1042682Z   /nix/store/bwkb907myixfzzykp21m9iczkhrq5pfy-binutils-2.43.1
2026-02-22T01:34:33.1043479Z   /nix/store/2qssg7pjgadwmqns6jm3qlr5bbdl4dcr-binutils-2.43.1-lib
2026-02-22T01:34:33.1044286Z   /nix/store/x9as7x6f7cdgcskvvn3yp02m662krr7y-binutils-wrapper-2.43.1
2026-02-22T01:34:33.1044980Z   /nix/store/2vgwd43vqxm66grkgsy7z1d87z31nzph-brotli-1.1.0-lib
2026-02-22T01:34:33.1045620Z   /nix/store/hl3iw85v12gh9mwgvr9yfgjgy0rk81hb-bzip2-1.0.8
2026-02-22T01:34:33.1046283Z   /nix/store/vqjygx23hkim1kpidik5xcs9whayf3sr-bzip2-1.0.8-bin
2026-02-22T01:34:33.1046985Z   /nix/store/9l20xx4bw18qgkicjcrsfx7vfykp9m8h-cairo-1.18.2
2026-02-22T01:34:33.1047702Z   /nix/store/3581iwklzqcg4iyhlyqqrj7yvvm0pykl-cirque-input-module
2026-02-22T01:34:33.1048597Z   /nix/store/4k2h9qsps52n1v56zq03yi67dwmxa81i-cmake-3.30.5
2026-02-22T01:34:33.1049239Z   /nix/store/azxckjbc4f70yliac1x35z5awbzf9jzj-cmsis
2026-02-22T01:34:33.1049864Z   /nix/store/b1wvkjx96i3s7wblz38ya0zr8i93zbc5-coreutils-9.5
2026-02-22T01:34:33.1050405Z   /nix/store/ps0zg8jx995br0s7k353qhal1ma3nnbd-curl-8.11.0
2026-02-22T01:34:33.1050851Z   /nix/store/zr9c15gg53zsbyc54fsrlwh3r8kmhfyy-dav1d-1.5.0
2026-02-22T01:34:33.1051301Z   /nix/store/n19lfs7ix2g9kdh6cf2pfaylbcwjay71-dav1d-1.5.0-dev
2026-02-22T01:34:33.1051884Z   /nix/store/hbrcibdl494a5w3dypy7095dckalzlqa-dejavu-fonts-minimal-2.37
2026-02-22T01:34:33.1052374Z   /nix/store/85sj9hb9phy4fh3q4fmc1vm9vz27z1lg-die-hook
2026-02-22T01:34:33.1052804Z   /nix/store/cxwsmlr3xh1ml4r0kgdjrknw7504b9f8-diffutils-3.10
2026-02-22T01:34:33.1053271Z   /nix/store/2nvmq98zj69i1af1ksh6m08hvfdkjv1z-dtc-1.7.2
2026-02-22T01:34:33.1053748Z   /nix/store/k5x874vwcaxlan1cw248lwqr4l4v7hyk-ed-1.20.2
2026-02-22T01:34:33.1054228Z   /nix/store/ka4sync4bccr9mz2ys0dbqjn24hp8v57-expand-response-params
2026-02-22T01:34:33.1054747Z   /nix/store/8sgvk9wjq9vfz5irkl4436yhpfr10njq-expat-2.6.4
2026-02-22T01:34:33.1055193Z   /nix/store/g4lksqp6l8qiab4a0as21s6556xh4gyp-file-5.45
2026-02-22T01:34:33.1055677Z   /nix/store/w8pnfazxqwmrqmwkb5zrz1bifsd8abxl-findutils-4.10.0
2026-02-22T01:34:33.1056204Z   /nix/store/ziqnk17xikg73dfrwnyi2jd593xlxza9-fontconfig-2.15.0
2026-02-22T01:34:33.1056986Z   /nix/store/jfyibphs7pv1izw879lrmr0pp1x3llb8-fontconfig-2.15.0-lib
2026-02-22T01:34:33.1057658Z   /nix/store/waj425c88y21wccgk9zpyi3q48xq0sgk-freetype-2.13.3
2026-02-22T01:34:33.1058521Z   /nix/store/37azjaxs8cwqbmb0fywl8fa6n2x8bgwq-fribidi-1.0.16
2026-02-22T01:34:33.1059195Z   /nix/store/nnin69nrnrrmnv2scbwyfkgh1rf51gh1-gawk-5.3.1
2026-02-22T01:34:33.1059711Z   /nix/store/4krab2h0hd4wvxxmscxrw21pl77j4i7j-gcc-13.3.0
2026-02-22T01:34:33.1060668Z   /nix/store/ybjcla5bhj8g1y84998pn4a2drfxybkv-gcc-13.3.0-lib
2026-02-22T01:34:33.1061275Z   /nix/store/j8rzqx7farv0w3isp9z943zy437zk02f-gcc-13.3.0-libgcc
2026-02-22T01:34:33.1062083Z   /nix/store/mczmw3rln2jm6nm080dapyjpj3833rg9-gcc-arm-embedded-12.3.rel1
2026-02-22T01:34:33.1062751Z   /nix/store/4apajimszc47rxwcpvc3g3rj2icinl71-gcc-wrapper-13.3.0
2026-02-22T01:34:33.1063459Z   /nix/store/ascb2b0zncwlavz03zcj358p1i79hp64-gd-2.3.3
2026-02-22T01:34:33.1064095Z   /nix/store/hq7m89gp4kafmj8rr0f5sy2qyl7jq479-gdbm-1.24-lib
2026-02-22T01:34:33.1064792Z   /nix/store/alnzmaf07kv3dl4017vrzqngay5rx904-gdk-pixbuf-2.42.12
2026-02-22T01:34:33.1065290Z   /nix/store/brj8bvvn63gbdrslwsj7gpj0gqaxlprn-giflib-5.2.2
2026-02-22T01:34:33.1065920Z   /nix/store/26hcp8h792wl0h52c5r94qakhvk6q717-glib-2.82.1
2026-02-22T01:34:33.1066546Z   /nix/store/wn7v2vhyyyi6clcyn0s9ixvl7d4d87ic-glibc-2.40-36
2026-02-22T01:34:33.1067286Z   /nix/store/zw5haplzbwjgbp3yykhm6iprkpfppzxb-glibc-2.40-36-bin
2026-02-22T01:34:33.1068220Z   /nix/store/lw21wr626v5sdcaxxkv2k4zf1121hfc9-glibc-2.40-36-dev
2026-02-22T01:34:33.1068900Z   /nix/store/y11zr71f9i1zy1vrdy3kjx8j6slsb3l3-gmp-6.3.0
2026-02-22T01:34:33.1069592Z   /nix/store/nxg637az00fnm705pinlrpjac9b4hgsc-gmp-with-cxx-6.3.0
2026-02-22T01:34:33.1070306Z   /nix/store/rlnih3wlxxwqn4xdahjgfjydvv78kvki-gnu-config-2024-01-01
2026-02-22T01:34:33.1070903Z   /nix/store/85amyk92rg19l4fy0qmy7wr4jmq8p5z0-gnugrep-3.11
2026-02-22T01:34:33.1071289Z   /nix/store/9y5kd90fdbrq3r4yc9mpqn82f93zdgyq-gnumake-4.4.1
2026-02-22T01:34:33.1071727Z   /nix/store/vmby25zqxnx94awvj0k7zn0rsd0zyrwg-gnused-4.9
2026-02-22T01:34:33.1072373Z   /nix/store/zhaypw0znkjnymg0rk1599zn21rr0l50-gnutar-1.35
2026-02-22T01:34:33.1073105Z   /nix/store/23y66ax8z30m8xl4brrz792xlsrm0syr-graphite2-1.3.14
2026-02-22T01:34:33.1073828Z   /nix/store/lvx8m4mh18aiqlqp5hdjpg3b34a07p35-graphviz-12.2.0
2026-02-22T01:34:33.1074226Z   /nix/store/avwmwsn9v4an5v2a4k1gzbqk917avjn1-gts-0.7.6
2026-02-22T01:34:33.1074561Z   /nix/store/a7pimibppfw2m3ryijnwwzx76i780bw2-gzip-1.13
2026-02-22T01:34:33.1074908Z   /nix/store/a473gcmd84qs4vpapa70nwamlpkryc7b-hal_nordic
2026-02-22T01:34:33.1075267Z   /nix/store/yxgc37sx1a0fswq3hvvld54491ryx6sf-harfbuzz-10.0.1
2026-02-22T01:34:33.1075628Z   /nix/store/xxfkk4gqnaimiwzi6mmsmcs9bl2r8y7f-isl-0.20
2026-02-22T01:34:33.1076006Z   /nix/store/ys6f20b4chzkmfh9ak0hjdp60l0g5abb-keyutils-1.6.3-lib
2026-02-22T01:34:33.1076410Z   /nix/store/g9hgzjcj9g7hw3c2pzgz271b1g1jgc4w-krb5-1.21.3-lib
2026-02-22T01:34:33.1076765Z   /nix/store/1dmri839kv55917flq6pyvr6xf17cb29-lerc-4.0.0
2026-02-22T01:34:33.1077112Z   /nix/store/ikjw6a952jd9wn5k06mkj710xzabssr0-libX11-1.8.10
2026-02-22T01:34:33.1077483Z   /nix/store/ighb6h0x1nv14ap2fj0j3bqdn0x3xra4-libXau-1.0.11
2026-02-22T01:34:33.1077860Z   /nix/store/8jqc1bpk99jgib12wgpdjmnbndrmg7vz-libXdmcp-1.1.5
2026-02-22T01:34:33.1078539Z   /nix/store/d5y0sl4vwsb9m99r18zh1mx4fw9y70g6-libXext-1.3.6
2026-02-22T01:34:33.1079182Z   /nix/store/a98zld1as826z4s0b71xs64k02arj4zj-libXft-2.3.8
2026-02-22T01:34:33.1079834Z   /nix/store/ln8sk1vlpzmm346lx30ifihqdw0fw4g9-libXpm-3.5.17
2026-02-22T01:34:33.1080524Z   /nix/store/7ygszkkili3kfqh789ivdgrhyrjshm5n-libXrender-0.9.11
2026-02-22T01:34:33.1081249Z   /nix/store/kabp82iq5p0l8zidw9ch1mrpq431g6jd-libaom-3.10.0
2026-02-22T01:34:33.1081774Z   /nix/store/v567mv8b0bg0ph7xn61g33qqm484xxj0-libaom-3.10.0-bin
2026-02-22T01:34:33.1082503Z   /nix/store/1asppgbns142f1sqyr6sz843h0689a1k-libaom-3.10.0-dev
2026-02-22T01:34:33.1083124Z   /nix/store/n0gxk0ys2zgqqz6zcsq8qlv6nv5k6fpj-libarchive-3.7.7-lib
2026-02-22T01:34:33.1083868Z   /nix/store/96wajifckqya26aazk4lrig5m5npw5l2-libavif-1.1.1
2026-02-22T01:34:33.1084622Z   /nix/store/rk2r5yq7al5jddg6jriwv1lg5j1dw0ih-libdatrie-2019-12-20-lib
2026-02-22T01:34:33.1085367Z   /nix/store/v6m37463j6bs788wbid8yvfhp1773cax-libdeflate-1.22
2026-02-22T01:34:33.1086040Z   /nix/store/lw7psn749bfn2nrn943jdh68hh2im8yl-libffi-3.4.6
2026-02-22T01:34:33.1086695Z   /nix/store/qwjjm4j652ck9izaid7bz63s4hd5bnha-libidn2-2.3.7
2026-02-22T01:34:33.1087899Z   /nix/store/g8m63j9rzhqf0i9v4pzbdyrnzshr5mkx-libjpeg-turbo-3.0.4
2026-02-22T01:34:33.1089124Z   /nix/store/0qqs7bkfk21h8vh7m3x84hphciqv75lm-libmpc-1.3.1
2026-02-22T01:34:33.1089755Z   /nix/store/kvzfyxs3v0nb2lvfx28c5hj0vz7j9737-libpng-apng-1.6.43
2026-02-22T01:34:33.1090421Z   /nix/store/rp6b82pm6b7x03ngbzffsl3vj8pvay5v-libselinux-3.7
2026-02-22T01:34:33.1091028Z   /nix/store/1n0b29iid3y0w9i91v9zqdiwnx3inak0-libssh2-1.11.1
2026-02-22T01:34:33.1091589Z   /nix/store/h11ip75g5azb1d9f9jr8c6pwjhpcx20n-libthai-0.1.29
2026-02-22T01:34:33.1091968Z   /nix/store/mgw74i0szz30zbmvgasvyws1y8mvkb86-libtiff-4.7.0
2026-02-22T01:34:33.1092603Z   /nix/store/ggpir31aij6dj2fsas74jyz8z33dxwnc-libtool-2.4.7-lib
2026-02-22T01:34:33.1093358Z   /nix/store/6pqgj71r0850b0cd95yxx0d52zax016i-libunistring-1.2
2026-02-22T01:34:33.1094030Z   /nix/store/scb132gc1zzd904zibk2mz0q5q42z0ym-libuv-1.48.0
2026-02-22T01:34:33.1094708Z   /nix/store/llj89sgbf5512bnhx76khs7aq2pkhqjv-libvmaf-3.0.0
2026-02-22T01:34:33.1095425Z   /nix/store/dbkf2m0b3a2n9drrbz6ra4ljfx45d4aa-libvmaf-3.0.0-dev
2026-02-22T01:34:33.1096136Z   /nix/store/xk1z1b27hck084x12pn24rk526arwwlz-libwebp-1.4.0
2026-02-22T01:34:33.1096805Z   /nix/store/zgcaxpjipkvdz3185gfb8ba63xw1sv4n-libwebp-1.4.0
2026-02-22T01:34:33.1097486Z   /nix/store/w63ks7mg1dsgm2gg302ss70wpq7g0l4d-libxcb-1.17.0
2026-02-22T01:34:33.1098360Z   /nix/store/5j9m3z3c6hygjx34xr1bzrkk8srvcs8a-libxcrypt-4.4.36
2026-02-22T01:34:33.1099574Z   /nix/store/sbc37bmgpzr7wvlbm9lgf4y6q6dyz40q-libxcrypt-4.4.36
2026-02-22T01:34:33.1100777Z   /nix/store/shg1vgcjxghqxhl0sifwgr0g2zg6bbv7-libxml2-2.13.4
2026-02-22T01:34:33.1101470Z   /nix/store/s5y8cgwj9saik6hpxq6hvry31hggnxij-libyaml-0.2.5
2026-02-22T01:34:33.1102151Z   /nix/store/43nf72jxw9m9mazn5qs7pdj52a7gmcr5-libyuv-1787
2026-02-22T01:34:33.1102833Z   /nix/store/dvsai0ym9czjl5mcsarcdwccb70615n4-linux-headers-6.10
2026-02-22T01:34:33.1103492Z   /nix/store/wwmn97j9jv083973a7md52v4wkxr6lvd-lvgl
2026-02-22T01:34:33.1104106Z   /nix/store/77yxcw58nmqx2c67a7srpfxxp40j5rbl-mailcap-2.1.54
2026-02-22T01:34:33.1104877Z   /nix/store/gqjd4bvd683s55r0jcgc9q67rvjnmfc6-make-binary-wrapper-hook
2026-02-22T01:34:33.1105655Z   /nix/store/aqga8f06jxy5a6ci4na35v7n09j8i74f-mpdecimal-4.0.0
2026-02-22T01:34:33.1106313Z   /nix/store/wfxkyxmg47bhj098im5rp60hmkagn96x-mpfr-4.2.1
2026-02-22T01:34:33.1106964Z   /nix/store/zi4768cbcny3vx6f8k2yqy3zp90jalhz-ncompress-5.0
2026-02-22T01:34:33.1107679Z   /nix/store/1p1j0iv3c909kcs4d5300kcsnlwmbwyj-ncurses-6.4.20221231
2026-02-22T01:34:33.1108726Z   /nix/store/vj1wkvkfgcgxr93b5p6kwjbqgrjnv7d9-ncurses-abi5-compat-6.4.20221231
2026-02-22T01:34:33.1109627Z   /nix/store/aygalfgrn7pvxcqc45jw53b9gc29hwzs-nghttp2-1.64.0-lib
2026-02-22T01:34:33.1110315Z   /nix/store/s2lws03pga0vyq84kfa6h041n8csbg4p-ninja-1.12.1
2026-02-22T01:34:33.1110982Z   /nix/store/k1dsk0zyq43pvi7f76is2rx6l4aphm5z-openssl-3.3.2
2026-02-22T01:34:33.1111634Z   /nix/store/vy93rplabj9l70a098rvp52ni9bg476v-pango-1.54.0
2026-02-22T01:34:33.1112285Z   /nix/store/mdmansf6zkzsnrcf4h3yav5kz93rh03y-patch-2.7.6
2026-02-22T01:34:33.1112940Z   /nix/store/9q63d382x7k2h6cc2pfsb39ar3n6f9wg-patchelf-0.15.0
2026-02-22T01:34:33.1113629Z   /nix/store/gkj66hn5cyi3d761nmcdpj35ngv7h8ph-pcre2-10.44
2026-02-22T01:34:33.1114275Z   /nix/store/6fklzkr5x213h868q31isgy82wpmb1yb-perl-5.40.0
2026-02-22T01:34:33.1114889Z   /nix/store/kxawdq25ad6x9cb63yvslaprm4ihx5hr-picolibc
2026-02-22T01:34:33.1115521Z   /nix/store/f86x63y57hwyx9nl4l098fpl93y3xrya-pixman-0.43.4
2026-02-22T01:34:33.1116207Z   /nix/store/zv1kaq7f1q20x62kbjv6pfjygw5jmwl6-python3-3.12.7
2026-02-22T01:34:33.1116897Z   /nix/store/qb69wvblgz1x2hkfxf7lwl9lg9xk4zpj-python3-3.9.20
2026-02-22T01:34:33.1117671Z   /nix/store/09wri7s7nlgp1fs4q4ysx96scbbmr74v-python3.12-anytree-2.12.1
2026-02-22T01:34:33.1118658Z   /nix/store/qpb0z965ffwmny4p2m2jbbaqifkkb5y9-python3.12-docopt-0.6.2
2026-02-22T01:34:33.1119514Z   /nix/store/wg6fhwksxkxn24rnynizrr6f4rvd9dkf-python3.12-intelhex-2.3.0
2026-02-22T01:34:33.1120361Z   /nix/store/l67gyhnl63la5pxmq4kbhl0g6xrfsdff-python3.12-msgpack-1.1.0
2026-02-22T01:34:33.1121554Z   /nix/store/qnfndbdg0k5s7zb47l5q9h7cszi56gpf-python3.12-packaging-24.1
2026-02-22T01:34:33.1122449Z   /nix/store/rs8cgrcn6pkdxs2ksnhs1a0x0pvx5sac-python3.12-progress-1.6
2026-02-22T01:34:33.1123310Z   /nix/store/qmm23pygh0kisvsm9wrfxw2s5km97670-python3.12-pyelftools-0.31
2026-02-22T01:34:33.1123982Z   /nix/store/k1hzsby2pa29jwbbdgg3y4wj0rxn8dnn-python3.12-pykwalify-1.8.0
2026-02-22T01:34:33.1124648Z   /nix/store/7p4gqrzavx0lpks2l0j9945zkzv77ds0-python3.12-python-can-4.5.0
2026-02-22T01:34:33.1125193Z   /nix/store/iz14w235v0nmwc3vnzrlbrkfpaj1qqka-python3.12-python-dateutil-2.9.0.post0
2026-02-22T01:34:33.1125897Z   /nix/store/j7q50pmxnawpif7kfimy51mjhjdjldns-python3.12-pyyaml-6.0.2
2026-02-22T01:34:33.1126767Z   /nix/store/2k9j8zwlhd8vdpn0c4j5zgwkqr6digpx-python3.12-ruamel-base-1.0.0
2026-02-22T01:34:33.1127341Z   /nix/store/7cvm89dzrkw7i4pdidyd8mvny73k07nb-python3.12-ruamel-yaml-0.18.6
2026-02-22T01:34:33.1127860Z   /nix/store/3rghmwyhhwjaj3jmpc3drb8pzz9h14hj-python3.12-ruamel-yaml-clib-0.2.7
2026-02-22T01:34:33.1128576Z   /nix/store/4743pgjalihwh1vb7jsy17ynw3s0xj04-python3.12-six-1.16.0
2026-02-22T01:34:33.1129084Z   /nix/store/n2pgidpi7vpq2hbpylfpa4ck7avniipp-python3.12-typing-extensions-4.12.2
2026-02-22T01:34:33.1129615Z   /nix/store/2j2fcjlxczkx0yyjn3rqi1h9sd42r97v-python3.12-wrapt-1.16.0
2026-02-22T01:34:33.1130044Z   /nix/store/n0q4xhb9z19f0rfd1i8frw7a3ip3rgar-readline-8.2p13
2026-02-22T01:34:33.1130587Z   /nix/store/gpbi7j64vk1my8gpqgylwf9iljqb09is-rhash-1.4.4
2026-02-22T01:34:33.1130944Z   /nix/store/wkad860jvdc881ngy6r0fbjg6s5i8alh-segger
2026-02-22T01:34:33.1131281Z   /nix/store/bbd59cqw259149r2ddk4w1q0lr2fch8c-sqlite-3.46.1
2026-02-22T01:34:33.1131651Z   /nix/store/spb2bpcnw0gbbr4x94cq8xs9n72hipwj-stdenv-linux
2026-02-22T01:34:33.1131997Z   /nix/store/n4xjlyn5hk979p2ywqpajw7dq5y94q1g-tinycrypt
2026-02-22T01:34:33.1132338Z   /nix/store/dfsiy184c8z6gf5x6cqfyahxv9g16828-tzdata-2024b
2026-02-22T01:34:33.1132817Z   /nix/store/ljlah5wqcbix5wg8rvm3g8rc7k9zn1qg-update-autotools-gnu-config-scripts-hook
2026-02-22T01:34:33.1133384Z   /nix/store/gm5g3xyn8iwxkag8gs6rf3ci64bqld80-util-linux-minimal-2.39.4-lib
2026-02-22T01:34:33.1133858Z   /nix/store/2d5spnl8j5r4n1s4bj1zmra7mwx0f1n8-xgcc-13.3.0-libgcc
2026-02-22T01:34:33.1134219Z   /nix/store/bdpc1864983kf51r3cznbrvnlkv4d9ff-xz-5.6.3
2026-02-22T01:34:33.1134557Z   /nix/store/5180mi672sl6ikiwyhvgnxasz6iqxws0-xz-5.6.3-bin
2026-02-22T01:34:33.1134896Z   /nix/store/pz26iwsn417j90xs7y7cwbsjnk7b1riv-zephyr
2026-02-22T01:34:33.1135234Z   /nix/store/bzk3q2l71qwhycsip23y6rl5n881la4n-zlib-1.3.1
2026-02-22T01:34:33.1135600Z   /nix/store/pq757h971kd946xqi9ckk2ylsj25i610-zmk-module-cmsis
2026-02-22T01:34:33.1136004Z   /nix/store/wggfl9p3y2ahy21hb1gpfgr3fxsbv8ss-zmk-module-hal_nordic
2026-02-22T01:34:33.1136423Z   /nix/store/44v1jwji8rksbmvsjwkd4igbb1vhxbl5-zmk-module-lvgl
2026-02-22T01:34:33.1136845Z   /nix/store/4bn1207zpfrcdmf1ldh86ziaav3kwwbb-zmk-module-picolibc
2026-02-22T01:34:33.1137257Z   /nix/store/w90l0zpl7slydmc947qscinn0d6rgq5c-zmk-module-segger
2026-02-22T01:34:33.1137678Z   /nix/store/grk5a1pd1mbzl3lgzf2amf7c0nbb0rvs-zmk-module-tinycrypt
2026-02-22T01:34:33.1138221Z   /nix/store/8pys6a47askf0g75a1k73p3rx2wim7m6-zstd-1.5.6
2026-02-22T01:34:33.1204751Z copying path '/nix/store/rlnih3wlxxwqn4xdahjgfjydvv78kvki-gnu-config-2024-01-01' from 'https://cache.nixos.org'...
2026-02-22T01:34:33.1209813Z copying path '/nix/store/2d5spnl8j5r4n1s4bj1zmra7mwx0f1n8-xgcc-13.3.0-libgcc' from 'https://cache.nixos.org'...
2026-02-22T01:34:33.1247975Z copying path '/nix/store/3581iwklzqcg4iyhlyqqrj7yvvm0pykl-cirque-input-module' from 'https://moergo-glove80-zmk-dev.cachix.org'...
2026-02-22T01:34:33.1252093Z copying path '/nix/store/j8rzqx7farv0w3isp9z943zy437zk02f-gcc-13.3.0-libgcc' from 'https://cache.nixos.org'...
2026-02-22T01:34:33.1257796Z copying path '/nix/store/6pqgj71r0850b0cd95yxx0d52zax016i-libunistring-1.2' from 'https://cache.nixos.org'...
2026-02-22T01:34:33.1287585Z copying path '/nix/store/azxckjbc4f70yliac1x35z5awbzf9jzj-cmsis' from 'https://moergo-glove80-zmk-dev.cachix.org'...
2026-02-22T01:34:33.1295438Z copying path '/nix/store/a473gcmd84qs4vpapa70nwamlpkryc7b-hal_nordic' from 'https://moergo-glove80-zmk-dev.cachix.org'...
2026-02-22T01:34:33.1303212Z copying path '/nix/store/wwmn97j9jv083973a7md52v4wkxr6lvd-lvgl' from 'https://moergo-glove80-zmk-dev.cachix.org'...
2026-02-22T01:34:33.1309560Z copying path '/nix/store/kxawdq25ad6x9cb63yvslaprm4ihx5hr-picolibc' from 'https://moergo-glove80-zmk-dev.cachix.org'...
2026-02-22T01:34:33.1315538Z copying path '/nix/store/wkad860jvdc881ngy6r0fbjg6s5i8alh-segger' from 'https://moergo-glove80-zmk-dev.cachix.org'...
2026-02-22T01:34:33.1317039Z copying path '/nix/store/n4xjlyn5hk979p2ywqpajw7dq5y94q1g-tinycrypt' from 'https://moergo-glove80-zmk-dev.cachix.org'...
2026-02-22T01:34:33.1322713Z copying path '/nix/store/85sj9hb9phy4fh3q4fmc1vm9vz27z1lg-die-hook' from 'https://cache.nixos.org'...
2026-02-22T01:34:33.1340160Z copying path '/nix/store/dvsai0ym9czjl5mcsarcdwccb70615n4-linux-headers-6.10' from 'https://cache.nixos.org'...
2026-02-22T01:34:33.1341695Z copying path '/nix/store/77yxcw58nmqx2c67a7srpfxxp40j5rbl-mailcap-2.1.54' from 'https://cache.nixos.org'...
2026-02-22T01:34:33.1344025Z copying path '/nix/store/dfsiy184c8z6gf5x6cqfyahxv9g16828-tzdata-2024b' from 'https://cache.nixos.org'...
2026-02-22T01:34:33.1413856Z copying path '/nix/store/hbrcibdl494a5w3dypy7095dckalzlqa-dejavu-fonts-minimal-2.37' from 'https://cache.nixos.org'...
2026-02-22T01:34:33.1440996Z copying path '/nix/store/ljlah5wqcbix5wg8rvm3g8rc7k9zn1qg-update-autotools-gnu-config-scripts-hook' from 'https://cache.nixos.org'...
2026-02-22T01:34:33.1804314Z copying path '/nix/store/grk5a1pd1mbzl3lgzf2amf7c0nbb0rvs-zmk-module-tinycrypt' from 'https://moergo-glove80-zmk-dev.cachix.org'...
2026-02-22T01:34:33.1949361Z copying path '/nix/store/qwjjm4j652ck9izaid7bz63s4hd5bnha-libidn2-2.3.7' from 'https://cache.nixos.org'...
2026-02-22T01:34:33.2130849Z copying path '/nix/store/w90l0zpl7slydmc947qscinn0d6rgq5c-zmk-module-segger' from 'https://moergo-glove80-zmk-dev.cachix.org'...
2026-02-22T01:34:33.2136721Z copying path '/nix/store/ziqnk17xikg73dfrwnyi2jd593xlxza9-fontconfig-2.15.0' from 'https://cache.nixos.org'...
2026-02-22T01:34:33.2460645Z copying path '/nix/store/wn7v2vhyyyi6clcyn0s9ixvl7d4d87ic-glibc-2.40-36' from 'https://cache.nixos.org'...
2026-02-22T01:34:33.2665892Z copying path '/nix/store/pq757h971kd946xqi9ckk2ylsj25i610-zmk-module-cmsis' from 'https://moergo-glove80-zmk-dev.cachix.org'...
2026-02-22T01:34:33.6411940Z copying path '/nix/store/4bn1207zpfrcdmf1ldh86ziaav3kwwbb-zmk-module-picolibc' from 'https://moergo-glove80-zmk-dev.cachix.org'...
2026-02-22T01:34:34.1716440Z copying path '/nix/store/p6k7xp1lsfmbdd731mlglrdj2d66mr82-bash-5.2p37' from 'https://cache.nixos.org'...
2026-02-22T01:34:34.1718308Z copying path '/nix/store/nmq6s9l9zlym3qjx76zzrqbp05a63y90-attr-2.5.2' from 'https://cache.nixos.org'...
2026-02-22T01:34:34.1725277Z copying path '/nix/store/2vgwd43vqxm66grkgsy7z1d87z31nzph-brotli-1.1.0-lib' from 'https://cache.nixos.org'...
2026-02-22T01:34:34.1733674Z copying path '/nix/store/zr9c15gg53zsbyc54fsrlwh3r8kmhfyy-dav1d-1.5.0' from 'https://cache.nixos.org'...
2026-02-22T01:34:34.1734944Z copying path '/nix/store/k5x874vwcaxlan1cw248lwqr4l4v7hyk-ed-1.20.2' from 'https://cache.nixos.org'...
2026-02-22T01:34:34.1736180Z copying path '/nix/store/hl3iw85v12gh9mwgvr9yfgjgy0rk81hb-bzip2-1.0.8' from 'https://cache.nixos.org'...
2026-02-22T01:34:34.1737463Z copying path '/nix/store/brj8bvvn63gbdrslwsj7gpj0gqaxlprn-giflib-5.2.2' from 'https://cache.nixos.org'...
2026-02-22T01:34:34.1738953Z copying path '/nix/store/zw5haplzbwjgbp3yykhm6iprkpfppzxb-glibc-2.40-36-bin' from 'https://cache.nixos.org'...
2026-02-22T01:34:34.1740388Z copying path '/nix/store/ka4sync4bccr9mz2ys0dbqjn24hp8v57-expand-response-params' from 'https://cache.nixos.org'...
2026-02-22T01:34:34.1741745Z copying path '/nix/store/8sgvk9wjq9vfz5irkl4436yhpfr10njq-expat-2.6.4' from 'https://cache.nixos.org'...
2026-02-22T01:34:34.1743004Z copying path '/nix/store/37azjaxs8cwqbmb0fywl8fa6n2x8bgwq-fribidi-1.0.16' from 'https://cache.nixos.org'...
2026-02-22T01:34:34.1744528Z copying path '/nix/store/hq7m89gp4kafmj8rr0f5sy2qyl7jq479-gdbm-1.24-lib' from 'https://cache.nixos.org'...
2026-02-22T01:34:34.1751358Z copying path '/nix/store/nnin69nrnrrmnv2scbwyfkgh1rf51gh1-gawk-5.3.1' from 'https://cache.nixos.org'...
2026-02-22T01:34:34.1752937Z copying path '/nix/store/ybjcla5bhj8g1y84998pn4a2drfxybkv-gcc-13.3.0-lib' from 'https://cache.nixos.org'...
2026-02-22T01:34:34.2750659Z copying path '/nix/store/y11zr71f9i1zy1vrdy3kjx8j6slsb3l3-gmp-6.3.0' from 'https://cache.nixos.org'...
2026-02-22T01:34:34.2869185Z copying path '/nix/store/9y5kd90fdbrq3r4yc9mpqn82f93zdgyq-gnumake-4.4.1' from 'https://cache.nixos.org'...
2026-02-22T01:34:34.2887554Z copying path '/nix/store/vmby25zqxnx94awvj0k7zn0rsd0zyrwg-gnused-4.9' from 'https://cache.nixos.org'...
2026-02-22T01:34:34.2892983Z copying path '/nix/store/vqjygx23hkim1kpidik5xcs9whayf3sr-bzip2-1.0.8-bin' from 'https://cache.nixos.org'...
2026-02-22T01:34:34.2927911Z copying path '/nix/store/ys6f20b4chzkmfh9ak0hjdp60l0g5abb-keyutils-1.6.3-lib' from 'https://cache.nixos.org'...
2026-02-22T01:34:34.3090291Z copying path '/nix/store/nrl5m466dwdscvavf1nqzdnqhszjyy9n-acl-2.3.2' from 'https://cache.nixos.org'...
2026-02-22T01:34:34.3124988Z copying path '/nix/store/ighb6h0x1nv14ap2fj0j3bqdn0x3xra4-libXau-1.0.11' from 'https://cache.nixos.org'...
2026-02-22T01:34:34.3213999Z copying path '/nix/store/8jqc1bpk99jgib12wgpdjmnbndrmg7vz-libXdmcp-1.1.5' from 'https://cache.nixos.org'...
2026-02-22T01:34:34.3290646Z copying path '/nix/store/rk2r5yq7al5jddg6jriwv1lg5j1dw0ih-libdatrie-2019-12-20-lib' from 'https://cache.nixos.org'...
2026-02-22T01:34:34.3451248Z copying path '/nix/store/v6m37463j6bs788wbid8yvfhp1773cax-libdeflate-1.22' from 'https://cache.nixos.org'...
2026-02-22T01:34:34.3659767Z copying path '/nix/store/a7pimibppfw2m3ryijnwwzx76i780bw2-gzip-1.13' from 'https://cache.nixos.org'...
2026-02-22T01:34:34.3737679Z copying path '/nix/store/n19lfs7ix2g9kdh6cf2pfaylbcwjay71-dav1d-1.5.0-dev' from 'https://cache.nixos.org'...
2026-02-22T01:34:34.3797888Z copying path '/nix/store/lw7psn749bfn2nrn943jdh68hh2im8yl-libffi-3.4.6' from 'https://cache.nixos.org'...
2026-02-22T01:34:34.3802187Z copying path '/nix/store/g8m63j9rzhqf0i9v4pzbdyrnzshr5mkx-libjpeg-turbo-3.0.4' from 'https://cache.nixos.org'...
2026-02-22T01:34:34.3906269Z copying path '/nix/store/ggpir31aij6dj2fsas74jyz8z33dxwnc-libtool-2.4.7-lib' from 'https://cache.nixos.org'...
2026-02-22T01:34:34.3909859Z copying path '/nix/store/h11ip75g5azb1d9f9jr8c6pwjhpcx20n-libthai-0.1.29' from 'https://cache.nixos.org'...
2026-02-22T01:34:34.3930649Z copying path '/nix/store/scb132gc1zzd904zibk2mz0q5q42z0ym-libuv-1.48.0' from 'https://cache.nixos.org'...
2026-02-22T01:34:34.3931992Z copying path '/nix/store/w63ks7mg1dsgm2gg302ss70wpq7g0l4d-libxcb-1.17.0' from 'https://cache.nixos.org'...
2026-02-22T01:34:34.3993726Z copying path '/nix/store/zhaypw0znkjnymg0rk1599zn21rr0l50-gnutar-1.35' from 'https://cache.nixos.org'...
2026-02-22T01:34:34.4073138Z copying path '/nix/store/5j9m3z3c6hygjx34xr1bzrkk8srvcs8a-libxcrypt-4.4.36' from 'https://cache.nixos.org'...
2026-02-22T01:34:34.4114801Z copying path '/nix/store/sbc37bmgpzr7wvlbm9lgf4y6q6dyz40q-libxcrypt-4.4.36' from 'https://cache.nixos.org'...
2026-02-22T01:34:34.4118714Z copying path '/nix/store/shg1vgcjxghqxhl0sifwgr0g2zg6bbv7-libxml2-2.13.4' from 'https://cache.nixos.org'...
2026-02-22T01:34:34.4178463Z copying path '/nix/store/lw21wr626v5sdcaxxkv2k4zf1121hfc9-glibc-2.40-36-dev' from 'https://cache.nixos.org'...
2026-02-22T01:34:34.4179871Z copying path '/nix/store/s5y8cgwj9saik6hpxq6hvry31hggnxij-libyaml-0.2.5' from 'https://cache.nixos.org'...
2026-02-22T01:34:34.4209663Z copying path '/nix/store/xxfkk4gqnaimiwzi6mmsmcs9bl2r8y7f-isl-0.20' from 'https://cache.nixos.org'...
2026-02-22T01:34:34.4214666Z copying path '/nix/store/aqga8f06jxy5a6ci4na35v7n09j8i74f-mpdecimal-4.0.0' from 'https://cache.nixos.org'...
2026-02-22T01:34:34.4382337Z copying path '/nix/store/wfxkyxmg47bhj098im5rp60hmkagn96x-mpfr-4.2.1' from 'https://cache.nixos.org'...
2026-02-22T01:34:34.4537926Z copying path '/nix/store/zi4768cbcny3vx6f8k2yqy3zp90jalhz-ncompress-5.0' from 'https://cache.nixos.org'...
2026-02-22T01:34:34.4567023Z copying path '/nix/store/1p1j0iv3c909kcs4d5300kcsnlwmbwyj-ncurses-6.4.20221231' from 'https://cache.nixos.org'...
2026-02-22T01:34:34.4651714Z copying path '/nix/store/vj1wkvkfgcgxr93b5p6kwjbqgrjnv7d9-ncurses-abi5-compat-6.4.20221231' from 'https://cache.nixos.org'...
2026-02-22T01:34:34.4690017Z copying path '/nix/store/aygalfgrn7pvxcqc45jw53b9gc29hwzs-nghttp2-1.64.0-lib' from 'https://cache.nixos.org'...
2026-02-22T01:34:34.4707657Z copying path '/nix/store/2nvmq98zj69i1af1ksh6m08hvfdkjv1z-dtc-1.7.2' from 'https://cache.nixos.org'...
2026-02-22T01:34:34.4739037Z copying path '/nix/store/ikjw6a952jd9wn5k06mkj710xzabssr0-libX11-1.8.10' from 'https://cache.nixos.org'...
2026-02-22T01:34:34.4764734Z copying path '/nix/store/k1dsk0zyq43pvi7f76is2rx6l4aphm5z-openssl-3.3.2' from 'https://cache.nixos.org'...
2026-02-22T01:34:34.4902881Z copying path '/nix/store/mdmansf6zkzsnrcf4h3yav5kz93rh03y-patch-2.7.6' from 'https://cache.nixos.org'...
2026-02-22T01:34:34.5050865Z copying path '/nix/store/gkj66hn5cyi3d761nmcdpj35ngv7h8ph-pcre2-10.44' from 'https://cache.nixos.org'...
2026-02-22T01:34:34.5228593Z copying path '/nix/store/f86x63y57hwyx9nl4l098fpl93y3xrya-pixman-0.43.4' from 'https://cache.nixos.org'...
2026-02-22T01:34:34.5230298Z copying path '/nix/store/gpbi7j64vk1my8gpqgylwf9iljqb09is-rhash-1.4.4' from 'https://cache.nixos.org'...
2026-02-22T01:34:34.5454400Z copying path '/nix/store/0qqs7bkfk21h8vh7m3x84hphciqv75lm-libmpc-1.3.1' from 'https://cache.nixos.org'...
2026-02-22T01:34:34.5562591Z copying path '/nix/store/gm5g3xyn8iwxkag8gs6rf3ci64bqld80-util-linux-minimal-2.39.4-lib' from 'https://cache.nixos.org'...
2026-02-22T01:34:34.5760303Z copying path '/nix/store/bdpc1864983kf51r3cznbrvnlkv4d9ff-xz-5.6.3' from 'https://cache.nixos.org'...
2026-02-22T01:34:34.5811599Z copying path '/nix/store/pz26iwsn417j90xs7y7cwbsjnk7b1riv-zephyr' from 'https://moergo-glove80-zmk-dev.cachix.org'...
2026-02-22T01:34:34.5900928Z copying path '/nix/store/bzk3q2l71qwhycsip23y6rl5n881la4n-zlib-1.3.1' from 'https://cache.nixos.org'...
2026-02-22T01:34:34.6107569Z copying path '/nix/store/85amyk92rg19l4fy0qmy7wr4jmq8p5z0-gnugrep-3.11' from 'https://cache.nixos.org'...
2026-02-22T01:34:34.6110109Z copying path '/nix/store/rp6b82pm6b7x03ngbzffsl3vj8pvay5v-libselinux-3.7' from 'https://cache.nixos.org'...
2026-02-22T01:34:34.6154461Z copying path '/nix/store/nxg637az00fnm705pinlrpjac9b4hgsc-gmp-with-cxx-6.3.0' from 'https://cache.nixos.org'...
2026-02-22T01:34:34.6322746Z copying path '/nix/store/23y66ax8z30m8xl4brrz792xlsrm0syr-graphite2-1.3.14' from 'https://cache.nixos.org'...
2026-02-22T01:34:34.6660047Z copying path '/nix/store/1dmri839kv55917flq6pyvr6xf17cb29-lerc-4.0.0' from 'https://cache.nixos.org'...
2026-02-22T01:34:34.6699683Z copying path '/nix/store/llj89sgbf5512bnhx76khs7aq2pkhqjv-libvmaf-3.0.0' from 'https://cache.nixos.org'...
2026-02-22T01:34:34.6802771Z copying path '/nix/store/43nf72jxw9m9mazn5qs7pdj52a7gmcr5-libyuv-1787' from 'https://cache.nixos.org'...
2026-02-22T01:34:34.6900318Z copying path '/nix/store/s2lws03pga0vyq84kfa6h041n8csbg4p-ninja-1.12.1' from 'https://cache.nixos.org'...
2026-02-22T01:34:34.7153346Z copying path '/nix/store/2qssg7pjgadwmqns6jm3qlr5bbdl4dcr-binutils-2.43.1-lib' from 'https://cache.nixos.org'...
2026-02-22T01:34:34.7272160Z copying path '/nix/store/b1wvkjx96i3s7wblz38ya0zr8i93zbc5-coreutils-9.5' from 'https://cache.nixos.org'...
2026-02-22T01:34:34.7324773Z copying path '/nix/store/g4lksqp6l8qiab4a0as21s6556xh4gyp-file-5.45' from 'https://cache.nixos.org'...
2026-02-22T01:34:34.7333707Z copying path '/nix/store/4krab2h0hd4wvxxmscxrw21pl77j4i7j-gcc-13.3.0' from 'https://cache.nixos.org'...
2026-02-22T01:34:34.7416885Z copying path '/nix/store/kvzfyxs3v0nb2lvfx28c5hj0vz7j9737-libpng-apng-1.6.43' from 'https://cache.nixos.org'...
2026-02-22T01:34:34.7531290Z copying path '/nix/store/26hcp8h792wl0h52c5r94qakhvk6q717-glib-2.82.1' from 'https://cache.nixos.org'...
2026-02-22T01:34:34.7532887Z copying path '/nix/store/9q63d382x7k2h6cc2pfsb39ar3n6f9wg-patchelf-0.15.0' from 'https://cache.nixos.org'...
2026-02-22T01:34:34.7556007Z copying path '/nix/store/d5y0sl4vwsb9m99r18zh1mx4fw9y70g6-libXext-1.3.6' from 'https://cache.nixos.org'...
2026-02-22T01:34:34.7881470Z copying path '/nix/store/ln8sk1vlpzmm346lx30ifihqdw0fw4g9-libXpm-3.5.17' from 'https://cache.nixos.org'...
2026-02-22T01:34:34.8270417Z copying path '/nix/store/7ygszkkili3kfqh789ivdgrhyrjshm5n-libXrender-0.9.11' from 'https://cache.nixos.org'...
2026-02-22T01:34:34.8363377Z copying path '/nix/store/kabp82iq5p0l8zidw9ch1mrpq431g6jd-libaom-3.10.0' from 'https://cache.nixos.org'...
2026-02-22T01:34:34.8618499Z copying path '/nix/store/g9hgzjcj9g7hw3c2pzgz271b1g1jgc4w-krb5-1.21.3-lib' from 'https://cache.nixos.org'...
2026-02-22T01:34:34.9228551Z copying path '/nix/store/1n0b29iid3y0w9i91v9zqdiwnx3inak0-libssh2-1.11.1' from 'https://cache.nixos.org'...
2026-02-22T01:34:34.9636731Z copying path '/nix/store/dbkf2m0b3a2n9drrbz6ra4ljfx45d4aa-libvmaf-3.0.0-dev' from 'https://cache.nixos.org'...
2026-02-22T01:34:34.9889535Z copying path '/nix/store/n0q4xhb9z19f0rfd1i8frw7a3ip3rgar-readline-8.2p13' from 'https://cache.nixos.org'...
2026-02-22T01:34:34.9891390Z copying path '/nix/store/bbd59cqw259149r2ddk4w1q0lr2fch8c-sqlite-3.46.1' from 'https://cache.nixos.org'...
2026-02-22T01:34:34.9894438Z copying path '/nix/store/5180mi672sl6ikiwyhvgnxasz6iqxws0-xz-5.6.3-bin' from 'https://cache.nixos.org'...
2026-02-22T01:34:35.0013172Z copying path '/nix/store/wggfl9p3y2ahy21hb1gpfgr3fxsbv8ss-zmk-module-hal_nordic' from 'https://moergo-glove80-zmk-dev.cachix.org'...
2026-02-22T01:34:35.0134013Z copying path '/nix/store/waj425c88y21wccgk9zpyi3q48xq0sgk-freetype-2.13.3' from 'https://cache.nixos.org'...
2026-02-22T01:34:35.0341015Z copying path '/nix/store/zgcaxpjipkvdz3185gfb8ba63xw1sv4n-libwebp-1.4.0' from 'https://cache.nixos.org'...
2026-02-22T01:34:35.0465313Z copying path '/nix/store/cxwsmlr3xh1ml4r0kgdjrknw7504b9f8-diffutils-3.10' from 'https://cache.nixos.org'...
2026-02-22T01:34:35.0673586Z copying path '/nix/store/bwkb907myixfzzykp21m9iczkhrq5pfy-binutils-2.43.1' from 'https://cache.nixos.org'...
2026-02-22T01:34:35.2300699Z copying path '/nix/store/w8pnfazxqwmrqmwkb5zrz1bifsd8abxl-findutils-4.10.0' from 'https://cache.nixos.org'...
2026-02-22T01:34:35.2582258Z copying path '/nix/store/avwmwsn9v4an5v2a4k1gzbqk917avjn1-gts-0.7.6' from 'https://cache.nixos.org'...
2026-02-22T01:34:35.2629211Z copying path '/nix/store/6fklzkr5x213h868q31isgy82wpmb1yb-perl-5.40.0' from 'https://cache.nixos.org'...
2026-02-22T01:34:35.2658971Z copying path '/nix/store/44v1jwji8rksbmvsjwkd4igbb1vhxbl5-zmk-module-lvgl' from 'https://moergo-glove80-zmk-dev.cachix.org'...
2026-02-22T01:34:35.3049623Z copying path '/nix/store/8pys6a47askf0g75a1k73p3rx2wim7m6-zstd-1.5.6' from 'https://cache.nixos.org'...
2026-02-22T01:34:35.4143093Z copying path '/nix/store/ps0zg8jx995br0s7k353qhal1ma3nnbd-curl-8.11.0' from 'https://cache.nixos.org'...
2026-02-22T01:34:35.4673547Z copying path '/nix/store/jfyibphs7pv1izw879lrmr0pp1x3llb8-fontconfig-2.15.0-lib' from 'https://cache.nixos.org'...
2026-02-22T01:34:35.4675006Z copying path '/nix/store/yxgc37sx1a0fswq3hvvld54491ryx6sf-harfbuzz-10.0.1' from 'https://cache.nixos.org'...
2026-02-22T01:34:35.4692304Z copying path '/nix/store/v567mv8b0bg0ph7xn61g33qqm484xxj0-libaom-3.10.0-bin' from 'https://cache.nixos.org'...
2026-02-22T01:34:35.4705368Z copying path '/nix/store/zv1kaq7f1q20x62kbjv6pfjygw5jmwl6-python3-3.12.7' from 'https://cache.nixos.org'...
2026-02-22T01:34:35.4708994Z copying path '/nix/store/qb69wvblgz1x2hkfxf7lwl9lg9xk4zpj-python3-3.9.20' from 'https://cache.nixos.org'...
2026-02-22T01:34:35.6393461Z copying path '/nix/store/spb2bpcnw0gbbr4x94cq8xs9n72hipwj-stdenv-linux' from 'https://cache.nixos.org'...
2026-02-22T01:34:35.7341419Z copying path '/nix/store/n0gxk0ys2zgqqz6zcsq8qlv6nv5k6fpj-libarchive-3.7.7-lib' from 'https://cache.nixos.org'...
2026-02-22T01:34:35.7343598Z copying path '/nix/store/mgw74i0szz30zbmvgasvyws1y8mvkb86-libtiff-4.7.0' from 'https://cache.nixos.org'...
2026-02-22T01:34:35.8590029Z copying path '/nix/store/x9as7x6f7cdgcskvvn3yp02m662krr7y-binutils-wrapper-2.43.1' from 'https://cache.nixos.org'...
2026-02-22T01:34:35.9464200Z copying path '/nix/store/9l20xx4bw18qgkicjcrsfx7vfykp9m8h-cairo-1.18.2' from 'https://cache.nixos.org'...
2026-02-22T01:34:35.9479328Z copying path '/nix/store/a98zld1as826z4s0b71xs64k02arj4zj-libXft-2.3.8' from 'https://cache.nixos.org'...
2026-02-22T01:34:35.9891680Z copying path '/nix/store/1asppgbns142f1sqyr6sz843h0689a1k-libaom-3.10.0-dev' from 'https://cache.nixos.org'...
2026-02-22T01:34:36.6712469Z building '/nix/store/ryf981zc9kshrrgm5c5dphnw879gn09m-builder.pl.drv'...
2026-02-22T01:34:36.8437322Z copying path '/nix/store/xk1z1b27hck084x12pn24rk526arwwlz-libwebp-1.4.0' from 'https://cache.nixos.org'...
2026-02-22T01:34:36.8449925Z copying path '/nix/store/alnzmaf07kv3dl4017vrzqngay5rx904-gdk-pixbuf-2.42.12' from 'https://cache.nixos.org'...
2026-02-22T01:34:36.8602527Z copying path '/nix/store/4k2h9qsps52n1v56zq03yi67dwmxa81i-cmake-3.30.5' from 'https://cache.nixos.org'...
2026-02-22T01:34:37.0592443Z copying path '/nix/store/vy93rplabj9l70a098rvp52ni9bg476v-pango-1.54.0' from 'https://cache.nixos.org'...
2026-02-22T01:34:37.7386907Z copying path '/nix/store/96wajifckqya26aazk4lrig5m5npw5l2-libavif-1.1.1' from 'https://cache.nixos.org'...
2026-02-22T01:34:38.2351475Z copying path '/nix/store/ascb2b0zncwlavz03zcj358p1i79hp64-gd-2.3.3' from 'https://cache.nixos.org'...
2026-02-22T01:34:38.9426132Z copying path '/nix/store/lvx8m4mh18aiqlqp5hdjpg3b34a07p35-graphviz-12.2.0' from 'https://cache.nixos.org'...
2026-02-22T01:34:39.1531100Z copying path '/nix/store/mczmw3rln2jm6nm080dapyjpj3833rg9-gcc-arm-embedded-12.3.rel1' from 'https://cache.nixos.org'...
2026-02-22T01:34:40.3842081Z copying path '/nix/store/4apajimszc47rxwcpvc3g3rj2icinl71-gcc-wrapper-13.3.0' from 'https://cache.nixos.org'...
2026-02-22T01:34:40.8106060Z copying path '/nix/store/qpb0z965ffwmny4p2m2jbbaqifkkb5y9-python3.12-docopt-0.6.2' from 'https://cache.nixos.org'...
2026-02-22T01:34:40.8110428Z copying path '/nix/store/rs8cgrcn6pkdxs2ksnhs1a0x0pvx5sac-python3.12-progress-1.6' from 'https://cache.nixos.org'...
2026-02-22T01:34:40.8111970Z copying path '/nix/store/wg6fhwksxkxn24rnynizrr6f4rvd9dkf-python3.12-intelhex-2.3.0' from 'https://cache.nixos.org'...
2026-02-22T01:34:40.8113498Z copying path '/nix/store/qnfndbdg0k5s7zb47l5q9h7cszi56gpf-python3.12-packaging-24.1' from 'https://cache.nixos.org'...
2026-02-22T01:34:40.8115107Z copying path '/nix/store/qmm23pygh0kisvsm9wrfxw2s5km97670-python3.12-pyelftools-0.31' from 'https://cache.nixos.org'...
2026-02-22T01:34:40.8121387Z copying path '/nix/store/l67gyhnl63la5pxmq4kbhl0g6xrfsdff-python3.12-msgpack-1.1.0' from 'https://cache.nixos.org'...
2026-02-22T01:34:40.8122578Z copying path '/nix/store/j7q50pmxnawpif7kfimy51mjhjdjldns-python3.12-pyyaml-6.0.2' from 'https://cache.nixos.org'...
2026-02-22T01:34:40.8123402Z copying path '/nix/store/2k9j8zwlhd8vdpn0c4j5zgwkqr6digpx-python3.12-ruamel-base-1.0.0' from 'https://cache.nixos.org'...
2026-02-22T01:34:40.8124235Z copying path '/nix/store/4743pgjalihwh1vb7jsy17ynw3s0xj04-python3.12-six-1.16.0' from 'https://cache.nixos.org'...
2026-02-22T01:34:40.8127329Z copying path '/nix/store/3rghmwyhhwjaj3jmpc3drb8pzz9h14hj-python3.12-ruamel-yaml-clib-0.2.7' from 'https://cache.nixos.org'...
2026-02-22T01:34:40.8132214Z copying path '/nix/store/2j2fcjlxczkx0yyjn3rqi1h9sd42r97v-python3.12-wrapt-1.16.0' from 'https://cache.nixos.org'...
2026-02-22T01:34:40.8133837Z copying path '/nix/store/n2pgidpi7vpq2hbpylfpa4ck7avniipp-python3.12-typing-extensions-4.12.2' from 'https://cache.nixos.org'...
2026-02-22T01:34:40.8513024Z copying path '/nix/store/gqjd4bvd683s55r0jcgc9q67rvjnmfc6-make-binary-wrapper-hook' from 'https://cache.nixos.org'...
2026-02-22T01:34:41.1540761Z copying path '/nix/store/iz14w235v0nmwc3vnzrlbrkfpaj1qqka-python3.12-python-dateutil-2.9.0.post0' from 'https://cache.nixos.org'...
2026-02-22T01:34:41.1553136Z copying path '/nix/store/09wri7s7nlgp1fs4q4ysx96scbbmr74v-python3.12-anytree-2.12.1' from 'https://cache.nixos.org'...
2026-02-22T01:34:41.1644142Z copying path '/nix/store/7cvm89dzrkw7i4pdidyd8mvny73k07nb-python3.12-ruamel-yaml-0.18.6' from 'https://cache.nixos.org'...
2026-02-22T01:34:41.1681487Z copying path '/nix/store/7p4gqrzavx0lpks2l0j9945zkzv77ds0-python3.12-python-can-4.5.0' from 'https://moergo-glove80-zmk-dev.cachix.org'...
2026-02-22T01:34:41.6466584Z copying path '/nix/store/k1hzsby2pa29jwbbdgg3y4wj0rxn8dnn-python3.12-pykwalify-1.8.0' from 'https://cache.nixos.org'...
2026-02-22T01:34:42.1257464Z building '/nix/store/14s41r3aqgw7vrl845jxarjcx3ivgvc4-python3-3.12.7-env.drv'...
2026-02-22T01:34:42.2191727Z created 296 symlinks in user environment
2026-02-22T01:34:52.6652154Z warning: Ignoring setting 'auto-allocate-uids' because experimental feature 'auto-allocate-uids' is not enabled
2026-02-22T01:34:52.6653592Z warning: Ignoring setting 'impure-env' because experimental feature 'configurable-impure-env' is not enabled
2026-02-22T01:34:52.6889593Z building '/nix/store/4s6svafym1429papyq6y7v8yvcirz4c6-zmk_glove80_lh.drv'...
2026-02-22T01:34:52.7094914Z building '/nix/store/i4qgmy76wchlj76fb1q0ibaq2kz4dsm3-zmk_glove80_rh.drv'...
2026-02-22T01:34:52.7407316Z Running phase: unpackPhase
2026-02-22T01:34:52.7452109Z unpacking source archive /nix/store/ypiphcbzypxpz9p904y3da2z7rpgj17j-source
2026-02-22T01:34:52.7625881Z Running phase: unpackPhase
2026-02-22T01:34:52.7665687Z unpacking source archive /nix/store/ypiphcbzypxpz9p904y3da2z7rpgj17j-source
2026-02-22T01:34:52.9007277Z source root is source/app
2026-02-22T01:34:52.9147861Z source root is source/app
2026-02-22T01:34:52.9476682Z Running phase: patchPhase
2026-02-22T01:34:52.9542176Z Running phase: updateAutotoolsGnuConfigScriptsPhase
2026-02-22T01:34:52.9626606Z Running phase: patchPhase
2026-02-22T01:34:52.9686512Z Running phase: updateAutotoolsGnuConfigScriptsPhase
2026-02-22T01:34:52.9779560Z Running phase: configurePhase
2026-02-22T01:34:52.9821731Z fixing cmake files...
2026-02-22T01:34:52.9923573Z Running phase: configurePhase
2026-02-22T01:34:52.9964619Z fixing cmake files...
2026-02-22T01:34:53.1747111Z cmake flags: -GNinja -DCMAKE_FIND_USE_SYSTEM_PACKAGE_REGISTRY=OFF -DCMAKE_FIND_USE_PACKAGE_REGISTRY=OFF -DCMAKE_EXPORT_NO_PACKAGE_REGISTRY=ON -DCMAKE_BUILD_TYPE=Release -DBUILD_TESTING=OFF -DCMAKE_INSTALL_LOCALEDIR=/nix/store/76kdh534gnrja910a0s1wmgdgg02dcm3-zmk_glove80_lh/share/locale -DCMAKE_INSTALL_LIBEXECDIR=/nix/store/76kdh534gnrja910a0s1wmgdgg02dcm3-zmk_glove80_lh/libexec -DCMAKE_INSTALL_LIBDIR=/nix/store/76kdh534gnrja910a0s1wmgdgg02dcm3-zmk_glove80_lh/lib -DCMAKE_INSTALL_DOCDIR=/nix/store/76kdh534gnrja910a0s1wmgdgg02dcm3-zmk_glove80_lh/share/doc/zmk -DCMAKE_INSTALL_INFODIR=/nix/store/76kdh534gnrja910a0s1wmgdgg02dcm3-zmk_glove80_lh/share/info -DCMAKE_INSTALL_MANDIR=/nix/store/76kdh534gnrja910a0s1wmgdgg02dcm3-zmk_glove80_lh/share/man -DCMAKE_INSTALL_OLDINCLUDEDIR=/nix/store/76kdh534gnrja910a0s1wmgdgg02dcm3-zmk_glove80_lh/include -DCMAKE_INSTALL_INCLUDEDIR=/nix/store/76kdh534gnrja910a0s1wmgdgg02dcm3-zmk_glove80_lh/include -DCMAKE_INSTALL_SBINDIR=/nix/store/76kdh534gnrja910a0s1wmgdgg02dcm3-zmk_glove80_lh/sbin -DCMAKE_INSTALL_BINDIR=/nix/store/76kdh534gnrja910a0s1wmgdgg02dcm3-zmk_glove80_lh/bin -DCMAKE_INSTALL_NAME_DIR=/nix/store/76kdh534gnrja910a0s1wmgdgg02dcm3-zmk_glove80_lh/lib -DCMAKE_POLICY_DEFAULT_CMP0025=NEW -DCMAKE_FIND_FRAMEWORK=LAST -DCMAKE_STRIP= -DCMAKE_RANLIB= -DCMAKE_AR= -DCMAKE_C_COMPILER= -DCMAKE_CXX_COMPILER= -DCMAKE_INSTALL_PREFIX=/nix/store/76kdh534gnrja910a0s1wmgdgg02dcm3-zmk_glove80_lh -DZEPHYR_BASE=/nix/store/pz26iwsn417j90xs7y7cwbsjnk7b1riv-zephyr/zephyr -DBOARD_ROOT=. -DBOARD=glove80_lh -DZEPHYR_TOOLCHAIN_VARIANT=gnuarmemb -DGNUARMEMB_TOOLCHAIN_PATH=/nix/store/mczmw3rln2jm6nm080dapyjpj3833rg9-gcc-arm-embedded-12.3.rel1 -DCMAKE_C_COMPILER=/nix/store/mczmw3rln2jm6nm080dapyjpj3833rg9-gcc-arm-embedded-12.3.rel1/bin/arm-none-eabi-gcc -DCMAKE_CXX_COMPILER=/nix/store/mczmw3rln2jm6nm080dapyjpj3833rg9-gcc-arm-embedded-12.3.rel1/bin/arm-none-eabi-g++ -DCMAKE_AR=/nix/store/mczmw3rln2jm6nm080dapyjpj3833rg9-gcc-arm-embedded-12.3.rel1/bin/arm-none-eabi-ar -DCMAKE_RANLIB=/nix/store/mczmw3rln2jm6nm080dapyjpj3833rg9-gcc-arm-embedded-12.3.rel1/bin/arm-none-eabi-ranlib -DZEPHYR_MODULES=/nix/store/pq757h971kd946xqi9ckk2ylsj25i610-zmk-module-cmsis/cmsis\;/nix/store/wggfl9p3y2ahy21hb1gpfgr3fxsbv8ss-zmk-module-hal_nordic/hal_nordic\;/nix/store/grk5a1pd1mbzl3lgzf2amf7c0nbb0rvs-zmk-module-tinycrypt/tinycrypt\;/nix/store/44v1jwji8rksbmvsjwkd4igbb1vhxbl5-zmk-module-lvgl/lvgl\;/nix/store/4bn1207zpfrcdmf1ldh86ziaav3kwwbb-zmk-module-picolibc/picolibc\;/nix/store/w90l0zpl7slydmc947qscinn0d6rgq5c-zmk-module-segger/segger\;/nix/store/3581iwklzqcg4iyhlyqqrj7yvvm0pykl-cirque-input-module -DKEYMAP_FILE=/nix/store/n9h6h4aj5y982kslby0p2al4zrk3a16y-zmk-custom-functions-lib/boards/glove80/glove80.keymap -DEXTRA_CONF_FILE=/nix/store/n9h6h4aj5y982kslby0p2al4zrk3a16y-zmk-custom-functions-lib/boards/glove80/glove80.conf -DUSER_CACHE_DIR=/build/.cache
2026-02-22T01:34:53.1834858Z Loading Zephyr default modules (Zephyr base (cached)).
2026-02-22T01:34:53.1836610Z -- Application: /build/source/app
2026-02-22T01:34:53.1837053Z -- CMake version: 3.30.5
2026-02-22T01:34:53.1875246Z cmake flags: -GNinja -DCMAKE_FIND_USE_SYSTEM_PACKAGE_REGISTRY=OFF -DCMAKE_FIND_USE_PACKAGE_REGISTRY=OFF -DCMAKE_EXPORT_NO_PACKAGE_REGISTRY=ON -DCMAKE_BUILD_TYPE=Release -DBUILD_TESTING=OFF -DCMAKE_INSTALL_LOCALEDIR=/nix/store/h2jig890vxl1gcnyi0dfwm18svi59nzg-zmk_glove80_rh/share/locale -DCMAKE_INSTALL_LIBEXECDIR=/nix/store/h2jig890vxl1gcnyi0dfwm18svi59nzg-zmk_glove80_rh/libexec -DCMAKE_INSTALL_LIBDIR=/nix/store/h2jig890vxl1gcnyi0dfwm18svi59nzg-zmk_glove80_rh/lib -DCMAKE_INSTALL_DOCDIR=/nix/store/h2jig890vxl1gcnyi0dfwm18svi59nzg-zmk_glove80_rh/share/doc/zmk -DCMAKE_INSTALL_INFODIR=/nix/store/h2jig890vxl1gcnyi0dfwm18svi59nzg-zmk_glove80_rh/share/info -DCMAKE_INSTALL_MANDIR=/nix/store/h2jig890vxl1gcnyi0dfwm18svi59nzg-zmk_glove80_rh/share/man -DCMAKE_INSTALL_OLDINCLUDEDIR=/nix/store/h2jig890vxl1gcnyi0dfwm18svi59nzg-zmk_glove80_rh/include -DCMAKE_INSTALL_INCLUDEDIR=/nix/store/h2jig890vxl1gcnyi0dfwm18svi59nzg-zmk_glove80_rh/include -DCMAKE_INSTALL_SBINDIR=/nix/store/h2jig890vxl1gcnyi0dfwm18svi59nzg-zmk_glove80_rh/sbin -DCMAKE_INSTALL_BINDIR=/nix/store/h2jig890vxl1gcnyi0dfwm18svi59nzg-zmk_glove80_rh/bin -DCMAKE_INSTALL_NAME_DIR=/nix/store/h2jig890vxl1gcnyi0dfwm18svi59nzg-zmk_glove80_rh/lib -DCMAKE_POLICY_DEFAULT_CMP0025=NEW -DCMAKE_FIND_FRAMEWORK=LAST -DCMAKE_STRIP= -DCMAKE_RANLIB= -DCMAKE_AR= -DCMAKE_C_COMPILER= -DCMAKE_CXX_COMPILER= -DCMAKE_INSTALL_PREFIX=/nix/store/h2jig890vxl1gcnyi0dfwm18svi59nzg-zmk_glove80_rh -DZEPHYR_BASE=/nix/store/pz26iwsn417j90xs7y7cwbsjnk7b1riv-zephyr/zephyr -DBOARD_ROOT=. -DBOARD=glove80_rh -DZEPHYR_TOOLCHAIN_VARIANT=gnuarmemb -DGNUARMEMB_TOOLCHAIN_PATH=/nix/store/mczmw3rln2jm6nm080dapyjpj3833rg9-gcc-arm-embedded-12.3.rel1 -DCMAKE_C_COMPILER=/nix/store/mczmw3rln2jm6nm080dapyjpj3833rg9-gcc-arm-embedded-12.3.rel1/bin/arm-none-eabi-gcc -DCMAKE_CXX_COMPILER=/nix/store/mczmw3rln2jm6nm080dapyjpj3833rg9-gcc-arm-embedded-12.3.rel1/bin/arm-none-eabi-g++ -DCMAKE_AR=/nix/store/mczmw3rln2jm6nm080dapyjpj3833rg9-gcc-arm-embedded-12.3.rel1/bin/arm-none-eabi-ar -DCMAKE_RANLIB=/nix/store/mczmw3rln2jm6nm080dapyjpj3833rg9-gcc-arm-embedded-12.3.rel1/bin/arm-none-eabi-ranlib -DZEPHYR_MODULES=/nix/store/pq757h971kd946xqi9ckk2ylsj25i610-zmk-module-cmsis/cmsis\;/nix/store/wggfl9p3y2ahy21hb1gpfgr3fxsbv8ss-zmk-module-hal_nordic/hal_nordic\;/nix/store/grk5a1pd1mbzl3lgzf2amf7c0nbb0rvs-zmk-module-tinycrypt/tinycrypt\;/nix/store/44v1jwji8rksbmvsjwkd4igbb1vhxbl5-zmk-module-lvgl/lvgl\;/nix/store/4bn1207zpfrcdmf1ldh86ziaav3kwwbb-zmk-module-picolibc/picolibc\;/nix/store/w90l0zpl7slydmc947qscinn0d6rgq5c-zmk-module-segger/segger\;/nix/store/3581iwklzqcg4iyhlyqqrj7yvvm0pykl-cirque-input-module -DKEYMAP_FILE=/nix/store/n9h6h4aj5y982kslby0p2al4zrk3a16y-zmk-custom-functions-lib/boards/glove80/glove80.keymap -DEXTRA_CONF_FILE=/nix/store/n9h6h4aj5y982kslby0p2al4zrk3a16y-zmk-custom-functions-lib/boards/glove80/glove80.conf -DUSER_CACHE_DIR=/build/.cache
2026-02-22T01:34:53.1985078Z Loading Zephyr default modules (Zephyr base (cached)).
2026-02-22T01:34:53.1987178Z -- Application: /build/source/app
2026-02-22T01:34:53.1987597Z -- CMake version: 3.30.5
2026-02-22T01:34:53.3950167Z -- Found Python3: /nix/store/3ym73yjdw7yg6sv3nwr0syligji76i3z-python3-3.12.7-env/bin/python (found suitable version "3.12.7", minimum required is "3.8") found components: Interpreter
2026-02-22T01:34:53.3959463Z -- Cache files will be written to: /build/.cache
2026-02-22T01:34:53.4011695Z -- Zephyr version: 3.5.0 (/nix/store/pz26iwsn417j90xs7y7cwbsjnk7b1riv-zephyr/zephyr)
2026-02-22T01:34:53.4144036Z -- Found Python3: /nix/store/3ym73yjdw7yg6sv3nwr0syligji76i3z-python3-3.12.7-env/bin/python (found suitable version "3.12.7", minimum required is "3.8") found components: Interpreter
2026-02-22T01:34:53.4154439Z -- Cache files will be written to: /build/.cache
2026-02-22T01:34:53.4240499Z -- Zephyr version: 3.5.0 (/nix/store/pz26iwsn417j90xs7y7cwbsjnk7b1riv-zephyr/zephyr)
2026-02-22T01:34:53.5809395Z -- Using keymap file: /nix/store/n9h6h4aj5y982kslby0p2al4zrk3a16y-zmk-custom-functions-lib/boards/glove80/glove80.keymap
2026-02-22T01:34:53.5870982Z -- Board: glove80_lh
2026-02-22T01:34:53.6027023Z -- Using keymap file: /nix/store/n9h6h4aj5y982kslby0p2al4zrk3a16y-zmk-custom-functions-lib/boards/glove80/glove80.keymap
2026-02-22T01:34:53.6086505Z -- Board: glove80_rh
2026-02-22T01:34:53.7615987Z -- Found toolchain: gnuarmemb (/nix/store/mczmw3rln2jm6nm080dapyjpj3833rg9-gcc-arm-embedded-12.3.rel1)
2026-02-22T01:34:53.7710614Z -- Found Dtc: /nix/store/2nvmq98zj69i1af1ksh6m08hvfdkjv1z-dtc-1.7.2/bin/dtc (found suitable version "1.7.2", minimum required is "1.4.6")
2026-02-22T01:34:53.7711793Z -- Found BOARD.dts: /build/source/app/boards/arm/glove80/glove80_lh.dts
2026-02-22T01:34:53.7712928Z -- Found devicetree overlay: /nix/store/n9h6h4aj5y982kslby0p2al4zrk3a16y-zmk-custom-functions-lib/boards/glove80/glove80.keymap
2026-02-22T01:34:53.7804993Z -- Found toolchain: gnuarmemb (/nix/store/mczmw3rln2jm6nm080dapyjpj3833rg9-gcc-arm-embedded-12.3.rel1)
2026-02-22T01:34:53.7858389Z -- Found Dtc: /nix/store/2nvmq98zj69i1af1ksh6m08hvfdkjv1z-dtc-1.7.2/bin/dtc (found suitable version "1.7.2", minimum required is "1.4.6")
2026-02-22T01:34:53.7880067Z -- Found BOARD.dts: /build/source/app/boards/arm/glove80/glove80_rh.dts
2026-02-22T01:34:53.7881309Z -- Found devicetree overlay: /nix/store/n9h6h4aj5y982kslby0p2al4zrk3a16y-zmk-custom-functions-lib/boards/glove80/glove80.keymap
2026-02-22T01:34:53.9618774Z devicetree error: /nix/store/n9h6h4aj5y982kslby0p2al4zrk3a16y-zmk-custom-functions-lib/boards/glove80/../../shared/macros.dtsi:37 (column 31): parse error: expected number or parenthesized expression
2026-02-22T01:34:53.9736523Z -- In: /build/source/app/build/zephyr, command: /nix/store/3ym73yjdw7yg6sv3nwr0syligji76i3z-python3-3.12.7-env/bin/python;/nix/store/pz26iwsn417j90xs7y7cwbsjnk7b1riv-zephyr/zephyr/scripts/dts/gen_defines.py;--dts;/build/source/app/build/zephyr/zephyr.dts.pre;--dtc-flags;'-Wno-unique_unit_address_if_enabled';--bindings-dirs;/nix/store/3581iwklzqcg4iyhlyqqrj7yvvm0pykl-cirque-input-module/dts/bindings;/build/source/app/module/dts/bindings;/build/source/app/dts/bindings;/nix/store/pz26iwsn417j90xs7y7cwbsjnk7b1riv-zephyr/zephyr/dts/bindings;--header-out;/build/source/app/build/zephyr/include/generated/devicetree_generated.h.new;--dts-out;/build/source/app/build/zephyr/zephyr.dts.new;--edt-pickle-out;/build/source/app/build/zephyr/edt.pickle;--vendor-prefixes;/nix/store/3581iwklzqcg4iyhlyqqrj7yvvm0pykl-cirque-input-module/dts/bindings/vendor-prefixes.txt;--vendor-prefixes;/build/source/app/dts/bindings/vendor-prefixes.txt;--vendor-prefixes;/nix/store/pz26iwsn417j90xs7y7cwbsjnk7b1riv-zephyr/zephyr/dts/bindings/vendor-prefixes.txt
2026-02-22T01:34:53.9744283Z CMake Error at /nix/store/pz26iwsn417j90xs7y7cwbsjnk7b1riv-zephyr/zephyr/cmake/modules/dts.cmake:279 (message):
2026-02-22T01:34:53.9745203Z   gen_defines.py failed with return code: 1
2026-02-22T01:34:53.9745930Z Call Stack (most recent call first):
2026-02-22T01:34:53.9746791Z   /nix/store/pz26iwsn417j90xs7y7cwbsjnk7b1riv-zephyr/zephyr/cmake/modules/zephyr_default.cmake:129 (include)
2026-02-22T01:34:53.9748270Z   /nix/store/pz26iwsn417j90xs7y7cwbsjnk7b1riv-zephyr/zephyr/share/zephyr-package/cmake/ZephyrConfig.cmake:66 (include)
2026-02-22T01:34:53.9749950Z   /nix/store/pz26iwsn417j90xs7y7cwbsjnk7b1riv-zephyr/zephyr/share/zephyr-package/cmake/ZephyrConfig.cmake:97 (include_boilerplate)
2026-02-22T01:34:53.9750977Z   CMakeLists.txt:9 (find_package)
2026-02-22T01:34:53.9751254Z 
2026-02-22T01:34:53.9751260Z 
2026-02-22T01:34:53.9751428Z -- Configuring incomplete, errors occurred!
2026-02-22T01:34:54.0563037Z error: builder for '/nix/store/4s6svafym1429papyq6y7v8yvcirz4c6-zmk_glove80_lh.drv' failed with exit code 1;
2026-02-22T01:34:54.0563681Z        last 10 log lines:
2026-02-22T01:34:54.0564252Z        > CMake Error at /nix/store/pz26iwsn417j90xs7y7cwbsjnk7b1riv-zephyr/zephyr/cmake/modules/dts.cmake:279 (message):
2026-02-22T01:34:54.0564876Z        >   gen_defines.py failed with return code: 1
2026-02-22T01:34:54.0565211Z        > Call Stack (most recent call first):
2026-02-22T01:34:54.0565797Z        >   /nix/store/pz26iwsn417j90xs7y7cwbsjnk7b1riv-zephyr/zephyr/cmake/modules/zephyr_default.cmake:129 (include)
2026-02-22T01:34:54.0567066Z        >   /nix/store/pz26iwsn417j90xs7y7cwbsjnk7b1riv-zephyr/zephyr/share/zephyr-package/cmake/ZephyrConfig.cmake:66 (include)
2026-02-22T01:34:54.0568245Z        >   /nix/store/pz26iwsn417j90xs7y7cwbsjnk7b1riv-zephyr/zephyr/share/zephyr-package/cmake/ZephyrConfig.cmake:97 (include_boilerplate)
2026-02-22T01:34:54.0569078Z        >   CMakeLists.txt:9 (find_package)
2026-02-22T01:34:54.0569385Z        >
2026-02-22T01:34:54.0569565Z        > 
2026-02-22T01:34:54.0569816Z        > -- Configuring incomplete, errors occurred!
2026-02-22T01:34:54.0570350Z        For full logs, run 'nix log /nix/store/4s6svafym1429papyq6y7v8yvcirz4c6-zmk_glove80_lh.drv'.
2026-02-22T01:34:54.1561269Z error: 1 dependencies of derivation '/nix/store/j8w36lll5kc8di657p56jg32m05qv3cb-combined_zmk_glove80_lh_zmk_glove80_rh.drv' failed to build
2026-02-22T01:34:54.1679478Z ##[error]Process completed with exit code 1.
2026-02-22T01:34:54.1731303Z Post job cleanup.
2026-02-22T01:34:54.2161861Z ##[group]Cachix: push
2026-02-22T01:34:54.2162812Z Pushing is disabled as skipPush is set to true
2026-02-22T01:34:54.2163585Z ##[endgroup]
2026-02-22T01:34:54.2262771Z Post job cleanup.
2026-02-22T01:34:54.3201265Z [command]/usr/bin/git version
2026-02-22T01:34:54.3237541Z git version 2.52.0
2026-02-22T01:34:54.3281553Z Temporarily overriding HOME='/home/runner/work/_temp/96ced63b-0f7b-4515-bc95-1535124a490e' before making global git config changes
2026-02-22T01:34:54.3282884Z Adding repository directory to the temporary git global config as a safe directory
2026-02-22T01:34:54.3288242Z [command]/usr/bin/git config --global --add safe.directory /home/runner/work/zmk-custom-functions-lib/zmk-custom-functions-lib/src
2026-02-22T01:34:54.3328442Z [command]/usr/bin/git config --local --name-only --get-regexp core\.sshCommand
2026-02-22T01:34:54.3360838Z [command]/usr/bin/git submodule foreach --recursive sh -c "git config --local --name-only --get-regexp 'core\.sshCommand' && git config --local --unset-all 'core.sshCommand' || :"
2026-02-22T01:34:54.3594695Z [command]/usr/bin/git config --local --name-only --get-regexp http\.https\:\/\/github\.com\/\.extraheader
2026-02-22T01:34:54.3614871Z http.https://github.com/.extraheader
2026-02-22T01:34:54.3627851Z [command]/usr/bin/git config --local --unset-all http.https://github.com/.extraheader
2026-02-22T01:34:54.3658275Z [command]/usr/bin/git submodule foreach --recursive sh -c "git config --local --name-only --get-regexp 'http\.https\:\/\/github\.com\/\.extraheader' && git config --local --unset-all 'http.https://github.com/.extraheader' || :"
2026-02-22T01:34:54.3880152Z [command]/usr/bin/git config --local --name-only --get-regexp ^includeIf\.gitdir:
2026-02-22T01:34:54.3914084Z [command]/usr/bin/git submodule foreach --recursive git config --local --show-origin --name-only --get-regexp remote.origin.url
2026-02-22T01:34:54.4267818Z Post job cleanup.
2026-02-22T01:34:54.5205455Z [command]/usr/bin/git version
2026-02-22T01:34:54.5242037Z git version 2.52.0
2026-02-22T01:34:54.5285829Z Temporarily overriding HOME='/home/runner/work/_temp/06b19c3d-cb4e-4d42-9f22-fa6abf4f9f49' before making global git config changes
2026-02-22T01:34:54.5287184Z Adding repository directory to the temporary git global config as a safe directory
2026-02-22T01:34:54.5299022Z [command]/usr/bin/git config --global --add safe.directory /home/runner/work/zmk-custom-functions-lib/zmk-custom-functions-lib
2026-02-22T01:34:54.5333657Z [command]/usr/bin/git config --local --name-only --get-regexp core\.sshCommand
2026-02-22T01:34:54.5365729Z [command]/usr/bin/git submodule foreach --recursive sh -c "git config --local --name-only --get-regexp 'core\.sshCommand' && git config --local --unset-all 'core.sshCommand' || :"
2026-02-22T01:34:54.5596329Z [command]/usr/bin/git config --local --name-only --get-regexp http\.https\:\/\/github\.com\/\.extraheader
2026-02-22T01:34:54.5617982Z http.https://github.com/.extraheader
2026-02-22T01:34:54.5631013Z [command]/usr/bin/git config --local --unset-all http.https://github.com/.extraheader
2026-02-22T01:34:54.5663335Z [command]/usr/bin/git submodule foreach --recursive sh -c "git config --local --name-only --get-regexp 'http\.https\:\/\/github\.com\/\.extraheader' && git config --local --unset-all 'http.https://github.com/.extraheader' || :"
2026-02-22T01:34:54.5905235Z [command]/usr/bin/git config --local --name-only --get-regexp ^includeIf\.gitdir:
2026-02-22T01:34:54.5949104Z [command]/usr/bin/git submodule foreach --recursive git config --local --show-origin --name-only --get-regexp remote.origin.url
2026-02-22T01:34:54.6370642Z Cleaning up orphan processes
