2026-02-22T01:34:04.4875667Z Current runner version: '2.331.0'
2026-02-22T01:34:04.4911570Z ##[group]Runner Image Provisioner
2026-02-22T01:34:04.4912856Z Hosted Compute Agent
2026-02-22T01:34:04.4913700Z Version: 20260123.484
2026-02-22T01:34:04.4914534Z Commit: 6bd6555ca37d84114959e1c76d2c01448ff61c5d
2026-02-22T01:34:04.4915662Z Build Date: 2026-01-23T19:41:17Z
2026-02-22T01:34:04.4916583Z Worker ID: {726cf52b-9993-4e85-8d71-8e87f3045ab3}
2026-02-22T01:34:04.4917649Z Azure Region: eastus2
2026-02-22T01:34:04.4918530Z ##[endgroup]
2026-02-22T01:34:04.4921366Z ##[group]Operating System
2026-02-22T01:34:04.4922232Z Ubuntu
2026-02-22T01:34:04.4922899Z 24.04.3
2026-02-22T01:34:04.4923588Z LTS
2026-02-22T01:34:04.4924218Z ##[endgroup]
2026-02-22T01:34:04.4925018Z ##[group]Runner Image
2026-02-22T01:34:04.4925872Z Image: ubuntu-24.04
2026-02-22T01:34:04.4926759Z Version: 20260201.15.1
2026-02-22T01:34:04.4928611Z Included Software: https://github.com/actions/runner-images/blob/ubuntu24/20260201.15/images/ubuntu/Ubuntu2404-Readme.md
2026-02-22T01:34:04.4931338Z Image Release: https://github.com/actions/runner-images/releases/tag/ubuntu24%2F20260201.15
2026-02-22T01:34:04.4932711Z ##[endgroup]
2026-02-22T01:34:04.4934485Z ##[group]GITHUB_TOKEN Permissions
2026-02-22T01:34:04.4936926Z Contents: read
2026-02-22T01:34:04.4937664Z Metadata: read
2026-02-22T01:34:04.4938571Z Packages: read
2026-02-22T01:34:04.4939323Z ##[endgroup]
2026-02-22T01:34:04.4942282Z Secret source: Actions
2026-02-22T01:34:04.4943782Z Prepare workflow directory
2026-02-22T01:34:04.5396721Z Prepare all required actions
2026-02-22T01:34:04.5452348Z Getting action download info
2026-02-22T01:34:04.7989565Z Download action repository 'actions/checkout@v4' (SHA:34e114876b0b11c390a56381ad16ebd13914f8d5)
2026-02-22T01:34:04.8909789Z Download action repository 'cachix/install-nix-action@v25' (SHA:6004951b182f8860210c8d6f0d808ec5b1a33d28)
2026-02-22T01:34:05.1343686Z Download action repository 'cachix/cachix-action@v14' (SHA:18cf96c7c98e048e10a83abd92116114cd8504be)
2026-02-22T01:34:05.4078793Z Download action repository 'actions/upload-artifact@v4' (SHA:ea165f8d65b6e75b540449e92b4886f43607fa02)
2026-02-22T01:34:05.6520619Z Complete job name: Build Go60
2026-02-22T01:34:05.7217811Z ##[group]Run actions/checkout@v4
2026-02-22T01:34:05.7218650Z with:
2026-02-22T01:34:05.7219178Z   repository: nothingfortune/zmk-custom-functions-lib
2026-02-22T01:34:05.7220190Z   token: ***
2026-02-22T01:34:05.7220636Z   ssh-strict: true
2026-02-22T01:34:05.7221073Z   ssh-user: git
2026-02-22T01:34:05.7221535Z   persist-credentials: true
2026-02-22T01:34:05.7222033Z   clean: true
2026-02-22T01:34:05.7222481Z   sparse-checkout-cone-mode: true
2026-02-22T01:34:05.7223013Z   fetch-depth: 1
2026-02-22T01:34:05.7223441Z   fetch-tags: false
2026-02-22T01:34:05.7223899Z   show-progress: true
2026-02-22T01:34:05.7224360Z   lfs: false
2026-02-22T01:34:05.7224789Z   submodules: false
2026-02-22T01:34:05.7225232Z   set-safe-directory: true
2026-02-22T01:34:05.7225912Z ##[endgroup]
2026-02-22T01:34:05.8337019Z Syncing repository: nothingfortune/zmk-custom-functions-lib
2026-02-22T01:34:05.8339185Z ##[group]Getting Git version info
2026-02-22T01:34:05.8340453Z Working directory is '/home/runner/work/zmk-custom-functions-lib/zmk-custom-functions-lib'
2026-02-22T01:34:05.8341726Z [command]/usr/bin/git version
2026-02-22T01:34:05.8391107Z git version 2.52.0
2026-02-22T01:34:05.8416410Z ##[endgroup]
2026-02-22T01:34:05.8432009Z Temporarily overriding HOME='/home/runner/work/_temp/92b5efa5-8864-4c8f-939a-c912461ed476' before making global git config changes
2026-02-22T01:34:05.8434542Z Adding repository directory to the temporary git global config as a safe directory
2026-02-22T01:34:05.8446311Z [command]/usr/bin/git config --global --add safe.directory /home/runner/work/zmk-custom-functions-lib/zmk-custom-functions-lib
2026-02-22T01:34:05.8487207Z Deleting the contents of '/home/runner/work/zmk-custom-functions-lib/zmk-custom-functions-lib'
2026-02-22T01:34:05.8490371Z ##[group]Initializing the repository
2026-02-22T01:34:05.8496015Z [command]/usr/bin/git init /home/runner/work/zmk-custom-functions-lib/zmk-custom-functions-lib
2026-02-22T01:34:05.8572178Z hint: Using 'master' as the name for the initial branch. This default branch name
2026-02-22T01:34:05.8573851Z hint: will change to "main" in Git 3.0. To configure the initial branch name
2026-02-22T01:34:05.8575425Z hint: to use in all of your new repositories, which will suppress this warning,
2026-02-22T01:34:05.8576428Z hint: call:
2026-02-22T01:34:05.8576841Z hint:
2026-02-22T01:34:05.8577592Z hint: 	git config --global init.defaultBranch <name>
2026-02-22T01:34:05.8578243Z hint:
2026-02-22T01:34:05.8578836Z hint: Names commonly chosen instead of 'master' are 'main', 'trunk' and
2026-02-22T01:34:05.8579832Z hint: 'development'. The just-created branch can be renamed via this command:
2026-02-22T01:34:05.8581621Z hint:
2026-02-22T01:34:05.8582275Z hint: 	git branch -m <name>
2026-02-22T01:34:05.8583047Z hint:
2026-02-22T01:34:05.8584075Z hint: Disable this message with "git config set advice.defaultBranchName false"
2026-02-22T01:34:05.8585368Z Initialized empty Git repository in /home/runner/work/zmk-custom-functions-lib/zmk-custom-functions-lib/.git/
2026-02-22T01:34:05.8587900Z [command]/usr/bin/git remote add origin https://github.com/nothingfortune/zmk-custom-functions-lib
2026-02-22T01:34:05.8621340Z ##[endgroup]
2026-02-22T01:34:05.8622143Z ##[group]Disabling automatic garbage collection
2026-02-22T01:34:05.8625112Z [command]/usr/bin/git config --local gc.auto 0
2026-02-22T01:34:05.8655901Z ##[endgroup]
2026-02-22T01:34:05.8657142Z ##[group]Setting up auth
2026-02-22T01:34:05.8663580Z [command]/usr/bin/git config --local --name-only --get-regexp core\.sshCommand
2026-02-22T01:34:05.8695956Z [command]/usr/bin/git submodule foreach --recursive sh -c "git config --local --name-only --get-regexp 'core\.sshCommand' && git config --local --unset-all 'core.sshCommand' || :"
2026-02-22T01:34:05.9034137Z [command]/usr/bin/git config --local --name-only --get-regexp http\.https\:\/\/github\.com\/\.extraheader
2026-02-22T01:34:05.9067089Z [command]/usr/bin/git submodule foreach --recursive sh -c "git config --local --name-only --get-regexp 'http\.https\:\/\/github\.com\/\.extraheader' && git config --local --unset-all 'http.https://github.com/.extraheader' || :"
2026-02-22T01:34:05.9296486Z [command]/usr/bin/git config --local --name-only --get-regexp ^includeIf\.gitdir:
2026-02-22T01:34:05.9336713Z [command]/usr/bin/git submodule foreach --recursive git config --local --show-origin --name-only --get-regexp remote.origin.url
2026-02-22T01:34:05.9568551Z [command]/usr/bin/git config --local http.https://github.com/.extraheader AUTHORIZATION: basic ***
2026-02-22T01:34:05.9605210Z ##[endgroup]
2026-02-22T01:34:05.9606517Z ##[group]Fetching the repository
2026-02-22T01:34:05.9614815Z [command]/usr/bin/git -c protocol.version=2 fetch --no-tags --prune --no-recurse-submodules --depth=1 origin +6791d3ee6e7675e1a1d8c137172fced6bcccdf8b:refs/remotes/origin/main
2026-02-22T01:34:06.1677641Z From https://github.com/nothingfortune/zmk-custom-functions-lib
2026-02-22T01:34:06.1679415Z  * [new ref]         6791d3ee6e7675e1a1d8c137172fced6bcccdf8b -> origin/main
2026-02-22T01:34:06.1709236Z ##[endgroup]
2026-02-22T01:34:06.1710228Z ##[group]Determining the checkout info
2026-02-22T01:34:06.1711628Z ##[endgroup]
2026-02-22T01:34:06.1716509Z [command]/usr/bin/git sparse-checkout disable
2026-02-22T01:34:06.1758380Z [command]/usr/bin/git config --local --unset-all extensions.worktreeConfig
2026-02-22T01:34:06.1786626Z ##[group]Checking out the ref
2026-02-22T01:34:06.1791464Z [command]/usr/bin/git checkout --progress --force -B main refs/remotes/origin/main
2026-02-22T01:34:06.1958674Z Switched to a new branch 'main'
2026-02-22T01:34:06.1961233Z branch 'main' set up to track 'origin/main'.
2026-02-22T01:34:06.1970879Z ##[endgroup]
2026-02-22T01:34:06.2008274Z [command]/usr/bin/git log -1 --format=%H
2026-02-22T01:34:06.2032223Z 6791d3ee6e7675e1a1d8c137172fced6bcccdf8b
2026-02-22T01:34:06.2280861Z ##[group]Run actions/checkout@v4
2026-02-22T01:34:06.2281574Z with:
2026-02-22T01:34:06.2281957Z   repository: moergo-sc/zmk
2026-02-22T01:34:06.2282394Z   ref: main
2026-02-22T01:34:06.2282756Z   path: src
2026-02-22T01:34:06.2283285Z   token: ***
2026-02-22T01:34:06.2283675Z   ssh-strict: true
2026-02-22T01:34:06.2284065Z   ssh-user: git
2026-02-22T01:34:06.2284465Z   persist-credentials: true
2026-02-22T01:34:06.2284911Z   clean: true
2026-02-22T01:34:06.2285309Z   sparse-checkout-cone-mode: true
2026-02-22T01:34:06.2285790Z   fetch-depth: 1
2026-02-22T01:34:06.2286173Z   fetch-tags: false
2026-02-22T01:34:06.2286574Z   show-progress: true
2026-02-22T01:34:06.2286972Z   lfs: false
2026-02-22T01:34:06.2287339Z   submodules: false
2026-02-22T01:34:06.2287737Z   set-safe-directory: true
2026-02-22T01:34:06.2288168Z ##[endgroup]
2026-02-22T01:34:06.3210492Z Syncing repository: moergo-sc/zmk
2026-02-22T01:34:06.3218745Z ##[group]Getting Git version info
2026-02-22T01:34:06.3220152Z Working directory is '/home/runner/work/zmk-custom-functions-lib/zmk-custom-functions-lib/src'
2026-02-22T01:34:06.3258657Z [command]/usr/bin/git version
2026-02-22T01:34:06.3295559Z git version 2.52.0
2026-02-22T01:34:06.3319523Z ##[endgroup]
2026-02-22T01:34:06.3333339Z Temporarily overriding HOME='/home/runner/work/_temp/04b46781-2a33-4d30-8545-2fe01f49ff80' before making global git config changes
2026-02-22T01:34:06.3335507Z Adding repository directory to the temporary git global config as a safe directory
2026-02-22T01:34:06.3347100Z [command]/usr/bin/git config --global --add safe.directory /home/runner/work/zmk-custom-functions-lib/zmk-custom-functions-lib/src
2026-02-22T01:34:06.3378839Z ##[group]Initializing the repository
2026-02-22T01:34:06.3385221Z [command]/usr/bin/git init /home/runner/work/zmk-custom-functions-lib/zmk-custom-functions-lib/src
2026-02-22T01:34:06.3422337Z hint: Using 'master' as the name for the initial branch. This default branch name
2026-02-22T01:34:06.3423862Z hint: will change to "main" in Git 3.0. To configure the initial branch name
2026-02-22T01:34:06.3425043Z hint: to use in all of your new repositories, which will suppress this warning,
2026-02-22T01:34:06.3426139Z hint: call:
2026-02-22T01:34:06.3426744Z hint:
2026-02-22T01:34:06.3427453Z hint: 	git config --global init.defaultBranch <name>
2026-02-22T01:34:06.3428364Z hint:
2026-02-22T01:34:06.3429224Z hint: Names commonly chosen instead of 'master' are 'main', 'trunk' and
2026-02-22T01:34:06.3430991Z hint: 'development'. The just-created branch can be renamed via this command:
2026-02-22T01:34:06.3432109Z hint:
2026-02-22T01:34:06.3432711Z hint: 	git branch -m <name>
2026-02-22T01:34:06.3433388Z hint:
2026-02-22T01:34:06.3434327Z hint: Disable this message with "git config set advice.defaultBranchName false"
2026-02-22T01:34:06.3436319Z Initialized empty Git repository in /home/runner/work/zmk-custom-functions-lib/zmk-custom-functions-lib/src/.git/
2026-02-22T01:34:06.3521877Z [command]/usr/bin/git remote add origin https://github.com/moergo-sc/zmk
2026-02-22T01:34:06.3524243Z ##[endgroup]
2026-02-22T01:34:06.3525296Z ##[group]Disabling automatic garbage collection
2026-02-22T01:34:06.3526260Z [command]/usr/bin/git config --local gc.auto 0
2026-02-22T01:34:06.3528285Z ##[endgroup]
2026-02-22T01:34:06.3529305Z ##[group]Setting up auth
2026-02-22T01:34:06.3530737Z [command]/usr/bin/git config --local --name-only --get-regexp core\.sshCommand
2026-02-22T01:34:06.3545172Z [command]/usr/bin/git submodule foreach --recursive sh -c "git config --local --name-only --get-regexp 'core\.sshCommand' && git config --local --unset-all 'core.sshCommand' || :"
2026-02-22T01:34:06.3778238Z [command]/usr/bin/git config --local --name-only --get-regexp http\.https\:\/\/github\.com\/\.extraheader
2026-02-22T01:34:06.3809787Z [command]/usr/bin/git submodule foreach --recursive sh -c "git config --local --name-only --get-regexp 'http\.https\:\/\/github\.com\/\.extraheader' && git config --local --unset-all 'http.https://github.com/.extraheader' || :"
2026-02-22T01:34:06.4041865Z [command]/usr/bin/git config --local --name-only --get-regexp ^includeIf\.gitdir:
2026-02-22T01:34:06.4083331Z [command]/usr/bin/git submodule foreach --recursive git config --local --show-origin --name-only --get-regexp remote.origin.url
2026-02-22T01:34:06.4315338Z [command]/usr/bin/git config --local http.https://github.com/.extraheader AUTHORIZATION: basic ***
2026-02-22T01:34:06.4349843Z ##[endgroup]
2026-02-22T01:34:06.4350949Z ##[group]Fetching the repository
2026-02-22T01:34:06.4358340Z [command]/usr/bin/git -c protocol.version=2 fetch --no-tags --prune --no-recurse-submodules --depth=1 origin +refs/heads/main*:refs/remotes/origin/main* +refs/tags/main*:refs/tags/main*
2026-02-22T01:34:06.9090966Z From https://github.com/moergo-sc/zmk
2026-02-22T01:34:06.9118755Z  * [new branch]      main       -> origin/main
2026-02-22T01:34:06.9122070Z ##[endgroup]
2026-02-22T01:34:06.9123514Z ##[group]Determining the checkout info
2026-02-22T01:34:06.9128993Z [command]/usr/bin/git branch --list --remote origin/main
2026-02-22T01:34:06.9153906Z   origin/main
2026-02-22T01:34:06.9158481Z ##[endgroup]
2026-02-22T01:34:06.9162756Z [command]/usr/bin/git sparse-checkout disable
2026-02-22T01:34:06.9200824Z [command]/usr/bin/git config --local --unset-all extensions.worktreeConfig
2026-02-22T01:34:06.9229192Z ##[group]Checking out the ref
2026-02-22T01:34:06.9233487Z [command]/usr/bin/git checkout --progress --force -B main refs/remotes/origin/main
2026-02-22T01:34:07.0605904Z Switched to a new branch 'main'
2026-02-22T01:34:07.0607402Z branch 'main' set up to track 'origin/main'.
2026-02-22T01:34:07.0618272Z ##[endgroup]
2026-02-22T01:34:07.0658722Z [command]/usr/bin/git log -1 --format=%H
2026-02-22T01:34:07.0682022Z 11454d23596afbdb06380a1125371b19ab65675c
2026-02-22T01:34:07.0936450Z ##[group]Run cachix/install-nix-action@v25
2026-02-22T01:34:07.0937647Z with:
2026-02-22T01:34:07.0938487Z   nix_path: nixpkgs=channel:nixos-22.05
2026-02-22T01:34:07.0939600Z   enable_kvm: true
2026-02-22T01:34:07.0940624Z ##[endgroup]
2026-02-22T01:34:07.1048624Z ##[group]Run ${GITHUB_ACTION_PATH}/install-nix.sh
2026-02-22T01:34:07.1050290Z [36;1m${GITHUB_ACTION_PATH}/install-nix.sh[0m
2026-02-22T01:34:07.1091818Z shell: /usr/bin/bash --noprofile --norc -e -o pipefail {0}
2026-02-22T01:34:07.1093396Z env:
2026-02-22T01:34:07.1094151Z   INPUT_EXTRA_NIX_CONFIG: 
2026-02-22T01:34:07.1095104Z   INPUT_GITHUB_ACCESS_TOKEN: 
2026-02-22T01:34:07.1096089Z   INPUT_INSTALL_OPTIONS: 
2026-02-22T01:34:07.1097021Z   INPUT_INSTALL_URL: 
2026-02-22T01:34:07.1097990Z   INPUT_NIX_PATH: nixpkgs=channel:nixos-22.05
2026-02-22T01:34:07.1099162Z   INPUT_ENABLE_KVM: true
2026-02-22T01:34:07.1100708Z   GITHUB_TOKEN: ***
2026-02-22T01:34:07.1101539Z ##[endgroup]
2026-02-22T01:34:07.1215056Z ##[group]Enabling KVM support
2026-02-22T01:34:07.1285941Z KERNEL=="kvm", GROUP="kvm", MODE="0666", OPTIONS+="static_node=kvm"
2026-02-22T01:34:07.1617488Z Enabled KVM
2026-02-22T01:34:07.1619594Z ##[endgroup]
2026-02-22T01:34:07.1621719Z ##[group]Installing Nix
2026-02-22T01:34:07.1916181Z installer options: --no-channel-add --darwin-use-unencrypted-nix-store-volume --nix-extra-conf-file /tmp/tmp.ncq528WOKg/nix.conf --daemon --daemon-user-count 8
2026-02-22T01:34:07.3053713Z * Host releases.nixos.org:443 was resolved.
2026-02-22T01:34:07.3063258Z * IPv6: 2a04:4e42:77::347
2026-02-22T01:34:07.3064212Z * IPv4: 199.232.89.91
2026-02-22T01:34:07.3065065Z *   Trying 199.232.89.91:443...
2026-02-22T01:34:07.3167529Z * Connected to releases.nixos.org (199.232.89.91) port 443
2026-02-22T01:34:07.3189694Z * ALPN: curl offers h2,http/1.1
2026-02-22T01:34:07.3192904Z } [5 bytes data]
2026-02-22T01:34:07.3194405Z * TLSv1.3 (OUT), TLS handshake, Client hello (1):
2026-02-22T01:34:07.3195765Z } [512 bytes data]
2026-02-22T01:34:07.3485916Z *  CAfile: /etc/ssl/certs/ca-certificates.crt
2026-02-22T01:34:07.3490690Z *  CApath: /etc/ssl/certs
2026-02-22T01:34:07.3491950Z { [5 bytes data]
2026-02-22T01:34:07.3493258Z * TLSv1.3 (IN), TLS handshake, Server hello (2):
2026-02-22T01:34:07.3494887Z { [122 bytes data]
2026-02-22T01:34:07.3496708Z * TLSv1.3 (IN), TLS handshake, Encrypted Extensions (8):
2026-02-22T01:34:07.3498489Z { [19 bytes data]
2026-02-22T01:34:07.3499765Z * TLSv1.3 (IN), TLS handshake, Certificate (11):
2026-02-22T01:34:07.3501525Z { [2602 bytes data]
2026-02-22T01:34:07.3502813Z * TLSv1.3 (IN), TLS handshake, CERT verify (15):
2026-02-22T01:34:07.3504447Z { [264 bytes data]
2026-02-22T01:34:07.3505692Z * TLSv1.3 (IN), TLS handshake, Finished (20):
2026-02-22T01:34:07.3507257Z { [36 bytes data]
2026-02-22T01:34:07.3508682Z * TLSv1.3 (OUT), TLS change cipher, Change cipher spec (1):
2026-02-22T01:34:07.3510599Z } [1 bytes data]
2026-02-22T01:34:07.3511840Z * TLSv1.3 (OUT), TLS handshake, Finished (20):
2026-02-22T01:34:07.3513456Z } [36 bytes data]
2026-02-22T01:34:07.3515227Z * SSL connection using TLSv1.3 / TLS_AES_128_GCM_SHA256 / X25519 / RSASSA-PSS
2026-02-22T01:34:07.3517435Z * ALPN: server accepted h2
2026-02-22T01:34:07.3518738Z * Server certificate:
2026-02-22T01:34:07.3520137Z *  subject: CN=releases.nixos.org
2026-02-22T01:34:07.3521622Z *  start date: Jan 13 01:58:01 2026 GMT
2026-02-22T01:34:07.3523118Z *  expire date: Apr 13 01:58:00 2026 GMT
2026-02-22T01:34:07.3525356Z *  subjectAltName: host "releases.nixos.org" matched cert's "releases.nixos.org"
2026-02-22T01:34:07.3527823Z *  issuer: C=US; O=Let's Encrypt; CN=R12
2026-02-22T01:34:07.3529390Z *  SSL certificate verify ok.
2026-02-22T01:34:07.3532004Z *   Certificate level 0: Public key type RSA (2048/112 Bits/secBits), signed using sha256WithRSAEncryption
2026-02-22T01:34:07.3535882Z *   Certificate level 1: Public key type RSA (2048/112 Bits/secBits), signed using sha256WithRSAEncryption
2026-02-22T01:34:07.3540194Z *   Certificate level 2: Public key type RSA (4096/152 Bits/secBits), signed using sha256WithRSAEncryption
2026-02-22T01:34:07.3542913Z { [5 bytes data]
2026-02-22T01:34:07.3544249Z * TLSv1.3 (IN), TLS handshake, Newsession Ticket (4):
2026-02-22T01:34:07.3545938Z { [201 bytes data]
2026-02-22T01:34:07.3547046Z * using HTTP/2
2026-02-22T01:34:07.3548865Z * [HTTP/2] [1] OPENED stream for https://releases.nixos.org/nix/nix-2.19.2/install
2026-02-22T01:34:07.3551306Z * [HTTP/2] [1] [:method: GET]
2026-02-22T01:34:07.3552672Z * [HTTP/2] [1] [:scheme: https]
2026-02-22T01:34:07.3554145Z * [HTTP/2] [1] [:authority: releases.nixos.org]
2026-02-22T01:34:07.3555907Z * [HTTP/2] [1] [:path: /nix/nix-2.19.2/install]
2026-02-22T01:34:07.3557572Z * [HTTP/2] [1] [user-agent: curl/8.5.0]
2026-02-22T01:34:07.3559089Z * [HTTP/2] [1] [accept: */*]
2026-02-22T01:34:07.3560498Z } [5 bytes data]
2026-02-22T01:34:07.3561653Z > GET /nix/nix-2.19.2/install HTTP/2
2026-02-22T01:34:07.3563138Z > Host: releases.nixos.org
2026-02-22T01:34:07.3564448Z > User-Agent: curl/8.5.0
2026-02-22T01:34:07.3565668Z > Accept: */*
2026-02-22T01:34:07.3566723Z > 
2026-02-22T01:34:07.3614279Z { [5 bytes data]
2026-02-22T01:34:07.3631747Z < HTTP/2 200 
2026-02-22T01:34:07.3633040Z < last-modified: Wed, 29 Nov 2023 16:16:25 GMT
2026-02-22T01:34:07.3634796Z < etag: "65029e6468c72d36dcb083ab91c4a430"
2026-02-22T01:34:07.3636498Z < x-amz-server-side-encryption: AES256
2026-02-22T01:34:07.3638070Z < content-type: text/plain
2026-02-22T01:34:07.3639381Z < server: AmazonS3
2026-02-22T01:34:07.3640729Z < via: 1.1 varnish, 1.1 varnish
2026-02-22T01:34:07.3642217Z < access-control-allow-origin: *
2026-02-22T01:34:07.3643766Z < accept-ranges: bytes
2026-02-22T01:34:07.3645155Z < age: 66413
2026-02-22T01:34:07.3646257Z < date: Sun, 22 Feb 2026 01:34:07 GMT
2026-02-22T01:34:07.3647970Z < x-served-by: cache-dub4395-DUB, cache-ewr-kewr1740075-EWR
2026-02-22T01:34:07.3649723Z < x-cache: HIT, HIT
2026-02-22T01:34:07.3651062Z < x-cache-hits: 90, 0
2026-02-22T01:34:07.3652240Z < content-length: 4052
2026-02-22T01:34:07.3653373Z < 
2026-02-22T01:34:07.3654302Z { [5 bytes data]
2026-02-22T01:34:07.3655564Z * Connection #0 to host releases.nixos.org left intact
2026-02-22T01:34:07.3718001Z downloading Nix 2.19.2 binary tarball for x86_64-linux from 'https://releases.nixos.org/nix/nix-2.19.2/nix-2.19.2-x86_64-linux.tar.xz' to '/tmp/nix-binary-tarball-unpack.0Rl2He0GTG'...
2026-02-22T01:34:07.3769075Z   % Total    % Received % Xferd  Average Speed   Time    Time     Time  Current
2026-02-22T01:34:07.3773997Z                                  Dload  Upload   Total   Spent    Left  Speed
2026-02-22T01:34:07.3775377Z 
2026-02-22T01:34:07.5737546Z   0     0    0     0    0     0      0      0 --:--:-- --:--:-- --:--:--     0
2026-02-22T01:34:07.5739135Z 100 20.6M  100 20.6M    0     0   104M      0 --:--:-- --:--:-- --:--:--  105M
2026-02-22T01:34:09.0728476Z Note: a multi-user installation is possible. See https://nixos.org/manual/nix/stable/installation/installing-binary.html#multi-user-installation
2026-02-22T01:34:09.0737517Z Warning: the flag --darwin-use-unencrypted-nix-store-volume
2026-02-22T01:34:09.0738361Z          is no longer needed and will be removed in the future.
2026-02-22T01:34:09.0738776Z 
2026-02-22T01:34:09.0749380Z [1;31mSwitching to the Multi-user Installer[0m
2026-02-22T01:34:09.0853186Z [32mWelcome to the Multi-User Nix Installation
2026-02-22T01:34:09.0863704Z [0m
2026-02-22T01:34:09.0864242Z This installation tool will set up your computer with the Nix package
2026-02-22T01:34:09.0864910Z manager. This will happen in a few stages:
2026-02-22T01:34:09.0865230Z 
2026-02-22T01:34:09.0865522Z 1. Make sure your computer doesn't already have Nix. If it does, I
2026-02-22T01:34:09.0866248Z    will show you instructions on how to clean up your old install.
2026-02-22T01:34:09.0866686Z 
2026-02-22T01:34:09.0866963Z 2. Show you what I am going to install and where. Then I will ask
2026-02-22T01:34:09.0867564Z    if you are ready to continue.
2026-02-22T01:34:09.0867915Z 
2026-02-22T01:34:09.0868911Z 3. Create the system users [34m(uids [30001..30008])[0m and groups [34m(gid 30000)[0m
2026-02-22T01:34:09.0869450Z    that the Nix daemon uses to run builds.
2026-02-22T01:34:09.0869657Z 
2026-02-22T01:34:09.0870121Z 4. Perform the basic installation of the Nix files daemon.
2026-02-22T01:34:09.0870395Z 
2026-02-22T01:34:09.0870595Z 5. Configure your shell to import special Nix Profile files, so you
2026-02-22T01:34:09.0870969Z    can use Nix.
2026-02-22T01:34:09.0871099Z 
2026-02-22T01:34:09.0871211Z 6. Start the Nix daemon.
2026-02-22T01:34:09.0871365Z 
2026-02-22T01:34:09.0871647Z [32m[4;32mWould you like to see a more detailed list of what I will do?
2026-02-22T01:34:09.0872094Z [0mNo TTY, assuming you would say yes :)
2026-02-22T01:34:09.0876764Z 
2026-02-22T01:34:09.0877289Z I will:
2026-02-22T01:34:09.0877517Z 
2026-02-22T01:34:09.0877782Z  - make sure your computer doesn't already have Nix files
2026-02-22T01:34:09.0878309Z    (if it does, I will tell you how to clean them up.)
2026-02-22T01:34:09.0878748Z  - create local users (see the list above for the users I'll make)
2026-02-22T01:34:09.0879133Z  - create a local group (nixbld)
2026-02-22T01:34:09.0879405Z  - install Nix in to /nix
2026-02-22T01:34:09.0879690Z  - create a configuration file in /etc/nix
2026-02-22T01:34:09.0880299Z  - set up the "default profile" by creating some Nix-related files in
2026-02-22T01:34:09.0880656Z    /root
2026-02-22T01:34:09.0892411Z  - back up /etc/bash.bashrc to /etc/bash.bashrc.backup-before-nix
2026-02-22T01:34:09.0893070Z  - update /etc/bash.bashrc to include some Nix configuration
2026-02-22T01:34:09.0904710Z  - load and start a service (at /etc/systemd/system/nix-daemon.service
2026-02-22T01:34:09.0905220Z    and /etc/systemd/system/nix-daemon.socket) for nix-daemon
2026-02-22T01:34:09.0905568Z 
2026-02-22T01:34:09.0907229Z [32m[4;32mReady to continue?
2026-02-22T01:34:09.0907762Z [0mNo TTY, assuming you would say yes :)
2026-02-22T01:34:09.0926508Z 
2026-02-22T01:34:09.0927126Z [34m---- let's talk about sudo -----------------------------------------------------
2026-02-22T01:34:09.0937588Z [0mThis script is going to call sudo a lot. Normally, it would show you
2026-02-22T01:34:09.0938161Z exactly what commands it is running and why. However, the script is
2026-02-22T01:34:09.0938783Z run in a headless fashion, like this:
2026-02-22T01:34:09.0939439Z 
2026-02-22T01:34:09.0939697Z   $ curl -L https://nixos.org/nix/install | sh
2026-02-22T01:34:09.0940230Z 
2026-02-22T01:34:09.0940520Z or maybe in a CI pipeline. Because of that, I'm going to skip the
2026-02-22T01:34:09.0941143Z verbose output in the interest of brevity.
2026-02-22T01:34:09.0941468Z 
2026-02-22T01:34:09.0941615Z If you would like to
2026-02-22T01:34:09.0941996Z see the output, try like this:
2026-02-22T01:34:09.0942169Z 
2026-02-22T01:34:09.0942354Z   $ curl -L -o install-nix https://nixos.org/nix/install
2026-02-22T01:34:09.0942722Z   $ sh ./install-nix
2026-02-22T01:34:09.0942865Z 
2026-02-22T01:34:09.0942905Z 
2026-02-22T01:34:09.0943165Z [32m~~> Checking for artifacts of previous installs
2026-02-22T01:34:09.0950874Z [0mBefore I try to install, I'll check for signs Nix already is or has
2026-02-22T01:34:09.0951505Z been installed on this system.
2026-02-22T01:34:09.0986334Z 
2026-02-22T01:34:09.0987143Z [34m---- Nix config report ---------------------------------------------------------
2026-02-22T01:34:09.0988036Z [0m[1m        Temp Dir[0m:	/tmp/tmp.8Frf33Qqha
2026-02-22T01:34:09.0988474Z [1m        Nix Root[0m:	/nix
2026-02-22T01:34:09.0988769Z [1m     Build Users[0m:	8
2026-02-22T01:34:09.0989072Z [1m  Build Group ID[0m:	30000
2026-02-22T01:34:09.0989386Z [1mBuild Group Name[0m:	nixbld
2026-02-22T01:34:09.0989563Z 
2026-02-22T01:34:09.0989702Z [4;34mbuild users:
2026-02-22T01:34:09.0990188Z [0m[1m    Username[0m:	UID
2026-02-22T01:34:09.1106170Z [1m     nixbld1[0m:	30001
2026-02-22T01:34:09.1116463Z [1m     nixbld2[0m:	30002
2026-02-22T01:34:09.1126741Z [1m     nixbld3[0m:	30003
2026-02-22T01:34:09.1137134Z [1m     nixbld4[0m:	30004
2026-02-22T01:34:09.1147134Z [1m     nixbld5[0m:	30005
2026-02-22T01:34:09.1157521Z [1m     nixbld6[0m:	30006
2026-02-22T01:34:09.1167667Z [1m     nixbld7[0m:	30007
2026-02-22T01:34:09.1177929Z [1m     nixbld8[0m:	30008
2026-02-22T01:34:09.1178191Z 
2026-02-22T01:34:09.1179193Z [32m[4;32mReady to continue?
2026-02-22T01:34:09.1179693Z [0mNo TTY, assuming you would say yes :)
2026-02-22T01:34:09.1180170Z 
2026-02-22T01:34:09.1180429Z [32m~~> Setting up the build group nixbld
2026-02-22T01:34:09.1413669Z [0m[1m            Created[0m:	Yes
2026-02-22T01:34:09.1438386Z 
2026-02-22T01:34:09.1439018Z [32m~~> Setting up the build user nixbld1
2026-02-22T01:34:09.1592612Z useradd warning: nixbld1's uid 30001 is greater than SYS_UID_MAX 999
2026-02-22T01:34:09.1680729Z [0m[1m           Created[0m:	Yes
2026-02-22T01:34:09.1686043Z [1m            Hidden[0m:	Yes
2026-02-22T01:34:09.1705240Z [1m    Home Directory[0m:	/var/empty
2026-02-22T01:34:09.1725858Z [1m              Note[0m:	Nix build user 1
2026-02-22T01:34:09.1745001Z [1m   Logins Disabled[0m:	Yes
2026-02-22T01:34:09.1770836Z [1m  Member of nixbld[0m:	Yes
2026-02-22T01:34:09.1790662Z [1m    PrimaryGroupID[0m:	30000
2026-02-22T01:34:09.1801620Z 
2026-02-22T01:34:09.1802243Z [32m~~> Setting up the build user nixbld2
2026-02-22T01:34:09.1932695Z useradd warning: nixbld2's uid 30002 is greater than SYS_UID_MAX 999
2026-02-22T01:34:09.2021225Z [0m[1m           Created[0m:	Yes
2026-02-22T01:34:09.2026632Z [1m            Hidden[0m:	Yes
2026-02-22T01:34:09.2046504Z [1m    Home Directory[0m:	/var/empty
2026-02-22T01:34:09.2066873Z [1m              Note[0m:	Nix build user 2
2026-02-22T01:34:09.2086969Z [1m   Logins Disabled[0m:	Yes
2026-02-22T01:34:09.2108100Z [1m  Member of nixbld[0m:	Yes
2026-02-22T01:34:09.2127175Z [1m    PrimaryGroupID[0m:	30000
2026-02-22T01:34:09.2138493Z 
2026-02-22T01:34:09.2138859Z [32m~~> Setting up the build user nixbld3
2026-02-22T01:34:09.2268552Z useradd warning: nixbld3's uid 30003 is greater than SYS_UID_MAX 999
2026-02-22T01:34:09.2350672Z [0m[1m           Created[0m:	Yes
2026-02-22T01:34:09.2356304Z [1m            Hidden[0m:	Yes
2026-02-22T01:34:09.2375631Z [1m    Home Directory[0m:	/var/empty
2026-02-22T01:34:09.2396399Z [1m              Note[0m:	Nix build user 3
2026-02-22T01:34:09.2416034Z [1m   Logins Disabled[0m:	Yes
2026-02-22T01:34:09.2436207Z [1m  Member of nixbld[0m:	Yes
2026-02-22T01:34:09.2455634Z [1m    PrimaryGroupID[0m:	30000
2026-02-22T01:34:09.2467202Z 
2026-02-22T01:34:09.2467473Z [32m~~> Setting up the build user nixbld4
2026-02-22T01:34:09.2598154Z useradd warning: nixbld4's uid 30004 is greater than SYS_UID_MAX 999
2026-02-22T01:34:09.2682871Z [0m[1m           Created[0m:	Yes
2026-02-22T01:34:09.2688520Z [1m            Hidden[0m:	Yes
2026-02-22T01:34:09.2708584Z [1m    Home Directory[0m:	/var/empty
2026-02-22T01:34:09.2729599Z [1m              Note[0m:	Nix build user 4
2026-02-22T01:34:09.2749165Z [1m   Logins Disabled[0m:	Yes
2026-02-22T01:34:09.2769373Z [1m  Member of nixbld[0m:	Yes
2026-02-22T01:34:09.2788917Z [1m    PrimaryGroupID[0m:	30000
2026-02-22T01:34:09.2800562Z 
2026-02-22T01:34:09.2800945Z [32m~~> Setting up the build user nixbld5
2026-02-22T01:34:09.2928536Z useradd warning: nixbld5's uid 30005 is greater than SYS_UID_MAX 999
2026-02-22T01:34:09.3011263Z [0m[1m           Created[0m:	Yes
2026-02-22T01:34:09.3016928Z [1m            Hidden[0m:	Yes
2026-02-22T01:34:09.3036460Z [1m    Home Directory[0m:	/var/empty
2026-02-22T01:34:09.3057205Z [1m              Note[0m:	Nix build user 5
2026-02-22T01:34:09.3076350Z [1m   Logins Disabled[0m:	Yes
2026-02-22T01:34:09.3096495Z [1m  Member of nixbld[0m:	Yes
2026-02-22T01:34:09.3115958Z [1m    PrimaryGroupID[0m:	30000
2026-02-22T01:34:09.3127871Z 
2026-02-22T01:34:09.3128197Z [32m~~> Setting up the build user nixbld6
2026-02-22T01:34:09.3254746Z useradd warning: nixbld6's uid 30006 is greater than SYS_UID_MAX 999
2026-02-22T01:34:09.3354625Z [0m[1m           Created[0m:	Yes
2026-02-22T01:34:09.3361163Z [1m            Hidden[0m:	Yes
2026-02-22T01:34:09.3394602Z [1m    Home Directory[0m:	/var/empty
2026-02-22T01:34:09.3415250Z [1m              Note[0m:	Nix build user 6
2026-02-22T01:34:09.3434409Z [1m   Logins Disabled[0m:	Yes
2026-02-22T01:34:09.3454750Z [1m  Member of nixbld[0m:	Yes
2026-02-22T01:34:09.3473809Z [1m    PrimaryGroupID[0m:	30000
2026-02-22T01:34:09.3485182Z 
2026-02-22T01:34:09.3485487Z [32m~~> Setting up the build user nixbld7
2026-02-22T01:34:09.3620844Z useradd warning: nixbld7's uid 30007 is greater than SYS_UID_MAX 999
2026-02-22T01:34:09.3702565Z [0m[1m           Created[0m:	Yes
2026-02-22T01:34:09.3708345Z [1m            Hidden[0m:	Yes
2026-02-22T01:34:09.3727805Z [1m    Home Directory[0m:	/var/empty
2026-02-22T01:34:09.3749587Z [1m              Note[0m:	Nix build user 7
2026-02-22T01:34:09.3773985Z [1m   Logins Disabled[0m:	Yes
2026-02-22T01:34:09.3799434Z [1m  Member of nixbld[0m:	Yes
2026-02-22T01:34:09.3822674Z [1m    PrimaryGroupID[0m:	30000
2026-02-22T01:34:09.3835703Z 
2026-02-22T01:34:09.3836097Z [32m~~> Setting up the build user nixbld8
2026-02-22T01:34:09.3966672Z useradd warning: nixbld8's uid 30008 is greater than SYS_UID_MAX 999
2026-02-22T01:34:09.4059499Z [0m[1m           Created[0m:	Yes
2026-02-22T01:34:09.4065880Z [1m            Hidden[0m:	Yes
2026-02-22T01:34:09.4088865Z [1m    Home Directory[0m:	/var/empty
2026-02-22T01:34:09.4112358Z [1m              Note[0m:	Nix build user 8
2026-02-22T01:34:09.4135350Z [1m   Logins Disabled[0m:	Yes
2026-02-22T01:34:09.4162371Z [1m  Member of nixbld[0m:	Yes
2026-02-22T01:34:09.4185528Z [1m    PrimaryGroupID[0m:	30000
2026-02-22T01:34:09.4185828Z 
2026-02-22T01:34:09.4187391Z [32m~~> Setting up the basic directory structure
2026-02-22T01:34:09.4405918Z [0minstall: creating directory '/nix'
2026-02-22T01:34:09.4406427Z install: creating directory '/nix/var'
2026-02-22T01:34:09.4406858Z install: creating directory '/nix/var/log'
2026-02-22T01:34:09.4407353Z install: creating directory '/nix/var/log/nix'
2026-02-22T01:34:09.4407849Z install: creating directory '/nix/var/log/nix/drvs'
2026-02-22T01:34:09.4408341Z install: creating directory '/nix/var/nix'
2026-02-22T01:34:09.4409241Z install: creating directory '/nix/var/nix/db'
2026-02-22T01:34:09.4410315Z install: creating directory '/nix/var/nix/gcroots'
2026-02-22T01:34:09.4410839Z install: creating directory '/nix/var/nix/profiles'
2026-02-22T01:34:09.4411376Z install: creating directory '/nix/var/nix/temproots'
2026-02-22T01:34:09.4411897Z install: creating directory '/nix/var/nix/userpool'
2026-02-22T01:34:09.4412437Z install: creating directory '/nix/var/nix/daemon-socket'
2026-02-22T01:34:09.4413039Z install: creating directory '/nix/var/nix/gcroots/per-user'
2026-02-22T01:34:09.4413653Z install: creating directory '/nix/var/nix/profiles/per-user'
2026-02-22T01:34:09.4486337Z install: creating directory '/nix/store'
2026-02-22T01:34:09.4566199Z install: creating directory '/etc/nix'
2026-02-22T01:34:09.4578177Z 
2026-02-22T01:34:09.4578514Z [32m~~> Installing Nix
2026-02-22T01:34:09.6477665Z [0m      Alright! We have our first nix at /nix/store/smfmnz0ylx80wkbqbjibj7zcw4q668xp-nix-2.19.2
2026-02-22T01:34:09.6881865Z       Just finished getting the nix database ready.
2026-02-22T01:34:09.6884996Z 
2026-02-22T01:34:09.6886263Z [32m~~> Setting up shell profiles: /etc/bashrc /etc/profile.d/nix.sh /etc/zshrc /etc/bash.bashrc /etc/zsh/zshrc
2026-02-22T01:34:09.7043164Z [0m
2026-02-22T01:34:09.7043375Z # Nix
2026-02-22T01:34:09.7043742Z if [ -e '/nix/var/nix/profiles/default/etc/profile.d/nix-daemon.sh' ]; then
2026-02-22T01:34:09.7044334Z   . '/nix/var/nix/profiles/default/etc/profile.d/nix-daemon.sh'
2026-02-22T01:34:09.7044815Z fi
2026-02-22T01:34:09.7045050Z # End Nix
2026-02-22T01:34:09.7045205Z 
2026-02-22T01:34:09.7210165Z 
2026-02-22T01:34:09.7210486Z # Nix
2026-02-22T01:34:09.7210918Z if [ -e '/nix/var/nix/profiles/default/etc/profile.d/nix-daemon.sh' ]; then
2026-02-22T01:34:09.7211665Z   . '/nix/var/nix/profiles/default/etc/profile.d/nix-daemon.sh'
2026-02-22T01:34:09.7212156Z fi
2026-02-22T01:34:09.7212381Z # End Nix
2026-02-22T01:34:09.7212536Z 
2026-02-22T01:34:09.7377753Z 
2026-02-22T01:34:09.7378091Z # Nix
2026-02-22T01:34:09.7378471Z if [ -e '/nix/var/nix/profiles/default/etc/profile.d/nix-daemon.sh' ]; then
2026-02-22T01:34:09.7379115Z   . '/nix/var/nix/profiles/default/etc/profile.d/nix-daemon.sh'
2026-02-22T01:34:09.7379605Z fi
2026-02-22T01:34:09.7380026Z # End Nix
2026-02-22T01:34:09.7380174Z 
2026-02-22T01:34:09.7535800Z 
2026-02-22T01:34:09.7536015Z # Nix
2026-02-22T01:34:09.7536414Z if [ -e '/nix/var/nix/profiles/default/etc/profile.d/nix-daemon.sh' ]; then
2026-02-22T01:34:09.7536882Z   . '/nix/var/nix/profiles/default/etc/profile.d/nix-daemon.sh'
2026-02-22T01:34:09.7537333Z fi
2026-02-22T01:34:09.7537563Z # End Nix
2026-02-22T01:34:09.7537719Z 
2026-02-22T01:34:09.7562347Z 
2026-02-22T01:34:09.7563471Z [32m~~> Setting up shell profiles for Fish with conf.d/nix.fish inside /etc/fish /usr/local/etc/fish /opt/homebrew/etc/fish /opt/local/etc/fish
2026-02-22T01:34:09.7635281Z [0m
2026-02-22T01:34:09.7635640Z [32m~~> Setting up the default profile
2026-02-22T01:34:09.7930851Z installing 'nix-2.19.2'
2026-02-22T01:34:09.8054155Z building '/nix/store/g8k2ay0cs99bzfzdrgl98j8rybjjki98-user-environment.drv'...
2026-02-22T01:34:09.8440902Z installing 'nss-cacert-3.92'
2026-02-22T01:34:09.8560508Z building '/nix/store/yyad8x4mww9vi0njnc0mw4ii4fcslyhc-user-environment.drv'...
2026-02-22T01:34:09.8759394Z [0m
2026-02-22T01:34:09.8760021Z [32m~~> Setting up the nix-daemon systemd service
2026-02-22T01:34:09.9040030Z Created symlink /etc/systemd/system/nix-daemon.service → /nix/var/nix/profiles/default/lib/systemd/system/nix-daemon.service.
2026-02-22T01:34:10.1787698Z Created symlink /etc/systemd/system/nix-daemon.socket → /nix/var/nix/profiles/default/lib/systemd/system/nix-daemon.socket.
2026-02-22T01:34:10.1792323Z Created symlink /etc/systemd/system/sockets.target.wants/nix-daemon.socket → /nix/var/nix/profiles/default/lib/systemd/system/nix-daemon.socket.
2026-02-22T01:34:10.7371188Z [0m[32mAlright! We're done!
2026-02-22T01:34:10.7402076Z [0mTry it! Open a new terminal, and type:
2026-02-22T01:34:10.7402923Z 
2026-02-22T01:34:10.7403303Z   $ nix-shell -p nix-info --run "nix-info -m"
2026-02-22T01:34:10.7403986Z 
2026-02-22T01:34:10.7404362Z Thank you for using this installer. If you have any feedback or need
2026-02-22T01:34:10.7404952Z help, don't hesitate:
2026-02-22T01:34:10.7405205Z 
2026-02-22T01:34:10.7405459Z You can open an issue at
2026-02-22T01:34:10.7406136Z https://github.com/NixOS/nix/issues/new?labels=installer&template=installer.md
2026-02-22T01:34:10.7407635Z 
2026-02-22T01:34:10.7407894Z Or get in touch with the community: https://nixos.org/community
2026-02-22T01:34:10.7415842Z 
2026-02-22T01:34:10.7417619Z [34m---- Reminders -----------------------------------------------------------------
2026-02-22T01:34:10.7418269Z [0m[34m[ 1 ][0m
2026-02-22T01:34:10.7418761Z Nix won't work in active shell sessions until you restart them.
2026-02-22T01:34:10.7419174Z 
2026-02-22T01:34:10.8124853Z ##[endgroup]
2026-02-22T01:34:10.8229071Z ##[group]Run cachix/cachix-action@v14
2026-02-22T01:34:10.8229318Z with:
2026-02-22T01:34:10.8229513Z   name: moergo-glove80-zmk-dev
2026-02-22T01:34:10.8229749Z   skipPush: true
2026-02-22T01:34:10.8230248Z   useDaemon: true
2026-02-22T01:34:10.8230428Z env:
2026-02-22T01:34:10.8230607Z   NIX_PATH: nixpkgs=channel:nixos-22.05
2026-02-22T01:34:10.8230874Z   TMPDIR: /home/runner/work/_temp
2026-02-22T01:34:10.8231097Z ##[endgroup]
2026-02-22T01:34:10.8676736Z ##[group]Cachix: installing
2026-02-22T01:34:10.8716693Z [command]/usr/bin/bash -c nix-env --quiet -j8 -iA cachix -f https://cachix.org/api/v1/install
2026-02-22T01:34:13.6070372Z ##[endgroup]
2026-02-22T01:34:13.6071959Z ##[group]Cachix: checking version
2026-02-22T01:34:13.6075298Z [command]/home/runner/.nix-profile/bin/cachix --version
2026-02-22T01:34:13.6489050Z cachix 1.10.1
2026-02-22T01:34:13.6534525Z ##[endgroup]
2026-02-22T01:34:13.6535130Z ##[group]Cachix: using cache moergo-glove80-zmk-dev
2026-02-22T01:34:13.6536356Z [command]/home/runner/.nix-profile/bin/cachix use moergo-glove80-zmk-dev
2026-02-22T01:34:13.8317131Z No config at /home/runner/.config/nix/nix.conf:
2026-02-22T01:34:13.8317525Z 
2026-02-22T01:34:13.8317874Z /home/runner/.config/nix/nix.conf: openFile: does not exist (No such file or directory)
2026-02-22T01:34:13.8318384Z 
2026-02-22T01:34:13.8319748Z Configured https://moergo-glove80-zmk-dev.cachix.org binary cache in /home/runner/.config/nix/nix.conf
2026-02-22T01:34:13.8405215Z ##[endgroup]
2026-02-22T01:34:13.8751304Z ##[warning]No push credentials found. Ignoring the 'useDaemon' option.
2026-02-22T01:34:13.8760236Z [command]/usr/bin/sh -c /home/runner/work/_actions/cachix/cachix-action/v14/dist/main/list-nix-store.sh > /tmp/store-path-pre-build
2026-02-22T01:34:13.8877111Z ##[group]Run nix-build build/go60.nix --arg firmware 'import ./src {}' -o result-go60
2026-02-22T01:34:13.8877685Z [36;1mnix-build build/go60.nix --arg firmware 'import ./src {}' -o result-go60[0m
2026-02-22T01:34:13.8914584Z shell: /usr/bin/bash -e {0}
2026-02-22T01:34:13.8914820Z env:
2026-02-22T01:34:13.8915012Z   NIX_PATH: nixpkgs=channel:nixos-22.05
2026-02-22T01:34:13.8915287Z   TMPDIR: /home/runner/work/_temp
2026-02-22T01:34:13.8915525Z ##[endgroup]
2026-02-22T01:34:32.2670635Z these 5 derivations will be built:
2026-02-22T01:34:32.2675631Z   /nix/store/ryf981zc9kshrrgm5c5dphnw879gn09m-builder.pl.drv
2026-02-22T01:34:32.2676302Z   /nix/store/14s41r3aqgw7vrl845jxarjcx3ivgvc4-python3-3.12.7-env.drv
2026-02-22T01:34:32.2676958Z   /nix/store/ljzp1idb22d8yva0d1fbhdck7km63jj4-zmk_go60_rh.drv
2026-02-22T01:34:32.2677588Z   /nix/store/qm656kv0ws1msx6gax8kd01fcn2r7hk2-zmk_go60_lh.drv
2026-02-22T01:34:32.2678403Z   /nix/store/x2kgc134p711hpjszawyx04zvnb90db9-combined_zmk_go60_lh_zmk_go60_rh.drv
2026-02-22T01:34:32.2679216Z these 156 paths will be fetched (458.96 MiB download, 2284.78 MiB unpacked):
2026-02-22T01:34:32.2680011Z   /nix/store/nrl5m466dwdscvavf1nqzdnqhszjyy9n-acl-2.3.2
2026-02-22T01:34:32.2680600Z   /nix/store/nmq6s9l9zlym3qjx76zzrqbp05a63y90-attr-2.5.2
2026-02-22T01:34:32.2681181Z   /nix/store/p6k7xp1lsfmbdd731mlglrdj2d66mr82-bash-5.2p37
2026-02-22T01:34:32.2681767Z   /nix/store/bwkb907myixfzzykp21m9iczkhrq5pfy-binutils-2.43.1
2026-02-22T01:34:32.2682760Z   /nix/store/2qssg7pjgadwmqns6jm3qlr5bbdl4dcr-binutils-2.43.1-lib
2026-02-22T01:34:32.2683461Z   /nix/store/x9as7x6f7cdgcskvvn3yp02m662krr7y-binutils-wrapper-2.43.1
2026-02-22T01:34:32.2684123Z   /nix/store/2vgwd43vqxm66grkgsy7z1d87z31nzph-brotli-1.1.0-lib
2026-02-22T01:34:32.2684713Z   /nix/store/hl3iw85v12gh9mwgvr9yfgjgy0rk81hb-bzip2-1.0.8
2026-02-22T01:34:32.2685295Z   /nix/store/vqjygx23hkim1kpidik5xcs9whayf3sr-bzip2-1.0.8-bin
2026-02-22T01:34:32.2685927Z   /nix/store/9l20xx4bw18qgkicjcrsfx7vfykp9m8h-cairo-1.18.2
2026-02-22T01:34:32.2686592Z   /nix/store/3581iwklzqcg4iyhlyqqrj7yvvm0pykl-cirque-input-module
2026-02-22T01:34:32.2687258Z   /nix/store/4k2h9qsps52n1v56zq03yi67dwmxa81i-cmake-3.30.5
2026-02-22T01:34:32.2687836Z   /nix/store/azxckjbc4f70yliac1x35z5awbzf9jzj-cmsis
2026-02-22T01:34:32.2688388Z   /nix/store/b1wvkjx96i3s7wblz38ya0zr8i93zbc5-coreutils-9.5
2026-02-22T01:34:32.2688951Z   /nix/store/ps0zg8jx995br0s7k353qhal1ma3nnbd-curl-8.11.0
2026-02-22T01:34:32.2689503Z   /nix/store/zr9c15gg53zsbyc54fsrlwh3r8kmhfyy-dav1d-1.5.0
2026-02-22T01:34:32.2690256Z   /nix/store/n19lfs7ix2g9kdh6cf2pfaylbcwjay71-dav1d-1.5.0-dev
2026-02-22T01:34:32.2690947Z   /nix/store/hbrcibdl494a5w3dypy7095dckalzlqa-dejavu-fonts-minimal-2.37
2026-02-22T01:34:32.2691600Z   /nix/store/85sj9hb9phy4fh3q4fmc1vm9vz27z1lg-die-hook
2026-02-22T01:34:32.2692160Z   /nix/store/cxwsmlr3xh1ml4r0kgdjrknw7504b9f8-diffutils-3.10
2026-02-22T01:34:32.2692811Z   /nix/store/2nvmq98zj69i1af1ksh6m08hvfdkjv1z-dtc-1.7.2
2026-02-22T01:34:32.2693370Z   /nix/store/k5x874vwcaxlan1cw248lwqr4l4v7hyk-ed-1.20.2
2026-02-22T01:34:32.2694017Z   /nix/store/ka4sync4bccr9mz2ys0dbqjn24hp8v57-expand-response-params
2026-02-22T01:34:32.2694725Z   /nix/store/8sgvk9wjq9vfz5irkl4436yhpfr10njq-expat-2.6.4
2026-02-22T01:34:32.2695876Z   /nix/store/g4lksqp6l8qiab4a0as21s6556xh4gyp-file-5.45
2026-02-22T01:34:32.2696485Z   /nix/store/w8pnfazxqwmrqmwkb5zrz1bifsd8abxl-findutils-4.10.0
2026-02-22T01:34:32.2697146Z   /nix/store/ziqnk17xikg73dfrwnyi2jd593xlxza9-fontconfig-2.15.0
2026-02-22T01:34:32.2697854Z   /nix/store/jfyibphs7pv1izw879lrmr0pp1x3llb8-fontconfig-2.15.0-lib
2026-02-22T01:34:32.2698623Z   /nix/store/waj425c88y21wccgk9zpyi3q48xq0sgk-freetype-2.13.3
2026-02-22T01:34:32.2699243Z   /nix/store/37azjaxs8cwqbmb0fywl8fa6n2x8bgwq-fribidi-1.0.16
2026-02-22T01:34:32.2700757Z   /nix/store/nnin69nrnrrmnv2scbwyfkgh1rf51gh1-gawk-5.3.1
2026-02-22T01:34:32.2701452Z   /nix/store/4krab2h0hd4wvxxmscxrw21pl77j4i7j-gcc-13.3.0
2026-02-22T01:34:32.2702340Z   /nix/store/ybjcla5bhj8g1y84998pn4a2drfxybkv-gcc-13.3.0-lib
2026-02-22T01:34:32.2702956Z   /nix/store/j8rzqx7farv0w3isp9z943zy437zk02f-gcc-13.3.0-libgcc
2026-02-22T01:34:32.2703677Z   /nix/store/mczmw3rln2jm6nm080dapyjpj3833rg9-gcc-arm-embedded-12.3.rel1
2026-02-22T01:34:32.2704410Z   /nix/store/4apajimszc47rxwcpvc3g3rj2icinl71-gcc-wrapper-13.3.0
2026-02-22T01:34:32.2705040Z   /nix/store/ascb2b0zncwlavz03zcj358p1i79hp64-gd-2.3.3
2026-02-22T01:34:32.2705653Z   /nix/store/hq7m89gp4kafmj8rr0f5sy2qyl7jq479-gdbm-1.24-lib
2026-02-22T01:34:32.2706291Z   /nix/store/alnzmaf07kv3dl4017vrzqngay5rx904-gdk-pixbuf-2.42.12
2026-02-22T01:34:32.2706935Z   /nix/store/brj8bvvn63gbdrslwsj7gpj0gqaxlprn-giflib-5.2.2
2026-02-22T01:34:32.2707515Z   /nix/store/26hcp8h792wl0h52c5r94qakhvk6q717-glib-2.82.1
2026-02-22T01:34:32.2708082Z   /nix/store/wn7v2vhyyyi6clcyn0s9ixvl7d4d87ic-glibc-2.40-36
2026-02-22T01:34:32.2708684Z   /nix/store/zw5haplzbwjgbp3yykhm6iprkpfppzxb-glibc-2.40-36-bin
2026-02-22T01:34:32.2709340Z   /nix/store/lw21wr626v5sdcaxxkv2k4zf1121hfc9-glibc-2.40-36-dev
2026-02-22T01:34:32.2710144Z   /nix/store/y11zr71f9i1zy1vrdy3kjx8j6slsb3l3-gmp-6.3.0
2026-02-22T01:34:32.2710732Z   /nix/store/nxg637az00fnm705pinlrpjac9b4hgsc-gmp-with-cxx-6.3.0
2026-02-22T01:34:32.2711441Z   /nix/store/rlnih3wlxxwqn4xdahjgfjydvv78kvki-gnu-config-2024-01-01
2026-02-22T01:34:32.2712093Z   /nix/store/85amyk92rg19l4fy0qmy7wr4jmq8p5z0-gnugrep-3.11
2026-02-22T01:34:32.2712690Z   /nix/store/9y5kd90fdbrq3r4yc9mpqn82f93zdgyq-gnumake-4.4.1
2026-02-22T01:34:32.2713563Z   /nix/store/vmby25zqxnx94awvj0k7zn0rsd0zyrwg-gnused-4.9
2026-02-22T01:34:32.2714163Z   /nix/store/zhaypw0znkjnymg0rk1599zn21rr0l50-gnutar-1.35
2026-02-22T01:34:32.2714846Z   /nix/store/23y66ax8z30m8xl4brrz792xlsrm0syr-graphite2-1.3.14
2026-02-22T01:34:32.2715473Z   /nix/store/lvx8m4mh18aiqlqp5hdjpg3b34a07p35-graphviz-12.2.0
2026-02-22T01:34:32.2715898Z   /nix/store/avwmwsn9v4an5v2a4k1gzbqk917avjn1-gts-0.7.6
2026-02-22T01:34:32.2716371Z   /nix/store/a7pimibppfw2m3ryijnwwzx76i780bw2-gzip-1.13
2026-02-22T01:34:32.2716943Z   /nix/store/a473gcmd84qs4vpapa70nwamlpkryc7b-hal_nordic
2026-02-22T01:34:32.2717529Z   /nix/store/yxgc37sx1a0fswq3hvvld54491ryx6sf-harfbuzz-10.0.1
2026-02-22T01:34:32.2718130Z   /nix/store/xxfkk4gqnaimiwzi6mmsmcs9bl2r8y7f-isl-0.20
2026-02-22T01:34:32.2718740Z   /nix/store/ys6f20b4chzkmfh9ak0hjdp60l0g5abb-keyutils-1.6.3-lib
2026-02-22T01:34:32.2719341Z   /nix/store/g9hgzjcj9g7hw3c2pzgz271b1g1jgc4w-krb5-1.21.3-lib
2026-02-22T01:34:32.2720055Z   /nix/store/1dmri839kv55917flq6pyvr6xf17cb29-lerc-4.0.0
2026-02-22T01:34:32.2720622Z   /nix/store/ikjw6a952jd9wn5k06mkj710xzabssr0-libX11-1.8.10
2026-02-22T01:34:32.2721253Z   /nix/store/ighb6h0x1nv14ap2fj0j3bqdn0x3xra4-libXau-1.0.11
2026-02-22T01:34:32.2721874Z   /nix/store/8jqc1bpk99jgib12wgpdjmnbndrmg7vz-libXdmcp-1.1.5
2026-02-22T01:34:32.2722468Z   /nix/store/d5y0sl4vwsb9m99r18zh1mx4fw9y70g6-libXext-1.3.6
2026-02-22T01:34:32.2723040Z   /nix/store/a98zld1as826z4s0b71xs64k02arj4zj-libXft-2.3.8
2026-02-22T01:34:32.2723604Z   /nix/store/ln8sk1vlpzmm346lx30ifihqdw0fw4g9-libXpm-3.5.17
2026-02-22T01:34:32.2724250Z   /nix/store/7ygszkkili3kfqh789ivdgrhyrjshm5n-libXrender-0.9.11
2026-02-22T01:34:32.2724907Z   /nix/store/kabp82iq5p0l8zidw9ch1mrpq431g6jd-libaom-3.10.0
2026-02-22T01:34:32.2725534Z   /nix/store/v567mv8b0bg0ph7xn61g33qqm484xxj0-libaom-3.10.0-bin
2026-02-22T01:34:32.2725942Z   /nix/store/1asppgbns142f1sqyr6sz843h0689a1k-libaom-3.10.0-dev
2026-02-22T01:34:32.2726349Z   /nix/store/n0gxk0ys2zgqqz6zcsq8qlv6nv5k6fpj-libarchive-3.7.7-lib
2026-02-22T01:34:32.2726776Z   /nix/store/96wajifckqya26aazk4lrig5m5npw5l2-libavif-1.1.1
2026-02-22T01:34:32.2727196Z   /nix/store/rk2r5yq7al5jddg6jriwv1lg5j1dw0ih-libdatrie-2019-12-20-lib
2026-02-22T01:34:32.2727797Z   /nix/store/v6m37463j6bs788wbid8yvfhp1773cax-libdeflate-1.22
2026-02-22T01:34:32.2728380Z   /nix/store/lw7psn749bfn2nrn943jdh68hh2im8yl-libffi-3.4.6
2026-02-22T01:34:32.2728984Z   /nix/store/qwjjm4j652ck9izaid7bz63s4hd5bnha-libidn2-2.3.7
2026-02-22T01:34:32.2729649Z   /nix/store/g8m63j9rzhqf0i9v4pzbdyrnzshr5mkx-libjpeg-turbo-3.0.4
2026-02-22T01:34:32.2730629Z   /nix/store/0qqs7bkfk21h8vh7m3x84hphciqv75lm-libmpc-1.3.1
2026-02-22T01:34:32.2731274Z   /nix/store/kvzfyxs3v0nb2lvfx28c5hj0vz7j9737-libpng-apng-1.6.43
2026-02-22T01:34:32.2731943Z   /nix/store/rp6b82pm6b7x03ngbzffsl3vj8pvay5v-libselinux-3.7
2026-02-22T01:34:32.2732545Z   /nix/store/1n0b29iid3y0w9i91v9zqdiwnx3inak0-libssh2-1.11.1
2026-02-22T01:34:32.2733140Z   /nix/store/h11ip75g5azb1d9f9jr8c6pwjhpcx20n-libthai-0.1.29
2026-02-22T01:34:32.2733781Z   /nix/store/mgw74i0szz30zbmvgasvyws1y8mvkb86-libtiff-4.7.0
2026-02-22T01:34:32.2734405Z   /nix/store/ggpir31aij6dj2fsas74jyz8z33dxwnc-libtool-2.4.7-lib
2026-02-22T01:34:32.2735071Z   /nix/store/6pqgj71r0850b0cd95yxx0d52zax016i-libunistring-1.2
2026-02-22T01:34:32.2735686Z   /nix/store/scb132gc1zzd904zibk2mz0q5q42z0ym-libuv-1.48.0
2026-02-22T01:34:32.2736262Z   /nix/store/llj89sgbf5512bnhx76khs7aq2pkhqjv-libvmaf-3.0.0
2026-02-22T01:34:32.2736871Z   /nix/store/dbkf2m0b3a2n9drrbz6ra4ljfx45d4aa-libvmaf-3.0.0-dev
2026-02-22T01:34:32.2737474Z   /nix/store/xk1z1b27hck084x12pn24rk526arwwlz-libwebp-1.4.0
2026-02-22T01:34:32.2738117Z   /nix/store/zgcaxpjipkvdz3185gfb8ba63xw1sv4n-libwebp-1.4.0
2026-02-22T01:34:32.2738702Z   /nix/store/w63ks7mg1dsgm2gg302ss70wpq7g0l4d-libxcb-1.17.0
2026-02-22T01:34:32.2739314Z   /nix/store/5j9m3z3c6hygjx34xr1bzrkk8srvcs8a-libxcrypt-4.4.36
2026-02-22T01:34:32.2740114Z   /nix/store/sbc37bmgpzr7wvlbm9lgf4y6q6dyz40q-libxcrypt-4.4.36
2026-02-22T01:34:32.2740930Z   /nix/store/shg1vgcjxghqxhl0sifwgr0g2zg6bbv7-libxml2-2.13.4
2026-02-22T01:34:32.2741538Z   /nix/store/s5y8cgwj9saik6hpxq6hvry31hggnxij-libyaml-0.2.5
2026-02-22T01:34:32.2742152Z   /nix/store/43nf72jxw9m9mazn5qs7pdj52a7gmcr5-libyuv-1787
2026-02-22T01:34:32.2742768Z   /nix/store/dvsai0ym9czjl5mcsarcdwccb70615n4-linux-headers-6.10
2026-02-22T01:34:32.2743349Z   /nix/store/wwmn97j9jv083973a7md52v4wkxr6lvd-lvgl
2026-02-22T01:34:32.2743907Z   /nix/store/77yxcw58nmqx2c67a7srpfxxp40j5rbl-mailcap-2.1.54
2026-02-22T01:34:32.2744594Z   /nix/store/gqjd4bvd683s55r0jcgc9q67rvjnmfc6-make-binary-wrapper-hook
2026-02-22T01:34:32.2745275Z   /nix/store/aqga8f06jxy5a6ci4na35v7n09j8i74f-mpdecimal-4.0.0
2026-02-22T01:34:32.2745867Z   /nix/store/wfxkyxmg47bhj098im5rp60hmkagn96x-mpfr-4.2.1
2026-02-22T01:34:32.2746461Z   /nix/store/zi4768cbcny3vx6f8k2yqy3zp90jalhz-ncompress-5.0
2026-02-22T01:34:32.2747084Z   /nix/store/1p1j0iv3c909kcs4d5300kcsnlwmbwyj-ncurses-6.4.20221231
2026-02-22T01:34:32.2747874Z   /nix/store/vj1wkvkfgcgxr93b5p6kwjbqgrjnv7d9-ncurses-abi5-compat-6.4.20221231
2026-02-22T01:34:32.2748672Z   /nix/store/aygalfgrn7pvxcqc45jw53b9gc29hwzs-nghttp2-1.64.0-lib
2026-02-22T01:34:32.2749317Z   /nix/store/s2lws03pga0vyq84kfa6h041n8csbg4p-ninja-1.12.1
2026-02-22T01:34:32.2750092Z   /nix/store/k1dsk0zyq43pvi7f76is2rx6l4aphm5z-openssl-3.3.2
2026-02-22T01:34:32.2750737Z   /nix/store/vy93rplabj9l70a098rvp52ni9bg476v-pango-1.54.0
2026-02-22T01:34:32.2751317Z   /nix/store/mdmansf6zkzsnrcf4h3yav5kz93rh03y-patch-2.7.6
2026-02-22T01:34:32.2751873Z   /nix/store/9q63d382x7k2h6cc2pfsb39ar3n6f9wg-patchelf-0.15.0
2026-02-22T01:34:32.2752493Z   /nix/store/gkj66hn5cyi3d761nmcdpj35ngv7h8ph-pcre2-10.44
2026-02-22T01:34:32.2753074Z   /nix/store/6fklzkr5x213h868q31isgy82wpmb1yb-perl-5.40.0
2026-02-22T01:34:32.2753656Z   /nix/store/kxawdq25ad6x9cb63yvslaprm4ihx5hr-picolibc
2026-02-22T01:34:32.2754113Z   /nix/store/f86x63y57hwyx9nl4l098fpl93y3xrya-pixman-0.43.4
2026-02-22T01:34:32.2754485Z   /nix/store/zv1kaq7f1q20x62kbjv6pfjygw5jmwl6-python3-3.12.7
2026-02-22T01:34:32.2754849Z   /nix/store/qb69wvblgz1x2hkfxf7lwl9lg9xk4zpj-python3-3.9.20
2026-02-22T01:34:32.2755502Z   /nix/store/09wri7s7nlgp1fs4q4ysx96scbbmr74v-python3.12-anytree-2.12.1
2026-02-22T01:34:32.2756233Z   /nix/store/qpb0z965ffwmny4p2m2jbbaqifkkb5y9-python3.12-docopt-0.6.2
2026-02-22T01:34:32.2757002Z   /nix/store/wg6fhwksxkxn24rnynizrr6f4rvd9dkf-python3.12-intelhex-2.3.0
2026-02-22T01:34:32.2757772Z   /nix/store/l67gyhnl63la5pxmq4kbhl0g6xrfsdff-python3.12-msgpack-1.1.0
2026-02-22T01:34:32.2758786Z   /nix/store/qnfndbdg0k5s7zb47l5q9h7cszi56gpf-python3.12-packaging-24.1
2026-02-22T01:34:32.2760029Z   /nix/store/rs8cgrcn6pkdxs2ksnhs1a0x0pvx5sac-python3.12-progress-1.6
2026-02-22T01:34:32.2760828Z   /nix/store/qmm23pygh0kisvsm9wrfxw2s5km97670-python3.12-pyelftools-0.31
2026-02-22T01:34:32.2761602Z   /nix/store/k1hzsby2pa29jwbbdgg3y4wj0rxn8dnn-python3.12-pykwalify-1.8.0
2026-02-22T01:34:32.2762380Z   /nix/store/7p4gqrzavx0lpks2l0j9945zkzv77ds0-python3.12-python-can-4.5.0
2026-02-22T01:34:32.2763257Z   /nix/store/iz14w235v0nmwc3vnzrlbrkfpaj1qqka-python3.12-python-dateutil-2.9.0.post0
2026-02-22T01:34:32.2764142Z   /nix/store/j7q50pmxnawpif7kfimy51mjhjdjldns-python3.12-pyyaml-6.0.2
2026-02-22T01:34:32.2764971Z   /nix/store/2k9j8zwlhd8vdpn0c4j5zgwkqr6digpx-python3.12-ruamel-base-1.0.0
2026-02-22T01:34:32.2765830Z   /nix/store/7cvm89dzrkw7i4pdidyd8mvny73k07nb-python3.12-ruamel-yaml-0.18.6
2026-02-22T01:34:32.2766655Z   /nix/store/3rghmwyhhwjaj3jmpc3drb8pzz9h14hj-python3.12-ruamel-yaml-clib-0.2.7
2026-02-22T01:34:32.2767462Z   /nix/store/4743pgjalihwh1vb7jsy17ynw3s0xj04-python3.12-six-1.16.0
2026-02-22T01:34:32.2768284Z   /nix/store/n2pgidpi7vpq2hbpylfpa4ck7avniipp-python3.12-typing-extensions-4.12.2
2026-02-22T01:34:32.2769178Z   /nix/store/2j2fcjlxczkx0yyjn3rqi1h9sd42r97v-python3.12-wrapt-1.16.0
2026-02-22T01:34:32.2770121Z   /nix/store/n0q4xhb9z19f0rfd1i8frw7a3ip3rgar-readline-8.2p13
2026-02-22T01:34:32.2770708Z   /nix/store/gpbi7j64vk1my8gpqgylwf9iljqb09is-rhash-1.4.4
2026-02-22T01:34:32.2771409Z   /nix/store/wkad860jvdc881ngy6r0fbjg6s5i8alh-segger
2026-02-22T01:34:32.2772145Z   /nix/store/bbd59cqw259149r2ddk4w1q0lr2fch8c-sqlite-3.46.1
2026-02-22T01:34:32.2772753Z   /nix/store/spb2bpcnw0gbbr4x94cq8xs9n72hipwj-stdenv-linux
2026-02-22T01:34:32.2773323Z   /nix/store/n4xjlyn5hk979p2ywqpajw7dq5y94q1g-tinycrypt
2026-02-22T01:34:32.2773868Z   /nix/store/dfsiy184c8z6gf5x6cqfyahxv9g16828-tzdata-2024b
2026-02-22T01:34:32.2774692Z   /nix/store/ljlah5wqcbix5wg8rvm3g8rc7k9zn1qg-update-autotools-gnu-config-scripts-hook
2026-02-22T01:34:32.2775641Z   /nix/store/gm5g3xyn8iwxkag8gs6rf3ci64bqld80-util-linux-minimal-2.39.4-lib
2026-02-22T01:34:32.2776390Z   /nix/store/2d5spnl8j5r4n1s4bj1zmra7mwx0f1n8-xgcc-13.3.0-libgcc
2026-02-22T01:34:32.2776988Z   /nix/store/bdpc1864983kf51r3cznbrvnlkv4d9ff-xz-5.6.3
2026-02-22T01:34:32.2777534Z   /nix/store/5180mi672sl6ikiwyhvgnxasz6iqxws0-xz-5.6.3-bin
2026-02-22T01:34:32.2778091Z   /nix/store/pz26iwsn417j90xs7y7cwbsjnk7b1riv-zephyr
2026-02-22T01:34:32.2778625Z   /nix/store/bzk3q2l71qwhycsip23y6rl5n881la4n-zlib-1.3.1
2026-02-22T01:34:32.2779257Z   /nix/store/pq757h971kd946xqi9ckk2ylsj25i610-zmk-module-cmsis
2026-02-22T01:34:32.2780125Z   /nix/store/wggfl9p3y2ahy21hb1gpfgr3fxsbv8ss-zmk-module-hal_nordic
2026-02-22T01:34:32.2780800Z   /nix/store/44v1jwji8rksbmvsjwkd4igbb1vhxbl5-zmk-module-lvgl
2026-02-22T01:34:32.2781503Z   /nix/store/4bn1207zpfrcdmf1ldh86ziaav3kwwbb-zmk-module-picolibc
2026-02-22T01:34:32.2782191Z   /nix/store/w90l0zpl7slydmc947qscinn0d6rgq5c-zmk-module-segger
2026-02-22T01:34:32.2782898Z   /nix/store/grk5a1pd1mbzl3lgzf2amf7c0nbb0rvs-zmk-module-tinycrypt
2026-02-22T01:34:32.2783543Z   /nix/store/8pys6a47askf0g75a1k73p3rx2wim7m6-zstd-1.5.6
2026-02-22T01:34:32.2836686Z copying path '/nix/store/rlnih3wlxxwqn4xdahjgfjydvv78kvki-gnu-config-2024-01-01' from 'https://cache.nixos.org'...
2026-02-22T01:34:32.2840317Z copying path '/nix/store/2d5spnl8j5r4n1s4bj1zmra7mwx0f1n8-xgcc-13.3.0-libgcc' from 'https://cache.nixos.org'...
2026-02-22T01:34:32.2877446Z copying path '/nix/store/3581iwklzqcg4iyhlyqqrj7yvvm0pykl-cirque-input-module' from 'https://moergo-glove80-zmk-dev.cachix.org'...
2026-02-22T01:34:32.2882610Z copying path '/nix/store/j8rzqx7farv0w3isp9z943zy437zk02f-gcc-13.3.0-libgcc' from 'https://cache.nixos.org'...
2026-02-22T01:34:32.2888051Z copying path '/nix/store/6pqgj71r0850b0cd95yxx0d52zax016i-libunistring-1.2' from 'https://cache.nixos.org'...
2026-02-22T01:34:32.2919511Z copying path '/nix/store/azxckjbc4f70yliac1x35z5awbzf9jzj-cmsis' from 'https://moergo-glove80-zmk-dev.cachix.org'...
2026-02-22T01:34:32.2928146Z copying path '/nix/store/a473gcmd84qs4vpapa70nwamlpkryc7b-hal_nordic' from 'https://moergo-glove80-zmk-dev.cachix.org'...
2026-02-22T01:34:32.2936418Z copying path '/nix/store/wwmn97j9jv083973a7md52v4wkxr6lvd-lvgl' from 'https://moergo-glove80-zmk-dev.cachix.org'...
2026-02-22T01:34:32.2943161Z copying path '/nix/store/kxawdq25ad6x9cb63yvslaprm4ihx5hr-picolibc' from 'https://moergo-glove80-zmk-dev.cachix.org'...
2026-02-22T01:34:32.2945822Z copying path '/nix/store/wkad860jvdc881ngy6r0fbjg6s5i8alh-segger' from 'https://moergo-glove80-zmk-dev.cachix.org'...
2026-02-22T01:34:32.2950638Z copying path '/nix/store/n4xjlyn5hk979p2ywqpajw7dq5y94q1g-tinycrypt' from 'https://moergo-glove80-zmk-dev.cachix.org'...
2026-02-22T01:34:32.2958818Z copying path '/nix/store/85sj9hb9phy4fh3q4fmc1vm9vz27z1lg-die-hook' from 'https://cache.nixos.org'...
2026-02-22T01:34:32.2976687Z copying path '/nix/store/dvsai0ym9czjl5mcsarcdwccb70615n4-linux-headers-6.10' from 'https://cache.nixos.org'...
2026-02-22T01:34:32.2983184Z copying path '/nix/store/77yxcw58nmqx2c67a7srpfxxp40j5rbl-mailcap-2.1.54' from 'https://cache.nixos.org'...
2026-02-22T01:34:32.2983977Z copying path '/nix/store/dfsiy184c8z6gf5x6cqfyahxv9g16828-tzdata-2024b' from 'https://cache.nixos.org'...
2026-02-22T01:34:32.3065234Z copying path '/nix/store/hbrcibdl494a5w3dypy7095dckalzlqa-dejavu-fonts-minimal-2.37' from 'https://cache.nixos.org'...
2026-02-22T01:34:32.3086112Z copying path '/nix/store/ljlah5wqcbix5wg8rvm3g8rc7k9zn1qg-update-autotools-gnu-config-scripts-hook' from 'https://cache.nixos.org'...
2026-02-22T01:34:32.3730702Z copying path '/nix/store/w90l0zpl7slydmc947qscinn0d6rgq5c-zmk-module-segger' from 'https://moergo-glove80-zmk-dev.cachix.org'...
2026-02-22T01:34:32.3757943Z copying path '/nix/store/grk5a1pd1mbzl3lgzf2amf7c0nbb0rvs-zmk-module-tinycrypt' from 'https://moergo-glove80-zmk-dev.cachix.org'...
2026-02-22T01:34:32.3882374Z copying path '/nix/store/pq757h971kd946xqi9ckk2ylsj25i610-zmk-module-cmsis' from 'https://moergo-glove80-zmk-dev.cachix.org'...
2026-02-22T01:34:32.3925220Z copying path '/nix/store/ziqnk17xikg73dfrwnyi2jd593xlxza9-fontconfig-2.15.0' from 'https://cache.nixos.org'...
2026-02-22T01:34:32.4609475Z copying path '/nix/store/qwjjm4j652ck9izaid7bz63s4hd5bnha-libidn2-2.3.7' from 'https://cache.nixos.org'...
2026-02-22T01:34:32.7949814Z copying path '/nix/store/wn7v2vhyyyi6clcyn0s9ixvl7d4d87ic-glibc-2.40-36' from 'https://cache.nixos.org'...
2026-02-22T01:34:32.8147134Z copying path '/nix/store/4bn1207zpfrcdmf1ldh86ziaav3kwwbb-zmk-module-picolibc' from 'https://moergo-glove80-zmk-dev.cachix.org'...
2026-02-22T01:34:33.7957639Z copying path '/nix/store/wggfl9p3y2ahy21hb1gpfgr3fxsbv8ss-zmk-module-hal_nordic' from 'https://moergo-glove80-zmk-dev.cachix.org'...
2026-02-22T01:34:33.8415855Z copying path '/nix/store/44v1jwji8rksbmvsjwkd4igbb1vhxbl5-zmk-module-lvgl' from 'https://moergo-glove80-zmk-dev.cachix.org'...
2026-02-22T01:34:33.8689821Z copying path '/nix/store/nmq6s9l9zlym3qjx76zzrqbp05a63y90-attr-2.5.2' from 'https://cache.nixos.org'...
2026-02-22T01:34:33.8691384Z copying path '/nix/store/p6k7xp1lsfmbdd731mlglrdj2d66mr82-bash-5.2p37' from 'https://cache.nixos.org'...
2026-02-22T01:34:33.8693352Z copying path '/nix/store/hl3iw85v12gh9mwgvr9yfgjgy0rk81hb-bzip2-1.0.8' from 'https://cache.nixos.org'...
2026-02-22T01:34:33.8695424Z copying path '/nix/store/zr9c15gg53zsbyc54fsrlwh3r8kmhfyy-dav1d-1.5.0' from 'https://cache.nixos.org'...
2026-02-22T01:34:33.8698391Z copying path '/nix/store/ka4sync4bccr9mz2ys0dbqjn24hp8v57-expand-response-params' from 'https://cache.nixos.org'...
2026-02-22T01:34:33.8700501Z copying path '/nix/store/nnin69nrnrrmnv2scbwyfkgh1rf51gh1-gawk-5.3.1' from 'https://cache.nixos.org'...
2026-02-22T01:34:33.8701687Z copying path '/nix/store/k5x874vwcaxlan1cw248lwqr4l4v7hyk-ed-1.20.2' from 'https://cache.nixos.org'...
2026-02-22T01:34:33.8704092Z copying path '/nix/store/2vgwd43vqxm66grkgsy7z1d87z31nzph-brotli-1.1.0-lib' from 'https://cache.nixos.org'...
2026-02-22T01:34:33.8706196Z copying path '/nix/store/ybjcla5bhj8g1y84998pn4a2drfxybkv-gcc-13.3.0-lib' from 'https://cache.nixos.org'...
2026-02-22T01:34:33.8707920Z copying path '/nix/store/37azjaxs8cwqbmb0fywl8fa6n2x8bgwq-fribidi-1.0.16' from 'https://cache.nixos.org'...
2026-02-22T01:34:33.8713937Z copying path '/nix/store/zw5haplzbwjgbp3yykhm6iprkpfppzxb-glibc-2.40-36-bin' from 'https://cache.nixos.org'...
2026-02-22T01:34:33.8716224Z copying path '/nix/store/8sgvk9wjq9vfz5irkl4436yhpfr10njq-expat-2.6.4' from 'https://cache.nixos.org'...
2026-02-22T01:34:33.8717410Z copying path '/nix/store/brj8bvvn63gbdrslwsj7gpj0gqaxlprn-giflib-5.2.2' from 'https://cache.nixos.org'...
2026-02-22T01:34:33.8718236Z copying path '/nix/store/hq7m89gp4kafmj8rr0f5sy2qyl7jq479-gdbm-1.24-lib' from 'https://cache.nixos.org'...
2026-02-22T01:34:33.8718953Z copying path '/nix/store/y11zr71f9i1zy1vrdy3kjx8j6slsb3l3-gmp-6.3.0' from 'https://cache.nixos.org'...
2026-02-22T01:34:33.8779365Z copying path '/nix/store/9y5kd90fdbrq3r4yc9mpqn82f93zdgyq-gnumake-4.4.1' from 'https://cache.nixos.org'...
2026-02-22T01:34:33.8893914Z copying path '/nix/store/vmby25zqxnx94awvj0k7zn0rsd0zyrwg-gnused-4.9' from 'https://cache.nixos.org'...
2026-02-22T01:34:33.8899344Z copying path '/nix/store/nrl5m466dwdscvavf1nqzdnqhszjyy9n-acl-2.3.2' from 'https://cache.nixos.org'...
2026-02-22T01:34:33.8993119Z copying path '/nix/store/ys6f20b4chzkmfh9ak0hjdp60l0g5abb-keyutils-1.6.3-lib' from 'https://cache.nixos.org'...
2026-02-22T01:34:33.9018634Z copying path '/nix/store/ighb6h0x1nv14ap2fj0j3bqdn0x3xra4-libXau-1.0.11' from 'https://cache.nixos.org'...
2026-02-22T01:34:33.9251200Z copying path '/nix/store/vqjygx23hkim1kpidik5xcs9whayf3sr-bzip2-1.0.8-bin' from 'https://cache.nixos.org'...
2026-02-22T01:34:33.9252912Z copying path '/nix/store/8jqc1bpk99jgib12wgpdjmnbndrmg7vz-libXdmcp-1.1.5' from 'https://cache.nixos.org'...
2026-02-22T01:34:33.9344313Z copying path '/nix/store/rk2r5yq7al5jddg6jriwv1lg5j1dw0ih-libdatrie-2019-12-20-lib' from 'https://cache.nixos.org'...
2026-02-22T01:34:33.9421207Z copying path '/nix/store/v6m37463j6bs788wbid8yvfhp1773cax-libdeflate-1.22' from 'https://cache.nixos.org'...
2026-02-22T01:34:33.9631922Z copying path '/nix/store/zhaypw0znkjnymg0rk1599zn21rr0l50-gnutar-1.35' from 'https://cache.nixos.org'...
2026-02-22T01:34:33.9638006Z copying path '/nix/store/lw7psn749bfn2nrn943jdh68hh2im8yl-libffi-3.4.6' from 'https://cache.nixos.org'...
2026-02-22T01:34:34.0097891Z copying path '/nix/store/g8m63j9rzhqf0i9v4pzbdyrnzshr5mkx-libjpeg-turbo-3.0.4' from 'https://cache.nixos.org'...
2026-02-22T01:34:34.0103798Z copying path '/nix/store/ggpir31aij6dj2fsas74jyz8z33dxwnc-libtool-2.4.7-lib' from 'https://cache.nixos.org'...
2026-02-22T01:34:34.0105096Z copying path '/nix/store/5j9m3z3c6hygjx34xr1bzrkk8srvcs8a-libxcrypt-4.4.36' from 'https://cache.nixos.org'...
2026-02-22T01:34:34.0114544Z copying path '/nix/store/sbc37bmgpzr7wvlbm9lgf4y6q6dyz40q-libxcrypt-4.4.36' from 'https://cache.nixos.org'...
2026-02-22T01:34:34.0119068Z copying path '/nix/store/xxfkk4gqnaimiwzi6mmsmcs9bl2r8y7f-isl-0.20' from 'https://cache.nixos.org'...
2026-02-22T01:34:34.0152757Z copying path '/nix/store/scb132gc1zzd904zibk2mz0q5q42z0ym-libuv-1.48.0' from 'https://cache.nixos.org'...
2026-02-22T01:34:34.0328141Z copying path '/nix/store/h11ip75g5azb1d9f9jr8c6pwjhpcx20n-libthai-0.1.29' from 'https://cache.nixos.org'...
2026-02-22T01:34:34.0330335Z copying path '/nix/store/w63ks7mg1dsgm2gg302ss70wpq7g0l4d-libxcb-1.17.0' from 'https://cache.nixos.org'...
2026-02-22T01:34:34.0384320Z copying path '/nix/store/shg1vgcjxghqxhl0sifwgr0g2zg6bbv7-libxml2-2.13.4' from 'https://cache.nixos.org'...
2026-02-22T01:34:34.0405502Z copying path '/nix/store/a7pimibppfw2m3ryijnwwzx76i780bw2-gzip-1.13' from 'https://cache.nixos.org'...
2026-02-22T01:34:34.0452229Z copying path '/nix/store/aqga8f06jxy5a6ci4na35v7n09j8i74f-mpdecimal-4.0.0' from 'https://cache.nixos.org'...
2026-02-22T01:34:34.0476778Z copying path '/nix/store/s5y8cgwj9saik6hpxq6hvry31hggnxij-libyaml-0.2.5' from 'https://cache.nixos.org'...
2026-02-22T01:34:34.0480471Z copying path '/nix/store/n19lfs7ix2g9kdh6cf2pfaylbcwjay71-dav1d-1.5.0-dev' from 'https://cache.nixos.org'...
2026-02-22T01:34:34.0483369Z copying path '/nix/store/wfxkyxmg47bhj098im5rp60hmkagn96x-mpfr-4.2.1' from 'https://cache.nixos.org'...
2026-02-22T01:34:34.0501067Z copying path '/nix/store/zi4768cbcny3vx6f8k2yqy3zp90jalhz-ncompress-5.0' from 'https://cache.nixos.org'...
2026-02-22T01:34:34.0773283Z copying path '/nix/store/vj1wkvkfgcgxr93b5p6kwjbqgrjnv7d9-ncurses-abi5-compat-6.4.20221231' from 'https://cache.nixos.org'...
2026-02-22T01:34:34.0777331Z copying path '/nix/store/1p1j0iv3c909kcs4d5300kcsnlwmbwyj-ncurses-6.4.20221231' from 'https://cache.nixos.org'...
2026-02-22T01:34:34.0967349Z copying path '/nix/store/lw21wr626v5sdcaxxkv2k4zf1121hfc9-glibc-2.40-36-dev' from 'https://cache.nixos.org'...
2026-02-22T01:34:34.0973432Z copying path '/nix/store/k1dsk0zyq43pvi7f76is2rx6l4aphm5z-openssl-3.3.2' from 'https://cache.nixos.org'...
2026-02-22T01:34:34.0993247Z copying path '/nix/store/aygalfgrn7pvxcqc45jw53b9gc29hwzs-nghttp2-1.64.0-lib' from 'https://cache.nixos.org'...
2026-02-22T01:34:34.1020886Z copying path '/nix/store/mdmansf6zkzsnrcf4h3yav5kz93rh03y-patch-2.7.6' from 'https://cache.nixos.org'...
2026-02-22T01:34:34.1035909Z copying path '/nix/store/gkj66hn5cyi3d761nmcdpj35ngv7h8ph-pcre2-10.44' from 'https://cache.nixos.org'...
2026-02-22T01:34:34.1046370Z copying path '/nix/store/2nvmq98zj69i1af1ksh6m08hvfdkjv1z-dtc-1.7.2' from 'https://cache.nixos.org'...
2026-02-22T01:34:34.1122114Z copying path '/nix/store/f86x63y57hwyx9nl4l098fpl93y3xrya-pixman-0.43.4' from 'https://cache.nixos.org'...
2026-02-22T01:34:34.1281760Z copying path '/nix/store/gpbi7j64vk1my8gpqgylwf9iljqb09is-rhash-1.4.4' from 'https://cache.nixos.org'...
2026-02-22T01:34:34.1284687Z copying path '/nix/store/gm5g3xyn8iwxkag8gs6rf3ci64bqld80-util-linux-minimal-2.39.4-lib' from 'https://cache.nixos.org'...
2026-02-22T01:34:34.1290375Z copying path '/nix/store/bdpc1864983kf51r3cznbrvnlkv4d9ff-xz-5.6.3' from 'https://cache.nixos.org'...
2026-02-22T01:34:34.1594183Z copying path '/nix/store/ikjw6a952jd9wn5k06mkj710xzabssr0-libX11-1.8.10' from 'https://cache.nixos.org'...
2026-02-22T01:34:34.1688491Z copying path '/nix/store/0qqs7bkfk21h8vh7m3x84hphciqv75lm-libmpc-1.3.1' from 'https://cache.nixos.org'...
2026-02-22T01:34:34.1973728Z copying path '/nix/store/pz26iwsn417j90xs7y7cwbsjnk7b1riv-zephyr' from 'https://moergo-glove80-zmk-dev.cachix.org'...
2026-02-22T01:34:34.1975100Z copying path '/nix/store/bzk3q2l71qwhycsip23y6rl5n881la4n-zlib-1.3.1' from 'https://cache.nixos.org'...
2026-02-22T01:34:34.2271021Z copying path '/nix/store/rp6b82pm6b7x03ngbzffsl3vj8pvay5v-libselinux-3.7' from 'https://cache.nixos.org'...
2026-02-22T01:34:34.2299552Z copying path '/nix/store/85amyk92rg19l4fy0qmy7wr4jmq8p5z0-gnugrep-3.11' from 'https://cache.nixos.org'...
2026-02-22T01:34:34.2481712Z copying path '/nix/store/g4lksqp6l8qiab4a0as21s6556xh4gyp-file-5.45' from 'https://cache.nixos.org'...
2026-02-22T01:34:34.2486800Z copying path '/nix/store/kvzfyxs3v0nb2lvfx28c5hj0vz7j9737-libpng-apng-1.6.43' from 'https://cache.nixos.org'...
2026-02-22T01:34:34.2578651Z copying path '/nix/store/2qssg7pjgadwmqns6jm3qlr5bbdl4dcr-binutils-2.43.1-lib' from 'https://cache.nixos.org'...
2026-02-22T01:34:34.2611312Z copying path '/nix/store/bbd59cqw259149r2ddk4w1q0lr2fch8c-sqlite-3.46.1' from 'https://cache.nixos.org'...
2026-02-22T01:34:34.3354223Z copying path '/nix/store/5180mi672sl6ikiwyhvgnxasz6iqxws0-xz-5.6.3-bin' from 'https://cache.nixos.org'...
2026-02-22T01:34:34.3486345Z copying path '/nix/store/23y66ax8z30m8xl4brrz792xlsrm0syr-graphite2-1.3.14' from 'https://cache.nixos.org'...
2026-02-22T01:34:34.3488967Z copying path '/nix/store/1dmri839kv55917flq6pyvr6xf17cb29-lerc-4.0.0' from 'https://cache.nixos.org'...
2026-02-22T01:34:34.3490329Z copying path '/nix/store/llj89sgbf5512bnhx76khs7aq2pkhqjv-libvmaf-3.0.0' from 'https://cache.nixos.org'...
2026-02-22T01:34:34.3491609Z copying path '/nix/store/nxg637az00fnm705pinlrpjac9b4hgsc-gmp-with-cxx-6.3.0' from 'https://cache.nixos.org'...
2026-02-22T01:34:34.3515374Z copying path '/nix/store/43nf72jxw9m9mazn5qs7pdj52a7gmcr5-libyuv-1787' from 'https://cache.nixos.org'...
2026-02-22T01:34:34.3581084Z copying path '/nix/store/26hcp8h792wl0h52c5r94qakhvk6q717-glib-2.82.1' from 'https://cache.nixos.org'...
2026-02-22T01:34:34.3874409Z copying path '/nix/store/4krab2h0hd4wvxxmscxrw21pl77j4i7j-gcc-13.3.0' from 'https://cache.nixos.org'...
2026-02-22T01:34:34.4035326Z copying path '/nix/store/d5y0sl4vwsb9m99r18zh1mx4fw9y70g6-libXext-1.3.6' from 'https://cache.nixos.org'...
2026-02-22T01:34:34.4699212Z copying path '/nix/store/g9hgzjcj9g7hw3c2pzgz271b1g1jgc4w-krb5-1.21.3-lib' from 'https://cache.nixos.org'...
2026-02-22T01:34:34.5146110Z copying path '/nix/store/waj425c88y21wccgk9zpyi3q48xq0sgk-freetype-2.13.3' from 'https://cache.nixos.org'...
2026-02-22T01:34:34.5244889Z copying path '/nix/store/ln8sk1vlpzmm346lx30ifihqdw0fw4g9-libXpm-3.5.17' from 'https://cache.nixos.org'...
2026-02-22T01:34:34.5286308Z copying path '/nix/store/7ygszkkili3kfqh789ivdgrhyrjshm5n-libXrender-0.9.11' from 'https://cache.nixos.org'...
2026-02-22T01:34:34.5662877Z copying path '/nix/store/bwkb907myixfzzykp21m9iczkhrq5pfy-binutils-2.43.1' from 'https://cache.nixos.org'...
2026-02-22T01:34:34.6022100Z copying path '/nix/store/1n0b29iid3y0w9i91v9zqdiwnx3inak0-libssh2-1.11.1' from 'https://cache.nixos.org'...
2026-02-22T01:34:34.6025246Z copying path '/nix/store/zgcaxpjipkvdz3185gfb8ba63xw1sv4n-libwebp-1.4.0' from 'https://cache.nixos.org'...
2026-02-22T01:34:34.6071959Z copying path '/nix/store/s2lws03pga0vyq84kfa6h041n8csbg4p-ninja-1.12.1' from 'https://cache.nixos.org'...
2026-02-22T01:34:34.6281795Z copying path '/nix/store/kabp82iq5p0l8zidw9ch1mrpq431g6jd-libaom-3.10.0' from 'https://cache.nixos.org'...
2026-02-22T01:34:34.6372888Z copying path '/nix/store/dbkf2m0b3a2n9drrbz6ra4ljfx45d4aa-libvmaf-3.0.0-dev' from 'https://cache.nixos.org'...
2026-02-22T01:34:34.6421625Z copying path '/nix/store/9q63d382x7k2h6cc2pfsb39ar3n6f9wg-patchelf-0.15.0' from 'https://cache.nixos.org'...
2026-02-22T01:34:34.6468670Z copying path '/nix/store/b1wvkjx96i3s7wblz38ya0zr8i93zbc5-coreutils-9.5' from 'https://cache.nixos.org'...
2026-02-22T01:34:34.6547322Z copying path '/nix/store/n0q4xhb9z19f0rfd1i8frw7a3ip3rgar-readline-8.2p13' from 'https://cache.nixos.org'...
2026-02-22T01:34:34.8429052Z copying path '/nix/store/8pys6a47askf0g75a1k73p3rx2wim7m6-zstd-1.5.6' from 'https://cache.nixos.org'...
2026-02-22T01:34:34.8545732Z copying path '/nix/store/avwmwsn9v4an5v2a4k1gzbqk917avjn1-gts-0.7.6' from 'https://cache.nixos.org'...
2026-02-22T01:34:34.8913590Z copying path '/nix/store/jfyibphs7pv1izw879lrmr0pp1x3llb8-fontconfig-2.15.0-lib' from 'https://cache.nixos.org'...
2026-02-22T01:34:34.8916297Z copying path '/nix/store/yxgc37sx1a0fswq3hvvld54491ryx6sf-harfbuzz-10.0.1' from 'https://cache.nixos.org'...
2026-02-22T01:34:35.0290275Z copying path '/nix/store/ps0zg8jx995br0s7k353qhal1ma3nnbd-curl-8.11.0' from 'https://cache.nixos.org'...
2026-02-22T01:34:35.0303433Z copying path '/nix/store/zv1kaq7f1q20x62kbjv6pfjygw5jmwl6-python3-3.12.7' from 'https://cache.nixos.org'...
2026-02-22T01:34:35.0335698Z copying path '/nix/store/qb69wvblgz1x2hkfxf7lwl9lg9xk4zpj-python3-3.9.20' from 'https://cache.nixos.org'...
2026-02-22T01:34:35.0743260Z copying path '/nix/store/cxwsmlr3xh1ml4r0kgdjrknw7504b9f8-diffutils-3.10' from 'https://cache.nixos.org'...
2026-02-22T01:34:35.0745874Z copying path '/nix/store/w8pnfazxqwmrqmwkb5zrz1bifsd8abxl-findutils-4.10.0' from 'https://cache.nixos.org'...
2026-02-22T01:34:35.0747202Z copying path '/nix/store/6fklzkr5x213h868q31isgy82wpmb1yb-perl-5.40.0' from 'https://cache.nixos.org'...
2026-02-22T01:34:35.1818717Z copying path '/nix/store/n0gxk0ys2zgqqz6zcsq8qlv6nv5k6fpj-libarchive-3.7.7-lib' from 'https://cache.nixos.org'...
2026-02-22T01:34:35.1825161Z copying path '/nix/store/mgw74i0szz30zbmvgasvyws1y8mvkb86-libtiff-4.7.0' from 'https://cache.nixos.org'...
2026-02-22T01:34:35.3171974Z copying path '/nix/store/9l20xx4bw18qgkicjcrsfx7vfykp9m8h-cairo-1.18.2' from 'https://cache.nixos.org'...
2026-02-22T01:34:35.3213255Z copying path '/nix/store/a98zld1as826z4s0b71xs64k02arj4zj-libXft-2.3.8' from 'https://cache.nixos.org'...
2026-02-22T01:34:35.3441855Z copying path '/nix/store/v567mv8b0bg0ph7xn61g33qqm484xxj0-libaom-3.10.0-bin' from 'https://cache.nixos.org'...
2026-02-22T01:34:35.5219132Z copying path '/nix/store/spb2bpcnw0gbbr4x94cq8xs9n72hipwj-stdenv-linux' from 'https://cache.nixos.org'...
2026-02-22T01:34:35.6360183Z copying path '/nix/store/x9as7x6f7cdgcskvvn3yp02m662krr7y-binutils-wrapper-2.43.1' from 'https://cache.nixos.org'...
2026-02-22T01:34:35.9311820Z copying path '/nix/store/4k2h9qsps52n1v56zq03yi67dwmxa81i-cmake-3.30.5' from 'https://cache.nixos.org'...
2026-02-22T01:34:35.9313103Z copying path '/nix/store/alnzmaf07kv3dl4017vrzqngay5rx904-gdk-pixbuf-2.42.12' from 'https://cache.nixos.org'...
2026-02-22T01:34:35.9314329Z copying path '/nix/store/xk1z1b27hck084x12pn24rk526arwwlz-libwebp-1.4.0' from 'https://cache.nixos.org'...
2026-02-22T01:34:36.1439642Z building '/nix/store/ryf981zc9kshrrgm5c5dphnw879gn09m-builder.pl.drv'...
2026-02-22T01:34:36.1562563Z copying path '/nix/store/1asppgbns142f1sqyr6sz843h0689a1k-libaom-3.10.0-dev' from 'https://cache.nixos.org'...
2026-02-22T01:34:36.1753166Z copying path '/nix/store/vy93rplabj9l70a098rvp52ni9bg476v-pango-1.54.0' from 'https://cache.nixos.org'...
2026-02-22T01:34:36.8532901Z copying path '/nix/store/96wajifckqya26aazk4lrig5m5npw5l2-libavif-1.1.1' from 'https://cache.nixos.org'...
2026-02-22T01:34:37.4087602Z copying path '/nix/store/ascb2b0zncwlavz03zcj358p1i79hp64-gd-2.3.3' from 'https://cache.nixos.org'...
2026-02-22T01:34:37.9017199Z copying path '/nix/store/lvx8m4mh18aiqlqp5hdjpg3b34a07p35-graphviz-12.2.0' from 'https://cache.nixos.org'...
2026-02-22T01:34:38.4055307Z copying path '/nix/store/mczmw3rln2jm6nm080dapyjpj3833rg9-gcc-arm-embedded-12.3.rel1' from 'https://cache.nixos.org'...
2026-02-22T01:34:39.6196369Z copying path '/nix/store/4apajimszc47rxwcpvc3g3rj2icinl71-gcc-wrapper-13.3.0' from 'https://cache.nixos.org'...
2026-02-22T01:34:39.6807598Z copying path '/nix/store/qpb0z965ffwmny4p2m2jbbaqifkkb5y9-python3.12-docopt-0.6.2' from 'https://cache.nixos.org'...
2026-02-22T01:34:39.6809012Z copying path '/nix/store/wg6fhwksxkxn24rnynizrr6f4rvd9dkf-python3.12-intelhex-2.3.0' from 'https://cache.nixos.org'...
2026-02-22T01:34:39.6811775Z copying path '/nix/store/qnfndbdg0k5s7zb47l5q9h7cszi56gpf-python3.12-packaging-24.1' from 'https://cache.nixos.org'...
2026-02-22T01:34:39.6813289Z copying path '/nix/store/l67gyhnl63la5pxmq4kbhl0g6xrfsdff-python3.12-msgpack-1.1.0' from 'https://cache.nixos.org'...
2026-02-22T01:34:39.6814665Z copying path '/nix/store/qmm23pygh0kisvsm9wrfxw2s5km97670-python3.12-pyelftools-0.31' from 'https://cache.nixos.org'...
2026-02-22T01:34:39.6821093Z copying path '/nix/store/j7q50pmxnawpif7kfimy51mjhjdjldns-python3.12-pyyaml-6.0.2' from 'https://cache.nixos.org'...
2026-02-22T01:34:39.6822453Z copying path '/nix/store/rs8cgrcn6pkdxs2ksnhs1a0x0pvx5sac-python3.12-progress-1.6' from 'https://cache.nixos.org'...
2026-02-22T01:34:39.6823816Z copying path '/nix/store/2k9j8zwlhd8vdpn0c4j5zgwkqr6digpx-python3.12-ruamel-base-1.0.0' from 'https://cache.nixos.org'...
2026-02-22T01:34:39.6825242Z copying path '/nix/store/3rghmwyhhwjaj3jmpc3drb8pzz9h14hj-python3.12-ruamel-yaml-clib-0.2.7' from 'https://cache.nixos.org'...
2026-02-22T01:34:39.6829738Z copying path '/nix/store/n2pgidpi7vpq2hbpylfpa4ck7avniipp-python3.12-typing-extensions-4.12.2' from 'https://cache.nixos.org'...
2026-02-22T01:34:39.6831343Z copying path '/nix/store/4743pgjalihwh1vb7jsy17ynw3s0xj04-python3.12-six-1.16.0' from 'https://cache.nixos.org'...
2026-02-22T01:34:39.6832263Z copying path '/nix/store/2j2fcjlxczkx0yyjn3rqi1h9sd42r97v-python3.12-wrapt-1.16.0' from 'https://cache.nixos.org'...
2026-02-22T01:34:40.0023255Z copying path '/nix/store/gqjd4bvd683s55r0jcgc9q67rvjnmfc6-make-binary-wrapper-hook' from 'https://cache.nixos.org'...
2026-02-22T01:34:40.0026012Z copying path '/nix/store/09wri7s7nlgp1fs4q4ysx96scbbmr74v-python3.12-anytree-2.12.1' from 'https://cache.nixos.org'...
2026-02-22T01:34:40.0082499Z copying path '/nix/store/iz14w235v0nmwc3vnzrlbrkfpaj1qqka-python3.12-python-dateutil-2.9.0.post0' from 'https://cache.nixos.org'...
2026-02-22T01:34:40.0123046Z copying path '/nix/store/7p4gqrzavx0lpks2l0j9945zkzv77ds0-python3.12-python-can-4.5.0' from 'https://moergo-glove80-zmk-dev.cachix.org'...
2026-02-22T01:34:40.0141088Z copying path '/nix/store/7cvm89dzrkw7i4pdidyd8mvny73k07nb-python3.12-ruamel-yaml-0.18.6' from 'https://cache.nixos.org'...
2026-02-22T01:34:40.5365510Z copying path '/nix/store/k1hzsby2pa29jwbbdgg3y4wj0rxn8dnn-python3.12-pykwalify-1.8.0' from 'https://cache.nixos.org'...
2026-02-22T01:34:41.0133274Z building '/nix/store/14s41r3aqgw7vrl845jxarjcx3ivgvc4-python3-3.12.7-env.drv'...
2026-02-22T01:34:41.1266216Z created 296 symlinks in user environment
2026-02-22T01:34:52.1610988Z warning: Ignoring setting 'auto-allocate-uids' because experimental feature 'auto-allocate-uids' is not enabled
2026-02-22T01:34:52.1612981Z warning: Ignoring setting 'impure-env' because experimental feature 'configurable-impure-env' is not enabled
2026-02-22T01:34:52.1856579Z building '/nix/store/qm656kv0ws1msx6gax8kd01fcn2r7hk2-zmk_go60_lh.drv'...
2026-02-22T01:34:52.2071980Z building '/nix/store/ljzp1idb22d8yva0d1fbhdck7km63jj4-zmk_go60_rh.drv'...
2026-02-22T01:34:52.2383061Z Running phase: unpackPhase
2026-02-22T01:34:52.2431204Z unpacking source archive /nix/store/ypiphcbzypxpz9p904y3da2z7rpgj17j-source
2026-02-22T01:34:52.2603292Z Running phase: unpackPhase
2026-02-22T01:34:52.2645200Z unpacking source archive /nix/store/ypiphcbzypxpz9p904y3da2z7rpgj17j-source
2026-02-22T01:34:52.4215805Z source root is source/app
2026-02-22T01:34:52.4353903Z source root is source/app
2026-02-22T01:34:52.4696717Z Running phase: patchPhase
2026-02-22T01:34:52.4761555Z Running phase: updateAutotoolsGnuConfigScriptsPhase
2026-02-22T01:34:52.4828937Z Running phase: patchPhase
2026-02-22T01:34:52.4891269Z Running phase: updateAutotoolsGnuConfigScriptsPhase
2026-02-22T01:34:52.5031870Z Running phase: configurePhase
2026-02-22T01:34:52.5075364Z fixing cmake files...
2026-02-22T01:34:52.5158139Z Running phase: configurePhase
2026-02-22T01:34:52.5202579Z fixing cmake files...
2026-02-22T01:34:52.7109370Z cmake flags: -GNinja -DCMAKE_FIND_USE_SYSTEM_PACKAGE_REGISTRY=OFF -DCMAKE_FIND_USE_PACKAGE_REGISTRY=OFF -DCMAKE_EXPORT_NO_PACKAGE_REGISTRY=ON -DCMAKE_BUILD_TYPE=Release -DBUILD_TESTING=OFF -DCMAKE_INSTALL_LOCALEDIR=/nix/store/98a3cf2xmlr02cbmmlink38r0s5dxgd0-zmk_go60_lh/share/locale -DCMAKE_INSTALL_LIBEXECDIR=/nix/store/98a3cf2xmlr02cbmmlink38r0s5dxgd0-zmk_go60_lh/libexec -DCMAKE_INSTALL_LIBDIR=/nix/store/98a3cf2xmlr02cbmmlink38r0s5dxgd0-zmk_go60_lh/lib -DCMAKE_INSTALL_DOCDIR=/nix/store/98a3cf2xmlr02cbmmlink38r0s5dxgd0-zmk_go60_lh/share/doc/zmk -DCMAKE_INSTALL_INFODIR=/nix/store/98a3cf2xmlr02cbmmlink38r0s5dxgd0-zmk_go60_lh/share/info -DCMAKE_INSTALL_MANDIR=/nix/store/98a3cf2xmlr02cbmmlink38r0s5dxgd0-zmk_go60_lh/share/man -DCMAKE_INSTALL_OLDINCLUDEDIR=/nix/store/98a3cf2xmlr02cbmmlink38r0s5dxgd0-zmk_go60_lh/include -DCMAKE_INSTALL_INCLUDEDIR=/nix/store/98a3cf2xmlr02cbmmlink38r0s5dxgd0-zmk_go60_lh/include -DCMAKE_INSTALL_SBINDIR=/nix/store/98a3cf2xmlr02cbmmlink38r0s5dxgd0-zmk_go60_lh/sbin -DCMAKE_INSTALL_BINDIR=/nix/store/98a3cf2xmlr02cbmmlink38r0s5dxgd0-zmk_go60_lh/bin -DCMAKE_INSTALL_NAME_DIR=/nix/store/98a3cf2xmlr02cbmmlink38r0s5dxgd0-zmk_go60_lh/lib -DCMAKE_POLICY_DEFAULT_CMP0025=NEW -DCMAKE_FIND_FRAMEWORK=LAST -DCMAKE_STRIP= -DCMAKE_RANLIB= -DCMAKE_AR= -DCMAKE_C_COMPILER= -DCMAKE_CXX_COMPILER= -DCMAKE_INSTALL_PREFIX=/nix/store/98a3cf2xmlr02cbmmlink38r0s5dxgd0-zmk_go60_lh -DZEPHYR_BASE=/nix/store/pz26iwsn417j90xs7y7cwbsjnk7b1riv-zephyr/zephyr -DBOARD_ROOT=. -DBOARD=go60_lh -DZEPHYR_TOOLCHAIN_VARIANT=gnuarmemb -DGNUARMEMB_TOOLCHAIN_PATH=/nix/store/mczmw3rln2jm6nm080dapyjpj3833rg9-gcc-arm-embedded-12.3.rel1 -DCMAKE_C_COMPILER=/nix/store/mczmw3rln2jm6nm080dapyjpj3833rg9-gcc-arm-embedded-12.3.rel1/bin/arm-none-eabi-gcc -DCMAKE_CXX_COMPILER=/nix/store/mczmw3rln2jm6nm080dapyjpj3833rg9-gcc-arm-embedded-12.3.rel1/bin/arm-none-eabi-g++ -DCMAKE_AR=/nix/store/mczmw3rln2jm6nm080dapyjpj3833rg9-gcc-arm-embedded-12.3.rel1/bin/arm-none-eabi-ar -DCMAKE_RANLIB=/nix/store/mczmw3rln2jm6nm080dapyjpj3833rg9-gcc-arm-embedded-12.3.rel1/bin/arm-none-eabi-ranlib -DZEPHYR_MODULES=/nix/store/pq757h971kd946xqi9ckk2ylsj25i610-zmk-module-cmsis/cmsis\;/nix/store/wggfl9p3y2ahy21hb1gpfgr3fxsbv8ss-zmk-module-hal_nordic/hal_nordic\;/nix/store/grk5a1pd1mbzl3lgzf2amf7c0nbb0rvs-zmk-module-tinycrypt/tinycrypt\;/nix/store/44v1jwji8rksbmvsjwkd4igbb1vhxbl5-zmk-module-lvgl/lvgl\;/nix/store/4bn1207zpfrcdmf1ldh86ziaav3kwwbb-zmk-module-picolibc/picolibc\;/nix/store/w90l0zpl7slydmc947qscinn0d6rgq5c-zmk-module-segger/segger\;/nix/store/3581iwklzqcg4iyhlyqqrj7yvvm0pykl-cirque-input-module -DKEYMAP_FILE=/nix/store/gcgpbc9x1p3b6vgd0k3hcgf4flvb79lk-zmk-custom-functions-lib/boards/go60/go60.keymap -DEXTRA_CONF_FILE=/nix/store/gcgpbc9x1p3b6vgd0k3hcgf4flvb79lk-zmk-custom-functions-lib/boards/go60/go60.conf -DUSER_CACHE_DIR=/build/.cache
2026-02-22T01:34:52.7205381Z Loading Zephyr default modules (Zephyr base (cached)).
2026-02-22T01:34:52.7212399Z -- Application: /build/source/app
2026-02-22T01:34:52.7212817Z -- CMake version: 3.30.5
2026-02-22T01:34:52.7249241Z cmake flags: -GNinja -DCMAKE_FIND_USE_SYSTEM_PACKAGE_REGISTRY=OFF -DCMAKE_FIND_USE_PACKAGE_REGISTRY=OFF -DCMAKE_EXPORT_NO_PACKAGE_REGISTRY=ON -DCMAKE_BUILD_TYPE=Release -DBUILD_TESTING=OFF -DCMAKE_INSTALL_LOCALEDIR=/nix/store/fk7qahvdlnyv4yw3i8r7zwd2zfq31495-zmk_go60_rh/share/locale -DCMAKE_INSTALL_LIBEXECDIR=/nix/store/fk7qahvdlnyv4yw3i8r7zwd2zfq31495-zmk_go60_rh/libexec -DCMAKE_INSTALL_LIBDIR=/nix/store/fk7qahvdlnyv4yw3i8r7zwd2zfq31495-zmk_go60_rh/lib -DCMAKE_INSTALL_DOCDIR=/nix/store/fk7qahvdlnyv4yw3i8r7zwd2zfq31495-zmk_go60_rh/share/doc/zmk -DCMAKE_INSTALL_INFODIR=/nix/store/fk7qahvdlnyv4yw3i8r7zwd2zfq31495-zmk_go60_rh/share/info -DCMAKE_INSTALL_MANDIR=/nix/store/fk7qahvdlnyv4yw3i8r7zwd2zfq31495-zmk_go60_rh/share/man -DCMAKE_INSTALL_OLDINCLUDEDIR=/nix/store/fk7qahvdlnyv4yw3i8r7zwd2zfq31495-zmk_go60_rh/include -DCMAKE_INSTALL_INCLUDEDIR=/nix/store/fk7qahvdlnyv4yw3i8r7zwd2zfq31495-zmk_go60_rh/include -DCMAKE_INSTALL_SBINDIR=/nix/store/fk7qahvdlnyv4yw3i8r7zwd2zfq31495-zmk_go60_rh/sbin -DCMAKE_INSTALL_BINDIR=/nix/store/fk7qahvdlnyv4yw3i8r7zwd2zfq31495-zmk_go60_rh/bin -DCMAKE_INSTALL_NAME_DIR=/nix/store/fk7qahvdlnyv4yw3i8r7zwd2zfq31495-zmk_go60_rh/lib -DCMAKE_POLICY_DEFAULT_CMP0025=NEW -DCMAKE_FIND_FRAMEWORK=LAST -DCMAKE_STRIP= -DCMAKE_RANLIB= -DCMAKE_AR= -DCMAKE_C_COMPILER= -DCMAKE_CXX_COMPILER= -DCMAKE_INSTALL_PREFIX=/nix/store/fk7qahvdlnyv4yw3i8r7zwd2zfq31495-zmk_go60_rh -DZEPHYR_BASE=/nix/store/pz26iwsn417j90xs7y7cwbsjnk7b1riv-zephyr/zephyr -DBOARD_ROOT=. -DBOARD=go60_rh -DZEPHYR_TOOLCHAIN_VARIANT=gnuarmemb -DGNUARMEMB_TOOLCHAIN_PATH=/nix/store/mczmw3rln2jm6nm080dapyjpj3833rg9-gcc-arm-embedded-12.3.rel1 -DCMAKE_C_COMPILER=/nix/store/mczmw3rln2jm6nm080dapyjpj3833rg9-gcc-arm-embedded-12.3.rel1/bin/arm-none-eabi-gcc -DCMAKE_CXX_COMPILER=/nix/store/mczmw3rln2jm6nm080dapyjpj3833rg9-gcc-arm-embedded-12.3.rel1/bin/arm-none-eabi-g++ -DCMAKE_AR=/nix/store/mczmw3rln2jm6nm080dapyjpj3833rg9-gcc-arm-embedded-12.3.rel1/bin/arm-none-eabi-ar -DCMAKE_RANLIB=/nix/store/mczmw3rln2jm6nm080dapyjpj3833rg9-gcc-arm-embedded-12.3.rel1/bin/arm-none-eabi-ranlib -DZEPHYR_MODULES=/nix/store/pq757h971kd946xqi9ckk2ylsj25i610-zmk-module-cmsis/cmsis\;/nix/store/wggfl9p3y2ahy21hb1gpfgr3fxsbv8ss-zmk-module-hal_nordic/hal_nordic\;/nix/store/grk5a1pd1mbzl3lgzf2amf7c0nbb0rvs-zmk-module-tinycrypt/tinycrypt\;/nix/store/44v1jwji8rksbmvsjwkd4igbb1vhxbl5-zmk-module-lvgl/lvgl\;/nix/store/4bn1207zpfrcdmf1ldh86ziaav3kwwbb-zmk-module-picolibc/picolibc\;/nix/store/w90l0zpl7slydmc947qscinn0d6rgq5c-zmk-module-segger/segger\;/nix/store/3581iwklzqcg4iyhlyqqrj7yvvm0pykl-cirque-input-module -DKEYMAP_FILE=/nix/store/gcgpbc9x1p3b6vgd0k3hcgf4flvb79lk-zmk-custom-functions-lib/boards/go60/go60.keymap -DEXTRA_CONF_FILE=/nix/store/gcgpbc9x1p3b6vgd0k3hcgf4flvb79lk-zmk-custom-functions-lib/boards/go60/go60.conf -DUSER_CACHE_DIR=/build/.cache
2026-02-22T01:34:52.7330408Z Loading Zephyr default modules (Zephyr base (cached)).
2026-02-22T01:34:52.7332223Z -- Application: /build/source/app
2026-02-22T01:34:52.7332628Z -- CMake version: 3.30.5
2026-02-22T01:34:52.9325957Z -- Found Python3: /nix/store/3ym73yjdw7yg6sv3nwr0syligji76i3z-python3-3.12.7-env/bin/python (found suitable version "3.12.7", minimum required is "3.8") found components: Interpreter
2026-02-22T01:34:52.9336493Z -- Cache files will be written to: /build/.cache
2026-02-22T01:34:52.9406415Z -- Zephyr version: 3.5.0 (/nix/store/pz26iwsn417j90xs7y7cwbsjnk7b1riv-zephyr/zephyr)
2026-02-22T01:34:52.9511775Z -- Found Python3: /nix/store/3ym73yjdw7yg6sv3nwr0syligji76i3z-python3-3.12.7-env/bin/python (found suitable version "3.12.7", minimum required is "3.8") found components: Interpreter
2026-02-22T01:34:52.9515288Z -- Cache files will be written to: /build/.cache
2026-02-22T01:34:52.9586124Z -- Zephyr version: 3.5.0 (/nix/store/pz26iwsn417j90xs7y7cwbsjnk7b1riv-zephyr/zephyr)
2026-02-22T01:34:53.1232073Z -- Using keymap file: /nix/store/gcgpbc9x1p3b6vgd0k3hcgf4flvb79lk-zmk-custom-functions-lib/boards/go60/go60.keymap
2026-02-22T01:34:53.1277971Z -- Board: go60_lh
2026-02-22T01:34:53.1311273Z -- Using keymap file: /nix/store/gcgpbc9x1p3b6vgd0k3hcgf4flvb79lk-zmk-custom-functions-lib/boards/go60/go60.keymap
2026-02-22T01:34:53.1357537Z -- Board: go60_rh
2026-02-22T01:34:53.3015864Z -- Found toolchain: gnuarmemb (/nix/store/mczmw3rln2jm6nm080dapyjpj3833rg9-gcc-arm-embedded-12.3.rel1)
2026-02-22T01:34:53.3054713Z -- Found toolchain: gnuarmemb (/nix/store/mczmw3rln2jm6nm080dapyjpj3833rg9-gcc-arm-embedded-12.3.rel1)
2026-02-22T01:34:53.3089758Z -- Found Dtc: /nix/store/2nvmq98zj69i1af1ksh6m08hvfdkjv1z-dtc-1.7.2/bin/dtc (found suitable version "1.7.2", minimum required is "1.4.6")
2026-02-22T01:34:53.3122989Z -- Found BOARD.dts: /build/source/app/boards/arm/go60/go60_lh.dts
2026-02-22T01:34:53.3124041Z -- Found devicetree overlay: /nix/store/gcgpbc9x1p3b6vgd0k3hcgf4flvb79lk-zmk-custom-functions-lib/boards/go60/go60.keymap
2026-02-22T01:34:53.3172374Z -- Found Dtc: /nix/store/2nvmq98zj69i1af1ksh6m08hvfdkjv1z-dtc-1.7.2/bin/dtc (found suitable version "1.7.2", minimum required is "1.4.6")
2026-02-22T01:34:53.3176286Z -- Found BOARD.dts: /build/source/app/boards/arm/go60/go60_rh.dts
2026-02-22T01:34:53.3177326Z -- Found devicetree overlay: /nix/store/gcgpbc9x1p3b6vgd0k3hcgf4flvb79lk-zmk-custom-functions-lib/boards/go60/go60.keymap
2026-02-22T01:34:53.5906230Z devicetree error: /behaviors/n9_parentheses: undefined node label 'pair_paren'
2026-02-22T01:34:53.5907050Z devicetree error: /behaviors/n9_parentheses: undefined node label 'pair_paren'
2026-02-22T01:34:53.6068226Z -- In: /build/source/app/build/zephyr, command: /nix/store/3ym73yjdw7yg6sv3nwr0syligji76i3z-python3-3.12.7-env/bin/python;/nix/store/pz26iwsn417j90xs7y7cwbsjnk7b1riv-zephyr/zephyr/scripts/dts/gen_defines.py;--dts;/build/source/app/build/zephyr/zephyr.dts.pre;--dtc-flags;'-Wno-unique_unit_address_if_enabled';--bindings-dirs;/nix/store/3581iwklzqcg4iyhlyqqrj7yvvm0pykl-cirque-input-module/dts/bindings;/build/source/app/module/dts/bindings;/build/source/app/dts/bindings;/nix/store/pz26iwsn417j90xs7y7cwbsjnk7b1riv-zephyr/zephyr/dts/bindings;--header-out;/build/source/app/build/zephyr/include/generated/devicetree_generated.h.new;--dts-out;/build/source/app/build/zephyr/zephyr.dts.new;--edt-pickle-out;/build/source/app/build/zephyr/edt.pickle;--vendor-prefixes;/nix/store/3581iwklzqcg4iyhlyqqrj7yvvm0pykl-cirque-input-module/dts/bindings/vendor-prefixes.txt;--vendor-prefixes;/build/source/app/dts/bindings/vendor-prefixes.txt;--vendor-prefixes;/nix/store/pz26iwsn417j90xs7y7cwbsjnk7b1riv-zephyr/zephyr/dts/bindings/vendor-prefixes.txt
2026-02-22T01:34:53.6075651Z CMake Error at /nix/store/pz26iwsn417j90xs7y7cwbsjnk7b1riv-zephyr/zephyr/cmake/modules/dts.cmake:279 (message):
2026-02-22T01:34:53.6076456Z   gen_defines.py failed with return code: 1
2026-02-22T01:34:53.6076837Z Call Stack (most recent call first):
2026-02-22T01:34:53.6077576Z   /nix/store/pz26iwsn417j90xs7y7cwbsjnk7b1riv-zephyr/zephyr/cmake/modules/zephyr_default.cmake:129 (include)
2026-02-22T01:34:53.6079103Z   /nix/store/pz26iwsn417j90xs7y7cwbsjnk7b1riv-zephyr/zephyr/share/zephyr-package/cmake/ZephyrConfig.cmake:66 (include)
2026-02-22T01:34:53.6080687Z   /nix/store/pz26iwsn417j90xs7y7cwbsjnk7b1riv-zephyr/zephyr/share/zephyr-package/cmake/ZephyrConfig.cmake:97 (include_boilerplate)
2026-02-22T01:34:53.6081661Z   CMakeLists.txt:9 (find_package)
2026-02-22T01:34:53.6081907Z 
2026-02-22T01:34:53.6081912Z 
2026-02-22T01:34:53.6082073Z -- Configuring incomplete, errors occurred!
2026-02-22T01:34:53.6088618Z -- In: /build/source/app/build/zephyr, command: /nix/store/3ym73yjdw7yg6sv3nwr0syligji76i3z-python3-3.12.7-env/bin/python;/nix/store/pz26iwsn417j90xs7y7cwbsjnk7b1riv-zephyr/zephyr/scripts/dts/gen_defines.py;--dts;/build/source/app/build/zephyr/zephyr.dts.pre;--dtc-flags;'-Wno-unique_unit_address_if_enabled';--bindings-dirs;/nix/store/3581iwklzqcg4iyhlyqqrj7yvvm0pykl-cirque-input-module/dts/bindings;/build/source/app/module/dts/bindings;/build/source/app/dts/bindings;/nix/store/pz26iwsn417j90xs7y7cwbsjnk7b1riv-zephyr/zephyr/dts/bindings;--header-out;/build/source/app/build/zephyr/include/generated/devicetree_generated.h.new;--dts-out;/build/source/app/build/zephyr/zephyr.dts.new;--edt-pickle-out;/build/source/app/build/zephyr/edt.pickle;--vendor-prefixes;/nix/store/3581iwklzqcg4iyhlyqqrj7yvvm0pykl-cirque-input-module/dts/bindings/vendor-prefixes.txt;--vendor-prefixes;/build/source/app/dts/bindings/vendor-prefixes.txt;--vendor-prefixes;/nix/store/pz26iwsn417j90xs7y7cwbsjnk7b1riv-zephyr/zephyr/dts/bindings/vendor-prefixes.txt
2026-02-22T01:34:53.6096607Z CMake Error at /nix/store/pz26iwsn417j90xs7y7cwbsjnk7b1riv-zephyr/zephyr/cmake/modules/dts.cmake:279 (message):
2026-02-22T01:34:53.6097484Z   gen_defines.py failed with return code: 1
2026-02-22T01:34:53.6097917Z Call Stack (most recent call first):
2026-02-22T01:34:53.6098784Z   /nix/store/pz26iwsn417j90xs7y7cwbsjnk7b1riv-zephyr/zephyr/cmake/modules/zephyr_default.cmake:129 (include)
2026-02-22T01:34:53.6100239Z   /nix/store/pz26iwsn417j90xs7y7cwbsjnk7b1riv-zephyr/zephyr/share/zephyr-package/cmake/ZephyrConfig.cmake:66 (include)
2026-02-22T01:34:53.6101713Z   /nix/store/pz26iwsn417j90xs7y7cwbsjnk7b1riv-zephyr/zephyr/share/zephyr-package/cmake/ZephyrConfig.cmake:97 (include_boilerplate)
2026-02-22T01:34:53.6102641Z   CMakeLists.txt:9 (find_package)
2026-02-22T01:34:53.6102878Z 
2026-02-22T01:34:53.6102884Z 
2026-02-22T01:34:53.6103027Z -- Configuring incomplete, errors occurred!
2026-02-22T01:34:53.6914979Z error: builder for '/nix/store/qm656kv0ws1msx6gax8kd01fcn2r7hk2-zmk_go60_lh.drv' failed with exit code 1;
2026-02-22T01:34:53.6915796Z        last 10 log lines:
2026-02-22T01:34:53.6916577Z        > CMake Error at /nix/store/pz26iwsn417j90xs7y7cwbsjnk7b1riv-zephyr/zephyr/cmake/modules/dts.cmake:279 (message):
2026-02-22T01:34:53.6917456Z        >   gen_defines.py failed with return code: 1
2026-02-22T01:34:53.6917919Z        > Call Stack (most recent call first):
2026-02-22T01:34:53.6918780Z        >   /nix/store/pz26iwsn417j90xs7y7cwbsjnk7b1riv-zephyr/zephyr/cmake/modules/zephyr_default.cmake:129 (include)
2026-02-22T01:34:53.6920274Z        >   /nix/store/pz26iwsn417j90xs7y7cwbsjnk7b1riv-zephyr/zephyr/share/zephyr-package/cmake/ZephyrConfig.cmake:66 (include)
2026-02-22T01:34:53.6921677Z        >   /nix/store/pz26iwsn417j90xs7y7cwbsjnk7b1riv-zephyr/zephyr/share/zephyr-package/cmake/ZephyrConfig.cmake:97 (include_boilerplate)
2026-02-22T01:34:53.6922615Z        >   CMakeLists.txt:9 (find_package)
2026-02-22T01:34:53.6922998Z        >
2026-02-22T01:34:53.6923219Z        > 
2026-02-22T01:34:53.6923541Z        > -- Configuring incomplete, errors occurred!
2026-02-22T01:34:53.6924212Z        For full logs, run 'nix log /nix/store/qm656kv0ws1msx6gax8kd01fcn2r7hk2-zmk_go60_lh.drv'.
2026-02-22T01:34:53.7983132Z error: 1 dependencies of derivation '/nix/store/x2kgc134p711hpjszawyx04zvnb90db9-combined_zmk_go60_lh_zmk_go60_rh.drv' failed to build
2026-02-22T01:34:53.8098633Z ##[error]Process completed with exit code 1.
2026-02-22T01:34:53.8169561Z Post job cleanup.
2026-02-22T01:34:53.8610688Z ##[group]Cachix: push
2026-02-22T01:34:53.8611634Z Pushing is disabled as skipPush is set to true
2026-02-22T01:34:53.8612276Z ##[endgroup]
2026-02-22T01:34:53.8710517Z Post job cleanup.
2026-02-22T01:34:53.9665074Z [command]/usr/bin/git version
2026-02-22T01:34:53.9704726Z git version 2.52.0
2026-02-22T01:34:53.9744876Z Temporarily overriding HOME='/home/runner/work/_temp/83205a11-c832-4f67-bf42-f7034507109d' before making global git config changes
2026-02-22T01:34:53.9745986Z Adding repository directory to the temporary git global config as a safe directory
2026-02-22T01:34:53.9750660Z [command]/usr/bin/git config --global --add safe.directory /home/runner/work/zmk-custom-functions-lib/zmk-custom-functions-lib/src
2026-02-22T01:34:53.9788212Z [command]/usr/bin/git config --local --name-only --get-regexp core\.sshCommand
2026-02-22T01:34:53.9822035Z [command]/usr/bin/git submodule foreach --recursive sh -c "git config --local --name-only --get-regexp 'core\.sshCommand' && git config --local --unset-all 'core.sshCommand' || :"
2026-02-22T01:34:54.0075550Z [command]/usr/bin/git config --local --name-only --get-regexp http\.https\:\/\/github\.com\/\.extraheader
2026-02-22T01:34:54.0097936Z http.https://github.com/.extraheader
2026-02-22T01:34:54.0110664Z [command]/usr/bin/git config --local --unset-all http.https://github.com/.extraheader
2026-02-22T01:34:54.0142533Z [command]/usr/bin/git submodule foreach --recursive sh -c "git config --local --name-only --get-regexp 'http\.https\:\/\/github\.com\/\.extraheader' && git config --local --unset-all 'http.https://github.com/.extraheader' || :"
2026-02-22T01:34:54.0383671Z [command]/usr/bin/git config --local --name-only --get-regexp ^includeIf\.gitdir:
2026-02-22T01:34:54.0415252Z [command]/usr/bin/git submodule foreach --recursive git config --local --show-origin --name-only --get-regexp remote.origin.url
2026-02-22T01:34:54.0790416Z Post job cleanup.
2026-02-22T01:34:54.1725858Z [command]/usr/bin/git version
2026-02-22T01:34:54.1762817Z git version 2.52.0
2026-02-22T01:34:54.1803952Z Temporarily overriding HOME='/home/runner/work/_temp/d2a61b1e-0fa5-4868-94b7-57909d3fcd34' before making global git config changes
2026-02-22T01:34:54.1805154Z Adding repository directory to the temporary git global config as a safe directory
2026-02-22T01:34:54.1810631Z [command]/usr/bin/git config --global --add safe.directory /home/runner/work/zmk-custom-functions-lib/zmk-custom-functions-lib
2026-02-22T01:34:54.1847608Z [command]/usr/bin/git config --local --name-only --get-regexp core\.sshCommand
2026-02-22T01:34:54.1881339Z [command]/usr/bin/git submodule foreach --recursive sh -c "git config --local --name-only --get-regexp 'core\.sshCommand' && git config --local --unset-all 'core.sshCommand' || :"
2026-02-22T01:34:54.2132536Z [command]/usr/bin/git config --local --name-only --get-regexp http\.https\:\/\/github\.com\/\.extraheader
2026-02-22T01:34:54.2166643Z http.https://github.com/.extraheader
2026-02-22T01:34:54.2185010Z [command]/usr/bin/git config --local --unset-all http.https://github.com/.extraheader
2026-02-22T01:34:54.2227467Z [command]/usr/bin/git submodule foreach --recursive sh -c "git config --local --name-only --get-regexp 'http\.https\:\/\/github\.com\/\.extraheader' && git config --local --unset-all 'http.https://github.com/.extraheader' || :"
2026-02-22T01:34:54.2497124Z [command]/usr/bin/git config --local --name-only --get-regexp ^includeIf\.gitdir:
2026-02-22T01:34:54.2535286Z [command]/usr/bin/git submodule foreach --recursive git config --local --show-origin --name-only --get-regexp remote.origin.url
2026-02-22T01:34:54.2914709Z Cleaning up orphan processes
