2026-02-23T06:00:51.3184532Z Current runner version: '2.331.0'
2026-02-23T06:00:51.3218375Z ##[group]Runner Image Provisioner
2026-02-23T06:00:51.3220098Z Hosted Compute Agent
2026-02-23T06:00:51.3221007Z Version: 20260123.484
2026-02-23T06:00:51.3221980Z Commit: 6bd6555ca37d84114959e1c76d2c01448ff61c5d
2026-02-23T06:00:51.3223122Z Build Date: 2026-01-23T19:41:17Z
2026-02-23T06:00:51.3224233Z Worker ID: {91ae9b76-db68-473e-9314-c880a454106e}
2026-02-23T06:00:51.3225563Z Azure Region: eastus
2026-02-23T06:00:51.3226490Z ##[endgroup]
2026-02-23T06:00:51.3228674Z ##[group]Operating System
2026-02-23T06:00:51.3229968Z Ubuntu
2026-02-23T06:00:51.3230702Z 24.04.3
2026-02-23T06:00:51.3231527Z LTS
2026-02-23T06:00:51.3232527Z ##[endgroup]
2026-02-23T06:00:51.3233338Z ##[group]Runner Image
2026-02-23T06:00:51.3234338Z Image: ubuntu-24.04
2026-02-23T06:00:51.3235328Z Version: 20260201.15.1
2026-02-23T06:00:51.3237354Z Included Software: https://github.com/actions/runner-images/blob/ubuntu24/20260201.15/images/ubuntu/Ubuntu2404-Readme.md
2026-02-23T06:00:51.3240353Z Image Release: https://github.com/actions/runner-images/releases/tag/ubuntu24%2F20260201.15
2026-02-23T06:00:51.3241951Z ##[endgroup]
2026-02-23T06:00:51.3243933Z ##[group]GITHUB_TOKEN Permissions
2026-02-23T06:00:51.3246542Z Contents: read
2026-02-23T06:00:51.3247649Z Metadata: read
2026-02-23T06:00:51.3248559Z Packages: read
2026-02-23T06:00:51.3249421Z ##[endgroup]
2026-02-23T06:00:51.3253313Z Secret source: Actions
2026-02-23T06:00:51.3254754Z Prepare workflow directory
2026-02-23T06:00:51.3739598Z Prepare all required actions
2026-02-23T06:00:51.3797755Z Getting action download info
2026-02-23T06:00:51.6898510Z Download action repository 'actions/checkout@v4' (SHA:34e114876b0b11c390a56381ad16ebd13914f8d5)
2026-02-23T06:00:51.7918487Z Download action repository 'cachix/install-nix-action@v25' (SHA:6004951b182f8860210c8d6f0d808ec5b1a33d28)
2026-02-23T06:00:52.0182166Z Download action repository 'cachix/cachix-action@v14' (SHA:18cf96c7c98e048e10a83abd92116114cd8504be)
2026-02-23T06:00:52.2186267Z Download action repository 'actions/upload-artifact@v4' (SHA:ea165f8d65b6e75b540449e92b4886f43607fa02)
2026-02-23T06:00:52.4605990Z Complete job name: Build Glove80
2026-02-23T06:00:52.5349121Z ##[group]Run actions/checkout@v4
2026-02-23T06:00:52.5350214Z with:
2026-02-23T06:00:52.5350752Z   repository: nothingfortune/zmk-multi-keyboard-build
2026-02-23T06:00:52.5351572Z   token: ***
2026-02-23T06:00:52.5351981Z   ssh-strict: true
2026-02-23T06:00:52.5352408Z   ssh-user: git
2026-02-23T06:00:52.5352848Z   persist-credentials: true
2026-02-23T06:00:52.5353306Z   clean: true
2026-02-23T06:00:52.5353731Z   sparse-checkout-cone-mode: true
2026-02-23T06:00:52.5354246Z   fetch-depth: 1
2026-02-23T06:00:52.5354659Z   fetch-tags: false
2026-02-23T06:00:52.5355081Z   show-progress: true
2026-02-23T06:00:52.5355521Z   lfs: false
2026-02-23T06:00:52.5355914Z   submodules: false
2026-02-23T06:00:52.5356337Z   set-safe-directory: true
2026-02-23T06:00:52.5357182Z ##[endgroup]
2026-02-23T06:00:52.6440620Z Syncing repository: nothingfortune/zmk-multi-keyboard-build
2026-02-23T06:00:52.6443934Z ##[group]Getting Git version info
2026-02-23T06:00:52.6445771Z Working directory is '/home/runner/work/zmk-multi-keyboard-build/zmk-multi-keyboard-build'
2026-02-23T06:00:52.6447077Z [command]/usr/bin/git version
2026-02-23T06:00:52.6500580Z git version 2.52.0
2026-02-23T06:00:52.6527319Z ##[endgroup]
2026-02-23T06:00:52.6542198Z Temporarily overriding HOME='/home/runner/work/_temp/1a9d8100-8172-49e0-a054-f54f5ae38a93' before making global git config changes
2026-02-23T06:00:52.6555298Z Adding repository directory to the temporary git global config as a safe directory
2026-02-23T06:00:52.6556700Z [command]/usr/bin/git config --global --add safe.directory /home/runner/work/zmk-multi-keyboard-build/zmk-multi-keyboard-build
2026-02-23T06:00:52.6594652Z Deleting the contents of '/home/runner/work/zmk-multi-keyboard-build/zmk-multi-keyboard-build'
2026-02-23T06:00:52.6597839Z ##[group]Initializing the repository
2026-02-23T06:00:52.6602210Z [command]/usr/bin/git init /home/runner/work/zmk-multi-keyboard-build/zmk-multi-keyboard-build
2026-02-23T06:00:52.6697666Z hint: Using 'master' as the name for the initial branch. This default branch name
2026-02-23T06:00:52.6699371Z hint: will change to "main" in Git 3.0. To configure the initial branch name
2026-02-23T06:00:52.6701258Z hint: to use in all of your new repositories, which will suppress this warning,
2026-02-23T06:00:52.6702550Z hint: call:
2026-02-23T06:00:52.6703179Z hint:
2026-02-23T06:00:52.6704195Z hint: 	git config --global init.defaultBranch <name>
2026-02-23T06:00:52.6704968Z hint:
2026-02-23T06:00:52.6705556Z hint: Names commonly chosen instead of 'master' are 'main', 'trunk' and
2026-02-23T06:00:52.6706856Z hint: 'development'. The just-created branch can be renamed via this command:
2026-02-23T06:00:52.6707735Z hint:
2026-02-23T06:00:52.6708159Z hint: 	git branch -m <name>
2026-02-23T06:00:52.6708623Z hint:
2026-02-23T06:00:52.6709248Z hint: Disable this message with "git config set advice.defaultBranchName false"
2026-02-23T06:00:52.6711292Z Initialized empty Git repository in /home/runner/work/zmk-multi-keyboard-build/zmk-multi-keyboard-build/.git/
2026-02-23T06:00:52.6714108Z [command]/usr/bin/git remote add origin https://github.com/nothingfortune/zmk-multi-keyboard-build
2026-02-23T06:00:52.6745314Z ##[endgroup]
2026-02-23T06:00:52.6746074Z ##[group]Disabling automatic garbage collection
2026-02-23T06:00:52.6750680Z [command]/usr/bin/git config --local gc.auto 0
2026-02-23T06:00:52.6779354Z ##[endgroup]
2026-02-23T06:00:52.6781013Z ##[group]Setting up auth
2026-02-23T06:00:52.6787123Z [command]/usr/bin/git config --local --name-only --get-regexp core\.sshCommand
2026-02-23T06:00:52.6817758Z [command]/usr/bin/git submodule foreach --recursive sh -c "git config --local --name-only --get-regexp 'core\.sshCommand' && git config --local --unset-all 'core.sshCommand' || :"
2026-02-23T06:00:52.7172423Z [command]/usr/bin/git config --local --name-only --get-regexp http\.https\:\/\/github\.com\/\.extraheader
2026-02-23T06:00:52.7205081Z [command]/usr/bin/git submodule foreach --recursive sh -c "git config --local --name-only --get-regexp 'http\.https\:\/\/github\.com\/\.extraheader' && git config --local --unset-all 'http.https://github.com/.extraheader' || :"
2026-02-23T06:00:52.7425522Z [command]/usr/bin/git config --local --name-only --get-regexp ^includeIf\.gitdir:
2026-02-23T06:00:52.7456136Z [command]/usr/bin/git submodule foreach --recursive git config --local --show-origin --name-only --get-regexp remote.origin.url
2026-02-23T06:00:52.7692497Z [command]/usr/bin/git config --local http.https://github.com/.extraheader AUTHORIZATION: basic ***
2026-02-23T06:00:52.7730128Z ##[endgroup]
2026-02-23T06:00:52.7730958Z ##[group]Fetching the repository
2026-02-23T06:00:52.7739003Z [command]/usr/bin/git -c protocol.version=2 fetch --no-tags --prune --no-recurse-submodules --depth=1 origin +f871e81b3030d5ac68b1425aa41291210171cf96:refs/remotes/origin/main
2026-02-23T06:00:52.9413411Z From https://github.com/nothingfortune/zmk-multi-keyboard-build
2026-02-23T06:00:52.9414543Z  * [new ref]         f871e81b3030d5ac68b1425aa41291210171cf96 -> origin/main
2026-02-23T06:00:52.9443912Z ##[endgroup]
2026-02-23T06:00:52.9444649Z ##[group]Determining the checkout info
2026-02-23T06:00:52.9446020Z ##[endgroup]
2026-02-23T06:00:52.9451362Z [command]/usr/bin/git sparse-checkout disable
2026-02-23T06:00:52.9489605Z [command]/usr/bin/git config --local --unset-all extensions.worktreeConfig
2026-02-23T06:00:52.9513913Z ##[group]Checking out the ref
2026-02-23T06:00:52.9517708Z [command]/usr/bin/git checkout --progress --force -B main refs/remotes/origin/main
2026-02-23T06:00:52.9609502Z Switched to a new branch 'main'
2026-02-23T06:00:52.9612615Z branch 'main' set up to track 'origin/main'.
2026-02-23T06:00:52.9619506Z ##[endgroup]
2026-02-23T06:00:52.9653182Z [command]/usr/bin/git log -1 --format=%H
2026-02-23T06:00:52.9674702Z f871e81b3030d5ac68b1425aa41291210171cf96
2026-02-23T06:00:52.9934637Z ##[group]Run actions/checkout@v4
2026-02-23T06:00:52.9935455Z with:
2026-02-23T06:00:52.9935836Z   repository: moergo-sc/zmk
2026-02-23T06:00:52.9936291Z   ref: main
2026-02-23T06:00:52.9936662Z   path: src
2026-02-23T06:00:52.9937216Z   token: ***
2026-02-23T06:00:52.9937624Z   ssh-strict: true
2026-02-23T06:00:52.9938035Z   ssh-user: git
2026-02-23T06:00:52.9938458Z   persist-credentials: true
2026-02-23T06:00:52.9938919Z   clean: true
2026-02-23T06:00:52.9939342Z   sparse-checkout-cone-mode: true
2026-02-23T06:00:52.9940065Z   fetch-depth: 1
2026-02-23T06:00:52.9940481Z   fetch-tags: false
2026-02-23T06:00:52.9940900Z   show-progress: true
2026-02-23T06:00:52.9941328Z   lfs: false
2026-02-23T06:00:52.9941722Z   submodules: false
2026-02-23T06:00:52.9942155Z   set-safe-directory: true
2026-02-23T06:00:52.9942618Z ##[endgroup]
2026-02-23T06:00:53.0870809Z Syncing repository: moergo-sc/zmk
2026-02-23T06:00:53.0877249Z ##[group]Getting Git version info
2026-02-23T06:00:53.0878886Z Working directory is '/home/runner/work/zmk-multi-keyboard-build/zmk-multi-keyboard-build/src'
2026-02-23T06:00:53.0920193Z [command]/usr/bin/git version
2026-02-23T06:00:53.0956606Z git version 2.52.0
2026-02-23T06:00:53.0983592Z ##[endgroup]
2026-02-23T06:00:53.0996401Z Temporarily overriding HOME='/home/runner/work/_temp/c479278a-15ea-447c-b8eb-dca99d892d81' before making global git config changes
2026-02-23T06:00:53.0998659Z Adding repository directory to the temporary git global config as a safe directory
2026-02-23T06:00:53.1008584Z [command]/usr/bin/git config --global --add safe.directory /home/runner/work/zmk-multi-keyboard-build/zmk-multi-keyboard-build/src
2026-02-23T06:00:53.1041495Z ##[group]Initializing the repository
2026-02-23T06:00:53.1048374Z [command]/usr/bin/git init /home/runner/work/zmk-multi-keyboard-build/zmk-multi-keyboard-build/src
2026-02-23T06:00:53.1086625Z hint: Using 'master' as the name for the initial branch. This default branch name
2026-02-23T06:00:53.1088503Z hint: will change to "main" in Git 3.0. To configure the initial branch name
2026-02-23T06:00:53.1092266Z hint: to use in all of your new repositories, which will suppress this warning,
2026-02-23T06:00:53.1093408Z hint: call:
2026-02-23T06:00:53.1093958Z hint:
2026-02-23T06:00:53.1094641Z hint: 	git config --global init.defaultBranch <name>
2026-02-23T06:00:53.1095529Z hint:
2026-02-23T06:00:53.1096354Z hint: Names commonly chosen instead of 'master' are 'main', 'trunk' and
2026-02-23T06:00:53.1097760Z hint: 'development'. The just-created branch can be renamed via this command:
2026-02-23T06:00:53.1163443Z hint:
2026-02-23T06:00:53.1164127Z hint: 	git branch -m <name>
2026-02-23T06:00:53.1164839Z hint:
2026-02-23T06:00:53.1165768Z hint: Disable this message with "git config set advice.defaultBranchName false"
2026-02-23T06:00:53.1167654Z Initialized empty Git repository in /home/runner/work/zmk-multi-keyboard-build/zmk-multi-keyboard-build/src/.git/
2026-02-23T06:00:53.1171219Z [command]/usr/bin/git remote add origin https://github.com/moergo-sc/zmk
2026-02-23T06:00:53.1173649Z ##[endgroup]
2026-02-23T06:00:53.1174707Z ##[group]Disabling automatic garbage collection
2026-02-23T06:00:53.1175659Z [command]/usr/bin/git config --local gc.auto 0
2026-02-23T06:00:53.1176931Z ##[endgroup]
2026-02-23T06:00:53.1177767Z ##[group]Setting up auth
2026-02-23T06:00:53.1178949Z [command]/usr/bin/git config --local --name-only --get-regexp core\.sshCommand
2026-02-23T06:00:53.1208985Z [command]/usr/bin/git submodule foreach --recursive sh -c "git config --local --name-only --get-regexp 'core\.sshCommand' && git config --local --unset-all 'core.sshCommand' || :"
2026-02-23T06:00:53.1428781Z [command]/usr/bin/git config --local --name-only --get-regexp http\.https\:\/\/github\.com\/\.extraheader
2026-02-23T06:00:53.1458728Z [command]/usr/bin/git submodule foreach --recursive sh -c "git config --local --name-only --get-regexp 'http\.https\:\/\/github\.com\/\.extraheader' && git config --local --unset-all 'http.https://github.com/.extraheader' || :"
2026-02-23T06:00:53.1675682Z [command]/usr/bin/git config --local --name-only --get-regexp ^includeIf\.gitdir:
2026-02-23T06:00:53.1706269Z [command]/usr/bin/git submodule foreach --recursive git config --local --show-origin --name-only --get-regexp remote.origin.url
2026-02-23T06:00:53.1935459Z [command]/usr/bin/git config --local http.https://github.com/.extraheader AUTHORIZATION: basic ***
2026-02-23T06:00:53.1969264Z ##[endgroup]
2026-02-23T06:00:53.1970836Z ##[group]Fetching the repository
2026-02-23T06:00:53.1979316Z [command]/usr/bin/git -c protocol.version=2 fetch --no-tags --prune --no-recurse-submodules --depth=1 origin +refs/heads/main*:refs/remotes/origin/main* +refs/tags/main*:refs/tags/main*
2026-02-23T06:00:53.6507526Z From https://github.com/moergo-sc/zmk
2026-02-23T06:00:53.6508273Z  * [new branch]      main       -> origin/main
2026-02-23T06:00:53.6536522Z ##[endgroup]
2026-02-23T06:00:53.6537228Z ##[group]Determining the checkout info
2026-02-23T06:00:53.6543565Z [command]/usr/bin/git branch --list --remote origin/main
2026-02-23T06:00:53.6566705Z   origin/main
2026-02-23T06:00:53.6571952Z ##[endgroup]
2026-02-23T06:00:53.6576163Z [command]/usr/bin/git sparse-checkout disable
2026-02-23T06:00:53.6610267Z [command]/usr/bin/git config --local --unset-all extensions.worktreeConfig
2026-02-23T06:00:53.6637511Z ##[group]Checking out the ref
2026-02-23T06:00:53.6642054Z [command]/usr/bin/git checkout --progress --force -B main refs/remotes/origin/main
2026-02-23T06:00:53.8011557Z Switched to a new branch 'main'
2026-02-23T06:00:53.8013519Z branch 'main' set up to track 'origin/main'.
2026-02-23T06:00:53.8024887Z ##[endgroup]
2026-02-23T06:00:53.8064148Z [command]/usr/bin/git log -1 --format=%H
2026-02-23T06:00:53.8086331Z 11454d23596afbdb06380a1125371b19ab65675c
2026-02-23T06:00:53.8337782Z ##[group]Run cachix/install-nix-action@v25
2026-02-23T06:00:53.8339114Z with:
2026-02-23T06:00:53.8340195Z   nix_path: nixpkgs=channel:nixos-22.05
2026-02-23T06:00:53.8341400Z   enable_kvm: true
2026-02-23T06:00:53.8342273Z ##[endgroup]
2026-02-23T06:00:53.8450950Z ##[group]Run ${GITHUB_ACTION_PATH}/install-nix.sh
2026-02-23T06:00:53.8452458Z [36;1m${GITHUB_ACTION_PATH}/install-nix.sh[0m
2026-02-23T06:00:53.8491249Z shell: /usr/bin/bash --noprofile --norc -e -o pipefail {0}
2026-02-23T06:00:53.8492648Z env:
2026-02-23T06:00:53.8493465Z   INPUT_EXTRA_NIX_CONFIG: 
2026-02-23T06:00:53.8494484Z   INPUT_GITHUB_ACCESS_TOKEN: 
2026-02-23T06:00:53.8495566Z   INPUT_INSTALL_OPTIONS: 
2026-02-23T06:00:53.8496567Z   INPUT_INSTALL_URL: 
2026-02-23T06:00:53.8497604Z   INPUT_NIX_PATH: nixpkgs=channel:nixos-22.05
2026-02-23T06:00:53.8498872Z   INPUT_ENABLE_KVM: true
2026-02-23T06:00:53.8500437Z   GITHUB_TOKEN: ***
2026-02-23T06:00:53.8501344Z ##[endgroup]
2026-02-23T06:00:53.8609954Z ##[group]Enabling KVM support
2026-02-23T06:00:53.8675527Z KERNEL=="kvm", GROUP="kvm", MODE="0666", OPTIONS+="static_node=kvm"
2026-02-23T06:00:53.8985642Z Enabled KVM
2026-02-23T06:00:53.8987908Z ##[endgroup]
2026-02-23T06:00:53.8989891Z ##[group]Installing Nix
2026-02-23T06:00:53.9271948Z installer options: --no-channel-add --darwin-use-unencrypted-nix-store-volume --nix-extra-conf-file /tmp/tmp.fOzdq5gLZq/nix.conf --daemon --daemon-user-count 8
2026-02-23T06:00:53.9490818Z * Host releases.nixos.org:443 was resolved.
2026-02-23T06:00:53.9496276Z * IPv6: 2a04:4e42:77::347
2026-02-23T06:00:53.9497251Z * IPv4: 199.232.89.91
2026-02-23T06:00:53.9498307Z *   Trying 199.232.89.91:443...
2026-02-23T06:00:53.9548842Z * Connected to releases.nixos.org (199.232.89.91) port 443
2026-02-23T06:00:53.9562079Z * ALPN: curl offers h2,http/1.1
2026-02-23T06:00:53.9563679Z } [5 bytes data]
2026-02-23T06:00:53.9564804Z * TLSv1.3 (OUT), TLS handshake, Client hello (1):
2026-02-23T06:00:53.9566056Z } [512 bytes data]
2026-02-23T06:00:53.9780878Z *  CAfile: /etc/ssl/certs/ca-certificates.crt
2026-02-23T06:00:53.9782990Z *  CApath: /etc/ssl/certs
2026-02-23T06:00:53.9784209Z { [5 bytes data]
2026-02-23T06:00:53.9785399Z * TLSv1.3 (IN), TLS handshake, Server hello (2):
2026-02-23T06:00:53.9786900Z { [122 bytes data]
2026-02-23T06:00:53.9788718Z * TLSv1.3 (IN), TLS handshake, Encrypted Extensions (8):
2026-02-23T06:00:53.9790917Z { [19 bytes data]
2026-02-23T06:00:53.9792410Z * TLSv1.3 (IN), TLS handshake, Certificate (11):
2026-02-23T06:00:53.9794282Z { [2602 bytes data]
2026-02-23T06:00:53.9795882Z * TLSv1.3 (IN), TLS handshake, CERT verify (15):
2026-02-23T06:00:53.9797729Z { [264 bytes data]
2026-02-23T06:00:53.9798726Z * TLSv1.3 (IN), TLS handshake, Finished (20):
2026-02-23T06:00:53.9800051Z { [36 bytes data]
2026-02-23T06:00:53.9801155Z * TLSv1.3 (OUT), TLS change cipher, Change cipher spec (1):
2026-02-23T06:00:53.9802486Z } [1 bytes data]
2026-02-23T06:00:53.9803415Z * TLSv1.3 (OUT), TLS handshake, Finished (20):
2026-02-23T06:00:53.9804610Z } [36 bytes data]
2026-02-23T06:00:53.9805893Z * SSL connection using TLSv1.3 / TLS_AES_128_GCM_SHA256 / X25519 / RSASSA-PSS
2026-02-23T06:00:53.9807513Z * ALPN: server accepted h2
2026-02-23T06:00:53.9808467Z * Server certificate:
2026-02-23T06:00:53.9809378Z *  subject: CN=releases.nixos.org
2026-02-23T06:00:53.9810544Z *  start date: Jan 13 01:58:01 2026 GMT
2026-02-23T06:00:53.9811640Z *  expire date: Apr 13 01:58:00 2026 GMT
2026-02-23T06:00:53.9813316Z *  subjectAltName: host "releases.nixos.org" matched cert's "releases.nixos.org"
2026-02-23T06:00:53.9815079Z *  issuer: C=US; O=Let's Encrypt; CN=R12
2026-02-23T06:00:53.9816214Z *  SSL certificate verify ok.
2026-02-23T06:00:53.9818039Z *   Certificate level 0: Public key type RSA (2048/112 Bits/secBits), signed using sha256WithRSAEncryption
2026-02-23T06:00:53.9820931Z *   Certificate level 1: Public key type RSA (2048/112 Bits/secBits), signed using sha256WithRSAEncryption
2026-02-23T06:00:53.9824008Z *   Certificate level 2: Public key type RSA (4096/152 Bits/secBits), signed using sha256WithRSAEncryption
2026-02-23T06:00:53.9826009Z { [5 bytes data]
2026-02-23T06:00:53.9827002Z * TLSv1.3 (IN), TLS handshake, Newsession Ticket (4):
2026-02-23T06:00:53.9828259Z { [201 bytes data]
2026-02-23T06:00:53.9829064Z * using HTTP/2
2026-02-23T06:00:53.9830584Z * [HTTP/2] [1] OPENED stream for https://releases.nixos.org/nix/nix-2.19.2/install
2026-02-23T06:00:53.9832235Z * [HTTP/2] [1] [:method: GET]
2026-02-23T06:00:53.9833212Z * [HTTP/2] [1] [:scheme: https]
2026-02-23T06:00:53.9834299Z * [HTTP/2] [1] [:authority: releases.nixos.org]
2026-02-23T06:00:53.9835570Z * [HTTP/2] [1] [:path: /nix/nix-2.19.2/install]
2026-02-23T06:00:53.9836764Z * [HTTP/2] [1] [user-agent: curl/8.5.0]
2026-02-23T06:00:53.9837857Z * [HTTP/2] [1] [accept: */*]
2026-02-23T06:00:53.9838987Z } [5 bytes data]
2026-02-23T06:00:53.9839984Z > GET /nix/nix-2.19.2/install HTTP/2
2026-02-23T06:00:53.9841094Z > Host: releases.nixos.org
2026-02-23T06:00:53.9842036Z > User-Agent: curl/8.5.0
2026-02-23T06:00:53.9842940Z > Accept: */*
2026-02-23T06:00:53.9843670Z > 
2026-02-23T06:00:53.9849014Z { [5 bytes data]
2026-02-23T06:00:53.9862219Z < HTTP/2 200 
2026-02-23T06:00:53.9863642Z < last-modified: Wed, 29 Nov 2023 16:16:25 GMT
2026-02-23T06:00:53.9865537Z < etag: "65029e6468c72d36dcb083ab91c4a430"
2026-02-23T06:00:53.9866872Z < x-amz-server-side-encryption: AES256
2026-02-23T06:00:53.9868019Z < content-type: text/plain
2026-02-23T06:00:53.9868947Z < server: AmazonS3
2026-02-23T06:00:53.9869933Z < via: 1.1 varnish, 1.1 varnish
2026-02-23T06:00:53.9870966Z < access-control-allow-origin: *
2026-02-23T06:00:53.9872014Z < accept-ranges: bytes
2026-02-23T06:00:53.9872882Z < age: 82287
2026-02-23T06:00:53.9873684Z < date: Mon, 23 Feb 2026 06:00:53 GMT
2026-02-23T06:00:53.9875026Z < x-served-by: cache-dub4395-DUB, cache-ewr-kewr1740034-EWR
2026-02-23T06:00:53.9876383Z < x-cache: HIT, HIT
2026-02-23T06:00:53.9877220Z < x-cache-hits: 90, 0
2026-02-23T06:00:53.9878087Z < content-length: 4052
2026-02-23T06:00:53.9878937Z < 
2026-02-23T06:00:53.9879742Z { [4052 bytes data]
2026-02-23T06:00:53.9880763Z * Connection #0 to host releases.nixos.org left intact
2026-02-23T06:00:53.9935475Z downloading Nix 2.19.2 binary tarball for x86_64-linux from 'https://releases.nixos.org/nix/nix-2.19.2/nix-2.19.2-x86_64-linux.tar.xz' to '/tmp/nix-binary-tarball-unpack.iOEtdBIoW3'...
2026-02-23T06:00:53.9981022Z   % Total    % Received % Xferd  Average Speed   Time    Time     Time  Current
2026-02-23T06:00:53.9983894Z                                  Dload  Upload   Total   Spent    Left  Speed
2026-02-23T06:00:53.9985588Z 
2026-02-23T06:00:54.1141451Z   0     0    0     0    0     0      0      0 --:--:-- --:--:-- --:--:--     0
2026-02-23T06:00:54.1143808Z 100 20.6M  100 20.6M    0     0   177M      0 --:--:-- --:--:-- --:--:--  179M
2026-02-23T06:00:55.5858171Z Note: a multi-user installation is possible. See https://nixos.org/manual/nix/stable/installation/installing-binary.html#multi-user-installation
2026-02-23T06:00:55.5867322Z Warning: the flag --darwin-use-unencrypted-nix-store-volume
2026-02-23T06:00:55.5868185Z          is no longer needed and will be removed in the future.
2026-02-23T06:00:55.5868659Z 
2026-02-23T06:00:55.5878651Z [1;31mSwitching to the Multi-user Installer[0m
2026-02-23T06:00:55.5977224Z [32mWelcome to the Multi-User Nix Installation
2026-02-23T06:00:55.5987403Z [0m
2026-02-23T06:00:55.5988182Z This installation tool will set up your computer with the Nix package
2026-02-23T06:00:55.5988677Z manager. This will happen in a few stages:
2026-02-23T06:00:55.5989028Z 
2026-02-23T06:00:55.5989373Z 1. Make sure your computer doesn't already have Nix. If it does, I
2026-02-23T06:00:55.5990159Z    will show you instructions on how to clean up your old install.
2026-02-23T06:00:55.5990449Z 
2026-02-23T06:00:55.5990679Z 2. Show you what I am going to install and where. Then I will ask
2026-02-23T06:00:55.5991089Z    if you are ready to continue.
2026-02-23T06:00:55.5991296Z 
2026-02-23T06:00:55.5992041Z 3. Create the system users [34m(uids [30001..30008])[0m and groups [34m(gid 30000)[0m
2026-02-23T06:00:55.5992544Z    that the Nix daemon uses to run builds.
2026-02-23T06:00:55.5992774Z 
2026-02-23T06:00:55.5992973Z 4. Perform the basic installation of the Nix files daemon.
2026-02-23T06:00:55.5993252Z 
2026-02-23T06:00:55.5993464Z 5. Configure your shell to import special Nix Profile files, so you
2026-02-23T06:00:55.5993856Z    can use Nix.
2026-02-23T06:00:55.5993987Z 
2026-02-23T06:00:55.5994086Z 6. Start the Nix daemon.
2026-02-23T06:00:55.5994254Z 
2026-02-23T06:00:55.5994548Z [32m[4;32mWould you like to see a more detailed list of what I will do?
2026-02-23T06:00:55.5994996Z [0mNo TTY, assuming you would say yes :)
2026-02-23T06:00:55.5999605Z 
2026-02-23T06:00:55.6000229Z I will:
2026-02-23T06:00:55.6000600Z 
2026-02-23T06:00:55.6000984Z  - make sure your computer doesn't already have Nix files
2026-02-23T06:00:55.6001772Z    (if it does, I will tell you how to clean them up.)
2026-02-23T06:00:55.6002458Z  - create local users (see the list above for the users I'll make)
2026-02-23T06:00:55.6002860Z  - create a local group (nixbld)
2026-02-23T06:00:55.6003139Z  - install Nix in to /nix
2026-02-23T06:00:55.6003423Z  - create a configuration file in /etc/nix
2026-02-23T06:00:55.6003833Z  - set up the "default profile" by creating some Nix-related files in
2026-02-23T06:00:55.6004201Z    /root
2026-02-23T06:00:55.6015631Z  - back up /etc/bash.bashrc to /etc/bash.bashrc.backup-before-nix
2026-02-23T06:00:55.6016173Z  - update /etc/bash.bashrc to include some Nix configuration
2026-02-23T06:00:55.6026993Z  - load and start a service (at /etc/systemd/system/nix-daemon.service
2026-02-23T06:00:55.6027495Z    and /etc/systemd/system/nix-daemon.socket) for nix-daemon
2026-02-23T06:00:55.6027890Z 
2026-02-23T06:00:55.6029595Z [32m[4;32mReady to continue?
2026-02-23T06:00:55.6030614Z [0mNo TTY, assuming you would say yes :)
2026-02-23T06:00:55.6047757Z 
2026-02-23T06:00:55.6048451Z [34m---- let's talk about sudo -----------------------------------------------------
2026-02-23T06:00:55.6058456Z [0mThis script is going to call sudo a lot. Normally, it would show you
2026-02-23T06:00:55.6059249Z exactly what commands it is running and why. However, the script is
2026-02-23T06:00:55.6060175Z run in a headless fashion, like this:
2026-02-23T06:00:55.6060543Z 
2026-02-23T06:00:55.6060837Z   $ curl -L https://nixos.org/nix/install | sh
2026-02-23T06:00:55.6061097Z 
2026-02-23T06:00:55.6061291Z or maybe in a CI pipeline. Because of that, I'm going to skip the
2026-02-23T06:00:55.6061679Z verbose output in the interest of brevity.
2026-02-23T06:00:55.6061886Z 
2026-02-23T06:00:55.6061984Z If you would like to
2026-02-23T06:00:55.6062235Z see the output, try like this:
2026-02-23T06:00:55.6062403Z 
2026-02-23T06:00:55.6062575Z   $ curl -L -o install-nix https://nixos.org/nix/install
2026-02-23T06:00:55.6062913Z   $ sh ./install-nix
2026-02-23T06:00:55.6063052Z 
2026-02-23T06:00:55.6063084Z 
2026-02-23T06:00:55.6063368Z [32m~~> Checking for artifacts of previous installs
2026-02-23T06:00:55.6070766Z [0mBefore I try to install, I'll check for signs Nix already is or has
2026-02-23T06:00:55.6071234Z been installed on this system.
2026-02-23T06:00:55.6104094Z 
2026-02-23T06:00:55.6104863Z [34m---- Nix config report ---------------------------------------------------------
2026-02-23T06:00:55.6105901Z [0m[1m        Temp Dir[0m:	/tmp/tmp.r5gI57FOcL
2026-02-23T06:00:55.6106573Z [1m        Nix Root[0m:	/nix
2026-02-23T06:00:55.6107111Z [1m     Build Users[0m:	8
2026-02-23T06:00:55.6107641Z [1m  Build Group ID[0m:	30000
2026-02-23T06:00:55.6107971Z [1mBuild Group Name[0m:	nixbld
2026-02-23T06:00:55.6108166Z 
2026-02-23T06:00:55.6108292Z [4;34mbuild users:
2026-02-23T06:00:55.6108566Z [0m[1m    Username[0m:	UID
2026-02-23T06:00:55.6241988Z [1m     nixbld1[0m:	30001
2026-02-23T06:00:55.6252041Z [1m     nixbld2[0m:	30002
2026-02-23T06:00:55.6261958Z [1m     nixbld3[0m:	30003
2026-02-23T06:00:55.6272558Z [1m     nixbld4[0m:	30004
2026-02-23T06:00:55.6282601Z [1m     nixbld5[0m:	30005
2026-02-23T06:00:55.6292552Z [1m     nixbld6[0m:	30006
2026-02-23T06:00:55.6302512Z [1m     nixbld7[0m:	30007
2026-02-23T06:00:55.6312524Z [1m     nixbld8[0m:	30008
2026-02-23T06:00:55.6312848Z 
2026-02-23T06:00:55.6313160Z [32m[4;32mReady to continue?
2026-02-23T06:00:55.6313769Z [0mNo TTY, assuming you would say yes :)
2026-02-23T06:00:55.6314080Z 
2026-02-23T06:00:55.6314261Z [32m~~> Setting up the build group nixbld
2026-02-23T06:00:55.6533776Z [0m[1m            Created[0m:	Yes
2026-02-23T06:00:55.6556560Z 
2026-02-23T06:00:55.6556982Z [32m~~> Setting up the build user nixbld1
2026-02-23T06:00:55.6709380Z useradd warning: nixbld1's uid 30001 is greater than SYS_UID_MAX 999
2026-02-23T06:00:55.6826976Z [0m[1m           Created[0m:	Yes
2026-02-23T06:00:55.6832397Z [1m            Hidden[0m:	Yes
2026-02-23T06:00:55.6851304Z [1m    Home Directory[0m:	/var/empty
2026-02-23T06:00:55.6871816Z [1m              Note[0m:	Nix build user 1
2026-02-23T06:00:55.6889540Z [1m   Logins Disabled[0m:	Yes
2026-02-23T06:00:55.6915953Z [1m  Member of nixbld[0m:	Yes
2026-02-23T06:00:55.6934287Z [1m    PrimaryGroupID[0m:	30000
2026-02-23T06:00:55.6945164Z 
2026-02-23T06:00:55.6945904Z [32m~~> Setting up the build user nixbld2
2026-02-23T06:00:55.7083096Z useradd warning: nixbld2's uid 30002 is greater than SYS_UID_MAX 999
2026-02-23T06:00:55.7178273Z [0m[1m           Created[0m:	Yes
2026-02-23T06:00:55.7183884Z [1m            Hidden[0m:	Yes
2026-02-23T06:00:55.7203847Z [1m    Home Directory[0m:	/var/empty
2026-02-23T06:00:55.7226033Z [1m              Note[0m:	Nix build user 2
2026-02-23T06:00:55.7244482Z [1m   Logins Disabled[0m:	Yes
2026-02-23T06:00:55.7264196Z [1m  Member of nixbld[0m:	Yes
2026-02-23T06:00:55.7282276Z [1m    PrimaryGroupID[0m:	30000
2026-02-23T06:00:55.7293177Z 
2026-02-23T06:00:55.7293705Z [32m~~> Setting up the build user nixbld3
2026-02-23T06:00:55.7431257Z useradd warning: nixbld3's uid 30003 is greater than SYS_UID_MAX 999
2026-02-23T06:00:55.7521753Z [0m[1m           Created[0m:	Yes
2026-02-23T06:00:55.7526978Z [1m            Hidden[0m:	Yes
2026-02-23T06:00:55.7545725Z [1m    Home Directory[0m:	/var/empty
2026-02-23T06:00:55.7566437Z [1m              Note[0m:	Nix build user 3
2026-02-23T06:00:55.7584469Z [1m   Logins Disabled[0m:	Yes
2026-02-23T06:00:55.7603567Z [1m  Member of nixbld[0m:	Yes
2026-02-23T06:00:55.7621818Z [1m    PrimaryGroupID[0m:	30000
2026-02-23T06:00:55.7633162Z 
2026-02-23T06:00:55.7633607Z [32m~~> Setting up the build user nixbld4
2026-02-23T06:00:55.7766496Z useradd warning: nixbld4's uid 30004 is greater than SYS_UID_MAX 999
2026-02-23T06:00:55.7856698Z [0m[1m           Created[0m:	Yes
2026-02-23T06:00:55.7862271Z [1m            Hidden[0m:	Yes
2026-02-23T06:00:55.7884196Z [1m    Home Directory[0m:	/var/empty
2026-02-23T06:00:55.7904421Z [1m              Note[0m:	Nix build user 4
2026-02-23T06:00:55.7922307Z [1m   Logins Disabled[0m:	Yes
2026-02-23T06:00:55.7941043Z [1m  Member of nixbld[0m:	Yes
2026-02-23T06:00:55.7959393Z [1m    PrimaryGroupID[0m:	30000
2026-02-23T06:00:55.7969978Z 
2026-02-23T06:00:55.7970542Z [32m~~> Setting up the build user nixbld5
2026-02-23T06:00:55.8098516Z useradd warning: nixbld5's uid 30005 is greater than SYS_UID_MAX 999
2026-02-23T06:00:55.8196696Z [0m[1m           Created[0m:	Yes
2026-02-23T06:00:55.8202479Z [1m            Hidden[0m:	Yes
2026-02-23T06:00:55.8220909Z [1m    Home Directory[0m:	/var/empty
2026-02-23T06:00:55.8241421Z [1m              Note[0m:	Nix build user 5
2026-02-23T06:00:55.8260782Z [1m   Logins Disabled[0m:	Yes
2026-02-23T06:00:55.8280824Z [1m  Member of nixbld[0m:	Yes
2026-02-23T06:00:55.8299867Z [1m    PrimaryGroupID[0m:	30000
2026-02-23T06:00:55.8311012Z 
2026-02-23T06:00:55.8311507Z [32m~~> Setting up the build user nixbld6
2026-02-23T06:00:55.8448624Z useradd warning: nixbld6's uid 30006 is greater than SYS_UID_MAX 999
2026-02-23T06:00:55.8544684Z [0m[1m           Created[0m:	Yes
2026-02-23T06:00:55.8550464Z [1m            Hidden[0m:	Yes
2026-02-23T06:00:55.8569051Z [1m    Home Directory[0m:	/var/empty
2026-02-23T06:00:55.8590040Z [1m              Note[0m:	Nix build user 6
2026-02-23T06:00:55.8608026Z [1m   Logins Disabled[0m:	Yes
2026-02-23T06:00:55.8627115Z [1m  Member of nixbld[0m:	Yes
2026-02-23T06:00:55.8645781Z [1m    PrimaryGroupID[0m:	30000
2026-02-23T06:00:55.8656848Z 
2026-02-23T06:00:55.8657297Z [32m~~> Setting up the build user nixbld7
2026-02-23T06:00:55.8784272Z useradd warning: nixbld7's uid 30007 is greater than SYS_UID_MAX 999
2026-02-23T06:00:55.8877206Z [0m[1m           Created[0m:	Yes
2026-02-23T06:00:55.8883631Z [1m            Hidden[0m:	Yes
2026-02-23T06:00:55.8906673Z [1m    Home Directory[0m:	/var/empty
2026-02-23T06:00:55.8927915Z [1m              Note[0m:	Nix build user 7
2026-02-23T06:00:55.8950541Z [1m   Logins Disabled[0m:	Yes
2026-02-23T06:00:55.8972392Z [1m  Member of nixbld[0m:	Yes
2026-02-23T06:00:55.8994636Z [1m    PrimaryGroupID[0m:	30000
2026-02-23T06:00:55.9006075Z 
2026-02-23T06:00:55.9006577Z [32m~~> Setting up the build user nixbld8
2026-02-23T06:00:55.9142118Z useradd warning: nixbld8's uid 30008 is greater than SYS_UID_MAX 999
2026-02-23T06:00:55.9238061Z [0m[1m           Created[0m:	Yes
2026-02-23T06:00:55.9244315Z [1m            Hidden[0m:	Yes
2026-02-23T06:00:55.9266130Z [1m    Home Directory[0m:	/var/empty
2026-02-23T06:00:55.9287776Z [1m              Note[0m:	Nix build user 8
2026-02-23T06:00:55.9311060Z [1m   Logins Disabled[0m:	Yes
2026-02-23T06:00:55.9332608Z [1m  Member of nixbld[0m:	Yes
2026-02-23T06:00:55.9355416Z [1m    PrimaryGroupID[0m:	30000
2026-02-23T06:00:55.9355748Z 
2026-02-23T06:00:55.9357181Z [32m~~> Setting up the basic directory structure
2026-02-23T06:00:55.9567253Z [0minstall: creating directory '/nix'
2026-02-23T06:00:55.9567847Z install: creating directory '/nix/var'
2026-02-23T06:00:55.9568346Z install: creating directory '/nix/var/log'
2026-02-23T06:00:55.9568909Z install: creating directory '/nix/var/log/nix'
2026-02-23T06:00:55.9569470Z install: creating directory '/nix/var/log/nix/drvs'
2026-02-23T06:00:55.9570241Z install: creating directory '/nix/var/nix'
2026-02-23T06:00:55.9570799Z install: creating directory '/nix/var/nix/db'
2026-02-23T06:00:55.9571722Z install: creating directory '/nix/var/nix/gcroots'
2026-02-23T06:00:55.9572309Z install: creating directory '/nix/var/nix/profiles'
2026-02-23T06:00:55.9572908Z install: creating directory '/nix/var/nix/temproots'
2026-02-23T06:00:55.9573514Z install: creating directory '/nix/var/nix/userpool'
2026-02-23T06:00:55.9574144Z install: creating directory '/nix/var/nix/daemon-socket'
2026-02-23T06:00:55.9574877Z install: creating directory '/nix/var/nix/gcroots/per-user'
2026-02-23T06:00:55.9575585Z install: creating directory '/nix/var/nix/profiles/per-user'
2026-02-23T06:00:55.9645521Z install: creating directory '/nix/store'
2026-02-23T06:00:55.9722543Z install: creating directory '/etc/nix'
2026-02-23T06:00:55.9732837Z 
2026-02-23T06:00:55.9733229Z [32m~~> Installing Nix
2026-02-23T06:00:56.1712116Z [0m      Alright! We have our first nix at /nix/store/smfmnz0ylx80wkbqbjibj7zcw4q668xp-nix-2.19.2
2026-02-23T06:00:56.2108294Z       Just finished getting the nix database ready.
2026-02-23T06:00:56.2111254Z 
2026-02-23T06:00:56.2112401Z [32m~~> Setting up shell profiles: /etc/bashrc /etc/profile.d/nix.sh /etc/zshrc /etc/bash.bashrc /etc/zsh/zshrc
2026-02-23T06:00:56.2266647Z [0m
2026-02-23T06:00:56.2266950Z # Nix
2026-02-23T06:00:56.2267476Z if [ -e '/nix/var/nix/profiles/default/etc/profile.d/nix-daemon.sh' ]; then
2026-02-23T06:00:56.2268254Z   . '/nix/var/nix/profiles/default/etc/profile.d/nix-daemon.sh'
2026-02-23T06:00:56.2268782Z fi
2026-02-23T06:00:56.2269016Z # End Nix
2026-02-23T06:00:56.2269169Z 
2026-02-23T06:00:56.2426883Z 
2026-02-23T06:00:56.2428807Z # Nix
2026-02-23T06:00:56.2429386Z if [ -e '/nix/var/nix/profiles/default/etc/profile.d/nix-daemon.sh' ]; then
2026-02-23T06:00:56.2430445Z   . '/nix/var/nix/profiles/default/etc/profile.d/nix-daemon.sh'
2026-02-23T06:00:56.2430767Z fi
2026-02-23T06:00:56.2430915Z # End Nix
2026-02-23T06:00:56.2431006Z 
2026-02-23T06:00:56.2584125Z 
2026-02-23T06:00:56.2584392Z # Nix
2026-02-23T06:00:56.2584849Z if [ -e '/nix/var/nix/profiles/default/etc/profile.d/nix-daemon.sh' ]; then
2026-02-23T06:00:56.2585453Z   . '/nix/var/nix/profiles/default/etc/profile.d/nix-daemon.sh'
2026-02-23T06:00:56.2586014Z fi
2026-02-23T06:00:56.2586275Z # End Nix
2026-02-23T06:00:56.2586456Z 
2026-02-23T06:00:56.2736082Z 
2026-02-23T06:00:56.2736389Z # Nix
2026-02-23T06:00:56.2736854Z if [ -e '/nix/var/nix/profiles/default/etc/profile.d/nix-daemon.sh' ]; then
2026-02-23T06:00:56.2737629Z   . '/nix/var/nix/profiles/default/etc/profile.d/nix-daemon.sh'
2026-02-23T06:00:56.2738193Z fi
2026-02-23T06:00:56.2738451Z # End Nix
2026-02-23T06:00:56.2738624Z 
2026-02-23T06:00:56.2760906Z 
2026-02-23T06:00:56.2762142Z [32m~~> Setting up shell profiles for Fish with conf.d/nix.fish inside /etc/fish /usr/local/etc/fish /opt/homebrew/etc/fish /opt/local/etc/fish
2026-02-23T06:00:56.2832044Z [0m
2026-02-23T06:00:56.2832465Z [32m~~> Setting up the default profile
2026-02-23T06:00:56.3111286Z installing 'nix-2.19.2'
2026-02-23T06:00:56.3233210Z building '/nix/store/g8k2ay0cs99bzfzdrgl98j8rybjjki98-user-environment.drv'...
2026-02-23T06:00:56.3618864Z installing 'nss-cacert-3.92'
2026-02-23T06:00:56.3738305Z building '/nix/store/yyad8x4mww9vi0njnc0mw4ii4fcslyhc-user-environment.drv'...
2026-02-23T06:00:56.3934277Z [0m
2026-02-23T06:00:56.3934814Z [32m~~> Setting up the nix-daemon systemd service
2026-02-23T06:00:56.4200638Z Created symlink /etc/systemd/system/nix-daemon.service → /nix/var/nix/profiles/default/lib/systemd/system/nix-daemon.service.
2026-02-23T06:00:56.6897136Z Created symlink /etc/systemd/system/nix-daemon.socket → /nix/var/nix/profiles/default/lib/systemd/system/nix-daemon.socket.
2026-02-23T06:00:56.6899195Z Created symlink /etc/systemd/system/sockets.target.wants/nix-daemon.socket → /nix/var/nix/profiles/default/lib/systemd/system/nix-daemon.socket.
2026-02-23T06:00:57.2437106Z [0m[32mAlright! We're done!
2026-02-23T06:00:57.2459379Z [0mTry it! Open a new terminal, and type:
2026-02-23T06:00:57.2460397Z 
2026-02-23T06:00:57.2460638Z   $ nix-shell -p nix-info --run "nix-info -m"
2026-02-23T06:00:57.2461284Z 
2026-02-23T06:00:57.2461575Z Thank you for using this installer. If you have any feedback or need
2026-02-23T06:00:57.2462143Z help, don't hesitate:
2026-02-23T06:00:57.2462352Z 
2026-02-23T06:00:57.2462482Z You can open an issue at
2026-02-23T06:00:57.2463137Z https://github.com/NixOS/nix/issues/new?labels=installer&template=installer.md
2026-02-23T06:00:57.2463684Z 
2026-02-23T06:00:57.2463960Z Or get in touch with the community: https://nixos.org/community
2026-02-23T06:00:57.2482402Z 
2026-02-23T06:00:57.2483049Z [34m---- Reminders -----------------------------------------------------------------
2026-02-23T06:00:57.2484074Z [0m[34m[ 1 ][0m
2026-02-23T06:00:57.2485535Z Nix won't work in active shell sessions until you restart them.
2026-02-23T06:00:57.2485984Z 
2026-02-23T06:00:57.3148487Z ##[endgroup]
2026-02-23T06:00:57.3252390Z ##[group]Run cachix/cachix-action@v14
2026-02-23T06:00:57.3252666Z with:
2026-02-23T06:00:57.3252848Z   name: moergo-glove80-zmk-dev
2026-02-23T06:00:57.3253086Z   skipPush: true
2026-02-23T06:00:57.3253267Z   useDaemon: true
2026-02-23T06:00:57.3253442Z env:
2026-02-23T06:00:57.3253610Z   NIX_PATH: nixpkgs=channel:nixos-22.05
2026-02-23T06:00:57.3253866Z   TMPDIR: /home/runner/work/_temp
2026-02-23T06:00:57.3254085Z ##[endgroup]
2026-02-23T06:00:57.3701688Z ##[group]Cachix: installing
2026-02-23T06:00:57.3744746Z [command]/usr/bin/bash -c nix-env --quiet -j8 -iA cachix -f https://cachix.org/api/v1/install
2026-02-23T06:00:59.7197259Z ##[endgroup]
2026-02-23T06:00:59.7198322Z ##[group]Cachix: checking version
2026-02-23T06:00:59.7212600Z [command]/home/runner/.nix-profile/bin/cachix --version
2026-02-23T06:00:59.7605016Z cachix 1.10.1
2026-02-23T06:00:59.7646368Z ##[endgroup]
2026-02-23T06:00:59.7647069Z ##[group]Cachix: using cache moergo-glove80-zmk-dev
2026-02-23T06:00:59.7648421Z [command]/home/runner/.nix-profile/bin/cachix use moergo-glove80-zmk-dev
2026-02-23T06:00:59.9263265Z No config at /home/runner/.config/nix/nix.conf:
2026-02-23T06:00:59.9264089Z 
2026-02-23T06:00:59.9264796Z /home/runner/.config/nix/nix.conf: openFile: does not exist (No such file or directory)
2026-02-23T06:00:59.9265386Z 
2026-02-23T06:00:59.9265952Z Configured https://moergo-glove80-zmk-dev.cachix.org binary cache in /home/runner/.config/nix/nix.conf
2026-02-23T06:00:59.9355268Z ##[endgroup]
2026-02-23T06:00:59.9682362Z ##[warning]No push credentials found. Ignoring the 'useDaemon' option.
2026-02-23T06:00:59.9690735Z [command]/usr/bin/sh -c /home/runner/work/_actions/cachix/cachix-action/v14/dist/main/list-nix-store.sh > /tmp/store-path-pre-build
2026-02-23T06:00:59.9804271Z ##[group]Run nix-build build/glove80.nix --arg firmware 'import ./src {}' -o result-glove80
2026-02-23T06:00:59.9804915Z [36;1mnix-build build/glove80.nix --arg firmware 'import ./src {}' -o result-glove80[0m
2026-02-23T06:00:59.9838752Z shell: /usr/bin/bash -e {0}
2026-02-23T06:00:59.9838977Z env:
2026-02-23T06:00:59.9839164Z   NIX_PATH: nixpkgs=channel:nixos-22.05
2026-02-23T06:00:59.9839437Z   TMPDIR: /home/runner/work/_temp
2026-02-23T06:00:59.9839838Z ##[endgroup]
2026-02-23T06:01:17.7300601Z these 5 derivations will be built:
2026-02-23T06:01:17.7305393Z   /nix/store/ryf981zc9kshrrgm5c5dphnw879gn09m-builder.pl.drv
2026-02-23T06:01:17.7306261Z   /nix/store/14s41r3aqgw7vrl845jxarjcx3ivgvc4-python3-3.12.7-env.drv
2026-02-23T06:01:17.7307097Z   /nix/store/76agzj4r6i8piyksr1d3pf4x3w42i0v3-zmk_glove80_lh.drv
2026-02-23T06:01:17.7307859Z   /nix/store/z14s0lj5k7afjnph6n0cg7x0xs70mzzk-zmk_glove80_rh.drv
2026-02-23T06:01:17.7308875Z   /nix/store/0iz5vx8an884xcq7s6prf11sssn9ja2v-combined_zmk_glove80_lh_zmk_glove80_rh.drv
2026-02-23T06:01:17.7310152Z these 156 paths will be fetched (458.96 MiB download, 2284.78 MiB unpacked):
2026-02-23T06:01:17.7311025Z   /nix/store/nrl5m466dwdscvavf1nqzdnqhszjyy9n-acl-2.3.2
2026-02-23T06:01:17.7311676Z   /nix/store/nmq6s9l9zlym3qjx76zzrqbp05a63y90-attr-2.5.2
2026-02-23T06:01:17.7312331Z   /nix/store/p6k7xp1lsfmbdd731mlglrdj2d66mr82-bash-5.2p37
2026-02-23T06:01:17.7313606Z   /nix/store/bwkb907myixfzzykp21m9iczkhrq5pfy-binutils-2.43.1
2026-02-23T06:01:17.7314409Z   /nix/store/2qssg7pjgadwmqns6jm3qlr5bbdl4dcr-binutils-2.43.1-lib
2026-02-23T06:01:17.7315254Z   /nix/store/x9as7x6f7cdgcskvvn3yp02m662krr7y-binutils-wrapper-2.43.1
2026-02-23T06:01:17.7315986Z   /nix/store/2vgwd43vqxm66grkgsy7z1d87z31nzph-brotli-1.1.0-lib
2026-02-23T06:01:17.7316664Z   /nix/store/hl3iw85v12gh9mwgvr9yfgjgy0rk81hb-bzip2-1.0.8
2026-02-23T06:01:17.7317452Z   /nix/store/vqjygx23hkim1kpidik5xcs9whayf3sr-bzip2-1.0.8-bin
2026-02-23T06:01:17.7318301Z   /nix/store/9l20xx4bw18qgkicjcrsfx7vfykp9m8h-cairo-1.18.2
2026-02-23T06:01:17.7319075Z   /nix/store/3581iwklzqcg4iyhlyqqrj7yvvm0pykl-cirque-input-module
2026-02-23T06:01:17.7320106Z   /nix/store/4k2h9qsps52n1v56zq03yi67dwmxa81i-cmake-3.30.5
2026-02-23T06:01:17.7320866Z   /nix/store/azxckjbc4f70yliac1x35z5awbzf9jzj-cmsis
2026-02-23T06:01:17.7321516Z   /nix/store/b1wvkjx96i3s7wblz38ya0zr8i93zbc5-coreutils-9.5
2026-02-23T06:01:17.7322205Z   /nix/store/ps0zg8jx995br0s7k353qhal1ma3nnbd-curl-8.11.0
2026-02-23T06:01:17.7322632Z   /nix/store/zr9c15gg53zsbyc54fsrlwh3r8kmhfyy-dav1d-1.5.0
2026-02-23T06:01:17.7323403Z   /nix/store/n19lfs7ix2g9kdh6cf2pfaylbcwjay71-dav1d-1.5.0-dev
2026-02-23T06:01:17.7324250Z   /nix/store/hbrcibdl494a5w3dypy7095dckalzlqa-dejavu-fonts-minimal-2.37
2026-02-23T06:01:17.7325100Z   /nix/store/85sj9hb9phy4fh3q4fmc1vm9vz27z1lg-die-hook
2026-02-23T06:01:17.7325755Z   /nix/store/cxwsmlr3xh1ml4r0kgdjrknw7504b9f8-diffutils-3.10
2026-02-23T06:01:17.7326416Z   /nix/store/2nvmq98zj69i1af1ksh6m08hvfdkjv1z-dtc-1.7.2
2026-02-23T06:01:17.7327049Z   /nix/store/k5x874vwcaxlan1cw248lwqr4l4v7hyk-ed-1.20.2
2026-02-23T06:01:17.7327798Z   /nix/store/ka4sync4bccr9mz2ys0dbqjn24hp8v57-expand-response-params
2026-02-23T06:01:17.7328596Z   /nix/store/8sgvk9wjq9vfz5irkl4436yhpfr10njq-expat-2.6.4
2026-02-23T06:01:17.7329235Z   /nix/store/g4lksqp6l8qiab4a0as21s6556xh4gyp-file-5.45
2026-02-23T06:01:17.7330194Z   /nix/store/w8pnfazxqwmrqmwkb5zrz1bifsd8abxl-findutils-4.10.0
2026-02-23T06:01:17.7330989Z   /nix/store/ziqnk17xikg73dfrwnyi2jd593xlxza9-fontconfig-2.15.0
2026-02-23T06:01:17.7331809Z   /nix/store/jfyibphs7pv1izw879lrmr0pp1x3llb8-fontconfig-2.15.0-lib
2026-02-23T06:01:17.7332622Z   /nix/store/waj425c88y21wccgk9zpyi3q48xq0sgk-freetype-2.13.3
2026-02-23T06:01:17.7333356Z   /nix/store/37azjaxs8cwqbmb0fywl8fa6n2x8bgwq-fribidi-1.0.16
2026-02-23T06:01:17.7334039Z   /nix/store/nnin69nrnrrmnv2scbwyfkgh1rf51gh1-gawk-5.3.1
2026-02-23T06:01:17.7334693Z   /nix/store/4krab2h0hd4wvxxmscxrw21pl77j4i7j-gcc-13.3.0
2026-02-23T06:01:17.7335746Z   /nix/store/ybjcla5bhj8g1y84998pn4a2drfxybkv-gcc-13.3.0-lib
2026-02-23T06:01:17.7336515Z   /nix/store/j8rzqx7farv0w3isp9z943zy437zk02f-gcc-13.3.0-libgcc
2026-02-23T06:01:17.7337367Z   /nix/store/mczmw3rln2jm6nm080dapyjpj3833rg9-gcc-arm-embedded-12.3.rel1
2026-02-23T06:01:17.7338241Z   /nix/store/4apajimszc47rxwcpvc3g3rj2icinl71-gcc-wrapper-13.3.0
2026-02-23T06:01:17.7339226Z   /nix/store/ascb2b0zncwlavz03zcj358p1i79hp64-gd-2.3.3
2026-02-23T06:01:17.7340284Z   /nix/store/hq7m89gp4kafmj8rr0f5sy2qyl7jq479-gdbm-1.24-lib
2026-02-23T06:01:17.7341028Z   /nix/store/alnzmaf07kv3dl4017vrzqngay5rx904-gdk-pixbuf-2.42.12
2026-02-23T06:01:17.7341760Z   /nix/store/brj8bvvn63gbdrslwsj7gpj0gqaxlprn-giflib-5.2.2
2026-02-23T06:01:17.7342440Z   /nix/store/26hcp8h792wl0h52c5r94qakhvk6q717-glib-2.82.1
2026-02-23T06:01:17.7343090Z   /nix/store/wn7v2vhyyyi6clcyn0s9ixvl7d4d87ic-glibc-2.40-36
2026-02-23T06:01:17.7343838Z   /nix/store/zw5haplzbwjgbp3yykhm6iprkpfppzxb-glibc-2.40-36-bin
2026-02-23T06:01:17.7344472Z   /nix/store/lw21wr626v5sdcaxxkv2k4zf1121hfc9-glibc-2.40-36-dev
2026-02-23T06:01:17.7344983Z   /nix/store/y11zr71f9i1zy1vrdy3kjx8j6slsb3l3-gmp-6.3.0
2026-02-23T06:01:17.7345589Z   /nix/store/nxg637az00fnm705pinlrpjac9b4hgsc-gmp-with-cxx-6.3.0
2026-02-23T06:01:17.7346469Z   /nix/store/rlnih3wlxxwqn4xdahjgfjydvv78kvki-gnu-config-2024-01-01
2026-02-23T06:01:17.7347223Z   /nix/store/85amyk92rg19l4fy0qmy7wr4jmq8p5z0-gnugrep-3.11
2026-02-23T06:01:17.7347930Z   /nix/store/9y5kd90fdbrq3r4yc9mpqn82f93zdgyq-gnumake-4.4.1
2026-02-23T06:01:17.7348905Z   /nix/store/vmby25zqxnx94awvj0k7zn0rsd0zyrwg-gnused-4.9
2026-02-23T06:01:17.7349593Z   /nix/store/zhaypw0znkjnymg0rk1599zn21rr0l50-gnutar-1.35
2026-02-23T06:01:17.7350245Z   /nix/store/23y66ax8z30m8xl4brrz792xlsrm0syr-graphite2-1.3.14
2026-02-23T06:01:17.7350901Z   /nix/store/lvx8m4mh18aiqlqp5hdjpg3b34a07p35-graphviz-12.2.0
2026-02-23T06:01:17.7351580Z   /nix/store/avwmwsn9v4an5v2a4k1gzbqk917avjn1-gts-0.7.6
2026-02-23T06:01:17.7352204Z   /nix/store/a7pimibppfw2m3ryijnwwzx76i780bw2-gzip-1.13
2026-02-23T06:01:17.7352867Z   /nix/store/a473gcmd84qs4vpapa70nwamlpkryc7b-hal_nordic
2026-02-23T06:01:17.7353485Z   /nix/store/yxgc37sx1a0fswq3hvvld54491ryx6sf-harfbuzz-10.0.1
2026-02-23T06:01:17.7354170Z   /nix/store/xxfkk4gqnaimiwzi6mmsmcs9bl2r8y7f-isl-0.20
2026-02-23T06:01:17.7354848Z   /nix/store/ys6f20b4chzkmfh9ak0hjdp60l0g5abb-keyutils-1.6.3-lib
2026-02-23T06:01:17.7355654Z   /nix/store/g9hgzjcj9g7hw3c2pzgz271b1g1jgc4w-krb5-1.21.3-lib
2026-02-23T06:01:17.7356343Z   /nix/store/1dmri839kv55917flq6pyvr6xf17cb29-lerc-4.0.0
2026-02-23T06:01:17.7356867Z   /nix/store/ikjw6a952jd9wn5k06mkj710xzabssr0-libX11-1.8.10
2026-02-23T06:01:17.7357246Z   /nix/store/ighb6h0x1nv14ap2fj0j3bqdn0x3xra4-libXau-1.0.11
2026-02-23T06:01:17.7357626Z   /nix/store/8jqc1bpk99jgib12wgpdjmnbndrmg7vz-libXdmcp-1.1.5
2026-02-23T06:01:17.7357996Z   /nix/store/d5y0sl4vwsb9m99r18zh1mx4fw9y70g6-libXext-1.3.6
2026-02-23T06:01:17.7358343Z   /nix/store/a98zld1as826z4s0b71xs64k02arj4zj-libXft-2.3.8
2026-02-23T06:01:17.7358701Z   /nix/store/ln8sk1vlpzmm346lx30ifihqdw0fw4g9-libXpm-3.5.17
2026-02-23T06:01:17.7359081Z   /nix/store/7ygszkkili3kfqh789ivdgrhyrjshm5n-libXrender-0.9.11
2026-02-23T06:01:17.7359470Z   /nix/store/kabp82iq5p0l8zidw9ch1mrpq431g6jd-libaom-3.10.0
2026-02-23T06:01:17.7360561Z   /nix/store/v567mv8b0bg0ph7xn61g33qqm484xxj0-libaom-3.10.0-bin
2026-02-23T06:01:17.7361321Z   /nix/store/1asppgbns142f1sqyr6sz843h0689a1k-libaom-3.10.0-dev
2026-02-23T06:01:17.7362159Z   /nix/store/n0gxk0ys2zgqqz6zcsq8qlv6nv5k6fpj-libarchive-3.7.7-lib
2026-02-23T06:01:17.7362874Z   /nix/store/96wajifckqya26aazk4lrig5m5npw5l2-libavif-1.1.1
2026-02-23T06:01:17.7363302Z   /nix/store/rk2r5yq7al5jddg6jriwv1lg5j1dw0ih-libdatrie-2019-12-20-lib
2026-02-23T06:01:17.7363819Z   /nix/store/v6m37463j6bs788wbid8yvfhp1773cax-libdeflate-1.22
2026-02-23T06:01:17.7364497Z   /nix/store/lw7psn749bfn2nrn943jdh68hh2im8yl-libffi-3.4.6
2026-02-23T06:01:17.7365229Z   /nix/store/qwjjm4j652ck9izaid7bz63s4hd5bnha-libidn2-2.3.7
2026-02-23T06:01:17.7366334Z   /nix/store/g8m63j9rzhqf0i9v4pzbdyrnzshr5mkx-libjpeg-turbo-3.0.4
2026-02-23T06:01:17.7367155Z   /nix/store/0qqs7bkfk21h8vh7m3x84hphciqv75lm-libmpc-1.3.1
2026-02-23T06:01:17.7367868Z   /nix/store/kvzfyxs3v0nb2lvfx28c5hj0vz7j9737-libpng-apng-1.6.43
2026-02-23T06:01:17.7368677Z   /nix/store/rp6b82pm6b7x03ngbzffsl3vj8pvay5v-libselinux-3.7
2026-02-23T06:01:17.7369373Z   /nix/store/1n0b29iid3y0w9i91v9zqdiwnx3inak0-libssh2-1.11.1
2026-02-23T06:01:17.7370348Z   /nix/store/h11ip75g5azb1d9f9jr8c6pwjhpcx20n-libthai-0.1.29
2026-02-23T06:01:17.7371104Z   /nix/store/mgw74i0szz30zbmvgasvyws1y8mvkb86-libtiff-4.7.0
2026-02-23T06:01:17.7371848Z   /nix/store/ggpir31aij6dj2fsas74jyz8z33dxwnc-libtool-2.4.7-lib
2026-02-23T06:01:17.7372590Z   /nix/store/6pqgj71r0850b0cd95yxx0d52zax016i-libunistring-1.2
2026-02-23T06:01:17.7373270Z   /nix/store/scb132gc1zzd904zibk2mz0q5q42z0ym-libuv-1.48.0
2026-02-23T06:01:17.7373955Z   /nix/store/llj89sgbf5512bnhx76khs7aq2pkhqjv-libvmaf-3.0.0
2026-02-23T06:01:17.7374673Z   /nix/store/dbkf2m0b3a2n9drrbz6ra4ljfx45d4aa-libvmaf-3.0.0-dev
2026-02-23T06:01:17.7375403Z   /nix/store/xk1z1b27hck084x12pn24rk526arwwlz-libwebp-1.4.0
2026-02-23T06:01:17.7376149Z   /nix/store/zgcaxpjipkvdz3185gfb8ba63xw1sv4n-libwebp-1.4.0
2026-02-23T06:01:17.7376876Z   /nix/store/w63ks7mg1dsgm2gg302ss70wpq7g0l4d-libxcb-1.17.0
2026-02-23T06:01:17.7377593Z   /nix/store/5j9m3z3c6hygjx34xr1bzrkk8srvcs8a-libxcrypt-4.4.36
2026-02-23T06:01:17.7378376Z   /nix/store/sbc37bmgpzr7wvlbm9lgf4y6q6dyz40q-libxcrypt-4.4.36
2026-02-23T06:01:17.7379377Z   /nix/store/shg1vgcjxghqxhl0sifwgr0g2zg6bbv7-libxml2-2.13.4
2026-02-23T06:01:17.7380378Z   /nix/store/s5y8cgwj9saik6hpxq6hvry31hggnxij-libyaml-0.2.5
2026-02-23T06:01:17.7381097Z   /nix/store/43nf72jxw9m9mazn5qs7pdj52a7gmcr5-libyuv-1787
2026-02-23T06:01:17.7381856Z   /nix/store/dvsai0ym9czjl5mcsarcdwccb70615n4-linux-headers-6.10
2026-02-23T06:01:17.7382270Z   /nix/store/wwmn97j9jv083973a7md52v4wkxr6lvd-lvgl
2026-02-23T06:01:17.7382858Z   /nix/store/77yxcw58nmqx2c67a7srpfxxp40j5rbl-mailcap-2.1.54
2026-02-23T06:01:17.7383714Z   /nix/store/gqjd4bvd683s55r0jcgc9q67rvjnmfc6-make-binary-wrapper-hook
2026-02-23T06:01:17.7384443Z   /nix/store/aqga8f06jxy5a6ci4na35v7n09j8i74f-mpdecimal-4.0.0
2026-02-23T06:01:17.7385133Z   /nix/store/wfxkyxmg47bhj098im5rp60hmkagn96x-mpfr-4.2.1
2026-02-23T06:01:17.7385701Z   /nix/store/zi4768cbcny3vx6f8k2yqy3zp90jalhz-ncompress-5.0
2026-02-23T06:01:17.7386421Z   /nix/store/1p1j0iv3c909kcs4d5300kcsnlwmbwyj-ncurses-6.4.20221231
2026-02-23T06:01:17.7387360Z   /nix/store/vj1wkvkfgcgxr93b5p6kwjbqgrjnv7d9-ncurses-abi5-compat-6.4.20221231
2026-02-23T06:01:17.7388328Z   /nix/store/aygalfgrn7pvxcqc45jw53b9gc29hwzs-nghttp2-1.64.0-lib
2026-02-23T06:01:17.7389089Z   /nix/store/s2lws03pga0vyq84kfa6h041n8csbg4p-ninja-1.12.1
2026-02-23T06:01:17.7389926Z   /nix/store/k1dsk0zyq43pvi7f76is2rx6l4aphm5z-openssl-3.3.2
2026-02-23T06:01:17.7390520Z   /nix/store/vy93rplabj9l70a098rvp52ni9bg476v-pango-1.54.0
2026-02-23T06:01:17.7391046Z   /nix/store/mdmansf6zkzsnrcf4h3yav5kz93rh03y-patch-2.7.6
2026-02-23T06:01:17.7391713Z   /nix/store/9q63d382x7k2h6cc2pfsb39ar3n6f9wg-patchelf-0.15.0
2026-02-23T06:01:17.7392387Z   /nix/store/gkj66hn5cyi3d761nmcdpj35ngv7h8ph-pcre2-10.44
2026-02-23T06:01:17.7393006Z   /nix/store/6fklzkr5x213h868q31isgy82wpmb1yb-perl-5.40.0
2026-02-23T06:01:17.7393412Z   /nix/store/kxawdq25ad6x9cb63yvslaprm4ihx5hr-picolibc
2026-02-23T06:01:17.7393800Z   /nix/store/f86x63y57hwyx9nl4l098fpl93y3xrya-pixman-0.43.4
2026-02-23T06:01:17.7394168Z   /nix/store/zv1kaq7f1q20x62kbjv6pfjygw5jmwl6-python3-3.12.7
2026-02-23T06:01:17.7394556Z   /nix/store/qb69wvblgz1x2hkfxf7lwl9lg9xk4zpj-python3-3.9.20
2026-02-23T06:01:17.7394976Z   /nix/store/09wri7s7nlgp1fs4q4ysx96scbbmr74v-python3.12-anytree-2.12.1
2026-02-23T06:01:17.7395442Z   /nix/store/qpb0z965ffwmny4p2m2jbbaqifkkb5y9-python3.12-docopt-0.6.2
2026-02-23T06:01:17.7395907Z   /nix/store/wg6fhwksxkxn24rnynizrr6f4rvd9dkf-python3.12-intelhex-2.3.0
2026-02-23T06:01:17.7396378Z   /nix/store/l67gyhnl63la5pxmq4kbhl0g6xrfsdff-python3.12-msgpack-1.1.0
2026-02-23T06:01:17.7397169Z   /nix/store/qnfndbdg0k5s7zb47l5q9h7cszi56gpf-python3.12-packaging-24.1
2026-02-23T06:01:17.7397680Z   /nix/store/rs8cgrcn6pkdxs2ksnhs1a0x0pvx5sac-python3.12-progress-1.6
2026-02-23T06:01:17.7398145Z   /nix/store/qmm23pygh0kisvsm9wrfxw2s5km97670-python3.12-pyelftools-0.31
2026-02-23T06:01:17.7398622Z   /nix/store/k1hzsby2pa29jwbbdgg3y4wj0rxn8dnn-python3.12-pykwalify-1.8.0
2026-02-23T06:01:17.7399093Z   /nix/store/7p4gqrzavx0lpks2l0j9945zkzv77ds0-python3.12-python-can-4.5.0
2026-02-23T06:01:17.7399893Z   /nix/store/iz14w235v0nmwc3vnzrlbrkfpaj1qqka-python3.12-python-dateutil-2.9.0.post0
2026-02-23T06:01:17.7400484Z   /nix/store/j7q50pmxnawpif7kfimy51mjhjdjldns-python3.12-pyyaml-6.0.2
2026-02-23T06:01:17.7400956Z   /nix/store/2k9j8zwlhd8vdpn0c4j5zgwkqr6digpx-python3.12-ruamel-base-1.0.0
2026-02-23T06:01:17.7401461Z   /nix/store/7cvm89dzrkw7i4pdidyd8mvny73k07nb-python3.12-ruamel-yaml-0.18.6
2026-02-23T06:01:17.7401982Z   /nix/store/3rghmwyhhwjaj3jmpc3drb8pzz9h14hj-python3.12-ruamel-yaml-clib-0.2.7
2026-02-23T06:01:17.7402486Z   /nix/store/4743pgjalihwh1vb7jsy17ynw3s0xj04-python3.12-six-1.16.0
2026-02-23T06:01:17.7402980Z   /nix/store/n2pgidpi7vpq2hbpylfpa4ck7avniipp-python3.12-typing-extensions-4.12.2
2026-02-23T06:01:17.7403496Z   /nix/store/2j2fcjlxczkx0yyjn3rqi1h9sd42r97v-python3.12-wrapt-1.16.0
2026-02-23T06:01:17.7403914Z   /nix/store/n0q4xhb9z19f0rfd1i8frw7a3ip3rgar-readline-8.2p13
2026-02-23T06:01:17.7404284Z   /nix/store/gpbi7j64vk1my8gpqgylwf9iljqb09is-rhash-1.4.4
2026-02-23T06:01:17.7404876Z   /nix/store/wkad860jvdc881ngy6r0fbjg6s5i8alh-segger
2026-02-23T06:01:17.7405210Z   /nix/store/bbd59cqw259149r2ddk4w1q0lr2fch8c-sqlite-3.46.1
2026-02-23T06:01:17.7405574Z   /nix/store/spb2bpcnw0gbbr4x94cq8xs9n72hipwj-stdenv-linux
2026-02-23T06:01:17.7405919Z   /nix/store/n4xjlyn5hk979p2ywqpajw7dq5y94q1g-tinycrypt
2026-02-23T06:01:17.7406269Z   /nix/store/dfsiy184c8z6gf5x6cqfyahxv9g16828-tzdata-2024b
2026-02-23T06:01:17.7406748Z   /nix/store/ljlah5wqcbix5wg8rvm3g8rc7k9zn1qg-update-autotools-gnu-config-scripts-hook
2026-02-23T06:01:17.7407313Z   /nix/store/gm5g3xyn8iwxkag8gs6rf3ci64bqld80-util-linux-minimal-2.39.4-lib
2026-02-23T06:01:17.7407775Z   /nix/store/2d5spnl8j5r4n1s4bj1zmra7mwx0f1n8-xgcc-13.3.0-libgcc
2026-02-23T06:01:17.7408142Z   /nix/store/bdpc1864983kf51r3cznbrvnlkv4d9ff-xz-5.6.3
2026-02-23T06:01:17.7408488Z   /nix/store/5180mi672sl6ikiwyhvgnxasz6iqxws0-xz-5.6.3-bin
2026-02-23T06:01:17.7408825Z   /nix/store/pz26iwsn417j90xs7y7cwbsjnk7b1riv-zephyr
2026-02-23T06:01:17.7409160Z   /nix/store/bzk3q2l71qwhycsip23y6rl5n881la4n-zlib-1.3.1
2026-02-23T06:01:17.7409524Z   /nix/store/pq757h971kd946xqi9ckk2ylsj25i610-zmk-module-cmsis
2026-02-23T06:01:17.7410152Z   /nix/store/wggfl9p3y2ahy21hb1gpfgr3fxsbv8ss-zmk-module-hal_nordic
2026-02-23T06:01:17.7410579Z   /nix/store/44v1jwji8rksbmvsjwkd4igbb1vhxbl5-zmk-module-lvgl
2026-02-23T06:01:17.7410985Z   /nix/store/4bn1207zpfrcdmf1ldh86ziaav3kwwbb-zmk-module-picolibc
2026-02-23T06:01:17.7411395Z   /nix/store/w90l0zpl7slydmc947qscinn0d6rgq5c-zmk-module-segger
2026-02-23T06:01:17.7411811Z   /nix/store/grk5a1pd1mbzl3lgzf2amf7c0nbb0rvs-zmk-module-tinycrypt
2026-02-23T06:01:17.7412203Z   /nix/store/8pys6a47askf0g75a1k73p3rx2wim7m6-zstd-1.5.6
2026-02-23T06:01:17.7474941Z copying path '/nix/store/rlnih3wlxxwqn4xdahjgfjydvv78kvki-gnu-config-2024-01-01' from 'https://cache.nixos.org'...
2026-02-23T06:01:17.7482078Z copying path '/nix/store/2d5spnl8j5r4n1s4bj1zmra7mwx0f1n8-xgcc-13.3.0-libgcc' from 'https://cache.nixos.org'...
2026-02-23T06:01:17.7523832Z copying path '/nix/store/3581iwklzqcg4iyhlyqqrj7yvvm0pykl-cirque-input-module' from 'https://moergo-glove80-zmk-dev.cachix.org'...
2026-02-23T06:01:17.7529934Z copying path '/nix/store/j8rzqx7farv0w3isp9z943zy437zk02f-gcc-13.3.0-libgcc' from 'https://cache.nixos.org'...
2026-02-23T06:01:17.7537355Z copying path '/nix/store/6pqgj71r0850b0cd95yxx0d52zax016i-libunistring-1.2' from 'https://cache.nixos.org'...
2026-02-23T06:01:17.7594741Z copying path '/nix/store/azxckjbc4f70yliac1x35z5awbzf9jzj-cmsis' from 'https://moergo-glove80-zmk-dev.cachix.org'...
2026-02-23T06:01:17.7600959Z copying path '/nix/store/a473gcmd84qs4vpapa70nwamlpkryc7b-hal_nordic' from 'https://moergo-glove80-zmk-dev.cachix.org'...
2026-02-23T06:01:17.7610551Z copying path '/nix/store/wwmn97j9jv083973a7md52v4wkxr6lvd-lvgl' from 'https://moergo-glove80-zmk-dev.cachix.org'...
2026-02-23T06:01:17.7620744Z copying path '/nix/store/wkad860jvdc881ngy6r0fbjg6s5i8alh-segger' from 'https://moergo-glove80-zmk-dev.cachix.org'...
2026-02-23T06:01:17.7629149Z copying path '/nix/store/n4xjlyn5hk979p2ywqpajw7dq5y94q1g-tinycrypt' from 'https://moergo-glove80-zmk-dev.cachix.org'...
2026-02-23T06:01:17.7641162Z copying path '/nix/store/kxawdq25ad6x9cb63yvslaprm4ihx5hr-picolibc' from 'https://moergo-glove80-zmk-dev.cachix.org'...
2026-02-23T06:01:17.7653012Z copying path '/nix/store/85sj9hb9phy4fh3q4fmc1vm9vz27z1lg-die-hook' from 'https://cache.nixos.org'...
2026-02-23T06:01:17.7673626Z copying path '/nix/store/dvsai0ym9czjl5mcsarcdwccb70615n4-linux-headers-6.10' from 'https://cache.nixos.org'...
2026-02-23T06:01:17.7676111Z copying path '/nix/store/77yxcw58nmqx2c67a7srpfxxp40j5rbl-mailcap-2.1.54' from 'https://cache.nixos.org'...
2026-02-23T06:01:17.7686708Z copying path '/nix/store/dfsiy184c8z6gf5x6cqfyahxv9g16828-tzdata-2024b' from 'https://cache.nixos.org'...
2026-02-23T06:01:17.7730039Z copying path '/nix/store/hbrcibdl494a5w3dypy7095dckalzlqa-dejavu-fonts-minimal-2.37' from 'https://cache.nixos.org'...
2026-02-23T06:01:17.7786842Z copying path '/nix/store/ljlah5wqcbix5wg8rvm3g8rc7k9zn1qg-update-autotools-gnu-config-scripts-hook' from 'https://cache.nixos.org'...
2026-02-23T06:01:17.8037063Z copying path '/nix/store/qwjjm4j652ck9izaid7bz63s4hd5bnha-libidn2-2.3.7' from 'https://cache.nixos.org'...
2026-02-23T06:01:17.8081512Z copying path '/nix/store/ziqnk17xikg73dfrwnyi2jd593xlxza9-fontconfig-2.15.0' from 'https://cache.nixos.org'...
2026-02-23T06:01:17.8358491Z copying path '/nix/store/wn7v2vhyyyi6clcyn0s9ixvl7d4d87ic-glibc-2.40-36' from 'https://cache.nixos.org'...
2026-02-23T06:01:17.8456655Z copying path '/nix/store/w90l0zpl7slydmc947qscinn0d6rgq5c-zmk-module-segger' from 'https://moergo-glove80-zmk-dev.cachix.org'...
2026-02-23T06:01:17.8961602Z copying path '/nix/store/pq757h971kd946xqi9ckk2ylsj25i610-zmk-module-cmsis' from 'https://moergo-glove80-zmk-dev.cachix.org'...
2026-02-23T06:01:17.8991978Z copying path '/nix/store/grk5a1pd1mbzl3lgzf2amf7c0nbb0rvs-zmk-module-tinycrypt' from 'https://moergo-glove80-zmk-dev.cachix.org'...
2026-02-23T06:01:18.2651091Z copying path '/nix/store/4bn1207zpfrcdmf1ldh86ziaav3kwwbb-zmk-module-picolibc' from 'https://moergo-glove80-zmk-dev.cachix.org'...
2026-02-23T06:01:18.9048606Z copying path '/nix/store/nmq6s9l9zlym3qjx76zzrqbp05a63y90-attr-2.5.2' from 'https://cache.nixos.org'...
2026-02-23T06:01:18.9051442Z copying path '/nix/store/p6k7xp1lsfmbdd731mlglrdj2d66mr82-bash-5.2p37' from 'https://cache.nixos.org'...
2026-02-23T06:01:18.9054592Z copying path '/nix/store/hl3iw85v12gh9mwgvr9yfgjgy0rk81hb-bzip2-1.0.8' from 'https://cache.nixos.org'...
2026-02-23T06:01:18.9056019Z copying path '/nix/store/2vgwd43vqxm66grkgsy7z1d87z31nzph-brotli-1.1.0-lib' from 'https://cache.nixos.org'...
2026-02-23T06:01:18.9057374Z copying path '/nix/store/zr9c15gg53zsbyc54fsrlwh3r8kmhfyy-dav1d-1.5.0' from 'https://cache.nixos.org'...
2026-02-23T06:01:18.9058661Z copying path '/nix/store/k5x874vwcaxlan1cw248lwqr4l4v7hyk-ed-1.20.2' from 'https://cache.nixos.org'...
2026-02-23T06:01:18.9060215Z copying path '/nix/store/nnin69nrnrrmnv2scbwyfkgh1rf51gh1-gawk-5.3.1' from 'https://cache.nixos.org'...
2026-02-23T06:01:18.9061569Z copying path '/nix/store/ybjcla5bhj8g1y84998pn4a2drfxybkv-gcc-13.3.0-lib' from 'https://cache.nixos.org'...
2026-02-23T06:01:18.9067938Z copying path '/nix/store/hq7m89gp4kafmj8rr0f5sy2qyl7jq479-gdbm-1.24-lib' from 'https://cache.nixos.org'...
2026-02-23T06:01:18.9070506Z copying path '/nix/store/brj8bvvn63gbdrslwsj7gpj0gqaxlprn-giflib-5.2.2' from 'https://cache.nixos.org'...
2026-02-23T06:01:18.9071384Z copying path '/nix/store/zw5haplzbwjgbp3yykhm6iprkpfppzxb-glibc-2.40-36-bin' from 'https://cache.nixos.org'...
2026-02-23T06:01:18.9072444Z copying path '/nix/store/ka4sync4bccr9mz2ys0dbqjn24hp8v57-expand-response-params' from 'https://cache.nixos.org'...
2026-02-23T06:01:18.9073236Z copying path '/nix/store/37azjaxs8cwqbmb0fywl8fa6n2x8bgwq-fribidi-1.0.16' from 'https://cache.nixos.org'...
2026-02-23T06:01:18.9073954Z copying path '/nix/store/8sgvk9wjq9vfz5irkl4436yhpfr10njq-expat-2.6.4' from 'https://cache.nixos.org'...
2026-02-23T06:01:19.0731591Z copying path '/nix/store/y11zr71f9i1zy1vrdy3kjx8j6slsb3l3-gmp-6.3.0' from 'https://cache.nixos.org'...
2026-02-23T06:01:19.0768443Z copying path '/nix/store/vqjygx23hkim1kpidik5xcs9whayf3sr-bzip2-1.0.8-bin' from 'https://cache.nixos.org'...
2026-02-23T06:01:19.0837690Z copying path '/nix/store/nrl5m466dwdscvavf1nqzdnqhszjyy9n-acl-2.3.2' from 'https://cache.nixos.org'...
2026-02-23T06:01:19.1115370Z copying path '/nix/store/9y5kd90fdbrq3r4yc9mpqn82f93zdgyq-gnumake-4.4.1' from 'https://cache.nixos.org'...
2026-02-23T06:01:19.1202608Z copying path '/nix/store/vmby25zqxnx94awvj0k7zn0rsd0zyrwg-gnused-4.9' from 'https://cache.nixos.org'...
2026-02-23T06:01:19.1278173Z copying path '/nix/store/ys6f20b4chzkmfh9ak0hjdp60l0g5abb-keyutils-1.6.3-lib' from 'https://cache.nixos.org'...
2026-02-23T06:01:19.1291368Z copying path '/nix/store/ighb6h0x1nv14ap2fj0j3bqdn0x3xra4-libXau-1.0.11' from 'https://cache.nixos.org'...
2026-02-23T06:01:19.1452889Z copying path '/nix/store/8jqc1bpk99jgib12wgpdjmnbndrmg7vz-libXdmcp-1.1.5' from 'https://cache.nixos.org'...
2026-02-23T06:01:19.1463693Z copying path '/nix/store/rk2r5yq7al5jddg6jriwv1lg5j1dw0ih-libdatrie-2019-12-20-lib' from 'https://cache.nixos.org'...
2026-02-23T06:01:19.2131102Z copying path '/nix/store/v6m37463j6bs788wbid8yvfhp1773cax-libdeflate-1.22' from 'https://cache.nixos.org'...
2026-02-23T06:01:19.2221906Z copying path '/nix/store/lw7psn749bfn2nrn943jdh68hh2im8yl-libffi-3.4.6' from 'https://cache.nixos.org'...
2026-02-23T06:01:19.2225429Z copying path '/nix/store/g8m63j9rzhqf0i9v4pzbdyrnzshr5mkx-libjpeg-turbo-3.0.4' from 'https://cache.nixos.org'...
2026-02-23T06:01:19.2282984Z copying path '/nix/store/ggpir31aij6dj2fsas74jyz8z33dxwnc-libtool-2.4.7-lib' from 'https://cache.nixos.org'...
2026-02-23T06:01:19.2404200Z copying path '/nix/store/a7pimibppfw2m3ryijnwwzx76i780bw2-gzip-1.13' from 'https://cache.nixos.org'...
2026-02-23T06:01:19.2422531Z copying path '/nix/store/scb132gc1zzd904zibk2mz0q5q42z0ym-libuv-1.48.0' from 'https://cache.nixos.org'...
2026-02-23T06:01:19.2436518Z copying path '/nix/store/w63ks7mg1dsgm2gg302ss70wpq7g0l4d-libxcb-1.17.0' from 'https://cache.nixos.org'...
2026-02-23T06:01:19.2544761Z copying path '/nix/store/h11ip75g5azb1d9f9jr8c6pwjhpcx20n-libthai-0.1.29' from 'https://cache.nixos.org'...
2026-02-23T06:01:19.2604538Z copying path '/nix/store/5j9m3z3c6hygjx34xr1bzrkk8srvcs8a-libxcrypt-4.4.36' from 'https://cache.nixos.org'...
2026-02-23T06:01:19.2771985Z copying path '/nix/store/zhaypw0znkjnymg0rk1599zn21rr0l50-gnutar-1.35' from 'https://cache.nixos.org'...
2026-02-23T06:01:19.2774536Z copying path '/nix/store/sbc37bmgpzr7wvlbm9lgf4y6q6dyz40q-libxcrypt-4.4.36' from 'https://cache.nixos.org'...
2026-02-23T06:01:19.2775982Z copying path '/nix/store/aqga8f06jxy5a6ci4na35v7n09j8i74f-mpdecimal-4.0.0' from 'https://cache.nixos.org'...
2026-02-23T06:01:19.2777401Z copying path '/nix/store/shg1vgcjxghqxhl0sifwgr0g2zg6bbv7-libxml2-2.13.4' from 'https://cache.nixos.org'...
2026-02-23T06:01:19.2779896Z copying path '/nix/store/s5y8cgwj9saik6hpxq6hvry31hggnxij-libyaml-0.2.5' from 'https://cache.nixos.org'...
2026-02-23T06:01:19.2893999Z copying path '/nix/store/n19lfs7ix2g9kdh6cf2pfaylbcwjay71-dav1d-1.5.0-dev' from 'https://cache.nixos.org'...
2026-02-23T06:01:19.2959174Z copying path '/nix/store/wfxkyxmg47bhj098im5rp60hmkagn96x-mpfr-4.2.1' from 'https://cache.nixos.org'...
2026-02-23T06:01:19.3031019Z copying path '/nix/store/zi4768cbcny3vx6f8k2yqy3zp90jalhz-ncompress-5.0' from 'https://cache.nixos.org'...
2026-02-23T06:01:19.3042972Z copying path '/nix/store/1p1j0iv3c909kcs4d5300kcsnlwmbwyj-ncurses-6.4.20221231' from 'https://cache.nixos.org'...
2026-02-23T06:01:19.3092155Z copying path '/nix/store/xxfkk4gqnaimiwzi6mmsmcs9bl2r8y7f-isl-0.20' from 'https://cache.nixos.org'...
2026-02-23T06:01:19.3162345Z copying path '/nix/store/2nvmq98zj69i1af1ksh6m08hvfdkjv1z-dtc-1.7.2' from 'https://cache.nixos.org'...
2026-02-23T06:01:19.3565568Z copying path '/nix/store/vj1wkvkfgcgxr93b5p6kwjbqgrjnv7d9-ncurses-abi5-compat-6.4.20221231' from 'https://cache.nixos.org'...
2026-02-23T06:01:19.3616101Z copying path '/nix/store/aygalfgrn7pvxcqc45jw53b9gc29hwzs-nghttp2-1.64.0-lib' from 'https://cache.nixos.org'...
2026-02-23T06:01:19.3617572Z copying path '/nix/store/k1dsk0zyq43pvi7f76is2rx6l4aphm5z-openssl-3.3.2' from 'https://cache.nixos.org'...
2026-02-23T06:01:19.3736271Z copying path '/nix/store/0qqs7bkfk21h8vh7m3x84hphciqv75lm-libmpc-1.3.1' from 'https://cache.nixos.org'...
2026-02-23T06:01:19.3884492Z copying path '/nix/store/mdmansf6zkzsnrcf4h3yav5kz93rh03y-patch-2.7.6' from 'https://cache.nixos.org'...
2026-02-23T06:01:19.4104519Z copying path '/nix/store/gkj66hn5cyi3d761nmcdpj35ngv7h8ph-pcre2-10.44' from 'https://cache.nixos.org'...
2026-02-23T06:01:19.4193954Z copying path '/nix/store/lw21wr626v5sdcaxxkv2k4zf1121hfc9-glibc-2.40-36-dev' from 'https://cache.nixos.org'...
2026-02-23T06:01:19.4257933Z copying path '/nix/store/gpbi7j64vk1my8gpqgylwf9iljqb09is-rhash-1.4.4' from 'https://cache.nixos.org'...
2026-02-23T06:01:19.4290700Z copying path '/nix/store/f86x63y57hwyx9nl4l098fpl93y3xrya-pixman-0.43.4' from 'https://cache.nixos.org'...
2026-02-23T06:01:19.4384589Z copying path '/nix/store/gm5g3xyn8iwxkag8gs6rf3ci64bqld80-util-linux-minimal-2.39.4-lib' from 'https://cache.nixos.org'...
2026-02-23T06:01:19.4442136Z copying path '/nix/store/pz26iwsn417j90xs7y7cwbsjnk7b1riv-zephyr' from 'https://moergo-glove80-zmk-dev.cachix.org'...
2026-02-23T06:01:19.4444244Z copying path '/nix/store/bzk3q2l71qwhycsip23y6rl5n881la4n-zlib-1.3.1' from 'https://cache.nixos.org'...
2026-02-23T06:01:19.4451734Z copying path '/nix/store/bdpc1864983kf51r3cznbrvnlkv4d9ff-xz-5.6.3' from 'https://cache.nixos.org'...
2026-02-23T06:01:19.4883130Z copying path '/nix/store/wggfl9p3y2ahy21hb1gpfgr3fxsbv8ss-zmk-module-hal_nordic' from 'https://moergo-glove80-zmk-dev.cachix.org'...
2026-02-23T06:01:19.5143015Z copying path '/nix/store/ikjw6a952jd9wn5k06mkj710xzabssr0-libX11-1.8.10' from 'https://cache.nixos.org'...
2026-02-23T06:01:19.5236845Z copying path '/nix/store/44v1jwji8rksbmvsjwkd4igbb1vhxbl5-zmk-module-lvgl' from 'https://moergo-glove80-zmk-dev.cachix.org'...
2026-02-23T06:01:19.5524800Z copying path '/nix/store/nxg637az00fnm705pinlrpjac9b4hgsc-gmp-with-cxx-6.3.0' from 'https://cache.nixos.org'...
2026-02-23T06:01:19.6074649Z copying path '/nix/store/23y66ax8z30m8xl4brrz792xlsrm0syr-graphite2-1.3.14' from 'https://cache.nixos.org'...
2026-02-23T06:01:19.6080466Z copying path '/nix/store/llj89sgbf5512bnhx76khs7aq2pkhqjv-libvmaf-3.0.0' from 'https://cache.nixos.org'...
2026-02-23T06:01:19.6085165Z copying path '/nix/store/1dmri839kv55917flq6pyvr6xf17cb29-lerc-4.0.0' from 'https://cache.nixos.org'...
2026-02-23T06:01:19.6185815Z copying path '/nix/store/43nf72jxw9m9mazn5qs7pdj52a7gmcr5-libyuv-1787' from 'https://cache.nixos.org'...
2026-02-23T06:01:19.6282760Z copying path '/nix/store/2qssg7pjgadwmqns6jm3qlr5bbdl4dcr-binutils-2.43.1-lib' from 'https://cache.nixos.org'...
2026-02-23T06:01:19.6477497Z copying path '/nix/store/g4lksqp6l8qiab4a0as21s6556xh4gyp-file-5.45' from 'https://cache.nixos.org'...
2026-02-23T06:01:19.6479020Z copying path '/nix/store/kvzfyxs3v0nb2lvfx28c5hj0vz7j9737-libpng-apng-1.6.43' from 'https://cache.nixos.org'...
2026-02-23T06:01:19.6480638Z copying path '/nix/store/s2lws03pga0vyq84kfa6h041n8csbg4p-ninja-1.12.1' from 'https://cache.nixos.org'...
2026-02-23T06:01:19.6511034Z copying path '/nix/store/b1wvkjx96i3s7wblz38ya0zr8i93zbc5-coreutils-9.5' from 'https://cache.nixos.org'...
2026-02-23T06:01:19.6814336Z copying path '/nix/store/85amyk92rg19l4fy0qmy7wr4jmq8p5z0-gnugrep-3.11' from 'https://cache.nixos.org'...
2026-02-23T06:01:19.6970663Z copying path '/nix/store/rp6b82pm6b7x03ngbzffsl3vj8pvay5v-libselinux-3.7' from 'https://cache.nixos.org'...
2026-02-23T06:01:19.7114874Z copying path '/nix/store/d5y0sl4vwsb9m99r18zh1mx4fw9y70g6-libXext-1.3.6' from 'https://cache.nixos.org'...
2026-02-23T06:01:19.7790796Z copying path '/nix/store/g9hgzjcj9g7hw3c2pzgz271b1g1jgc4w-krb5-1.21.3-lib' from 'https://cache.nixos.org'...
2026-02-23T06:01:19.8182457Z copying path '/nix/store/4krab2h0hd4wvxxmscxrw21pl77j4i7j-gcc-13.3.0' from 'https://cache.nixos.org'...
2026-02-23T06:01:19.8288360Z copying path '/nix/store/ln8sk1vlpzmm346lx30ifihqdw0fw4g9-libXpm-3.5.17' from 'https://cache.nixos.org'...
2026-02-23T06:01:19.8524097Z copying path '/nix/store/7ygszkkili3kfqh789ivdgrhyrjshm5n-libXrender-0.9.11' from 'https://cache.nixos.org'...
2026-02-23T06:01:19.8613214Z copying path '/nix/store/kabp82iq5p0l8zidw9ch1mrpq431g6jd-libaom-3.10.0' from 'https://cache.nixos.org'...
2026-02-23T06:01:19.8728012Z copying path '/nix/store/1n0b29iid3y0w9i91v9zqdiwnx3inak0-libssh2-1.11.1' from 'https://cache.nixos.org'...
2026-02-23T06:01:19.8734885Z copying path '/nix/store/dbkf2m0b3a2n9drrbz6ra4ljfx45d4aa-libvmaf-3.0.0-dev' from 'https://cache.nixos.org'...
2026-02-23T06:01:19.8968200Z copying path '/nix/store/9q63d382x7k2h6cc2pfsb39ar3n6f9wg-patchelf-0.15.0' from 'https://cache.nixos.org'...
2026-02-23T06:01:19.9148784Z copying path '/nix/store/bbd59cqw259149r2ddk4w1q0lr2fch8c-sqlite-3.46.1' from 'https://cache.nixos.org'...
2026-02-23T06:01:19.9151472Z copying path '/nix/store/n0q4xhb9z19f0rfd1i8frw7a3ip3rgar-readline-8.2p13' from 'https://cache.nixos.org'...
2026-02-23T06:01:19.9230226Z copying path '/nix/store/waj425c88y21wccgk9zpyi3q48xq0sgk-freetype-2.13.3' from 'https://cache.nixos.org'...
2026-02-23T06:01:19.9342192Z copying path '/nix/store/zgcaxpjipkvdz3185gfb8ba63xw1sv4n-libwebp-1.4.0' from 'https://cache.nixos.org'...
2026-02-23T06:01:19.9385371Z copying path '/nix/store/5180mi672sl6ikiwyhvgnxasz6iqxws0-xz-5.6.3-bin' from 'https://cache.nixos.org'...
2026-02-23T06:01:19.9595753Z copying path '/nix/store/26hcp8h792wl0h52c5r94qakhvk6q717-glib-2.82.1' from 'https://cache.nixos.org'...
2026-02-23T06:01:19.9597141Z copying path '/nix/store/8pys6a47askf0g75a1k73p3rx2wim7m6-zstd-1.5.6' from 'https://cache.nixos.org'...
2026-02-23T06:01:19.9831609Z copying path '/nix/store/cxwsmlr3xh1ml4r0kgdjrknw7504b9f8-diffutils-3.10' from 'https://cache.nixos.org'...
2026-02-23T06:01:19.9839047Z copying path '/nix/store/w8pnfazxqwmrqmwkb5zrz1bifsd8abxl-findutils-4.10.0' from 'https://cache.nixos.org'...
2026-02-23T06:01:19.9928948Z copying path '/nix/store/6fklzkr5x213h868q31isgy82wpmb1yb-perl-5.40.0' from 'https://cache.nixos.org'...
2026-02-23T06:01:20.0108679Z copying path '/nix/store/bwkb907myixfzzykp21m9iczkhrq5pfy-binutils-2.43.1' from 'https://cache.nixos.org'...
2026-02-23T06:01:20.0125799Z copying path '/nix/store/ps0zg8jx995br0s7k353qhal1ma3nnbd-curl-8.11.0' from 'https://cache.nixos.org'...
2026-02-23T06:01:20.1774848Z copying path '/nix/store/v567mv8b0bg0ph7xn61g33qqm484xxj0-libaom-3.10.0-bin' from 'https://cache.nixos.org'...
2026-02-23T06:01:20.2444926Z copying path '/nix/store/jfyibphs7pv1izw879lrmr0pp1x3llb8-fontconfig-2.15.0-lib' from 'https://cache.nixos.org'...
2026-02-23T06:01:20.2595673Z copying path '/nix/store/zv1kaq7f1q20x62kbjv6pfjygw5jmwl6-python3-3.12.7' from 'https://cache.nixos.org'...
2026-02-23T06:01:20.2597732Z copying path '/nix/store/qb69wvblgz1x2hkfxf7lwl9lg9xk4zpj-python3-3.9.20' from 'https://cache.nixos.org'...
2026-02-23T06:01:20.4422950Z copying path '/nix/store/mgw74i0szz30zbmvgasvyws1y8mvkb86-libtiff-4.7.0' from 'https://cache.nixos.org'...
2026-02-23T06:01:20.4424453Z copying path '/nix/store/n0gxk0ys2zgqqz6zcsq8qlv6nv5k6fpj-libarchive-3.7.7-lib' from 'https://cache.nixos.org'...
2026-02-23T06:01:20.4568560Z copying path '/nix/store/spb2bpcnw0gbbr4x94cq8xs9n72hipwj-stdenv-linux' from 'https://cache.nixos.org'...
2026-02-23T06:01:20.6604983Z copying path '/nix/store/1asppgbns142f1sqyr6sz843h0689a1k-libaom-3.10.0-dev' from 'https://cache.nixos.org'...
2026-02-23T06:01:20.7852680Z copying path '/nix/store/a98zld1as826z4s0b71xs64k02arj4zj-libXft-2.3.8' from 'https://cache.nixos.org'...
2026-02-23T06:01:20.7882994Z copying path '/nix/store/9l20xx4bw18qgkicjcrsfx7vfykp9m8h-cairo-1.18.2' from 'https://cache.nixos.org'...
2026-02-23T06:01:20.7912906Z copying path '/nix/store/avwmwsn9v4an5v2a4k1gzbqk917avjn1-gts-0.7.6' from 'https://cache.nixos.org'...
2026-02-23T06:01:20.7940087Z copying path '/nix/store/yxgc37sx1a0fswq3hvvld54491ryx6sf-harfbuzz-10.0.1' from 'https://cache.nixos.org'...
2026-02-23T06:01:21.1274594Z building '/nix/store/ryf981zc9kshrrgm5c5dphnw879gn09m-builder.pl.drv'...
2026-02-23T06:01:21.1289574Z copying path '/nix/store/alnzmaf07kv3dl4017vrzqngay5rx904-gdk-pixbuf-2.42.12' from 'https://cache.nixos.org'...
2026-02-23T06:01:21.1291212Z copying path '/nix/store/xk1z1b27hck084x12pn24rk526arwwlz-libwebp-1.4.0' from 'https://cache.nixos.org'...
2026-02-23T06:01:21.1292555Z copying path '/nix/store/4k2h9qsps52n1v56zq03yi67dwmxa81i-cmake-3.30.5' from 'https://cache.nixos.org'...
2026-02-23T06:01:21.1320570Z copying path '/nix/store/x9as7x6f7cdgcskvvn3yp02m662krr7y-binutils-wrapper-2.43.1' from 'https://cache.nixos.org'...
2026-02-23T06:01:21.8242685Z copying path '/nix/store/96wajifckqya26aazk4lrig5m5npw5l2-libavif-1.1.1' from 'https://cache.nixos.org'...
2026-02-23T06:01:21.8399268Z copying path '/nix/store/vy93rplabj9l70a098rvp52ni9bg476v-pango-1.54.0' from 'https://cache.nixos.org'...
2026-02-23T06:01:22.3013708Z copying path '/nix/store/ascb2b0zncwlavz03zcj358p1i79hp64-gd-2.3.3' from 'https://cache.nixos.org'...
2026-02-23T06:01:22.7162609Z copying path '/nix/store/lvx8m4mh18aiqlqp5hdjpg3b34a07p35-graphviz-12.2.0' from 'https://cache.nixos.org'...
2026-02-23T06:01:23.8825078Z copying path '/nix/store/mczmw3rln2jm6nm080dapyjpj3833rg9-gcc-arm-embedded-12.3.rel1' from 'https://cache.nixos.org'...
2026-02-23T06:01:25.7639327Z copying path '/nix/store/qpb0z965ffwmny4p2m2jbbaqifkkb5y9-python3.12-docopt-0.6.2' from 'https://cache.nixos.org'...
2026-02-23T06:01:25.7641201Z copying path '/nix/store/qmm23pygh0kisvsm9wrfxw2s5km97670-python3.12-pyelftools-0.31' from 'https://cache.nixos.org'...
2026-02-23T06:01:25.7642767Z copying path '/nix/store/wg6fhwksxkxn24rnynizrr6f4rvd9dkf-python3.12-intelhex-2.3.0' from 'https://cache.nixos.org'...
2026-02-23T06:01:25.7649343Z copying path '/nix/store/qnfndbdg0k5s7zb47l5q9h7cszi56gpf-python3.12-packaging-24.1' from 'https://cache.nixos.org'...
2026-02-23T06:01:25.7655020Z copying path '/nix/store/l67gyhnl63la5pxmq4kbhl0g6xrfsdff-python3.12-msgpack-1.1.0' from 'https://cache.nixos.org'...
2026-02-23T06:01:25.7657045Z copying path '/nix/store/rs8cgrcn6pkdxs2ksnhs1a0x0pvx5sac-python3.12-progress-1.6' from 'https://cache.nixos.org'...
2026-02-23T06:01:25.7672396Z copying path '/nix/store/j7q50pmxnawpif7kfimy51mjhjdjldns-python3.12-pyyaml-6.0.2' from 'https://cache.nixos.org'...
2026-02-23T06:01:25.7710386Z copying path '/nix/store/2k9j8zwlhd8vdpn0c4j5zgwkqr6digpx-python3.12-ruamel-base-1.0.0' from 'https://cache.nixos.org'...
2026-02-23T06:01:25.7712687Z copying path '/nix/store/3rghmwyhhwjaj3jmpc3drb8pzz9h14hj-python3.12-ruamel-yaml-clib-0.2.7' from 'https://cache.nixos.org'...
2026-02-23T06:01:25.7715680Z copying path '/nix/store/4743pgjalihwh1vb7jsy17ynw3s0xj04-python3.12-six-1.16.0' from 'https://cache.nixos.org'...
2026-02-23T06:01:25.7717342Z copying path '/nix/store/n2pgidpi7vpq2hbpylfpa4ck7avniipp-python3.12-typing-extensions-4.12.2' from 'https://cache.nixos.org'...
2026-02-23T06:01:25.7719016Z copying path '/nix/store/2j2fcjlxczkx0yyjn3rqi1h9sd42r97v-python3.12-wrapt-1.16.0' from 'https://cache.nixos.org'...
2026-02-23T06:01:25.8751870Z copying path '/nix/store/4apajimszc47rxwcpvc3g3rj2icinl71-gcc-wrapper-13.3.0' from 'https://cache.nixos.org'...
2026-02-23T06:01:26.2333158Z copying path '/nix/store/09wri7s7nlgp1fs4q4ysx96scbbmr74v-python3.12-anytree-2.12.1' from 'https://cache.nixos.org'...
2026-02-23T06:01:26.2334966Z copying path '/nix/store/7p4gqrzavx0lpks2l0j9945zkzv77ds0-python3.12-python-can-4.5.0' from 'https://moergo-glove80-zmk-dev.cachix.org'...
2026-02-23T06:01:26.2338043Z copying path '/nix/store/iz14w235v0nmwc3vnzrlbrkfpaj1qqka-python3.12-python-dateutil-2.9.0.post0' from 'https://cache.nixos.org'...
2026-02-23T06:01:26.2340197Z copying path '/nix/store/7cvm89dzrkw7i4pdidyd8mvny73k07nb-python3.12-ruamel-yaml-0.18.6' from 'https://cache.nixos.org'...
2026-02-23T06:01:26.4070757Z copying path '/nix/store/gqjd4bvd683s55r0jcgc9q67rvjnmfc6-make-binary-wrapper-hook' from 'https://cache.nixos.org'...
2026-02-23T06:01:26.7252120Z copying path '/nix/store/k1hzsby2pa29jwbbdgg3y4wj0rxn8dnn-python3.12-pykwalify-1.8.0' from 'https://cache.nixos.org'...
2026-02-23T06:01:27.0769500Z building '/nix/store/14s41r3aqgw7vrl845jxarjcx3ivgvc4-python3-3.12.7-env.drv'...
2026-02-23T06:01:27.1647493Z created 296 symlinks in user environment
2026-02-23T06:01:37.4765016Z warning: Ignoring setting 'auto-allocate-uids' because experimental feature 'auto-allocate-uids' is not enabled
2026-02-23T06:01:37.4766449Z warning: Ignoring setting 'impure-env' because experimental feature 'configurable-impure-env' is not enabled
2026-02-23T06:01:37.5017588Z building '/nix/store/76agzj4r6i8piyksr1d3pf4x3w42i0v3-zmk_glove80_lh.drv'...
2026-02-23T06:01:37.5285448Z building '/nix/store/z14s0lj5k7afjnph6n0cg7x0xs70mzzk-zmk_glove80_rh.drv'...
2026-02-23T06:01:37.5676408Z Running phase: unpackPhase
2026-02-23T06:01:37.5718968Z unpacking source archive /nix/store/ypiphcbzypxpz9p904y3da2z7rpgj17j-source
2026-02-23T06:01:37.5882291Z Running phase: unpackPhase
2026-02-23T06:01:37.5922541Z unpacking source archive /nix/store/ypiphcbzypxpz9p904y3da2z7rpgj17j-source
2026-02-23T06:01:37.7274396Z source root is source/app
2026-02-23T06:01:37.7454910Z source root is source/app
2026-02-23T06:01:37.7770034Z Running phase: patchPhase
2026-02-23T06:01:37.7829438Z Running phase: updateAutotoolsGnuConfigScriptsPhase
2026-02-23T06:01:37.7906799Z Running phase: patchPhase
2026-02-23T06:01:37.7968807Z Running phase: updateAutotoolsGnuConfigScriptsPhase
2026-02-23T06:01:37.8076435Z Running phase: configurePhase
2026-02-23T06:01:37.8117993Z fixing cmake files...
2026-02-23T06:01:37.8211751Z Running phase: configurePhase
2026-02-23T06:01:37.8255978Z fixing cmake files...
2026-02-23T06:01:38.0101649Z cmake flags: -GNinja -DCMAKE_FIND_USE_SYSTEM_PACKAGE_REGISTRY=OFF -DCMAKE_FIND_USE_PACKAGE_REGISTRY=OFF -DCMAKE_EXPORT_NO_PACKAGE_REGISTRY=ON -DCMAKE_BUILD_TYPE=Release -DBUILD_TESTING=OFF -DCMAKE_INSTALL_LOCALEDIR=/nix/store/bgv4a83kdg42iv8nxqxyjaipqgiz0zcz-zmk_glove80_lh/share/locale -DCMAKE_INSTALL_LIBEXECDIR=/nix/store/bgv4a83kdg42iv8nxqxyjaipqgiz0zcz-zmk_glove80_lh/libexec -DCMAKE_INSTALL_LIBDIR=/nix/store/bgv4a83kdg42iv8nxqxyjaipqgiz0zcz-zmk_glove80_lh/lib -DCMAKE_INSTALL_DOCDIR=/nix/store/bgv4a83kdg42iv8nxqxyjaipqgiz0zcz-zmk_glove80_lh/share/doc/zmk -DCMAKE_INSTALL_INFODIR=/nix/store/bgv4a83kdg42iv8nxqxyjaipqgiz0zcz-zmk_glove80_lh/share/info -DCMAKE_INSTALL_MANDIR=/nix/store/bgv4a83kdg42iv8nxqxyjaipqgiz0zcz-zmk_glove80_lh/share/man -DCMAKE_INSTALL_OLDINCLUDEDIR=/nix/store/bgv4a83kdg42iv8nxqxyjaipqgiz0zcz-zmk_glove80_lh/include -DCMAKE_INSTALL_INCLUDEDIR=/nix/store/bgv4a83kdg42iv8nxqxyjaipqgiz0zcz-zmk_glove80_lh/include -DCMAKE_INSTALL_SBINDIR=/nix/store/bgv4a83kdg42iv8nxqxyjaipqgiz0zcz-zmk_glove80_lh/sbin -DCMAKE_INSTALL_BINDIR=/nix/store/bgv4a83kdg42iv8nxqxyjaipqgiz0zcz-zmk_glove80_lh/bin -DCMAKE_INSTALL_NAME_DIR=/nix/store/bgv4a83kdg42iv8nxqxyjaipqgiz0zcz-zmk_glove80_lh/lib -DCMAKE_POLICY_DEFAULT_CMP0025=NEW -DCMAKE_FIND_FRAMEWORK=LAST -DCMAKE_STRIP= -DCMAKE_RANLIB= -DCMAKE_AR= -DCMAKE_C_COMPILER= -DCMAKE_CXX_COMPILER= -DCMAKE_INSTALL_PREFIX=/nix/store/bgv4a83kdg42iv8nxqxyjaipqgiz0zcz-zmk_glove80_lh -DZEPHYR_BASE=/nix/store/pz26iwsn417j90xs7y7cwbsjnk7b1riv-zephyr/zephyr -DBOARD_ROOT=. -DBOARD=glove80_lh -DZEPHYR_TOOLCHAIN_VARIANT=gnuarmemb -DGNUARMEMB_TOOLCHAIN_PATH=/nix/store/mczmw3rln2jm6nm080dapyjpj3833rg9-gcc-arm-embedded-12.3.rel1 -DCMAKE_C_COMPILER=/nix/store/mczmw3rln2jm6nm080dapyjpj3833rg9-gcc-arm-embedded-12.3.rel1/bin/arm-none-eabi-gcc -DCMAKE_CXX_COMPILER=/nix/store/mczmw3rln2jm6nm080dapyjpj3833rg9-gcc-arm-embedded-12.3.rel1/bin/arm-none-eabi-g++ -DCMAKE_AR=/nix/store/mczmw3rln2jm6nm080dapyjpj3833rg9-gcc-arm-embedded-12.3.rel1/bin/arm-none-eabi-ar -DCMAKE_RANLIB=/nix/store/mczmw3rln2jm6nm080dapyjpj3833rg9-gcc-arm-embedded-12.3.rel1/bin/arm-none-eabi-ranlib -DZEPHYR_MODULES=/nix/store/pq757h971kd946xqi9ckk2ylsj25i610-zmk-module-cmsis/cmsis\;/nix/store/wggfl9p3y2ahy21hb1gpfgr3fxsbv8ss-zmk-module-hal_nordic/hal_nordic\;/nix/store/grk5a1pd1mbzl3lgzf2amf7c0nbb0rvs-zmk-module-tinycrypt/tinycrypt\;/nix/store/44v1jwji8rksbmvsjwkd4igbb1vhxbl5-zmk-module-lvgl/lvgl\;/nix/store/4bn1207zpfrcdmf1ldh86ziaav3kwwbb-zmk-module-picolibc/picolibc\;/nix/store/w90l0zpl7slydmc947qscinn0d6rgq5c-zmk-module-segger/segger\;/nix/store/3581iwklzqcg4iyhlyqqrj7yvvm0pykl-cirque-input-module -DKEYMAP_FILE=/nix/store/h7x30c0lwmsb3c18mwzx4lqg366i86i8-zmk-multi-keyboard-build/boards/glove80/glove80.keymap -DEXTRA_CONF_FILE=/nix/store/h7x30c0lwmsb3c18mwzx4lqg366i86i8-zmk-multi-keyboard-build/boards/glove80/glove80.conf -DUSER_CACHE_DIR=/build/.cache
2026-02-23T06:01:38.0189598Z Loading Zephyr default modules (Zephyr base (cached)).
2026-02-23T06:01:38.0191656Z -- Application: /build/source/app
2026-02-23T06:01:38.0192107Z -- CMake version: 3.30.5
2026-02-23T06:01:38.0221803Z cmake flags: -GNinja -DCMAKE_FIND_USE_SYSTEM_PACKAGE_REGISTRY=OFF -DCMAKE_FIND_USE_PACKAGE_REGISTRY=OFF -DCMAKE_EXPORT_NO_PACKAGE_REGISTRY=ON -DCMAKE_BUILD_TYPE=Release -DBUILD_TESTING=OFF -DCMAKE_INSTALL_LOCALEDIR=/nix/store/46zsmkxdhy3xsh9cy1l556pbyds2rj98-zmk_glove80_rh/share/locale -DCMAKE_INSTALL_LIBEXECDIR=/nix/store/46zsmkxdhy3xsh9cy1l556pbyds2rj98-zmk_glove80_rh/libexec -DCMAKE_INSTALL_LIBDIR=/nix/store/46zsmkxdhy3xsh9cy1l556pbyds2rj98-zmk_glove80_rh/lib -DCMAKE_INSTALL_DOCDIR=/nix/store/46zsmkxdhy3xsh9cy1l556pbyds2rj98-zmk_glove80_rh/share/doc/zmk -DCMAKE_INSTALL_INFODIR=/nix/store/46zsmkxdhy3xsh9cy1l556pbyds2rj98-zmk_glove80_rh/share/info -DCMAKE_INSTALL_MANDIR=/nix/store/46zsmkxdhy3xsh9cy1l556pbyds2rj98-zmk_glove80_rh/share/man -DCMAKE_INSTALL_OLDINCLUDEDIR=/nix/store/46zsmkxdhy3xsh9cy1l556pbyds2rj98-zmk_glove80_rh/include -DCMAKE_INSTALL_INCLUDEDIR=/nix/store/46zsmkxdhy3xsh9cy1l556pbyds2rj98-zmk_glove80_rh/include -DCMAKE_INSTALL_SBINDIR=/nix/store/46zsmkxdhy3xsh9cy1l556pbyds2rj98-zmk_glove80_rh/sbin -DCMAKE_INSTALL_BINDIR=/nix/store/46zsmkxdhy3xsh9cy1l556pbyds2rj98-zmk_glove80_rh/bin -DCMAKE_INSTALL_NAME_DIR=/nix/store/46zsmkxdhy3xsh9cy1l556pbyds2rj98-zmk_glove80_rh/lib -DCMAKE_POLICY_DEFAULT_CMP0025=NEW -DCMAKE_FIND_FRAMEWORK=LAST -DCMAKE_STRIP= -DCMAKE_RANLIB= -DCMAKE_AR= -DCMAKE_C_COMPILER= -DCMAKE_CXX_COMPILER= -DCMAKE_INSTALL_PREFIX=/nix/store/46zsmkxdhy3xsh9cy1l556pbyds2rj98-zmk_glove80_rh -DZEPHYR_BASE=/nix/store/pz26iwsn417j90xs7y7cwbsjnk7b1riv-zephyr/zephyr -DBOARD_ROOT=. -DBOARD=glove80_rh -DZEPHYR_TOOLCHAIN_VARIANT=gnuarmemb -DGNUARMEMB_TOOLCHAIN_PATH=/nix/store/mczmw3rln2jm6nm080dapyjpj3833rg9-gcc-arm-embedded-12.3.rel1 -DCMAKE_C_COMPILER=/nix/store/mczmw3rln2jm6nm080dapyjpj3833rg9-gcc-arm-embedded-12.3.rel1/bin/arm-none-eabi-gcc -DCMAKE_CXX_COMPILER=/nix/store/mczmw3rln2jm6nm080dapyjpj3833rg9-gcc-arm-embedded-12.3.rel1/bin/arm-none-eabi-g++ -DCMAKE_AR=/nix/store/mczmw3rln2jm6nm080dapyjpj3833rg9-gcc-arm-embedded-12.3.rel1/bin/arm-none-eabi-ar -DCMAKE_RANLIB=/nix/store/mczmw3rln2jm6nm080dapyjpj3833rg9-gcc-arm-embedded-12.3.rel1/bin/arm-none-eabi-ranlib -DZEPHYR_MODULES=/nix/store/pq757h971kd946xqi9ckk2ylsj25i610-zmk-module-cmsis/cmsis\;/nix/store/wggfl9p3y2ahy21hb1gpfgr3fxsbv8ss-zmk-module-hal_nordic/hal_nordic\;/nix/store/grk5a1pd1mbzl3lgzf2amf7c0nbb0rvs-zmk-module-tinycrypt/tinycrypt\;/nix/store/44v1jwji8rksbmvsjwkd4igbb1vhxbl5-zmk-module-lvgl/lvgl\;/nix/store/4bn1207zpfrcdmf1ldh86ziaav3kwwbb-zmk-module-picolibc/picolibc\;/nix/store/w90l0zpl7slydmc947qscinn0d6rgq5c-zmk-module-segger/segger\;/nix/store/3581iwklzqcg4iyhlyqqrj7yvvm0pykl-cirque-input-module -DKEYMAP_FILE=/nix/store/h7x30c0lwmsb3c18mwzx4lqg366i86i8-zmk-multi-keyboard-build/boards/glove80/glove80.keymap -DEXTRA_CONF_FILE=/nix/store/h7x30c0lwmsb3c18mwzx4lqg366i86i8-zmk-multi-keyboard-build/boards/glove80/glove80.conf -DUSER_CACHE_DIR=/build/.cache
2026-02-23T06:01:38.0330860Z Loading Zephyr default modules (Zephyr base (cached)).
2026-02-23T06:01:38.0332932Z -- Application: /build/source/app
2026-02-23T06:01:38.0333348Z -- CMake version: 3.30.5
2026-02-23T06:01:38.2427772Z -- Found Python3: /nix/store/3ym73yjdw7yg6sv3nwr0syligji76i3z-python3-3.12.7-env/bin/python (found suitable version "3.12.7", minimum required is "3.8") found components: Interpreter
2026-02-23T06:01:38.2449142Z -- Cache files will be written to: /build/.cache
2026-02-23T06:01:38.2453342Z -- Found Python3: /nix/store/3ym73yjdw7yg6sv3nwr0syligji76i3z-python3-3.12.7-env/bin/python (found suitable version "3.12.7", minimum required is "3.8") found components: Interpreter
2026-02-23T06:01:38.2511760Z -- Cache files will be written to: /build/.cache
2026-02-23T06:01:38.2521358Z -- Zephyr version: 3.5.0 (/nix/store/pz26iwsn417j90xs7y7cwbsjnk7b1riv-zephyr/zephyr)
2026-02-23T06:01:38.2526830Z -- Zephyr version: 3.5.0 (/nix/store/pz26iwsn417j90xs7y7cwbsjnk7b1riv-zephyr/zephyr)
2026-02-23T06:01:38.4297606Z -- Using keymap file: /nix/store/h7x30c0lwmsb3c18mwzx4lqg366i86i8-zmk-multi-keyboard-build/boards/glove80/glove80.keymap
2026-02-23T06:01:38.4299273Z -- Using keymap file: /nix/store/h7x30c0lwmsb3c18mwzx4lqg366i86i8-zmk-multi-keyboard-build/boards/glove80/glove80.keymap
2026-02-23T06:01:38.4342731Z -- Board: glove80_rh
2026-02-23T06:01:38.4345510Z -- Board: glove80_lh
2026-02-23T06:01:38.6088263Z -- Found toolchain: gnuarmemb (/nix/store/mczmw3rln2jm6nm080dapyjpj3833rg9-gcc-arm-embedded-12.3.rel1)
2026-02-23T06:01:38.6107076Z -- Found toolchain: gnuarmemb (/nix/store/mczmw3rln2jm6nm080dapyjpj3833rg9-gcc-arm-embedded-12.3.rel1)
2026-02-23T06:01:38.6165061Z -- Found Dtc: /nix/store/2nvmq98zj69i1af1ksh6m08hvfdkjv1z-dtc-1.7.2/bin/dtc (found suitable version "1.7.2", minimum required is "1.4.6")
2026-02-23T06:01:38.6166317Z -- Found BOARD.dts: /build/source/app/boards/arm/glove80/glove80_lh.dts
2026-02-23T06:01:38.6167543Z -- Found devicetree overlay: /nix/store/h7x30c0lwmsb3c18mwzx4lqg366i86i8-zmk-multi-keyboard-build/boards/glove80/glove80.keymap
2026-02-23T06:01:38.6209238Z -- Found Dtc: /nix/store/2nvmq98zj69i1af1ksh6m08hvfdkjv1z-dtc-1.7.2/bin/dtc (found suitable version "1.7.2", minimum required is "1.4.6")
2026-02-23T06:01:38.6210611Z -- Found BOARD.dts: /build/source/app/boards/arm/glove80/glove80_rh.dts
2026-02-23T06:01:38.6211805Z -- Found devicetree overlay: /nix/store/h7x30c0lwmsb3c18mwzx4lqg366i86i8-zmk-multi-keyboard-build/boards/glove80/glove80.keymap
2026-02-23T06:01:39.1367375Z 'label' is marked as deprecated in 'properties:' in /build/source/app/dts/bindings/behaviors/zmk,behavior-macro.yaml for node /behaviors/cur_EXTEND_LINE_macos_v1_TKZ.
2026-02-23T06:01:39.1370286Z 'label' is marked as deprecated in 'properties:' in /build/source/app/dts/bindings/behaviors/zmk,behavior-macro.yaml for node /behaviors/cur_EXTEND_LINE_macos_v1_TKZ.
2026-02-23T06:01:39.1373062Z 'label' is marked as deprecated in 'properties:' in /build/source/app/dts/bindings/behaviors/zmk,behavior-macro.yaml for node /behaviors/cur_EXTEND_WORD_macos_v1_TKZ.
2026-02-23T06:01:39.1376767Z 'label' is marked as deprecated in 'properties:' in /build/source/app/dts/bindings/behaviors/zmk,behavior-macro.yaml for node /behaviors/cur_EXTEND_WORD_macos_v1_TKZ.
2026-02-23T06:01:39.1378821Z 'label' is marked as deprecated in 'properties:' in /build/source/app/dts/bindings/behaviors/zmk,behavior-macro.yaml for node /behaviors/cur_SELECT_LINE_macos_v1_TKZ.
2026-02-23T06:01:39.1381119Z 'label' is marked as deprecated in 'properties:' in /build/source/app/dts/bindings/behaviors/zmk,behavior-macro.yaml for node /behaviors/cur_SELECT_LINE_macos_v1_TKZ.
2026-02-23T06:01:39.1383171Z 'label' is marked as deprecated in 'properties:' in /build/source/app/dts/bindings/behaviors/zmk,behavior-macro.yaml for node /behaviors/cur_SELECT_NONE_v1_TKZ.
2026-02-23T06:01:39.1385609Z 'label' is marked as deprecated in 'properties:' in /build/source/app/dts/bindings/behaviors/zmk,behavior-macro.yaml for node /behaviors/cur_SELECT_WORD_macos_v1_TKZ.
2026-02-23T06:01:39.1387790Z 'label' is marked as deprecated in 'properties:' in /build/source/app/dts/bindings/behaviors/zmk,behavior-macro-two-param.yaml for node /behaviors/mod_tab_chord_v2_TKZ.
2026-02-23T06:01:39.1390105Z 'label' is marked as deprecated in 'properties:' in /build/source/app/dts/bindings/behaviors/zmk,behavior-macro-one-param.yaml for node /behaviors/mod_tab_v1_TKZ.
2026-02-23T06:01:39.1393140Z 'label' is marked as deprecated in 'properties:' in /build/source/app/dts/bindings/behaviors/zmk,behavior-macro.yaml for node /behaviors/symb_dotdot_v1_TKZ.
2026-02-23T06:01:39.1395147Z 'label' is marked as deprecated in 'properties:' in /build/source/app/dts/bindings/behaviors/zmk,behavior-macro.yaml for node /behaviors/cur_SELECT_NONE_v1_TKZ.
2026-02-23T06:01:39.1397218Z 'label' is marked as deprecated in 'properties:' in /build/source/app/dts/bindings/behaviors/zmk,behavior-macro.yaml for node /behaviors/cur_SELECT_WORD_macos_v1_TKZ.
2026-02-23T06:01:39.1399369Z 'label' is marked as deprecated in 'properties:' in /build/source/app/dts/bindings/behaviors/zmk,behavior-macro-two-param.yaml for node /behaviors/mod_tab_chord_v2_TKZ.
2026-02-23T06:01:39.1401703Z 'label' is marked as deprecated in 'properties:' in /build/source/app/dts/bindings/behaviors/zmk,behavior-macro-one-param.yaml for node /behaviors/mod_tab_v1_TKZ.
2026-02-23T06:01:39.1403722Z 'label' is marked as deprecated in 'properties:' in /build/source/app/dts/bindings/behaviors/zmk,behavior-macro.yaml for node /behaviors/symb_dotdot_v1_TKZ.
2026-02-23T06:01:39.1406213Z 'label' is marked as deprecated in 'properties:' in /build/source/app/dts/bindings/behaviors/zmk,behavior-macro-one-param.yaml for node /behaviors/HRM_left_index_hold_v1B_TKZ.
2026-02-23T06:01:39.1408464Z 'label' is marked as deprecated in 'properties:' in /build/source/app/dts/bindings/behaviors/zmk,behavior-macro-one-param.yaml for node /behaviors/HRM_left_index_tap_v1B_TKZ.
2026-02-23T06:01:39.1410770Z 'label' is marked as deprecated in 'properties:' in /build/source/app/dts/bindings/behaviors/zmk,behavior-macro-one-param.yaml for node /behaviors/HRM_left_middy_hold_v1B_TKZ.
2026-02-23T06:01:39.1412893Z 'label' is marked as deprecated in 'properties:' in /build/source/app/dts/bindings/behaviors/zmk,behavior-macro-one-param.yaml for node /behaviors/HRM_left_middy_tap_v1B_TKZ.
2026-02-23T06:01:39.1414834Z 'label' is marked as deprecated in 'properties:' in /build/source/app/dts/bindings/behaviors/zmk,behavior-macro-one-param.yaml for node /behaviors/HRM_left_pinky_hold_v1B_TKZ.
2026-02-23T06:01:39.1416798Z 'label' is marked as deprecated in 'properties:' in /build/source/app/dts/bindings/behaviors/zmk,behavior-macro-one-param.yaml for node /behaviors/HRM_left_pinky_tap_v1B_TKZ.
2026-02-23T06:01:39.1418802Z 'label' is marked as deprecated in 'properties:' in /build/source/app/dts/bindings/behaviors/zmk,behavior-macro-one-param.yaml for node /behaviors/HRM_left_ring_hold_v1B_TKZ.
2026-02-23T06:01:39.1420991Z 'label' is marked as deprecated in 'properties:' in /build/source/app/dts/bindings/behaviors/zmk,behavior-macro-one-param.yaml for node /behaviors/HRM_left_ring_tap_v1B_TKZ.
2026-02-23T06:01:39.1422835Z 'label' is marked as deprecated in 'properties:' in /build/source/app/dts/bindings/behaviors/zmk,behavior-macro-one-param.yaml for node /behaviors/HRM_right_index_hold_v1B_TKZ.
2026-02-23T06:01:39.1424662Z 'label' is marked as deprecated in 'properties:' in /build/source/app/dts/bindings/behaviors/zmk,behavior-macro-one-param.yaml for node /behaviors/HRM_left_index_hold_v1B_TKZ.
2026-02-23T06:01:39.1426475Z 'label' is marked as deprecated in 'properties:' in /build/source/app/dts/bindings/behaviors/zmk,behavior-macro-one-param.yaml for node /behaviors/HRM_left_index_tap_v1B_TKZ.
2026-02-23T06:01:39.1428381Z 'label' is marked as deprecated in 'properties:' in /build/source/app/dts/bindings/behaviors/zmk,behavior-macro-one-param.yaml for node /behaviors/HRM_left_middy_hold_v1B_TKZ.
2026-02-23T06:01:39.1430600Z 'label' is marked as deprecated in 'properties:' in /build/source/app/dts/bindings/behaviors/zmk,behavior-macro-one-param.yaml for node /behaviors/HRM_left_middy_tap_v1B_TKZ.
2026-02-23T06:01:39.1432422Z 'label' is marked as deprecated in 'properties:' in /build/source/app/dts/bindings/behaviors/zmk,behavior-macro-one-param.yaml for node /behaviors/HRM_left_pinky_hold_v1B_TKZ.
2026-02-23T06:01:39.1434229Z 'label' is marked as deprecated in 'properties:' in /build/source/app/dts/bindings/behaviors/zmk,behavior-macro-one-param.yaml for node /behaviors/HRM_left_pinky_tap_v1B_TKZ.
2026-02-23T06:01:39.1436253Z 'label' is marked as deprecated in 'properties:' in /build/source/app/dts/bindings/behaviors/zmk,behavior-macro-one-param.yaml for node /behaviors/HRM_left_ring_hold_v1B_TKZ.
2026-02-23T06:01:39.1438139Z 'label' is marked as deprecated in 'properties:' in /build/source/app/dts/bindings/behaviors/zmk,behavior-macro-one-param.yaml for node /behaviors/HRM_left_ring_tap_v1B_TKZ.
2026-02-23T06:01:39.1440298Z 'label' is marked as deprecated in 'properties:' in /build/source/app/dts/bindings/behaviors/zmk,behavior-macro-one-param.yaml for node /behaviors/HRM_right_index_hold_v1B_TKZ.
2026-02-23T06:01:39.1442263Z 'label' is marked as deprecated in 'properties:' in /build/source/app/dts/bindings/behaviors/zmk,behavior-macro-one-param.yaml for node /behaviors/HRM_right_index_tap_v1B_TKZ.
2026-02-23T06:01:39.1444207Z 'label' is marked as deprecated in 'properties:' in /build/source/app/dts/bindings/behaviors/zmk,behavior-macro-one-param.yaml for node /behaviors/HRM_right_middy_hold_v1B_TKZ.
2026-02-23T06:01:39.1446347Z 'label' is marked as deprecated in 'properties:' in /build/source/app/dts/bindings/behaviors/zmk,behavior-macro-one-param.yaml for node /behaviors/HRM_right_middy_tap_v1B_TKZ.
2026-02-23T06:01:39.1448296Z 'label' is marked as deprecated in 'properties:' in /build/source/app/dts/bindings/behaviors/zmk,behavior-macro-one-param.yaml for node /behaviors/HRM_right_pinky_hold_v1B_TKZ.
2026-02-23T06:01:39.1450412Z 'label' is marked as deprecated in 'properties:' in /build/source/app/dts/bindings/behaviors/zmk,behavior-macro-one-param.yaml for node /behaviors/HRM_right_index_tap_v1B_TKZ.
2026-02-23T06:01:39.1452439Z 'label' is marked as deprecated in 'properties:' in /build/source/app/dts/bindings/behaviors/zmk,behavior-macro-one-param.yaml for node /behaviors/HRM_right_middy_hold_v1B_TKZ.
2026-02-23T06:01:39.1454481Z 'label' is marked as deprecated in 'properties:' in /build/source/app/dts/bindings/behaviors/zmk,behavior-macro-one-param.yaml for node /behaviors/HRM_right_middy_tap_v1B_TKZ.
2026-02-23T06:01:39.1456294Z 'label' is marked as deprecated in 'properties:' in /build/source/app/dts/bindings/behaviors/zmk,behavior-macro-one-param.yaml for node /behaviors/HRM_right_pinky_hold_v1B_TKZ.
2026-02-23T06:01:39.1458487Z 'label' is marked as deprecated in 'properties:' in /build/source/app/dts/bindings/behaviors/zmk,behavior-macro-one-param.yaml for node /behaviors/HRM_right_pinky_tap_v1B_TKZ.
2026-02-23T06:01:39.1460571Z 'label' is marked as deprecated in 'properties:' in /build/source/app/dts/bindings/behaviors/zmk,behavior-macro-one-param.yaml for node /behaviors/HRM_right_ring_hold_v1B_TKZ.
2026-02-23T06:01:39.1462663Z 'label' is marked as deprecated in 'properties:' in /build/source/app/dts/bindings/behaviors/zmk,behavior-macro-one-param.yaml for node /behaviors/HRM_right_ring_tap_v1B_TKZ.
2026-02-23T06:01:39.1464723Z 'label' is marked as deprecated in 'properties:' in /build/source/app/dts/bindings/behaviors/zmk,behavior-macro-one-param.yaml for node /behaviors/HRM_right_pinky_tap_v1B_TKZ.
2026-02-23T06:01:39.1466720Z 'label' is marked as deprecated in 'properties:' in /build/source/app/dts/bindings/behaviors/zmk,behavior-macro-one-param.yaml for node /behaviors/HRM_right_ring_hold_v1B_TKZ.
2026-02-23T06:01:39.1468604Z 'label' is marked as deprecated in 'properties:' in /build/source/app/dts/bindings/behaviors/zmk,behavior-macro-one-param.yaml for node /behaviors/HRM_right_ring_tap_v1B_TKZ.
2026-02-23T06:01:39.1471511Z devicetree error: value of property '#binding-cells' on /behaviors/tab_hyper in /build/source/app/build/zephyr/zephyr.dts.pre (1) is different from the 'const' value specified in /build/source/app/dts/bindings/behaviors/zmk,behavior-hold-tap.yaml (2)
2026-02-23T06:01:39.1474554Z devicetree error: value of property '#binding-cells' on /behaviors/tab_hyper in /build/source/app/build/zephyr/zephyr.dts.pre (1) is different from the 'const' value specified in /build/source/app/dts/bindings/behaviors/zmk,behavior-hold-tap.yaml (2)
2026-02-23T06:01:39.1567481Z -- In: /build/source/app/build/zephyr, command: /nix/store/3ym73yjdw7yg6sv3nwr0syligji76i3z-python3-3.12.7-env/bin/python;/nix/store/pz26iwsn417j90xs7y7cwbsjnk7b1riv-zephyr/zephyr/scripts/dts/gen_defines.py;--dts;/build/source/app/build/zephyr/zephyr.dts.pre;--dtc-flags;'-Wno-unique_unit_address_if_enabled';--bindings-dirs;/nix/store/3581iwklzqcg4iyhlyqqrj7yvvm0pykl-cirque-input-module/dts/bindings;/build/source/app/module/dts/bindings;/build/source/app/dts/bindings;/nix/store/pz26iwsn417j90xs7y7cwbsjnk7b1riv-zephyr/zephyr/dts/bindings;--header-out;/build/source/app/build/zephyr/include/generated/devicetree_generated.h.new;--dts-out;/build/source/app/build/zephyr/zephyr.dts.new;--edt-pickle-out;/build/source/app/build/zephyr/edt.pickle;--vendor-prefixes;/nix/store/3581iwklzqcg4iyhlyqqrj7yvvm0pykl-cirque-input-module/dts/bindings/vendor-prefixes.txt;--vendor-prefixes;/build/source/app/dts/bindings/vendor-prefixes.txt;--vendor-prefixes;/nix/store/pz26iwsn417j90xs7y7cwbsjnk7b1riv-zephyr/zephyr/dts/bindings/vendor-prefixes.txt
2026-02-23T06:01:39.1576977Z CMake Error at /nix/store/pz26iwsn417j90xs7y7cwbsjnk7b1riv-zephyr/zephyr/cmake/modules/dts.cmake:279 (message):
2026-02-23T06:01:39.1577928Z   gen_defines.py failed with return code: 1
2026-02-23T06:01:39.1578454Z Call Stack (most recent call first):
2026-02-23T06:01:39.1579292Z   /nix/store/pz26iwsn417j90xs7y7cwbsjnk7b1riv-zephyr/zephyr/cmake/modules/zephyr_default.cmake:129 (include)
2026-02-23T06:01:39.1581447Z   /nix/store/pz26iwsn417j90xs7y7cwbsjnk7b1riv-zephyr/zephyr/share/zephyr-package/cmake/ZephyrConfig.cmake:66 (include)
2026-02-23T06:01:39.1583113Z   /nix/store/pz26iwsn417j90xs7y7cwbsjnk7b1riv-zephyr/zephyr/share/zephyr-package/cmake/ZephyrConfig.cmake:97 (include_boilerplate)
2026-02-23T06:01:39.1584193Z   CMakeLists.txt:9 (find_package)
2026-02-23T06:01:39.1584450Z 
2026-02-23T06:01:39.1584456Z 
2026-02-23T06:01:39.1584607Z -- Configuring incomplete, errors occurred!
2026-02-23T06:01:39.1592490Z -- In: /build/source/app/build/zephyr, command: /nix/store/3ym73yjdw7yg6sv3nwr0syligji76i3z-python3-3.12.7-env/bin/python;/nix/store/pz26iwsn417j90xs7y7cwbsjnk7b1riv-zephyr/zephyr/scripts/dts/gen_defines.py;--dts;/build/source/app/build/zephyr/zephyr.dts.pre;--dtc-flags;'-Wno-unique_unit_address_if_enabled';--bindings-dirs;/nix/store/3581iwklzqcg4iyhlyqqrj7yvvm0pykl-cirque-input-module/dts/bindings;/build/source/app/module/dts/bindings;/build/source/app/dts/bindings;/nix/store/pz26iwsn417j90xs7y7cwbsjnk7b1riv-zephyr/zephyr/dts/bindings;--header-out;/build/source/app/build/zephyr/include/generated/devicetree_generated.h.new;--dts-out;/build/source/app/build/zephyr/zephyr.dts.new;--edt-pickle-out;/build/source/app/build/zephyr/edt.pickle;--vendor-prefixes;/nix/store/3581iwklzqcg4iyhlyqqrj7yvvm0pykl-cirque-input-module/dts/bindings/vendor-prefixes.txt;--vendor-prefixes;/build/source/app/dts/bindings/vendor-prefixes.txt;--vendor-prefixes;/nix/store/pz26iwsn417j90xs7y7cwbsjnk7b1riv-zephyr/zephyr/dts/bindings/vendor-prefixes.txt
2026-02-23T06:01:39.1600330Z CMake Error at /nix/store/pz26iwsn417j90xs7y7cwbsjnk7b1riv-zephyr/zephyr/cmake/modules/dts.cmake:279 (message):
2026-02-23T06:01:39.1601173Z   gen_defines.py failed with return code: 1
2026-02-23T06:01:39.1601597Z Call Stack (most recent call first):
2026-02-23T06:01:39.1602389Z   /nix/store/pz26iwsn417j90xs7y7cwbsjnk7b1riv-zephyr/zephyr/cmake/modules/zephyr_default.cmake:129 (include)
2026-02-23T06:01:39.1603884Z   /nix/store/pz26iwsn417j90xs7y7cwbsjnk7b1riv-zephyr/zephyr/share/zephyr-package/cmake/ZephyrConfig.cmake:66 (include)
2026-02-23T06:01:39.1605429Z   /nix/store/pz26iwsn417j90xs7y7cwbsjnk7b1riv-zephyr/zephyr/share/zephyr-package/cmake/ZephyrConfig.cmake:97 (include_boilerplate)
2026-02-23T06:01:39.1606446Z   CMakeLists.txt:9 (find_package)
2026-02-23T06:01:39.1606714Z 
2026-02-23T06:01:39.1606729Z 
2026-02-23T06:01:39.1606887Z -- Configuring incomplete, errors occurred!
2026-02-23T06:01:39.2392696Z error: builder for '/nix/store/z14s0lj5k7afjnph6n0cg7x0xs70mzzk-zmk_glove80_rh.drv' failed with exit code 1;
2026-02-23T06:01:39.2393677Z        last 10 log lines:
2026-02-23T06:01:39.2394557Z        > CMake Error at /nix/store/pz26iwsn417j90xs7y7cwbsjnk7b1riv-zephyr/zephyr/cmake/modules/dts.cmake:279 (message):
2026-02-23T06:01:39.2395568Z        >   gen_defines.py failed with return code: 1
2026-02-23T06:01:39.2396077Z        > Call Stack (most recent call first):
2026-02-23T06:01:39.2397012Z        >   /nix/store/pz26iwsn417j90xs7y7cwbsjnk7b1riv-zephyr/zephyr/cmake/modules/zephyr_default.cmake:129 (include)
2026-02-23T06:01:39.2398499Z        >   /nix/store/pz26iwsn417j90xs7y7cwbsjnk7b1riv-zephyr/zephyr/share/zephyr-package/cmake/ZephyrConfig.cmake:66 (include)
2026-02-23T06:01:39.2400346Z        >   /nix/store/pz26iwsn417j90xs7y7cwbsjnk7b1riv-zephyr/zephyr/share/zephyr-package/cmake/ZephyrConfig.cmake:97 (include_boilerplate)
2026-02-23T06:01:39.2401463Z        >   CMakeLists.txt:9 (find_package)
2026-02-23T06:01:39.2401869Z        >
2026-02-23T06:01:39.2402532Z        > 
2026-02-23T06:01:39.2403060Z        > -- Configuring incomplete, errors occurred!
2026-02-23T06:01:39.2403906Z        For full logs, run 'nix log /nix/store/z14s0lj5k7afjnph6n0cg7x0xs70mzzk-zmk_glove80_rh.drv'.
2026-02-23T06:01:39.3456892Z error: 1 dependencies of derivation '/nix/store/0iz5vx8an884xcq7s6prf11sssn9ja2v-combined_zmk_glove80_lh_zmk_glove80_rh.drv' failed to build
2026-02-23T06:01:39.3571886Z ##[error]Process completed with exit code 1.
2026-02-23T06:01:39.3636601Z Post job cleanup.
2026-02-23T06:01:39.4073599Z ##[group]Cachix: push
2026-02-23T06:01:39.4074520Z Pushing is disabled as skipPush is set to true
2026-02-23T06:01:39.4075217Z ##[endgroup]
2026-02-23T06:01:39.4173468Z Post job cleanup.
2026-02-23T06:01:39.5121043Z [command]/usr/bin/git version
2026-02-23T06:01:39.5159830Z git version 2.52.0
2026-02-23T06:01:39.5204840Z Temporarily overriding HOME='/home/runner/work/_temp/62c3982d-5c80-4967-b9e8-79c1de3d6f85' before making global git config changes
2026-02-23T06:01:39.5206139Z Adding repository directory to the temporary git global config as a safe directory
2026-02-23T06:01:39.5211479Z [command]/usr/bin/git config --global --add safe.directory /home/runner/work/zmk-multi-keyboard-build/zmk-multi-keyboard-build/src
2026-02-23T06:01:39.5251061Z [command]/usr/bin/git config --local --name-only --get-regexp core\.sshCommand
2026-02-23T06:01:39.5285523Z [command]/usr/bin/git submodule foreach --recursive sh -c "git config --local --name-only --get-regexp 'core\.sshCommand' && git config --local --unset-all 'core.sshCommand' || :"
2026-02-23T06:01:39.5522730Z [command]/usr/bin/git config --local --name-only --get-regexp http\.https\:\/\/github\.com\/\.extraheader
2026-02-23T06:01:39.5544325Z http.https://github.com/.extraheader
2026-02-23T06:01:39.5557699Z [command]/usr/bin/git config --local --unset-all http.https://github.com/.extraheader
2026-02-23T06:01:39.5588851Z [command]/usr/bin/git submodule foreach --recursive sh -c "git config --local --name-only --get-regexp 'http\.https\:\/\/github\.com\/\.extraheader' && git config --local --unset-all 'http.https://github.com/.extraheader' || :"
2026-02-23T06:01:39.5820374Z [command]/usr/bin/git config --local --name-only --get-regexp ^includeIf\.gitdir:
2026-02-23T06:01:39.5857410Z [command]/usr/bin/git submodule foreach --recursive git config --local --show-origin --name-only --get-regexp remote.origin.url
2026-02-23T06:01:39.6207773Z Post job cleanup.
2026-02-23T06:01:39.7144631Z [command]/usr/bin/git version
2026-02-23T06:01:39.7181332Z git version 2.52.0
2026-02-23T06:01:39.7225366Z Temporarily overriding HOME='/home/runner/work/_temp/7038778a-d948-4c22-8e81-6f20a54468b5' before making global git config changes
2026-02-23T06:01:39.7226762Z Adding repository directory to the temporary git global config as a safe directory
2026-02-23T06:01:39.7232406Z [command]/usr/bin/git config --global --add safe.directory /home/runner/work/zmk-multi-keyboard-build/zmk-multi-keyboard-build
2026-02-23T06:01:39.7268305Z [command]/usr/bin/git config --local --name-only --get-regexp core\.sshCommand
2026-02-23T06:01:39.7301254Z [command]/usr/bin/git submodule foreach --recursive sh -c "git config --local --name-only --get-regexp 'core\.sshCommand' && git config --local --unset-all 'core.sshCommand' || :"
2026-02-23T06:01:39.7534206Z [command]/usr/bin/git config --local --name-only --get-regexp http\.https\:\/\/github\.com\/\.extraheader
2026-02-23T06:01:39.7558270Z http.https://github.com/.extraheader
2026-02-23T06:01:39.7571471Z [command]/usr/bin/git config --local --unset-all http.https://github.com/.extraheader
2026-02-23T06:01:39.7605023Z [command]/usr/bin/git submodule foreach --recursive sh -c "git config --local --name-only --get-regexp 'http\.https\:\/\/github\.com\/\.extraheader' && git config --local --unset-all 'http.https://github.com/.extraheader' || :"
2026-02-23T06:01:39.7854190Z [command]/usr/bin/git config --local --name-only --get-regexp ^includeIf\.gitdir:
2026-02-23T06:01:39.7888977Z [command]/usr/bin/git submodule foreach --recursive git config --local --show-origin --name-only --get-regexp remote.origin.url
2026-02-23T06:01:39.8248525Z Cleaning up orphan processes
