2026-02-23T06:00:52.1974750Z Current runner version: '2.331.0'
2026-02-23T06:00:52.1999868Z ##[group]Runner Image Provisioner
2026-02-23T06:00:52.2000741Z Hosted Compute Agent
2026-02-23T06:00:52.2001525Z Version: 20260123.484
2026-02-23T06:00:52.2002127Z Commit: 6bd6555ca37d84114959e1c76d2c01448ff61c5d
2026-02-23T06:00:52.2002815Z Build Date: 2026-01-23T19:41:17Z
2026-02-23T06:00:52.2003403Z Worker ID: {c323675b-b946-4e15-9769-eb542234c68a}
2026-02-23T06:00:52.2004203Z Azure Region: westus
2026-02-23T06:00:52.2004700Z ##[endgroup]
2026-02-23T06:00:52.2006089Z ##[group]Operating System
2026-02-23T06:00:52.2006787Z Ubuntu
2026-02-23T06:00:52.2007212Z 24.04.3
2026-02-23T06:00:52.2007650Z LTS
2026-02-23T06:00:52.2008201Z ##[endgroup]
2026-02-23T06:00:52.2008695Z ##[group]Runner Image
2026-02-23T06:00:52.2009199Z Image: ubuntu-24.04
2026-02-23T06:00:52.2009760Z Version: 20260201.15.1
2026-02-23T06:00:52.2010906Z Included Software: https://github.com/actions/runner-images/blob/ubuntu24/20260201.15/images/ubuntu/Ubuntu2404-Readme.md
2026-02-23T06:00:52.2012612Z Image Release: https://github.com/actions/runner-images/releases/tag/ubuntu24%2F20260201.15
2026-02-23T06:00:52.2013463Z ##[endgroup]
2026-02-23T06:00:52.2014532Z ##[group]GITHUB_TOKEN Permissions
2026-02-23T06:00:52.2016546Z Contents: read
2026-02-23T06:00:52.2017064Z Metadata: read
2026-02-23T06:00:52.2017630Z Packages: read
2026-02-23T06:00:52.2018137Z ##[endgroup]
2026-02-23T06:00:52.2020286Z Secret source: Actions
2026-02-23T06:00:52.2021941Z Prepare workflow directory
2026-02-23T06:00:52.2353987Z Prepare all required actions
2026-02-23T06:00:52.2393184Z Getting action download info
2026-02-23T06:00:52.7633535Z Download action repository 'actions/checkout@v4' (SHA:34e114876b0b11c390a56381ad16ebd13914f8d5)
2026-02-23T06:00:52.8939608Z Download action repository 'cachix/install-nix-action@v25' (SHA:6004951b182f8860210c8d6f0d808ec5b1a33d28)
2026-02-23T06:00:53.2898840Z Download action repository 'cachix/cachix-action@v14' (SHA:18cf96c7c98e048e10a83abd92116114cd8504be)
2026-02-23T06:00:53.7117353Z Download action repository 'actions/upload-artifact@v4' (SHA:ea165f8d65b6e75b540449e92b4886f43607fa02)
2026-02-23T06:00:53.9902743Z Complete job name: Build Go60
2026-02-23T06:00:54.0760004Z ##[group]Run actions/checkout@v4
2026-02-23T06:00:54.0761732Z with:
2026-02-23T06:00:54.0762688Z   repository: nothingfortune/zmk-multi-keyboard-build
2026-02-23T06:00:54.0764240Z   token: ***
2026-02-23T06:00:54.0765015Z   ssh-strict: true
2026-02-23T06:00:54.0765815Z   ssh-user: git
2026-02-23T06:00:54.0766629Z   persist-credentials: true
2026-02-23T06:00:54.0767532Z   clean: true
2026-02-23T06:00:54.0768326Z   sparse-checkout-cone-mode: true
2026-02-23T06:00:54.0769302Z   fetch-depth: 1
2026-02-23T06:00:54.0770092Z   fetch-tags: false
2026-02-23T06:00:54.0770911Z   show-progress: true
2026-02-23T06:00:54.0771861Z   lfs: false
2026-02-23T06:00:54.0772614Z   submodules: false
2026-02-23T06:00:54.0773428Z   set-safe-directory: true
2026-02-23T06:00:54.0774603Z ##[endgroup]
2026-02-23T06:00:54.1886295Z Syncing repository: nothingfortune/zmk-multi-keyboard-build
2026-02-23T06:00:54.1889094Z ##[group]Getting Git version info
2026-02-23T06:00:54.1890828Z Working directory is '/home/runner/work/zmk-multi-keyboard-build/zmk-multi-keyboard-build'
2026-02-23T06:00:54.1893439Z [command]/usr/bin/git version
2026-02-23T06:00:54.1989708Z git version 2.52.0
2026-02-23T06:00:54.2017620Z ##[endgroup]
2026-02-23T06:00:54.2032720Z Temporarily overriding HOME='/home/runner/work/_temp/ff5353b2-59ef-4e4a-be7d-badbe9bde04c' before making global git config changes
2026-02-23T06:00:54.2035725Z Adding repository directory to the temporary git global config as a safe directory
2026-02-23T06:00:54.2047047Z [command]/usr/bin/git config --global --add safe.directory /home/runner/work/zmk-multi-keyboard-build/zmk-multi-keyboard-build
2026-02-23T06:00:54.2089801Z Deleting the contents of '/home/runner/work/zmk-multi-keyboard-build/zmk-multi-keyboard-build'
2026-02-23T06:00:54.2093459Z ##[group]Initializing the repository
2026-02-23T06:00:54.2098223Z [command]/usr/bin/git init /home/runner/work/zmk-multi-keyboard-build/zmk-multi-keyboard-build
2026-02-23T06:00:54.2219676Z hint: Using 'master' as the name for the initial branch. This default branch name
2026-02-23T06:00:54.2222346Z hint: will change to "main" in Git 3.0. To configure the initial branch name
2026-02-23T06:00:54.2224786Z hint: to use in all of your new repositories, which will suppress this warning,
2026-02-23T06:00:54.2226241Z hint: call:
2026-02-23T06:00:54.2226937Z hint:
2026-02-23T06:00:54.2228112Z hint: 	git config --global init.defaultBranch <name>
2026-02-23T06:00:54.2229472Z hint:
2026-02-23T06:00:54.2230611Z hint: Names commonly chosen instead of 'master' are 'main', 'trunk' and
2026-02-23T06:00:54.2232663Z hint: 'development'. The just-created branch can be renamed via this command:
2026-02-23T06:00:54.2234303Z hint:
2026-02-23T06:00:54.2235162Z hint: 	git branch -m <name>
2026-02-23T06:00:54.2236356Z hint:
2026-02-23T06:00:54.2237543Z hint: Disable this message with "git config set advice.defaultBranchName false"
2026-02-23T06:00:54.2239928Z Initialized empty Git repository in /home/runner/work/zmk-multi-keyboard-build/zmk-multi-keyboard-build/.git/
2026-02-23T06:00:54.2243988Z [command]/usr/bin/git remote add origin https://github.com/nothingfortune/zmk-multi-keyboard-build
2026-02-23T06:00:54.2276763Z ##[endgroup]
2026-02-23T06:00:54.2279177Z ##[group]Disabling automatic garbage collection
2026-02-23T06:00:54.2281631Z [command]/usr/bin/git config --local gc.auto 0
2026-02-23T06:00:54.2313236Z ##[endgroup]
2026-02-23T06:00:54.2315711Z ##[group]Setting up auth
2026-02-23T06:00:54.2321555Z [command]/usr/bin/git config --local --name-only --get-regexp core\.sshCommand
2026-02-23T06:00:54.2355924Z [command]/usr/bin/git submodule foreach --recursive sh -c "git config --local --name-only --get-regexp 'core\.sshCommand' && git config --local --unset-all 'core.sshCommand' || :"
2026-02-23T06:00:54.2750181Z [command]/usr/bin/git config --local --name-only --get-regexp http\.https\:\/\/github\.com\/\.extraheader
2026-02-23T06:00:54.2786505Z [command]/usr/bin/git submodule foreach --recursive sh -c "git config --local --name-only --get-regexp 'http\.https\:\/\/github\.com\/\.extraheader' && git config --local --unset-all 'http.https://github.com/.extraheader' || :"
2026-02-23T06:00:54.3044573Z [command]/usr/bin/git config --local --name-only --get-regexp ^includeIf\.gitdir:
2026-02-23T06:00:54.3083208Z [command]/usr/bin/git submodule foreach --recursive git config --local --show-origin --name-only --get-regexp remote.origin.url
2026-02-23T06:00:54.3341530Z [command]/usr/bin/git config --local http.https://github.com/.extraheader AUTHORIZATION: basic ***
2026-02-23T06:00:54.3377264Z ##[endgroup]
2026-02-23T06:00:54.3378671Z ##[group]Fetching the repository
2026-02-23T06:00:54.3387070Z [command]/usr/bin/git -c protocol.version=2 fetch --no-tags --prune --no-recurse-submodules --depth=1 origin +f871e81b3030d5ac68b1425aa41291210171cf96:refs/remotes/origin/main
2026-02-23T06:00:54.7313416Z From https://github.com/nothingfortune/zmk-multi-keyboard-build
2026-02-23T06:00:54.7316532Z  * [new ref]         f871e81b3030d5ac68b1425aa41291210171cf96 -> origin/main
2026-02-23T06:00:54.7349605Z ##[endgroup]
2026-02-23T06:00:54.7352905Z ##[group]Determining the checkout info
2026-02-23T06:00:54.7355656Z ##[endgroup]
2026-02-23T06:00:54.7357478Z [command]/usr/bin/git sparse-checkout disable
2026-02-23T06:00:54.7405997Z [command]/usr/bin/git config --local --unset-all extensions.worktreeConfig
2026-02-23T06:00:54.7435872Z ##[group]Checking out the ref
2026-02-23T06:00:54.7440057Z [command]/usr/bin/git checkout --progress --force -B main refs/remotes/origin/main
2026-02-23T06:00:54.7537784Z Switched to a new branch 'main'
2026-02-23T06:00:54.7540297Z branch 'main' set up to track 'origin/main'.
2026-02-23T06:00:54.7549152Z ##[endgroup]
2026-02-23T06:00:54.7584725Z [command]/usr/bin/git log -1 --format=%H
2026-02-23T06:00:54.7607118Z f871e81b3030d5ac68b1425aa41291210171cf96
2026-02-23T06:00:54.7923671Z ##[group]Run actions/checkout@v4
2026-02-23T06:00:54.7924789Z with:
2026-02-23T06:00:54.7925491Z   repository: moergo-sc/zmk
2026-02-23T06:00:54.7926310Z   ref: main
2026-02-23T06:00:54.7926988Z   path: src
2026-02-23T06:00:54.7927927Z   token: ***
2026-02-23T06:00:54.7928641Z   ssh-strict: true
2026-02-23T06:00:54.7929381Z   ssh-user: git
2026-02-23T06:00:54.7930204Z   persist-credentials: true
2026-02-23T06:00:54.7931061Z   clean: true
2026-02-23T06:00:54.7931954Z   sparse-checkout-cone-mode: true
2026-02-23T06:00:54.7932880Z   fetch-depth: 1
2026-02-23T06:00:54.7933610Z   fetch-tags: false
2026-02-23T06:00:54.7934374Z   show-progress: true
2026-02-23T06:00:54.7935138Z   lfs: false
2026-02-23T06:00:54.7935844Z   submodules: false
2026-02-23T06:00:54.7936605Z   set-safe-directory: true
2026-02-23T06:00:54.7937436Z ##[endgroup]
2026-02-23T06:00:54.8874437Z Syncing repository: moergo-sc/zmk
2026-02-23T06:00:54.8881032Z ##[group]Getting Git version info
2026-02-23T06:00:54.8953225Z Working directory is '/home/runner/work/zmk-multi-keyboard-build/zmk-multi-keyboard-build/src'
2026-02-23T06:00:54.8958962Z [command]/usr/bin/git version
2026-02-23T06:00:54.8965548Z git version 2.52.0
2026-02-23T06:00:54.8993137Z ##[endgroup]
2026-02-23T06:00:54.9008513Z Temporarily overriding HOME='/home/runner/work/_temp/b90ff2ca-ee10-4cdf-9bed-823287ab42b7' before making global git config changes
2026-02-23T06:00:54.9013434Z Adding repository directory to the temporary git global config as a safe directory
2026-02-23T06:00:54.9023755Z [command]/usr/bin/git config --global --add safe.directory /home/runner/work/zmk-multi-keyboard-build/zmk-multi-keyboard-build/src
2026-02-23T06:00:54.9057100Z ##[group]Initializing the repository
2026-02-23T06:00:54.9064288Z [command]/usr/bin/git init /home/runner/work/zmk-multi-keyboard-build/zmk-multi-keyboard-build/src
2026-02-23T06:00:54.9102162Z hint: Using 'master' as the name for the initial branch. This default branch name
2026-02-23T06:00:54.9105262Z hint: will change to "main" in Git 3.0. To configure the initial branch name
2026-02-23T06:00:54.9108388Z hint: to use in all of your new repositories, which will suppress this warning,
2026-02-23T06:00:54.9110896Z hint: call:
2026-02-23T06:00:54.9112305Z hint:
2026-02-23T06:00:54.9113828Z hint: 	git config --global init.defaultBranch <name>
2026-02-23T06:00:54.9115833Z hint:
2026-02-23T06:00:54.9117761Z hint: Names commonly chosen instead of 'master' are 'main', 'trunk' and
2026-02-23T06:00:54.9120701Z hint: 'development'. The just-created branch can be renamed via this command:
2026-02-23T06:00:54.9122703Z hint:
2026-02-23T06:00:54.9123420Z hint: 	git branch -m <name>
2026-02-23T06:00:54.9124250Z hint:
2026-02-23T06:00:54.9125389Z hint: Disable this message with "git config set advice.defaultBranchName false"
2026-02-23T06:00:54.9128680Z Initialized empty Git repository in /home/runner/work/zmk-multi-keyboard-build/zmk-multi-keyboard-build/src/.git/
2026-02-23T06:00:54.9133679Z [command]/usr/bin/git remote add origin https://github.com/moergo-sc/zmk
2026-02-23T06:00:54.9148387Z ##[endgroup]
2026-02-23T06:00:54.9150699Z ##[group]Disabling automatic garbage collection
2026-02-23T06:00:54.9153097Z [command]/usr/bin/git config --local gc.auto 0
2026-02-23T06:00:54.9183536Z ##[endgroup]
2026-02-23T06:00:54.9185786Z ##[group]Setting up auth
2026-02-23T06:00:54.9190585Z [command]/usr/bin/git config --local --name-only --get-regexp core\.sshCommand
2026-02-23T06:00:54.9224499Z [command]/usr/bin/git submodule foreach --recursive sh -c "git config --local --name-only --get-regexp 'core\.sshCommand' && git config --local --unset-all 'core.sshCommand' || :"
2026-02-23T06:00:54.9449298Z [command]/usr/bin/git config --local --name-only --get-regexp http\.https\:\/\/github\.com\/\.extraheader
2026-02-23T06:00:54.9481644Z [command]/usr/bin/git submodule foreach --recursive sh -c "git config --local --name-only --get-regexp 'http\.https\:\/\/github\.com\/\.extraheader' && git config --local --unset-all 'http.https://github.com/.extraheader' || :"
2026-02-23T06:00:54.9701941Z [command]/usr/bin/git config --local --name-only --get-regexp ^includeIf\.gitdir:
2026-02-23T06:00:54.9742542Z [command]/usr/bin/git submodule foreach --recursive git config --local --show-origin --name-only --get-regexp remote.origin.url
2026-02-23T06:00:54.9968966Z [command]/usr/bin/git config --local http.https://github.com/.extraheader AUTHORIZATION: basic ***
2026-02-23T06:00:55.0003099Z ##[endgroup]
2026-02-23T06:00:55.0004659Z ##[group]Fetching the repository
2026-02-23T06:00:55.0012963Z [command]/usr/bin/git -c protocol.version=2 fetch --no-tags --prune --no-recurse-submodules --depth=1 origin +refs/heads/main*:refs/remotes/origin/main* +refs/tags/main*:refs/tags/main*
2026-02-23T06:00:55.7540805Z From https://github.com/moergo-sc/zmk
2026-02-23T06:00:55.7541751Z  * [new branch]      main       -> origin/main
2026-02-23T06:00:55.7570623Z ##[endgroup]
2026-02-23T06:00:55.7571345Z ##[group]Determining the checkout info
2026-02-23T06:00:55.7577978Z [command]/usr/bin/git branch --list --remote origin/main
2026-02-23T06:00:55.7601979Z   origin/main
2026-02-23T06:00:55.7606998Z ##[endgroup]
2026-02-23T06:00:55.7611872Z [command]/usr/bin/git sparse-checkout disable
2026-02-23T06:00:55.7646348Z [command]/usr/bin/git config --local --unset-all extensions.worktreeConfig
2026-02-23T06:00:55.7671735Z ##[group]Checking out the ref
2026-02-23T06:00:55.7675390Z [command]/usr/bin/git checkout --progress --force -B main refs/remotes/origin/main
2026-02-23T06:00:55.9042799Z Switched to a new branch 'main'
2026-02-23T06:00:55.9045076Z branch 'main' set up to track 'origin/main'.
2026-02-23T06:00:55.9055701Z ##[endgroup]
2026-02-23T06:00:55.9095613Z [command]/usr/bin/git log -1 --format=%H
2026-02-23T06:00:55.9117594Z 11454d23596afbdb06380a1125371b19ab65675c
2026-02-23T06:00:55.9280996Z ##[group]Run cachix/install-nix-action@v25
2026-02-23T06:00:55.9281640Z with:
2026-02-23T06:00:55.9281891Z   nix_path: nixpkgs=channel:nixos-22.05
2026-02-23T06:00:55.9282192Z   enable_kvm: true
2026-02-23T06:00:55.9282426Z ##[endgroup]
2026-02-23T06:00:55.9373918Z ##[group]Run ${GITHUB_ACTION_PATH}/install-nix.sh
2026-02-23T06:00:55.9374411Z [36;1m${GITHUB_ACTION_PATH}/install-nix.sh[0m
2026-02-23T06:00:55.9411969Z shell: /usr/bin/bash --noprofile --norc -e -o pipefail {0}
2026-02-23T06:00:55.9412367Z env:
2026-02-23T06:00:55.9412593Z   INPUT_EXTRA_NIX_CONFIG: 
2026-02-23T06:00:55.9412863Z   INPUT_GITHUB_ACCESS_TOKEN: 
2026-02-23T06:00:55.9413132Z   INPUT_INSTALL_OPTIONS: 
2026-02-23T06:00:55.9413389Z   INPUT_INSTALL_URL: 
2026-02-23T06:00:55.9413665Z   INPUT_NIX_PATH: nixpkgs=channel:nixos-22.05
2026-02-23T06:00:55.9413989Z   INPUT_ENABLE_KVM: true
2026-02-23T06:00:55.9414547Z   GITHUB_TOKEN: ***
2026-02-23T06:00:55.9414786Z ##[endgroup]
2026-02-23T06:00:55.9512510Z ##[group]Enabling KVM support
2026-02-23T06:00:55.9579114Z KERNEL=="kvm", GROUP="kvm", MODE="0666", OPTIONS+="static_node=kvm"
2026-02-23T06:00:55.9877154Z Enabled KVM
2026-02-23T06:00:55.9878702Z ##[endgroup]
2026-02-23T06:00:55.9881916Z ##[group]Installing Nix
2026-02-23T06:00:56.0163498Z installer options: --no-channel-add --darwin-use-unencrypted-nix-store-volume --nix-extra-conf-file /tmp/tmp.2XgGgSXwwC/nix.conf --daemon --daemon-user-count 8
2026-02-23T06:00:56.3435745Z * Host releases.nixos.org:443 was resolved.
2026-02-23T06:00:56.3440226Z * IPv6: 2a04:4e42:2f::347
2026-02-23T06:00:56.3440703Z * IPv4: 151.101.201.91
2026-02-23T06:00:56.3440970Z *   Trying 151.101.201.91:443...
2026-02-23T06:00:56.3442362Z * Connected to releases.nixos.org (151.101.201.91) port 443
2026-02-23T06:00:56.3456988Z * ALPN: curl offers h2,http/1.1
2026-02-23T06:00:56.3458977Z } [5 bytes data]
2026-02-23T06:00:56.3459481Z * TLSv1.3 (OUT), TLS handshake, Client hello (1):
2026-02-23T06:00:56.3460010Z } [512 bytes data]
2026-02-23T06:00:56.3676826Z *  CAfile: /etc/ssl/certs/ca-certificates.crt
2026-02-23T06:00:56.3677444Z *  CApath: /etc/ssl/certs
2026-02-23T06:00:56.3677881Z { [5 bytes data]
2026-02-23T06:00:56.3678340Z * TLSv1.3 (IN), TLS handshake, Server hello (2):
2026-02-23T06:00:56.3678910Z { [122 bytes data]
2026-02-23T06:00:56.3679879Z * TLSv1.3 (IN), TLS handshake, Encrypted Extensions (8):
2026-02-23T06:00:56.3680510Z { [19 bytes data]
2026-02-23T06:00:56.3680962Z * TLSv1.3 (IN), TLS handshake, Certificate (11):
2026-02-23T06:00:56.3681843Z { [2602 bytes data]
2026-02-23T06:00:56.3687599Z * TLSv1.3 (IN), TLS handshake, CERT verify (15):
2026-02-23T06:00:56.3688197Z { [264 bytes data]
2026-02-23T06:00:56.3688663Z * TLSv1.3 (IN), TLS handshake, Finished (20):
2026-02-23T06:00:56.3689187Z { [36 bytes data]
2026-02-23T06:00:56.3689726Z * TLSv1.3 (OUT), TLS change cipher, Change cipher spec (1):
2026-02-23T06:00:56.3690303Z } [1 bytes data]
2026-02-23T06:00:56.3690778Z * TLSv1.3 (OUT), TLS handshake, Finished (20):
2026-02-23T06:00:56.3691597Z } [36 bytes data]
2026-02-23T06:00:56.3692237Z * SSL connection using TLSv1.3 / TLS_AES_128_GCM_SHA256 / X25519 / RSASSA-PSS
2026-02-23T06:00:56.3692990Z * ALPN: server accepted h2
2026-02-23T06:00:56.3693461Z * Server certificate:
2026-02-23T06:00:56.3694020Z *  subject: CN=releases.nixos.org
2026-02-23T06:00:56.3694397Z *  start date: Jan 13 01:58:01 2026 GMT
2026-02-23T06:00:56.3694704Z *  expire date: Apr 13 01:58:00 2026 GMT
2026-02-23T06:00:56.3695154Z *  subjectAltName: host "releases.nixos.org" matched cert's "releases.nixos.org"
2026-02-23T06:00:56.3695622Z *  issuer: C=US; O=Let's Encrypt; CN=R12
2026-02-23T06:00:56.3696007Z *  SSL certificate verify ok.
2026-02-23T06:00:56.3696869Z *   Certificate level 0: Public key type RSA (2048/112 Bits/secBits), signed using sha256WithRSAEncryption
2026-02-23T06:00:56.3697837Z *   Certificate level 1: Public key type RSA (2048/112 Bits/secBits), signed using sha256WithRSAEncryption
2026-02-23T06:00:56.3698839Z *   Certificate level 2: Public key type RSA (4096/152 Bits/secBits), signed using sha256WithRSAEncryption
2026-02-23T06:00:56.3699384Z { [5 bytes data]
2026-02-23T06:00:56.3699668Z * TLSv1.3 (IN), TLS handshake, Newsession Ticket (4):
2026-02-23T06:00:56.3699983Z { [201 bytes data]
2026-02-23T06:00:56.3700208Z * using HTTP/2
2026-02-23T06:00:56.3700737Z * [HTTP/2] [1] OPENED stream for https://releases.nixos.org/nix/nix-2.19.2/install
2026-02-23T06:00:56.3701410Z * [HTTP/2] [1] [:method: GET]
2026-02-23T06:00:56.3701691Z * [HTTP/2] [1] [:scheme: https]
2026-02-23T06:00:56.3702002Z * [HTTP/2] [1] [:authority: releases.nixos.org]
2026-02-23T06:00:56.3702339Z * [HTTP/2] [1] [:path: /nix/nix-2.19.2/install]
2026-02-23T06:00:56.3702660Z * [HTTP/2] [1] [user-agent: curl/8.5.0]
2026-02-23T06:00:56.3702948Z * [HTTP/2] [1] [accept: */*]
2026-02-23T06:00:56.3703189Z } [5 bytes data]
2026-02-23T06:00:56.3703426Z > GET /nix/nix-2.19.2/install HTTP/2
2026-02-23T06:00:56.3703712Z > Host: releases.nixos.org
2026-02-23T06:00:56.3703979Z > User-Agent: curl/8.5.0
2026-02-23T06:00:56.3704229Z > Accept: */*
2026-02-23T06:00:56.3704436Z > 
2026-02-23T06:00:56.3704625Z { [5 bytes data]
2026-02-23T06:00:56.3716303Z < HTTP/2 200 
2026-02-23T06:00:56.3716799Z < last-modified: Wed, 29 Nov 2023 16:16:25 GMT
2026-02-23T06:00:56.3717351Z < etag: "65029e6468c72d36dcb083ab91c4a430"
2026-02-23T06:00:56.3717972Z < x-amz-server-side-encryption: AES256
2026-02-23T06:00:56.3718495Z < content-type: text/plain
2026-02-23T06:00:56.3718919Z < server: AmazonS3
2026-02-23T06:00:56.3719294Z < via: 1.1 varnish, 1.1 varnish
2026-02-23T06:00:56.3719762Z < access-control-allow-origin: *
2026-02-23T06:00:56.3720225Z < accept-ranges: bytes
2026-02-23T06:00:56.3720639Z < age: 82289
2026-02-23T06:00:56.3721359Z < date: Mon, 23 Feb 2026 06:00:56 GMT
2026-02-23T06:00:56.3721988Z < x-served-by: cache-dub4395-DUB, cache-pao-kpao1770022-PAO
2026-02-23T06:00:56.3722598Z < x-cache: HIT, HIT
2026-02-23T06:00:56.3722972Z < x-cache-hits: 488, 0
2026-02-23T06:00:56.3723382Z < content-length: 4052
2026-02-23T06:00:56.3723772Z < 
2026-02-23T06:00:56.3724098Z { [4052 bytes data]
2026-02-23T06:00:56.3724643Z * Connection #0 to host releases.nixos.org left intact
2026-02-23T06:00:56.3793440Z downloading Nix 2.19.2 binary tarball for x86_64-linux from 'https://releases.nixos.org/nix/nix-2.19.2/nix-2.19.2-x86_64-linux.tar.xz' to '/tmp/nix-binary-tarball-unpack.s7jQs0Gnq6'...
2026-02-23T06:00:56.3840173Z   % Total    % Received % Xferd  Average Speed   Time    Time     Time  Current
2026-02-23T06:00:56.3841050Z                                  Dload  Upload   Total   Spent    Left  Speed
2026-02-23T06:00:56.3841691Z 
2026-02-23T06:00:56.4649849Z   0     0    0     0    0     0      0      0 --:--:-- --:--:-- --:--:--     0
2026-02-23T06:00:56.4650690Z 100 20.6M  100 20.6M    0     0   254M      0 --:--:-- --:--:-- --:--:--  258M
2026-02-23T06:00:57.9147752Z Note: a multi-user installation is possible. See https://nixos.org/manual/nix/stable/installation/installing-binary.html#multi-user-installation
2026-02-23T06:00:57.9156901Z Warning: the flag --darwin-use-unencrypted-nix-store-volume
2026-02-23T06:00:57.9157615Z          is no longer needed and will be removed in the future.
2026-02-23T06:00:57.9158005Z 
2026-02-23T06:00:57.9168515Z [1;31mSwitching to the Multi-user Installer[0m
2026-02-23T06:00:57.9266469Z [32mWelcome to the Multi-User Nix Installation
2026-02-23T06:00:57.9276665Z [0m
2026-02-23T06:00:57.9277194Z This installation tool will set up your computer with the Nix package
2026-02-23T06:00:57.9277868Z manager. This will happen in a few stages:
2026-02-23T06:00:57.9278200Z 
2026-02-23T06:00:57.9278483Z 1. Make sure your computer doesn't already have Nix. If it does, I
2026-02-23T06:00:57.9279294Z    will show you instructions on how to clean up your old install.
2026-02-23T06:00:57.9279736Z 
2026-02-23T06:00:57.9279991Z 2. Show you what I am going to install and where. Then I will ask
2026-02-23T06:00:57.9280552Z    if you are ready to continue.
2026-02-23T06:00:57.9280821Z 
2026-02-23T06:00:57.9281956Z 3. Create the system users [34m(uids [30001..30008])[0m and groups [34m(gid 30000)[0m
2026-02-23T06:00:57.9282703Z    that the Nix daemon uses to run builds.
2026-02-23T06:00:57.9283007Z 
2026-02-23T06:00:57.9283237Z 4. Perform the basic installation of the Nix files daemon.
2026-02-23T06:00:57.9283686Z 
2026-02-23T06:00:57.9283969Z 5. Configure your shell to import special Nix Profile files, so you
2026-02-23T06:00:57.9284532Z    can use Nix.
2026-02-23T06:00:57.9284719Z 
2026-02-23T06:00:57.9284855Z 6. Start the Nix daemon.
2026-02-23T06:00:57.9285082Z 
2026-02-23T06:00:57.9285602Z [32m[4;32mWould you like to see a more detailed list of what I will do?
2026-02-23T06:00:57.9286414Z [0mNo TTY, assuming you would say yes :)
2026-02-23T06:00:57.9290950Z 
2026-02-23T06:00:57.9291644Z I will:
2026-02-23T06:00:57.9291812Z 
2026-02-23T06:00:57.9292124Z  - make sure your computer doesn't already have Nix files
2026-02-23T06:00:57.9292731Z    (if it does, I will tell you how to clean them up.)
2026-02-23T06:00:57.9293351Z  - create local users (see the list above for the users I'll make)
2026-02-23T06:00:57.9293705Z  - create a local group (nixbld)
2026-02-23T06:00:57.9293951Z  - install Nix in to /nix
2026-02-23T06:00:57.9294177Z  - create a configuration file in /etc/nix
2026-02-23T06:00:57.9294524Z  - set up the "default profile" by creating some Nix-related files in
2026-02-23T06:00:57.9294841Z    /root
2026-02-23T06:00:57.9307246Z  - back up /etc/bash.bashrc to /etc/bash.bashrc.backup-before-nix
2026-02-23T06:00:57.9307981Z  - update /etc/bash.bashrc to include some Nix configuration
2026-02-23T06:00:57.9319100Z  - load and start a service (at /etc/systemd/system/nix-daemon.service
2026-02-23T06:00:57.9320956Z    and /etc/systemd/system/nix-daemon.socket) for nix-daemon
2026-02-23T06:00:57.9321602Z 
2026-02-23T06:00:57.9321910Z [32m[4;32mReady to continue?
2026-02-23T06:00:57.9322415Z [0mNo TTY, assuming you would say yes :)
2026-02-23T06:00:57.9340922Z 
2026-02-23T06:00:57.9344372Z [34m---- let's talk about sudo -----------------------------------------------------
2026-02-23T06:00:57.9353261Z [0mThis script is going to call sudo a lot. Normally, it would show you
2026-02-23T06:00:57.9354052Z exactly what commands it is running and why. However, the script is
2026-02-23T06:00:57.9354927Z run in a headless fashion, like this:
2026-02-23T06:00:57.9355209Z 
2026-02-23T06:00:57.9355412Z   $ curl -L https://nixos.org/nix/install | sh
2026-02-23T06:00:57.9355751Z 
2026-02-23T06:00:57.9356009Z or maybe in a CI pipeline. Because of that, I'm going to skip the
2026-02-23T06:00:57.9356577Z verbose output in the interest of brevity.
2026-02-23T06:00:57.9356889Z 
2026-02-23T06:00:57.9357008Z If you would like to
2026-02-23T06:00:57.9357351Z see the output, try like this:
2026-02-23T06:00:57.9357597Z 
2026-02-23T06:00:57.9357827Z   $ curl -L -o install-nix https://nixos.org/nix/install
2026-02-23T06:00:57.9358329Z   $ sh ./install-nix
2026-02-23T06:00:57.9358525Z 
2026-02-23T06:00:57.9358538Z 
2026-02-23T06:00:57.9358849Z [32m~~> Checking for artifacts of previous installs
2026-02-23T06:00:57.9368840Z [0mBefore I try to install, I'll check for signs Nix already is or has
2026-02-23T06:00:57.9369450Z been installed on this system.
2026-02-23T06:00:57.9403739Z 
2026-02-23T06:00:57.9404338Z [34m---- Nix config report ---------------------------------------------------------
2026-02-23T06:00:57.9405174Z [0m[1m        Temp Dir[0m:	/tmp/tmp.XwWpoXuYWP
2026-02-23T06:00:57.9405745Z [1m        Nix Root[0m:	/nix
2026-02-23T06:00:57.9406188Z [1m     Build Users[0m:	8
2026-02-23T06:00:57.9406608Z [1m  Build Group ID[0m:	30000
2026-02-23T06:00:57.9407104Z [1mBuild Group Name[0m:	nixbld
2026-02-23T06:00:57.9407378Z 
2026-02-23T06:00:57.9407496Z [4;34mbuild users:
2026-02-23T06:00:57.9407724Z [0m[1m    Username[0m:	UID
2026-02-23T06:00:57.9435149Z [1m     nixbld1[0m:	30001
2026-02-23T06:00:57.9445250Z [1m     nixbld2[0m:	30002
2026-02-23T06:00:57.9454878Z [1m     nixbld3[0m:	30003
2026-02-23T06:00:57.9465067Z [1m     nixbld4[0m:	30004
2026-02-23T06:00:57.9474774Z [1m     nixbld5[0m:	30005
2026-02-23T06:00:57.9484524Z [1m     nixbld6[0m:	30006
2026-02-23T06:00:57.9494963Z [1m     nixbld7[0m:	30007
2026-02-23T06:00:57.9504763Z [1m     nixbld8[0m:	30008
2026-02-23T06:00:57.9505058Z 
2026-02-23T06:00:57.9505315Z [32m[4;32mReady to continue?
2026-02-23T06:00:57.9505878Z [0mNo TTY, assuming you would say yes :)
2026-02-23T06:00:57.9506267Z 
2026-02-23T06:00:57.9506740Z [32m~~> Setting up the build group nixbld
2026-02-23T06:00:57.9754647Z [0m[1m            Created[0m:	Yes
2026-02-23T06:00:57.9777407Z 
2026-02-23T06:00:57.9777991Z [32m~~> Setting up the build user nixbld1
2026-02-23T06:00:57.9938918Z useradd warning: nixbld1's uid 30001 is greater than SYS_UID_MAX 999
2026-02-23T06:00:58.0037477Z [0m[1m           Created[0m:	Yes
2026-02-23T06:00:58.0042851Z [1m            Hidden[0m:	Yes
2026-02-23T06:00:58.0060863Z [1m    Home Directory[0m:	/var/empty
2026-02-23T06:00:58.0081373Z [1m              Note[0m:	Nix build user 1
2026-02-23T06:00:58.0099073Z [1m   Logins Disabled[0m:	Yes
2026-02-23T06:00:58.0125704Z [1m  Member of nixbld[0m:	Yes
2026-02-23T06:00:58.0144015Z [1m    PrimaryGroupID[0m:	30000
2026-02-23T06:00:58.0154663Z 
2026-02-23T06:00:58.0155045Z [32m~~> Setting up the build user nixbld2
2026-02-23T06:00:58.0284474Z useradd warning: nixbld2's uid 30002 is greater than SYS_UID_MAX 999
2026-02-23T06:00:58.0375004Z [0m[1m           Created[0m:	Yes
2026-02-23T06:00:58.0380345Z [1m            Hidden[0m:	Yes
2026-02-23T06:00:58.0398880Z [1m    Home Directory[0m:	/var/empty
2026-02-23T06:00:58.0418794Z [1m              Note[0m:	Nix build user 2
2026-02-23T06:00:58.0436372Z [1m   Logins Disabled[0m:	Yes
2026-02-23T06:00:58.0455514Z [1m  Member of nixbld[0m:	Yes
2026-02-23T06:00:58.0473475Z [1m    PrimaryGroupID[0m:	30000
2026-02-23T06:00:58.0484491Z 
2026-02-23T06:00:58.0484992Z [32m~~> Setting up the build user nixbld3
2026-02-23T06:00:58.0629176Z useradd warning: nixbld3's uid 30003 is greater than SYS_UID_MAX 999
2026-02-23T06:00:58.0726291Z [0m[1m           Created[0m:	Yes
2026-02-23T06:00:58.0731876Z [1m            Hidden[0m:	Yes
2026-02-23T06:00:58.0750027Z [1m    Home Directory[0m:	/var/empty
2026-02-23T06:00:58.0770502Z [1m              Note[0m:	Nix build user 3
2026-02-23T06:00:58.0788838Z [1m   Logins Disabled[0m:	Yes
2026-02-23T06:00:58.0807623Z [1m  Member of nixbld[0m:	Yes
2026-02-23T06:00:58.0825469Z [1m    PrimaryGroupID[0m:	30000
2026-02-23T06:00:58.0836691Z 
2026-02-23T06:00:58.0837179Z [32m~~> Setting up the build user nixbld4
2026-02-23T06:00:58.0969584Z useradd warning: nixbld4's uid 30004 is greater than SYS_UID_MAX 999
2026-02-23T06:00:58.1061063Z [0m[1m           Created[0m:	Yes
2026-02-23T06:00:58.1066801Z [1m            Hidden[0m:	Yes
2026-02-23T06:00:58.1085611Z [1m    Home Directory[0m:	/var/empty
2026-02-23T06:00:58.1106644Z [1m              Note[0m:	Nix build user 4
2026-02-23T06:00:58.1125361Z [1m   Logins Disabled[0m:	Yes
2026-02-23T06:00:58.1144806Z [1m  Member of nixbld[0m:	Yes
2026-02-23T06:00:58.1163377Z [1m    PrimaryGroupID[0m:	30000
2026-02-23T06:00:58.1174641Z 
2026-02-23T06:00:58.1175074Z [32m~~> Setting up the build user nixbld5
2026-02-23T06:00:58.1306119Z useradd warning: nixbld5's uid 30005 is greater than SYS_UID_MAX 999
2026-02-23T06:00:58.1401470Z [0m[1m           Created[0m:	Yes
2026-02-23T06:00:58.1407454Z [1m            Hidden[0m:	Yes
2026-02-23T06:00:58.1430416Z [1m    Home Directory[0m:	/var/empty
2026-02-23T06:00:58.1455030Z [1m              Note[0m:	Nix build user 5
2026-02-23T06:00:58.1478684Z [1m   Logins Disabled[0m:	Yes
2026-02-23T06:00:58.1502474Z [1m  Member of nixbld[0m:	Yes
2026-02-23T06:00:58.1524780Z [1m    PrimaryGroupID[0m:	30000
2026-02-23T06:00:58.1536641Z 
2026-02-23T06:00:58.1537320Z [32m~~> Setting up the build user nixbld6
2026-02-23T06:00:58.1671818Z useradd warning: nixbld6's uid 30006 is greater than SYS_UID_MAX 999
2026-02-23T06:00:58.1768407Z [0m[1m           Created[0m:	Yes
2026-02-23T06:00:58.1774163Z [1m            Hidden[0m:	Yes
2026-02-23T06:00:58.1792752Z [1m    Home Directory[0m:	/var/empty
2026-02-23T06:00:58.1813508Z [1m              Note[0m:	Nix build user 6
2026-02-23T06:00:58.1832781Z [1m   Logins Disabled[0m:	Yes
2026-02-23T06:00:58.1850819Z [1m  Member of nixbld[0m:	Yes
2026-02-23T06:00:58.1869336Z [1m    PrimaryGroupID[0m:	30000
2026-02-23T06:00:58.1880914Z 
2026-02-23T06:00:58.1881567Z [32m~~> Setting up the build user nixbld7
2026-02-23T06:00:58.2008899Z useradd warning: nixbld7's uid 30007 is greater than SYS_UID_MAX 999
2026-02-23T06:00:58.2103769Z [0m[1m           Created[0m:	Yes
2026-02-23T06:00:58.2109113Z [1m            Hidden[0m:	Yes
2026-02-23T06:00:58.2127701Z [1m    Home Directory[0m:	/var/empty
2026-02-23T06:00:58.2148673Z [1m              Note[0m:	Nix build user 7
2026-02-23T06:00:58.2167063Z [1m   Logins Disabled[0m:	Yes
2026-02-23T06:00:58.2186261Z [1m  Member of nixbld[0m:	Yes
2026-02-23T06:00:58.2205439Z [1m    PrimaryGroupID[0m:	30000
2026-02-23T06:00:58.2217108Z 
2026-02-23T06:00:58.2217577Z [32m~~> Setting up the build user nixbld8
2026-02-23T06:00:58.2350318Z useradd warning: nixbld8's uid 30008 is greater than SYS_UID_MAX 999
2026-02-23T06:00:58.2446368Z [0m[1m           Created[0m:	Yes
2026-02-23T06:00:58.2452109Z [1m            Hidden[0m:	Yes
2026-02-23T06:00:58.2470828Z [1m    Home Directory[0m:	/var/empty
2026-02-23T06:00:58.2492329Z [1m              Note[0m:	Nix build user 8
2026-02-23T06:00:58.2510718Z [1m   Logins Disabled[0m:	Yes
2026-02-23T06:00:58.2530402Z [1m  Member of nixbld[0m:	Yes
2026-02-23T06:00:58.2548833Z [1m    PrimaryGroupID[0m:	30000
2026-02-23T06:00:58.2549260Z 
2026-02-23T06:00:58.2550045Z [32m~~> Setting up the basic directory structure
2026-02-23T06:00:58.2633639Z [0minstall: creating directory '/nix'
2026-02-23T06:00:58.2634067Z install: creating directory '/nix/var'
2026-02-23T06:00:58.2634463Z install: creating directory '/nix/var/log'
2026-02-23T06:00:58.2634930Z install: creating directory '/nix/var/log/nix'
2026-02-23T06:00:58.2635457Z install: creating directory '/nix/var/log/nix/drvs'
2026-02-23T06:00:58.2635909Z install: creating directory '/nix/var/nix'
2026-02-23T06:00:58.2636328Z install: creating directory '/nix/var/nix/db'
2026-02-23T06:00:58.2637107Z install: creating directory '/nix/var/nix/gcroots'
2026-02-23T06:00:58.2637655Z install: creating directory '/nix/var/nix/profiles'
2026-02-23T06:00:58.2638232Z install: creating directory '/nix/var/nix/temproots'
2026-02-23T06:00:58.2638619Z install: creating directory '/nix/var/nix/userpool'
2026-02-23T06:00:58.2638968Z install: creating directory '/nix/var/nix/daemon-socket'
2026-02-23T06:00:58.2639317Z install: creating directory '/nix/var/nix/gcroots/per-user'
2026-02-23T06:00:58.2639701Z install: creating directory '/nix/var/nix/profiles/per-user'
2026-02-23T06:00:58.2707954Z install: creating directory '/nix/store'
2026-02-23T06:00:58.2780154Z install: creating directory '/etc/nix'
2026-02-23T06:00:58.2790065Z 
2026-02-23T06:00:58.2790389Z [32m~~> Installing Nix
2026-02-23T06:00:58.4684172Z [0m      Alright! We have our first nix at /nix/store/smfmnz0ylx80wkbqbjibj7zcw4q668xp-nix-2.19.2
2026-02-23T06:00:58.5083307Z       Just finished getting the nix database ready.
2026-02-23T06:00:58.5086413Z 
2026-02-23T06:00:58.5087656Z [32m~~> Setting up shell profiles: /etc/bashrc /etc/profile.d/nix.sh /etc/zshrc /etc/bash.bashrc /etc/zsh/zshrc
2026-02-23T06:00:58.5246711Z [0m
2026-02-23T06:00:58.5247010Z # Nix
2026-02-23T06:00:58.5247531Z if [ -e '/nix/var/nix/profiles/default/etc/profile.d/nix-daemon.sh' ]; then
2026-02-23T06:00:58.5248004Z   . '/nix/var/nix/profiles/default/etc/profile.d/nix-daemon.sh'
2026-02-23T06:00:58.5248320Z fi
2026-02-23T06:00:58.5248468Z # End Nix
2026-02-23T06:00:58.5248561Z 
2026-02-23T06:00:58.5409486Z 
2026-02-23T06:00:58.5409750Z # Nix
2026-02-23T06:00:58.5410292Z if [ -e '/nix/var/nix/profiles/default/etc/profile.d/nix-daemon.sh' ]; then
2026-02-23T06:00:58.5411390Z   . '/nix/var/nix/profiles/default/etc/profile.d/nix-daemon.sh'
2026-02-23T06:00:58.5411768Z fi
2026-02-23T06:00:58.5412016Z # End Nix
2026-02-23T06:00:58.5412182Z 
2026-02-23T06:00:58.5572429Z 
2026-02-23T06:00:58.5574495Z # Nix
2026-02-23T06:00:58.5575016Z if [ -e '/nix/var/nix/profiles/default/etc/profile.d/nix-daemon.sh' ]; then
2026-02-23T06:00:58.5575618Z   . '/nix/var/nix/profiles/default/etc/profile.d/nix-daemon.sh'
2026-02-23T06:00:58.5575967Z fi
2026-02-23T06:00:58.5576115Z # End Nix
2026-02-23T06:00:58.5576215Z 
2026-02-23T06:00:58.5724979Z 
2026-02-23T06:00:58.5725145Z # Nix
2026-02-23T06:00:58.5725495Z if [ -e '/nix/var/nix/profiles/default/etc/profile.d/nix-daemon.sh' ]; then
2026-02-23T06:00:58.5725972Z   . '/nix/var/nix/profiles/default/etc/profile.d/nix-daemon.sh'
2026-02-23T06:00:58.5726434Z fi
2026-02-23T06:00:58.5726685Z # End Nix
2026-02-23T06:00:58.5726840Z 
2026-02-23T06:00:58.5749995Z 
2026-02-23T06:00:58.5750809Z [32m~~> Setting up shell profiles for Fish with conf.d/nix.fish inside /etc/fish /usr/local/etc/fish /opt/homebrew/etc/fish /opt/local/etc/fish
2026-02-23T06:00:58.5829785Z [0m
2026-02-23T06:00:58.5830063Z [32m~~> Setting up the default profile
2026-02-23T06:00:58.6109344Z installing 'nix-2.19.2'
2026-02-23T06:00:58.6236561Z building '/nix/store/g8k2ay0cs99bzfzdrgl98j8rybjjki98-user-environment.drv'...
2026-02-23T06:00:58.6612202Z installing 'nss-cacert-3.92'
2026-02-23T06:00:58.6729406Z building '/nix/store/yyad8x4mww9vi0njnc0mw4ii4fcslyhc-user-environment.drv'...
2026-02-23T06:00:58.6924092Z [0m
2026-02-23T06:00:58.6924415Z [32m~~> Setting up the nix-daemon systemd service
2026-02-23T06:00:58.7191041Z Created symlink /etc/systemd/system/nix-daemon.service → /nix/var/nix/profiles/default/lib/systemd/system/nix-daemon.service.
2026-02-23T06:00:58.9840522Z Created symlink /etc/systemd/system/nix-daemon.socket → /nix/var/nix/profiles/default/lib/systemd/system/nix-daemon.socket.
2026-02-23T06:00:58.9842613Z Created symlink /etc/systemd/system/sockets.target.wants/nix-daemon.socket → /nix/var/nix/profiles/default/lib/systemd/system/nix-daemon.socket.
2026-02-23T06:00:59.5369523Z [0m[32mAlright! We're done!
2026-02-23T06:00:59.5391478Z [0mTry it! Open a new terminal, and type:
2026-02-23T06:00:59.5391852Z 
2026-02-23T06:00:59.5392072Z   $ nix-shell -p nix-info --run "nix-info -m"
2026-02-23T06:00:59.5392772Z 
2026-02-23T06:00:59.5393060Z Thank you for using this installer. If you have any feedback or need
2026-02-23T06:00:59.5393637Z help, don't hesitate:
2026-02-23T06:00:59.5393847Z 
2026-02-23T06:00:59.5393981Z You can open an issue at
2026-02-23T06:00:59.5394602Z https://github.com/NixOS/nix/issues/new?labels=installer&template=installer.md
2026-02-23T06:00:59.5395132Z 
2026-02-23T06:00:59.5395389Z Or get in touch with the community: https://nixos.org/community
2026-02-23T06:00:59.5411999Z 
2026-02-23T06:00:59.5416945Z [34m---- Reminders -----------------------------------------------------------------
2026-02-23T06:00:59.5417620Z [0m[34m[ 1 ][0m
2026-02-23T06:00:59.5418079Z Nix won't work in active shell sessions until you restart them.
2026-02-23T06:00:59.5418503Z 
2026-02-23T06:00:59.6085114Z ##[endgroup]
2026-02-23T06:00:59.6195566Z ##[group]Run cachix/cachix-action@v14
2026-02-23T06:00:59.6195825Z with:
2026-02-23T06:00:59.6196008Z   name: moergo-glove80-zmk-dev
2026-02-23T06:00:59.6196232Z   skipPush: true
2026-02-23T06:00:59.6196410Z   useDaemon: true
2026-02-23T06:00:59.6196580Z env:
2026-02-23T06:00:59.6196747Z   NIX_PATH: nixpkgs=channel:nixos-22.05
2026-02-23T06:00:59.6197000Z   TMPDIR: /home/runner/work/_temp
2026-02-23T06:00:59.6197212Z ##[endgroup]
2026-02-23T06:00:59.6659712Z ##[group]Cachix: installing
2026-02-23T06:00:59.6702983Z [command]/usr/bin/bash -c nix-env --quiet -j8 -iA cachix -f https://cachix.org/api/v1/install
2026-02-23T06:01:02.1357396Z ##[endgroup]
2026-02-23T06:01:02.1360994Z ##[group]Cachix: checking version
2026-02-23T06:01:02.1364505Z [command]/home/runner/.nix-profile/bin/cachix --version
2026-02-23T06:01:02.1762641Z cachix 1.10.1
2026-02-23T06:01:02.1807696Z ##[endgroup]
2026-02-23T06:01:02.1808524Z ##[group]Cachix: using cache moergo-glove80-zmk-dev
2026-02-23T06:01:02.1809369Z [command]/home/runner/.nix-profile/bin/cachix use moergo-glove80-zmk-dev
2026-02-23T06:01:02.4025955Z No config at /home/runner/.config/nix/nix.conf:
2026-02-23T06:01:02.4026414Z 
2026-02-23T06:01:02.4026805Z /home/runner/.config/nix/nix.conf: openFile: does not exist (No such file or directory)
2026-02-23T06:01:02.4027376Z 
2026-02-23T06:01:02.4030014Z Configured https://moergo-glove80-zmk-dev.cachix.org binary cache in /home/runner/.config/nix/nix.conf
2026-02-23T06:01:02.4124990Z ##[endgroup]
2026-02-23T06:01:02.4489012Z ##[warning]No push credentials found. Ignoring the 'useDaemon' option.
2026-02-23T06:01:02.4497872Z [command]/usr/bin/sh -c /home/runner/work/_actions/cachix/cachix-action/v14/dist/main/list-nix-store.sh > /tmp/store-path-pre-build
2026-02-23T06:01:02.4609607Z ##[group]Run nix-build build/go60.nix --arg firmware 'import ./src {}' -o result-go60
2026-02-23T06:01:02.4610197Z [36;1mnix-build build/go60.nix --arg firmware 'import ./src {}' -o result-go60[0m
2026-02-23T06:01:02.4644586Z shell: /usr/bin/bash -e {0}
2026-02-23T06:01:02.4644811Z env:
2026-02-23T06:01:02.4644991Z   NIX_PATH: nixpkgs=channel:nixos-22.05
2026-02-23T06:01:02.4645247Z   TMPDIR: /home/runner/work/_temp
2026-02-23T06:01:02.4645479Z ##[endgroup]
2026-02-23T06:01:21.4158563Z these 5 derivations will be built:
2026-02-23T06:01:21.4165144Z   /nix/store/ryf981zc9kshrrgm5c5dphnw879gn09m-builder.pl.drv
2026-02-23T06:01:21.4165917Z   /nix/store/14s41r3aqgw7vrl845jxarjcx3ivgvc4-python3-3.12.7-env.drv
2026-02-23T06:01:21.4166656Z   /nix/store/7c91jrnf8vc5j5l9j5sbw5ppfbv6pd0l-zmk_go60_rh.drv
2026-02-23T06:01:21.4167365Z   /nix/store/izvfmaiadxs2p2k6j498i98dqbr5ixsb-zmk_go60_lh.drv
2026-02-23T06:01:21.4168255Z   /nix/store/g7dnxm1lv6djfnginqzy2vd6zi8dvf8r-combined_zmk_go60_lh_zmk_go60_rh.drv
2026-02-23T06:01:21.4169124Z these 156 paths will be fetched (458.96 MiB download, 2284.78 MiB unpacked):
2026-02-23T06:01:21.4169831Z   /nix/store/nrl5m466dwdscvavf1nqzdnqhszjyy9n-acl-2.3.2
2026-02-23T06:01:21.4170452Z   /nix/store/nmq6s9l9zlym3qjx76zzrqbp05a63y90-attr-2.5.2
2026-02-23T06:01:21.4171073Z   /nix/store/p6k7xp1lsfmbdd731mlglrdj2d66mr82-bash-5.2p37
2026-02-23T06:01:21.4172032Z   /nix/store/bwkb907myixfzzykp21m9iczkhrq5pfy-binutils-2.43.1
2026-02-23T06:01:21.4173091Z   /nix/store/2qssg7pjgadwmqns6jm3qlr5bbdl4dcr-binutils-2.43.1-lib
2026-02-23T06:01:21.4173892Z   /nix/store/x9as7x6f7cdgcskvvn3yp02m662krr7y-binutils-wrapper-2.43.1
2026-02-23T06:01:21.4174654Z   /nix/store/2vgwd43vqxm66grkgsy7z1d87z31nzph-brotli-1.1.0-lib
2026-02-23T06:01:21.4175335Z   /nix/store/hl3iw85v12gh9mwgvr9yfgjgy0rk81hb-bzip2-1.0.8
2026-02-23T06:01:21.4176013Z   /nix/store/vqjygx23hkim1kpidik5xcs9whayf3sr-bzip2-1.0.8-bin
2026-02-23T06:01:21.4176688Z   /nix/store/9l20xx4bw18qgkicjcrsfx7vfykp9m8h-cairo-1.18.2
2026-02-23T06:01:21.4177429Z   /nix/store/3581iwklzqcg4iyhlyqqrj7yvvm0pykl-cirque-input-module
2026-02-23T06:01:21.4178125Z   /nix/store/4k2h9qsps52n1v56zq03yi67dwmxa81i-cmake-3.30.5
2026-02-23T06:01:21.4179028Z   /nix/store/azxckjbc4f70yliac1x35z5awbzf9jzj-cmsis
2026-02-23T06:01:21.4197092Z   /nix/store/b1wvkjx96i3s7wblz38ya0zr8i93zbc5-coreutils-9.5
2026-02-23T06:01:21.4197762Z   /nix/store/ps0zg8jx995br0s7k353qhal1ma3nnbd-curl-8.11.0
2026-02-23T06:01:21.4198420Z   /nix/store/zr9c15gg53zsbyc54fsrlwh3r8kmhfyy-dav1d-1.5.0
2026-02-23T06:01:21.4199076Z   /nix/store/n19lfs7ix2g9kdh6cf2pfaylbcwjay71-dav1d-1.5.0-dev
2026-02-23T06:01:21.4199845Z   /nix/store/hbrcibdl494a5w3dypy7095dckalzlqa-dejavu-fonts-minimal-2.37
2026-02-23T06:01:21.4200566Z   /nix/store/85sj9hb9phy4fh3q4fmc1vm9vz27z1lg-die-hook
2026-02-23T06:01:21.4201359Z   /nix/store/cxwsmlr3xh1ml4r0kgdjrknw7504b9f8-diffutils-3.10
2026-02-23T06:01:21.4201982Z   /nix/store/2nvmq98zj69i1af1ksh6m08hvfdkjv1z-dtc-1.7.2
2026-02-23T06:01:21.4202565Z   /nix/store/k5x874vwcaxlan1cw248lwqr4l4v7hyk-ed-1.20.2
2026-02-23T06:01:21.4203258Z   /nix/store/ka4sync4bccr9mz2ys0dbqjn24hp8v57-expand-response-params
2026-02-23T06:01:21.4204011Z   /nix/store/8sgvk9wjq9vfz5irkl4436yhpfr10njq-expat-2.6.4
2026-02-23T06:01:21.4204623Z   /nix/store/g4lksqp6l8qiab4a0as21s6556xh4gyp-file-5.45
2026-02-23T06:01:21.4205275Z   /nix/store/w8pnfazxqwmrqmwkb5zrz1bifsd8abxl-findutils-4.10.0
2026-02-23T06:01:21.4206002Z   /nix/store/ziqnk17xikg73dfrwnyi2jd593xlxza9-fontconfig-2.15.0
2026-02-23T06:01:21.4206753Z   /nix/store/jfyibphs7pv1izw879lrmr0pp1x3llb8-fontconfig-2.15.0-lib
2026-02-23T06:01:21.4207485Z   /nix/store/waj425c88y21wccgk9zpyi3q48xq0sgk-freetype-2.13.3
2026-02-23T06:01:21.4208152Z   /nix/store/37azjaxs8cwqbmb0fywl8fa6n2x8bgwq-fribidi-1.0.16
2026-02-23T06:01:21.4222916Z   /nix/store/nnin69nrnrrmnv2scbwyfkgh1rf51gh1-gawk-5.3.1
2026-02-23T06:01:21.4223550Z   /nix/store/4krab2h0hd4wvxxmscxrw21pl77j4i7j-gcc-13.3.0
2026-02-23T06:01:21.4224549Z   /nix/store/ybjcla5bhj8g1y84998pn4a2drfxybkv-gcc-13.3.0-lib
2026-02-23T06:01:21.4225239Z   /nix/store/j8rzqx7farv0w3isp9z943zy437zk02f-gcc-13.3.0-libgcc
2026-02-23T06:01:21.4226006Z   /nix/store/mczmw3rln2jm6nm080dapyjpj3833rg9-gcc-arm-embedded-12.3.rel1
2026-02-23T06:01:21.4226811Z   /nix/store/4apajimszc47rxwcpvc3g3rj2icinl71-gcc-wrapper-13.3.0
2026-02-23T06:01:21.4227460Z   /nix/store/ascb2b0zncwlavz03zcj358p1i79hp64-gd-2.3.3
2026-02-23T06:01:21.4228070Z   /nix/store/hq7m89gp4kafmj8rr0f5sy2qyl7jq479-gdbm-1.24-lib
2026-02-23T06:01:21.4228758Z   /nix/store/alnzmaf07kv3dl4017vrzqngay5rx904-gdk-pixbuf-2.42.12
2026-02-23T06:01:21.4229438Z   /nix/store/brj8bvvn63gbdrslwsj7gpj0gqaxlprn-giflib-5.2.2
2026-02-23T06:01:21.4230064Z   /nix/store/26hcp8h792wl0h52c5r94qakhvk6q717-glib-2.82.1
2026-02-23T06:01:21.4230674Z   /nix/store/wn7v2vhyyyi6clcyn0s9ixvl7d4d87ic-glibc-2.40-36
2026-02-23T06:01:21.4231561Z   /nix/store/zw5haplzbwjgbp3yykhm6iprkpfppzxb-glibc-2.40-36-bin
2026-02-23T06:01:21.4232269Z   /nix/store/lw21wr626v5sdcaxxkv2k4zf1121hfc9-glibc-2.40-36-dev
2026-02-23T06:01:21.4232918Z   /nix/store/y11zr71f9i1zy1vrdy3kjx8j6slsb3l3-gmp-6.3.0
2026-02-23T06:01:21.4233572Z   /nix/store/nxg637az00fnm705pinlrpjac9b4hgsc-gmp-with-cxx-6.3.0
2026-02-23T06:01:21.4234330Z   /nix/store/rlnih3wlxxwqn4xdahjgfjydvv78kvki-gnu-config-2024-01-01
2026-02-23T06:01:21.4235048Z   /nix/store/85amyk92rg19l4fy0qmy7wr4jmq8p5z0-gnugrep-3.11
2026-02-23T06:01:21.4235686Z   /nix/store/9y5kd90fdbrq3r4yc9mpqn82f93zdgyq-gnumake-4.4.1
2026-02-23T06:01:21.4236537Z   /nix/store/vmby25zqxnx94awvj0k7zn0rsd0zyrwg-gnused-4.9
2026-02-23T06:01:21.4237143Z   /nix/store/zhaypw0znkjnymg0rk1599zn21rr0l50-gnutar-1.35
2026-02-23T06:01:21.4237794Z   /nix/store/23y66ax8z30m8xl4brrz792xlsrm0syr-graphite2-1.3.14
2026-02-23T06:01:21.4238474Z   /nix/store/lvx8m4mh18aiqlqp5hdjpg3b34a07p35-graphviz-12.2.0
2026-02-23T06:01:21.4239101Z   /nix/store/avwmwsn9v4an5v2a4k1gzbqk917avjn1-gts-0.7.6
2026-02-23T06:01:21.4239691Z   /nix/store/a7pimibppfw2m3ryijnwwzx76i780bw2-gzip-1.13
2026-02-23T06:01:21.4240284Z   /nix/store/a473gcmd84qs4vpapa70nwamlpkryc7b-hal_nordic
2026-02-23T06:01:21.4242067Z   /nix/store/yxgc37sx1a0fswq3hvvld54491ryx6sf-harfbuzz-10.0.1
2026-02-23T06:01:21.4242697Z   /nix/store/xxfkk4gqnaimiwzi6mmsmcs9bl2r8y7f-isl-0.20
2026-02-23T06:01:21.4243347Z   /nix/store/ys6f20b4chzkmfh9ak0hjdp60l0g5abb-keyutils-1.6.3-lib
2026-02-23T06:01:21.4244241Z   /nix/store/g9hgzjcj9g7hw3c2pzgz271b1g1jgc4w-krb5-1.21.3-lib
2026-02-23T06:01:21.4244874Z   /nix/store/1dmri839kv55917flq6pyvr6xf17cb29-lerc-4.0.0
2026-02-23T06:01:21.4245475Z   /nix/store/ikjw6a952jd9wn5k06mkj710xzabssr0-libX11-1.8.10
2026-02-23T06:01:21.4246106Z   /nix/store/ighb6h0x1nv14ap2fj0j3bqdn0x3xra4-libXau-1.0.11
2026-02-23T06:01:21.4246784Z   /nix/store/8jqc1bpk99jgib12wgpdjmnbndrmg7vz-libXdmcp-1.1.5
2026-02-23T06:01:21.4247434Z   /nix/store/d5y0sl4vwsb9m99r18zh1mx4fw9y70g6-libXext-1.3.6
2026-02-23T06:01:21.4248056Z   /nix/store/a98zld1as826z4s0b71xs64k02arj4zj-libXft-2.3.8
2026-02-23T06:01:21.4248675Z   /nix/store/ln8sk1vlpzmm346lx30ifihqdw0fw4g9-libXpm-3.5.17
2026-02-23T06:01:21.4249335Z   /nix/store/7ygszkkili3kfqh789ivdgrhyrjshm5n-libXrender-0.9.11
2026-02-23T06:01:21.4249965Z   /nix/store/kabp82iq5p0l8zidw9ch1mrpq431g6jd-libaom-3.10.0
2026-02-23T06:01:21.4250594Z   /nix/store/v567mv8b0bg0ph7xn61g33qqm484xxj0-libaom-3.10.0-bin
2026-02-23T06:01:21.4251536Z   /nix/store/1asppgbns142f1sqyr6sz843h0689a1k-libaom-3.10.0-dev
2026-02-23T06:01:21.4252206Z   /nix/store/n0gxk0ys2zgqqz6zcsq8qlv6nv5k6fpj-libarchive-3.7.7-lib
2026-02-23T06:01:21.4252907Z   /nix/store/96wajifckqya26aazk4lrig5m5npw5l2-libavif-1.1.1
2026-02-23T06:01:21.4253631Z   /nix/store/rk2r5yq7al5jddg6jriwv1lg5j1dw0ih-libdatrie-2019-12-20-lib
2026-02-23T06:01:21.4254368Z   /nix/store/v6m37463j6bs788wbid8yvfhp1773cax-libdeflate-1.22
2026-02-23T06:01:21.4254995Z   /nix/store/lw7psn749bfn2nrn943jdh68hh2im8yl-libffi-3.4.6
2026-02-23T06:01:21.4255610Z   /nix/store/qwjjm4j652ck9izaid7bz63s4hd5bnha-libidn2-2.3.7
2026-02-23T06:01:21.4256296Z   /nix/store/g8m63j9rzhqf0i9v4pzbdyrnzshr5mkx-libjpeg-turbo-3.0.4
2026-02-23T06:01:21.4257383Z   /nix/store/0qqs7bkfk21h8vh7m3x84hphciqv75lm-libmpc-1.3.1
2026-02-23T06:01:21.4258279Z   /nix/store/kvzfyxs3v0nb2lvfx28c5hj0vz7j9737-libpng-apng-1.6.43
2026-02-23T06:01:21.4258966Z   /nix/store/rp6b82pm6b7x03ngbzffsl3vj8pvay5v-libselinux-3.7
2026-02-23T06:01:21.4259619Z   /nix/store/1n0b29iid3y0w9i91v9zqdiwnx3inak0-libssh2-1.11.1
2026-02-23T06:01:21.4260262Z   /nix/store/h11ip75g5azb1d9f9jr8c6pwjhpcx20n-libthai-0.1.29
2026-02-23T06:01:21.4260911Z   /nix/store/mgw74i0szz30zbmvgasvyws1y8mvkb86-libtiff-4.7.0
2026-02-23T06:01:21.4262459Z   /nix/store/ggpir31aij6dj2fsas74jyz8z33dxwnc-libtool-2.4.7-lib
2026-02-23T06:01:21.4263227Z   /nix/store/6pqgj71r0850b0cd95yxx0d52zax016i-libunistring-1.2
2026-02-23T06:01:21.4263943Z   /nix/store/scb132gc1zzd904zibk2mz0q5q42z0ym-libuv-1.48.0
2026-02-23T06:01:21.4264579Z   /nix/store/llj89sgbf5512bnhx76khs7aq2pkhqjv-libvmaf-3.0.0
2026-02-23T06:01:21.4265249Z   /nix/store/dbkf2m0b3a2n9drrbz6ra4ljfx45d4aa-libvmaf-3.0.0-dev
2026-02-23T06:01:21.4265755Z   /nix/store/xk1z1b27hck084x12pn24rk526arwwlz-libwebp-1.4.0
2026-02-23T06:01:21.4266116Z   /nix/store/zgcaxpjipkvdz3185gfb8ba63xw1sv4n-libwebp-1.4.0
2026-02-23T06:01:21.4266479Z   /nix/store/w63ks7mg1dsgm2gg302ss70wpq7g0l4d-libxcb-1.17.0
2026-02-23T06:01:21.4266843Z   /nix/store/5j9m3z3c6hygjx34xr1bzrkk8srvcs8a-libxcrypt-4.4.36
2026-02-23T06:01:21.4267231Z   /nix/store/sbc37bmgpzr7wvlbm9lgf4y6q6dyz40q-libxcrypt-4.4.36
2026-02-23T06:01:21.4267781Z   /nix/store/shg1vgcjxghqxhl0sifwgr0g2zg6bbv7-libxml2-2.13.4
2026-02-23T06:01:21.4268146Z   /nix/store/s5y8cgwj9saik6hpxq6hvry31hggnxij-libyaml-0.2.5
2026-02-23T06:01:21.4268500Z   /nix/store/43nf72jxw9m9mazn5qs7pdj52a7gmcr5-libyuv-1787
2026-02-23T06:01:21.4268872Z   /nix/store/dvsai0ym9czjl5mcsarcdwccb70615n4-linux-headers-6.10
2026-02-23T06:01:21.4269233Z   /nix/store/wwmn97j9jv083973a7md52v4wkxr6lvd-lvgl
2026-02-23T06:01:21.4269705Z   /nix/store/77yxcw58nmqx2c67a7srpfxxp40j5rbl-mailcap-2.1.54
2026-02-23T06:01:21.4270693Z   /nix/store/gqjd4bvd683s55r0jcgc9q67rvjnmfc6-make-binary-wrapper-hook
2026-02-23T06:01:21.4271699Z   /nix/store/aqga8f06jxy5a6ci4na35v7n09j8i74f-mpdecimal-4.0.0
2026-02-23T06:01:21.4272340Z   /nix/store/wfxkyxmg47bhj098im5rp60hmkagn96x-mpfr-4.2.1
2026-02-23T06:01:21.4272964Z   /nix/store/zi4768cbcny3vx6f8k2yqy3zp90jalhz-ncompress-5.0
2026-02-23T06:01:21.4273590Z   /nix/store/1p1j0iv3c909kcs4d5300kcsnlwmbwyj-ncurses-6.4.20221231
2026-02-23T06:01:21.4274221Z   /nix/store/vj1wkvkfgcgxr93b5p6kwjbqgrjnv7d9-ncurses-abi5-compat-6.4.20221231
2026-02-23T06:01:21.4274708Z   /nix/store/aygalfgrn7pvxcqc45jw53b9gc29hwzs-nghttp2-1.64.0-lib
2026-02-23T06:01:21.4275107Z   /nix/store/s2lws03pga0vyq84kfa6h041n8csbg4p-ninja-1.12.1
2026-02-23T06:01:21.4275610Z   /nix/store/k1dsk0zyq43pvi7f76is2rx6l4aphm5z-openssl-3.3.2
2026-02-23T06:01:21.4275977Z   /nix/store/vy93rplabj9l70a098rvp52ni9bg476v-pango-1.54.0
2026-02-23T06:01:21.4276339Z   /nix/store/mdmansf6zkzsnrcf4h3yav5kz93rh03y-patch-2.7.6
2026-02-23T06:01:21.4276838Z   /nix/store/9q63d382x7k2h6cc2pfsb39ar3n6f9wg-patchelf-0.15.0
2026-02-23T06:01:21.4277209Z   /nix/store/gkj66hn5cyi3d761nmcdpj35ngv7h8ph-pcre2-10.44
2026-02-23T06:01:21.4277550Z   /nix/store/6fklzkr5x213h868q31isgy82wpmb1yb-perl-5.40.0
2026-02-23T06:01:21.4278019Z   /nix/store/kxawdq25ad6x9cb63yvslaprm4ihx5hr-picolibc
2026-02-23T06:01:21.4278373Z   /nix/store/f86x63y57hwyx9nl4l098fpl93y3xrya-pixman-0.43.4
2026-02-23T06:01:21.4278742Z   /nix/store/zv1kaq7f1q20x62kbjv6pfjygw5jmwl6-python3-3.12.7
2026-02-23T06:01:21.4279248Z   /nix/store/qb69wvblgz1x2hkfxf7lwl9lg9xk4zpj-python3-3.9.20
2026-02-23T06:01:21.4279675Z   /nix/store/09wri7s7nlgp1fs4q4ysx96scbbmr74v-python3.12-anytree-2.12.1
2026-02-23T06:01:21.4280143Z   /nix/store/qpb0z965ffwmny4p2m2jbbaqifkkb5y9-python3.12-docopt-0.6.2
2026-02-23T06:01:21.4280733Z   /nix/store/wg6fhwksxkxn24rnynizrr6f4rvd9dkf-python3.12-intelhex-2.3.0
2026-02-23T06:01:21.4281636Z   /nix/store/l67gyhnl63la5pxmq4kbhl0g6xrfsdff-python3.12-msgpack-1.1.0
2026-02-23T06:01:21.4282285Z   /nix/store/qnfndbdg0k5s7zb47l5q9h7cszi56gpf-python3.12-packaging-24.1
2026-02-23T06:01:21.4282992Z   /nix/store/rs8cgrcn6pkdxs2ksnhs1a0x0pvx5sac-python3.12-progress-1.6
2026-02-23T06:01:21.4283455Z   /nix/store/qmm23pygh0kisvsm9wrfxw2s5km97670-python3.12-pyelftools-0.31
2026-02-23T06:01:21.4283931Z   /nix/store/k1hzsby2pa29jwbbdgg3y4wj0rxn8dnn-python3.12-pykwalify-1.8.0
2026-02-23T06:01:21.4284398Z   /nix/store/7p4gqrzavx0lpks2l0j9945zkzv77ds0-python3.12-python-can-4.5.0
2026-02-23T06:01:21.4284928Z   /nix/store/iz14w235v0nmwc3vnzrlbrkfpaj1qqka-python3.12-python-dateutil-2.9.0.post0
2026-02-23T06:01:21.4285442Z   /nix/store/j7q50pmxnawpif7kfimy51mjhjdjldns-python3.12-pyyaml-6.0.2
2026-02-23T06:01:21.4285912Z   /nix/store/2k9j8zwlhd8vdpn0c4j5zgwkqr6digpx-python3.12-ruamel-base-1.0.0
2026-02-23T06:01:21.4286402Z   /nix/store/7cvm89dzrkw7i4pdidyd8mvny73k07nb-python3.12-ruamel-yaml-0.18.6
2026-02-23T06:01:21.4286911Z   /nix/store/3rghmwyhhwjaj3jmpc3drb8pzz9h14hj-python3.12-ruamel-yaml-clib-0.2.7
2026-02-23T06:01:21.4287399Z   /nix/store/4743pgjalihwh1vb7jsy17ynw3s0xj04-python3.12-six-1.16.0
2026-02-23T06:01:21.4288093Z   /nix/store/n2pgidpi7vpq2hbpylfpa4ck7avniipp-python3.12-typing-extensions-4.12.2
2026-02-23T06:01:21.4288604Z   /nix/store/2j2fcjlxczkx0yyjn3rqi1h9sd42r97v-python3.12-wrapt-1.16.0
2026-02-23T06:01:21.4289168Z   /nix/store/n0q4xhb9z19f0rfd1i8frw7a3ip3rgar-readline-8.2p13
2026-02-23T06:01:21.4289541Z   /nix/store/gpbi7j64vk1my8gpqgylwf9iljqb09is-rhash-1.4.4
2026-02-23T06:01:21.4290619Z   /nix/store/wkad860jvdc881ngy6r0fbjg6s5i8alh-segger
2026-02-23T06:01:21.4290965Z   /nix/store/bbd59cqw259149r2ddk4w1q0lr2fch8c-sqlite-3.46.1
2026-02-23T06:01:21.4291577Z   /nix/store/spb2bpcnw0gbbr4x94cq8xs9n72hipwj-stdenv-linux
2026-02-23T06:01:21.4291930Z   /nix/store/n4xjlyn5hk979p2ywqpajw7dq5y94q1g-tinycrypt
2026-02-23T06:01:21.4292281Z   /nix/store/dfsiy184c8z6gf5x6cqfyahxv9g16828-tzdata-2024b
2026-02-23T06:01:21.4292748Z   /nix/store/ljlah5wqcbix5wg8rvm3g8rc7k9zn1qg-update-autotools-gnu-config-scripts-hook
2026-02-23T06:01:21.4293462Z   /nix/store/gm5g3xyn8iwxkag8gs6rf3ci64bqld80-util-linux-minimal-2.39.4-lib
2026-02-23T06:01:21.4293920Z   /nix/store/2d5spnl8j5r4n1s4bj1zmra7mwx0f1n8-xgcc-13.3.0-libgcc
2026-02-23T06:01:21.4294274Z   /nix/store/bdpc1864983kf51r3cznbrvnlkv4d9ff-xz-5.6.3
2026-02-23T06:01:21.4294881Z   /nix/store/5180mi672sl6ikiwyhvgnxasz6iqxws0-xz-5.6.3-bin
2026-02-23T06:01:21.4295464Z   /nix/store/pz26iwsn417j90xs7y7cwbsjnk7b1riv-zephyr
2026-02-23T06:01:21.4296038Z   /nix/store/bzk3q2l71qwhycsip23y6rl5n881la4n-zlib-1.3.1
2026-02-23T06:01:21.4296665Z   /nix/store/pq757h971kd946xqi9ckk2ylsj25i610-zmk-module-cmsis
2026-02-23T06:01:21.4297409Z   /nix/store/wggfl9p3y2ahy21hb1gpfgr3fxsbv8ss-zmk-module-hal_nordic
2026-02-23T06:01:21.4298138Z   /nix/store/44v1jwji8rksbmvsjwkd4igbb1vhxbl5-zmk-module-lvgl
2026-02-23T06:01:21.4298847Z   /nix/store/4bn1207zpfrcdmf1ldh86ziaav3kwwbb-zmk-module-picolibc
2026-02-23T06:01:21.4299569Z   /nix/store/w90l0zpl7slydmc947qscinn0d6rgq5c-zmk-module-segger
2026-02-23T06:01:21.4300287Z   /nix/store/grk5a1pd1mbzl3lgzf2amf7c0nbb0rvs-zmk-module-tinycrypt
2026-02-23T06:01:21.4300972Z   /nix/store/8pys6a47askf0g75a1k73p3rx2wim7m6-zstd-1.5.6
2026-02-23T06:01:21.4356945Z copying path '/nix/store/rlnih3wlxxwqn4xdahjgfjydvv78kvki-gnu-config-2024-01-01' from 'https://cache.nixos.org'...
2026-02-23T06:01:21.4366188Z copying path '/nix/store/2d5spnl8j5r4n1s4bj1zmra7mwx0f1n8-xgcc-13.3.0-libgcc' from 'https://cache.nixos.org'...
2026-02-23T06:01:21.4417011Z copying path '/nix/store/3581iwklzqcg4iyhlyqqrj7yvvm0pykl-cirque-input-module' from 'https://moergo-glove80-zmk-dev.cachix.org'...
2026-02-23T06:01:21.4424201Z copying path '/nix/store/j8rzqx7farv0w3isp9z943zy437zk02f-gcc-13.3.0-libgcc' from 'https://cache.nixos.org'...
2026-02-23T06:01:21.4426456Z copying path '/nix/store/6pqgj71r0850b0cd95yxx0d52zax016i-libunistring-1.2' from 'https://cache.nixos.org'...
2026-02-23T06:01:21.4464046Z copying path '/nix/store/azxckjbc4f70yliac1x35z5awbzf9jzj-cmsis' from 'https://moergo-glove80-zmk-dev.cachix.org'...
2026-02-23T06:01:21.4482512Z copying path '/nix/store/a473gcmd84qs4vpapa70nwamlpkryc7b-hal_nordic' from 'https://moergo-glove80-zmk-dev.cachix.org'...
2026-02-23T06:01:21.4492138Z copying path '/nix/store/wwmn97j9jv083973a7md52v4wkxr6lvd-lvgl' from 'https://moergo-glove80-zmk-dev.cachix.org'...
2026-02-23T06:01:21.4509200Z copying path '/nix/store/wkad860jvdc881ngy6r0fbjg6s5i8alh-segger' from 'https://moergo-glove80-zmk-dev.cachix.org'...
2026-02-23T06:01:21.4512786Z copying path '/nix/store/kxawdq25ad6x9cb63yvslaprm4ihx5hr-picolibc' from 'https://moergo-glove80-zmk-dev.cachix.org'...
2026-02-23T06:01:21.4520907Z copying path '/nix/store/n4xjlyn5hk979p2ywqpajw7dq5y94q1g-tinycrypt' from 'https://moergo-glove80-zmk-dev.cachix.org'...
2026-02-23T06:01:21.4524386Z copying path '/nix/store/85sj9hb9phy4fh3q4fmc1vm9vz27z1lg-die-hook' from 'https://cache.nixos.org'...
2026-02-23T06:01:21.4543501Z copying path '/nix/store/dvsai0ym9czjl5mcsarcdwccb70615n4-linux-headers-6.10' from 'https://cache.nixos.org'...
2026-02-23T06:01:21.4547391Z copying path '/nix/store/77yxcw58nmqx2c67a7srpfxxp40j5rbl-mailcap-2.1.54' from 'https://cache.nixos.org'...
2026-02-23T06:01:21.4550028Z copying path '/nix/store/dfsiy184c8z6gf5x6cqfyahxv9g16828-tzdata-2024b' from 'https://cache.nixos.org'...
2026-02-23T06:01:21.4603985Z copying path '/nix/store/hbrcibdl494a5w3dypy7095dckalzlqa-dejavu-fonts-minimal-2.37' from 'https://cache.nixos.org'...
2026-02-23T06:01:21.4658052Z copying path '/nix/store/ljlah5wqcbix5wg8rvm3g8rc7k9zn1qg-update-autotools-gnu-config-scripts-hook' from 'https://cache.nixos.org'...
2026-02-23T06:01:21.4943873Z copying path '/nix/store/qwjjm4j652ck9izaid7bz63s4hd5bnha-libidn2-2.3.7' from 'https://cache.nixos.org'...
2026-02-23T06:01:21.4992417Z copying path '/nix/store/ziqnk17xikg73dfrwnyi2jd593xlxza9-fontconfig-2.15.0' from 'https://cache.nixos.org'...
2026-02-23T06:01:21.5194815Z copying path '/nix/store/wn7v2vhyyyi6clcyn0s9ixvl7d4d87ic-glibc-2.40-36' from 'https://cache.nixos.org'...
2026-02-23T06:01:21.7355290Z copying path '/nix/store/grk5a1pd1mbzl3lgzf2amf7c0nbb0rvs-zmk-module-tinycrypt' from 'https://moergo-glove80-zmk-dev.cachix.org'...
2026-02-23T06:01:21.8845748Z copying path '/nix/store/w90l0zpl7slydmc947qscinn0d6rgq5c-zmk-module-segger' from 'https://moergo-glove80-zmk-dev.cachix.org'...
2026-02-23T06:01:21.8849761Z copying path '/nix/store/pq757h971kd946xqi9ckk2ylsj25i610-zmk-module-cmsis' from 'https://moergo-glove80-zmk-dev.cachix.org'...
2026-02-23T06:01:22.1945397Z copying path '/nix/store/p6k7xp1lsfmbdd731mlglrdj2d66mr82-bash-5.2p37' from 'https://cache.nixos.org'...
2026-02-23T06:01:22.1946915Z copying path '/nix/store/nmq6s9l9zlym3qjx76zzrqbp05a63y90-attr-2.5.2' from 'https://cache.nixos.org'...
2026-02-23T06:01:22.1948286Z copying path '/nix/store/zr9c15gg53zsbyc54fsrlwh3r8kmhfyy-dav1d-1.5.0' from 'https://cache.nixos.org'...
2026-02-23T06:01:22.1949563Z copying path '/nix/store/2vgwd43vqxm66grkgsy7z1d87z31nzph-brotli-1.1.0-lib' from 'https://cache.nixos.org'...
2026-02-23T06:01:22.1950870Z copying path '/nix/store/hl3iw85v12gh9mwgvr9yfgjgy0rk81hb-bzip2-1.0.8' from 'https://cache.nixos.org'...
2026-02-23T06:01:22.1953154Z copying path '/nix/store/k5x874vwcaxlan1cw248lwqr4l4v7hyk-ed-1.20.2' from 'https://cache.nixos.org'...
2026-02-23T06:01:22.1955655Z copying path '/nix/store/ka4sync4bccr9mz2ys0dbqjn24hp8v57-expand-response-params' from 'https://cache.nixos.org'...
2026-02-23T06:01:22.1957093Z copying path '/nix/store/37azjaxs8cwqbmb0fywl8fa6n2x8bgwq-fribidi-1.0.16' from 'https://cache.nixos.org'...
2026-02-23T06:01:22.1960661Z copying path '/nix/store/8sgvk9wjq9vfz5irkl4436yhpfr10njq-expat-2.6.4' from 'https://cache.nixos.org'...
2026-02-23T06:01:22.1962596Z copying path '/nix/store/nnin69nrnrrmnv2scbwyfkgh1rf51gh1-gawk-5.3.1' from 'https://cache.nixos.org'...
2026-02-23T06:01:22.1967074Z copying path '/nix/store/hq7m89gp4kafmj8rr0f5sy2qyl7jq479-gdbm-1.24-lib' from 'https://cache.nixos.org'...
2026-02-23T06:01:22.1972611Z copying path '/nix/store/ybjcla5bhj8g1y84998pn4a2drfxybkv-gcc-13.3.0-lib' from 'https://cache.nixos.org'...
2026-02-23T06:01:22.2026587Z copying path '/nix/store/brj8bvvn63gbdrslwsj7gpj0gqaxlprn-giflib-5.2.2' from 'https://cache.nixos.org'...
2026-02-23T06:01:22.2572115Z copying path '/nix/store/zw5haplzbwjgbp3yykhm6iprkpfppzxb-glibc-2.40-36-bin' from 'https://cache.nixos.org'...
2026-02-23T06:01:22.3592355Z copying path '/nix/store/9y5kd90fdbrq3r4yc9mpqn82f93zdgyq-gnumake-4.4.1' from 'https://cache.nixos.org'...
2026-02-23T06:01:22.3599183Z copying path '/nix/store/y11zr71f9i1zy1vrdy3kjx8j6slsb3l3-gmp-6.3.0' from 'https://cache.nixos.org'...
2026-02-23T06:01:22.3617958Z copying path '/nix/store/vmby25zqxnx94awvj0k7zn0rsd0zyrwg-gnused-4.9' from 'https://cache.nixos.org'...
2026-02-23T06:01:22.3619295Z copying path '/nix/store/vqjygx23hkim1kpidik5xcs9whayf3sr-bzip2-1.0.8-bin' from 'https://cache.nixos.org'...
2026-02-23T06:01:22.3833835Z copying path '/nix/store/nrl5m466dwdscvavf1nqzdnqhszjyy9n-acl-2.3.2' from 'https://cache.nixos.org'...
2026-02-23T06:01:22.3963151Z copying path '/nix/store/ys6f20b4chzkmfh9ak0hjdp60l0g5abb-keyutils-1.6.3-lib' from 'https://cache.nixos.org'...
2026-02-23T06:01:22.4061743Z copying path '/nix/store/a7pimibppfw2m3ryijnwwzx76i780bw2-gzip-1.13' from 'https://cache.nixos.org'...
2026-02-23T06:01:22.4979282Z copying path '/nix/store/n19lfs7ix2g9kdh6cf2pfaylbcwjay71-dav1d-1.5.0-dev' from 'https://cache.nixos.org'...
2026-02-23T06:01:22.5099394Z copying path '/nix/store/ighb6h0x1nv14ap2fj0j3bqdn0x3xra4-libXau-1.0.11' from 'https://cache.nixos.org'...
2026-02-23T06:01:22.5126293Z copying path '/nix/store/8jqc1bpk99jgib12wgpdjmnbndrmg7vz-libXdmcp-1.1.5' from 'https://cache.nixos.org'...
2026-02-23T06:01:22.5215320Z copying path '/nix/store/rk2r5yq7al5jddg6jriwv1lg5j1dw0ih-libdatrie-2019-12-20-lib' from 'https://cache.nixos.org'...
2026-02-23T06:01:22.5596595Z copying path '/nix/store/v6m37463j6bs788wbid8yvfhp1773cax-libdeflate-1.22' from 'https://cache.nixos.org'...
2026-02-23T06:01:22.5747447Z copying path '/nix/store/lw7psn749bfn2nrn943jdh68hh2im8yl-libffi-3.4.6' from 'https://cache.nixos.org'...
2026-02-23T06:01:22.6523069Z copying path '/nix/store/lw21wr626v5sdcaxxkv2k4zf1121hfc9-glibc-2.40-36-dev' from 'https://cache.nixos.org'...
2026-02-23T06:01:22.6524674Z copying path '/nix/store/g8m63j9rzhqf0i9v4pzbdyrnzshr5mkx-libjpeg-turbo-3.0.4' from 'https://cache.nixos.org'...
2026-02-23T06:01:22.6576175Z copying path '/nix/store/ggpir31aij6dj2fsas74jyz8z33dxwnc-libtool-2.4.7-lib' from 'https://cache.nixos.org'...
2026-02-23T06:01:22.6615760Z copying path '/nix/store/zhaypw0znkjnymg0rk1599zn21rr0l50-gnutar-1.35' from 'https://cache.nixos.org'...
2026-02-23T06:01:22.6656186Z copying path '/nix/store/scb132gc1zzd904zibk2mz0q5q42z0ym-libuv-1.48.0' from 'https://cache.nixos.org'...
2026-02-23T06:01:22.6705907Z copying path '/nix/store/w63ks7mg1dsgm2gg302ss70wpq7g0l4d-libxcb-1.17.0' from 'https://cache.nixos.org'...
2026-02-23T06:01:22.6735560Z copying path '/nix/store/sbc37bmgpzr7wvlbm9lgf4y6q6dyz40q-libxcrypt-4.4.36' from 'https://cache.nixos.org'...
2026-02-23T06:01:22.6738211Z copying path '/nix/store/shg1vgcjxghqxhl0sifwgr0g2zg6bbv7-libxml2-2.13.4' from 'https://cache.nixos.org'...
2026-02-23T06:01:22.6814774Z copying path '/nix/store/5j9m3z3c6hygjx34xr1bzrkk8srvcs8a-libxcrypt-4.4.36' from 'https://cache.nixos.org'...
2026-02-23T06:01:22.6887144Z copying path '/nix/store/h11ip75g5azb1d9f9jr8c6pwjhpcx20n-libthai-0.1.29' from 'https://cache.nixos.org'...
2026-02-23T06:01:22.6892515Z copying path '/nix/store/s5y8cgwj9saik6hpxq6hvry31hggnxij-libyaml-0.2.5' from 'https://cache.nixos.org'...
2026-02-23T06:01:22.6903631Z copying path '/nix/store/aqga8f06jxy5a6ci4na35v7n09j8i74f-mpdecimal-4.0.0' from 'https://cache.nixos.org'...
2026-02-23T06:01:22.7009827Z copying path '/nix/store/xxfkk4gqnaimiwzi6mmsmcs9bl2r8y7f-isl-0.20' from 'https://cache.nixos.org'...
2026-02-23T06:01:22.7012708Z copying path '/nix/store/wfxkyxmg47bhj098im5rp60hmkagn96x-mpfr-4.2.1' from 'https://cache.nixos.org'...
2026-02-23T06:01:22.7426167Z copying path '/nix/store/nxg637az00fnm705pinlrpjac9b4hgsc-gmp-with-cxx-6.3.0' from 'https://cache.nixos.org'...
2026-02-23T06:01:22.7703378Z copying path '/nix/store/23y66ax8z30m8xl4brrz792xlsrm0syr-graphite2-1.3.14' from 'https://cache.nixos.org'...
2026-02-23T06:01:22.7729590Z copying path '/nix/store/1dmri839kv55917flq6pyvr6xf17cb29-lerc-4.0.0' from 'https://cache.nixos.org'...
2026-02-23T06:01:22.7826115Z copying path '/nix/store/llj89sgbf5512bnhx76khs7aq2pkhqjv-libvmaf-3.0.0' from 'https://cache.nixos.org'...
2026-02-23T06:01:22.7866412Z copying path '/nix/store/2nvmq98zj69i1af1ksh6m08hvfdkjv1z-dtc-1.7.2' from 'https://cache.nixos.org'...
2026-02-23T06:01:22.7886275Z copying path '/nix/store/zi4768cbcny3vx6f8k2yqy3zp90jalhz-ncompress-5.0' from 'https://cache.nixos.org'...
2026-02-23T06:01:22.7949264Z copying path '/nix/store/1p1j0iv3c909kcs4d5300kcsnlwmbwyj-ncurses-6.4.20221231' from 'https://cache.nixos.org'...
2026-02-23T06:01:22.8083304Z copying path '/nix/store/43nf72jxw9m9mazn5qs7pdj52a7gmcr5-libyuv-1787' from 'https://cache.nixos.org'...
2026-02-23T06:01:22.8241616Z copying path '/nix/store/vj1wkvkfgcgxr93b5p6kwjbqgrjnv7d9-ncurses-abi5-compat-6.4.20221231' from 'https://cache.nixos.org'...
2026-02-23T06:01:22.8456952Z copying path '/nix/store/0qqs7bkfk21h8vh7m3x84hphciqv75lm-libmpc-1.3.1' from 'https://cache.nixos.org'...
2026-02-23T06:01:22.8516449Z copying path '/nix/store/b1wvkjx96i3s7wblz38ya0zr8i93zbc5-coreutils-9.5' from 'https://cache.nixos.org'...
2026-02-23T06:01:22.8517957Z copying path '/nix/store/ikjw6a952jd9wn5k06mkj710xzabssr0-libX11-1.8.10' from 'https://cache.nixos.org'...
2026-02-23T06:01:22.8679000Z copying path '/nix/store/aygalfgrn7pvxcqc45jw53b9gc29hwzs-nghttp2-1.64.0-lib' from 'https://cache.nixos.org'...
2026-02-23T06:01:22.8749998Z copying path '/nix/store/s2lws03pga0vyq84kfa6h041n8csbg4p-ninja-1.12.1' from 'https://cache.nixos.org'...
2026-02-23T06:01:22.8845280Z copying path '/nix/store/k1dsk0zyq43pvi7f76is2rx6l4aphm5z-openssl-3.3.2' from 'https://cache.nixos.org'...
2026-02-23T06:01:22.8956687Z copying path '/nix/store/mdmansf6zkzsnrcf4h3yav5kz93rh03y-patch-2.7.6' from 'https://cache.nixos.org'...
2026-02-23T06:01:22.8976968Z copying path '/nix/store/9q63d382x7k2h6cc2pfsb39ar3n6f9wg-patchelf-0.15.0' from 'https://cache.nixos.org'...
2026-02-23T06:01:22.9008800Z copying path '/nix/store/gkj66hn5cyi3d761nmcdpj35ngv7h8ph-pcre2-10.44' from 'https://cache.nixos.org'...
2026-02-23T06:01:22.9094604Z copying path '/nix/store/f86x63y57hwyx9nl4l098fpl93y3xrya-pixman-0.43.4' from 'https://cache.nixos.org'...
2026-02-23T06:01:22.9354134Z copying path '/nix/store/gpbi7j64vk1my8gpqgylwf9iljqb09is-rhash-1.4.4' from 'https://cache.nixos.org'...
2026-02-23T06:01:22.9461730Z copying path '/nix/store/gm5g3xyn8iwxkag8gs6rf3ci64bqld80-util-linux-minimal-2.39.4-lib' from 'https://cache.nixos.org'...
2026-02-23T06:01:22.9585578Z copying path '/nix/store/bdpc1864983kf51r3cznbrvnlkv4d9ff-xz-5.6.3' from 'https://cache.nixos.org'...
2026-02-23T06:01:22.9589459Z copying path '/nix/store/bzk3q2l71qwhycsip23y6rl5n881la4n-zlib-1.3.1' from 'https://cache.nixos.org'...
2026-02-23T06:01:22.9594556Z copying path '/nix/store/wggfl9p3y2ahy21hb1gpfgr3fxsbv8ss-zmk-module-hal_nordic' from 'https://moergo-glove80-zmk-dev.cachix.org'...
2026-02-23T06:01:22.9596835Z copying path '/nix/store/4bn1207zpfrcdmf1ldh86ziaav3kwwbb-zmk-module-picolibc' from 'https://moergo-glove80-zmk-dev.cachix.org'...
2026-02-23T06:01:22.9733212Z copying path '/nix/store/pz26iwsn417j90xs7y7cwbsjnk7b1riv-zephyr' from 'https://moergo-glove80-zmk-dev.cachix.org'...
2026-02-23T06:01:22.9912414Z copying path '/nix/store/kabp82iq5p0l8zidw9ch1mrpq431g6jd-libaom-3.10.0' from 'https://cache.nixos.org'...
2026-02-23T06:01:22.9918850Z copying path '/nix/store/2qssg7pjgadwmqns6jm3qlr5bbdl4dcr-binutils-2.43.1-lib' from 'https://cache.nixos.org'...
2026-02-23T06:01:23.0314600Z copying path '/nix/store/g4lksqp6l8qiab4a0as21s6556xh4gyp-file-5.45' from 'https://cache.nixos.org'...
2026-02-23T06:01:23.0528553Z copying path '/nix/store/kvzfyxs3v0nb2lvfx28c5hj0vz7j9737-libpng-apng-1.6.43' from 'https://cache.nixos.org'...
2026-02-23T06:01:23.0595572Z copying path '/nix/store/4krab2h0hd4wvxxmscxrw21pl77j4i7j-gcc-13.3.0' from 'https://cache.nixos.org'...
2026-02-23T06:01:23.0698967Z copying path '/nix/store/85amyk92rg19l4fy0qmy7wr4jmq8p5z0-gnugrep-3.11' from 'https://cache.nixos.org'...
2026-02-23T06:01:23.0814675Z copying path '/nix/store/cxwsmlr3xh1ml4r0kgdjrknw7504b9f8-diffutils-3.10' from 'https://cache.nixos.org'...
2026-02-23T06:01:23.0816343Z copying path '/nix/store/rp6b82pm6b7x03ngbzffsl3vj8pvay5v-libselinux-3.7' from 'https://cache.nixos.org'...
2026-02-23T06:01:23.1177960Z copying path '/nix/store/w8pnfazxqwmrqmwkb5zrz1bifsd8abxl-findutils-4.10.0' from 'https://cache.nixos.org'...
2026-02-23T06:01:23.1573680Z copying path '/nix/store/bwkb907myixfzzykp21m9iczkhrq5pfy-binutils-2.43.1' from 'https://cache.nixos.org'...
2026-02-23T06:01:23.1578074Z copying path '/nix/store/dbkf2m0b3a2n9drrbz6ra4ljfx45d4aa-libvmaf-3.0.0-dev' from 'https://cache.nixos.org'...
2026-02-23T06:01:23.1740471Z copying path '/nix/store/d5y0sl4vwsb9m99r18zh1mx4fw9y70g6-libXext-1.3.6' from 'https://cache.nixos.org'...
2026-02-23T06:01:23.1742250Z copying path '/nix/store/ln8sk1vlpzmm346lx30ifihqdw0fw4g9-libXpm-3.5.17' from 'https://cache.nixos.org'...
2026-02-23T06:01:23.2365811Z copying path '/nix/store/7ygszkkili3kfqh789ivdgrhyrjshm5n-libXrender-0.9.11' from 'https://cache.nixos.org'...
2026-02-23T06:01:23.2593983Z copying path '/nix/store/g9hgzjcj9g7hw3c2pzgz271b1g1jgc4w-krb5-1.21.3-lib' from 'https://cache.nixos.org'...
2026-02-23T06:01:23.2949394Z copying path '/nix/store/v567mv8b0bg0ph7xn61g33qqm484xxj0-libaom-3.10.0-bin' from 'https://cache.nixos.org'...
2026-02-23T06:01:23.3364680Z copying path '/nix/store/waj425c88y21wccgk9zpyi3q48xq0sgk-freetype-2.13.3' from 'https://cache.nixos.org'...
2026-02-23T06:01:23.3825103Z copying path '/nix/store/1n0b29iid3y0w9i91v9zqdiwnx3inak0-libssh2-1.11.1' from 'https://cache.nixos.org'...
2026-02-23T06:01:23.3889020Z copying path '/nix/store/zgcaxpjipkvdz3185gfb8ba63xw1sv4n-libwebp-1.4.0' from 'https://cache.nixos.org'...
2026-02-23T06:01:23.4658920Z copying path '/nix/store/6fklzkr5x213h868q31isgy82wpmb1yb-perl-5.40.0' from 'https://cache.nixos.org'...
2026-02-23T06:01:23.4695017Z copying path '/nix/store/n0q4xhb9z19f0rfd1i8frw7a3ip3rgar-readline-8.2p13' from 'https://cache.nixos.org'...
2026-02-23T06:01:23.5014662Z copying path '/nix/store/bbd59cqw259149r2ddk4w1q0lr2fch8c-sqlite-3.46.1' from 'https://cache.nixos.org'...
2026-02-23T06:01:23.5063874Z copying path '/nix/store/26hcp8h792wl0h52c5r94qakhvk6q717-glib-2.82.1' from 'https://cache.nixos.org'...
2026-02-23T06:01:23.5174378Z copying path '/nix/store/5180mi672sl6ikiwyhvgnxasz6iqxws0-xz-5.6.3-bin' from 'https://cache.nixos.org'...
2026-02-23T06:01:23.5236761Z copying path '/nix/store/44v1jwji8rksbmvsjwkd4igbb1vhxbl5-zmk-module-lvgl' from 'https://moergo-glove80-zmk-dev.cachix.org'...
2026-02-23T06:01:23.6055085Z copying path '/nix/store/8pys6a47askf0g75a1k73p3rx2wim7m6-zstd-1.5.6' from 'https://cache.nixos.org'...
2026-02-23T06:01:23.7391935Z copying path '/nix/store/ps0zg8jx995br0s7k353qhal1ma3nnbd-curl-8.11.0' from 'https://cache.nixos.org'...
2026-02-23T06:01:23.7528959Z copying path '/nix/store/1asppgbns142f1sqyr6sz843h0689a1k-libaom-3.10.0-dev' from 'https://cache.nixos.org'...
2026-02-23T06:01:23.7694906Z copying path '/nix/store/jfyibphs7pv1izw879lrmr0pp1x3llb8-fontconfig-2.15.0-lib' from 'https://cache.nixos.org'...
2026-02-23T06:01:23.8924405Z copying path '/nix/store/spb2bpcnw0gbbr4x94cq8xs9n72hipwj-stdenv-linux' from 'https://cache.nixos.org'...
2026-02-23T06:01:23.9345431Z copying path '/nix/store/zv1kaq7f1q20x62kbjv6pfjygw5jmwl6-python3-3.12.7' from 'https://cache.nixos.org'...
2026-02-23T06:01:23.9346841Z copying path '/nix/store/qb69wvblgz1x2hkfxf7lwl9lg9xk4zpj-python3-3.9.20' from 'https://cache.nixos.org'...
2026-02-23T06:01:23.9888482Z copying path '/nix/store/x9as7x6f7cdgcskvvn3yp02m662krr7y-binutils-wrapper-2.43.1' from 'https://cache.nixos.org'...
2026-02-23T06:01:24.1414886Z copying path '/nix/store/n0gxk0ys2zgqqz6zcsq8qlv6nv5k6fpj-libarchive-3.7.7-lib' from 'https://cache.nixos.org'...
2026-02-23T06:01:24.1421325Z copying path '/nix/store/mgw74i0szz30zbmvgasvyws1y8mvkb86-libtiff-4.7.0' from 'https://cache.nixos.org'...
2026-02-23T06:01:24.1992854Z copying path '/nix/store/avwmwsn9v4an5v2a4k1gzbqk917avjn1-gts-0.7.6' from 'https://cache.nixos.org'...
2026-02-23T06:01:24.1996174Z copying path '/nix/store/yxgc37sx1a0fswq3hvvld54491ryx6sf-harfbuzz-10.0.1' from 'https://cache.nixos.org'...
2026-02-23T06:01:24.2334172Z copying path '/nix/store/a98zld1as826z4s0b71xs64k02arj4zj-libXft-2.3.8' from 'https://cache.nixos.org'...
2026-02-23T06:01:24.2339248Z copying path '/nix/store/9l20xx4bw18qgkicjcrsfx7vfykp9m8h-cairo-1.18.2' from 'https://cache.nixos.org'...
2026-02-23T06:01:24.5360039Z building '/nix/store/ryf981zc9kshrrgm5c5dphnw879gn09m-builder.pl.drv'...
2026-02-23T06:01:24.6608450Z copying path '/nix/store/alnzmaf07kv3dl4017vrzqngay5rx904-gdk-pixbuf-2.42.12' from 'https://cache.nixos.org'...
2026-02-23T06:01:24.6617549Z copying path '/nix/store/xk1z1b27hck084x12pn24rk526arwwlz-libwebp-1.4.0' from 'https://cache.nixos.org'...
2026-02-23T06:01:24.6769387Z copying path '/nix/store/4k2h9qsps52n1v56zq03yi67dwmxa81i-cmake-3.30.5' from 'https://cache.nixos.org'...
2026-02-23T06:01:25.0032857Z copying path '/nix/store/vy93rplabj9l70a098rvp52ni9bg476v-pango-1.54.0' from 'https://cache.nixos.org'...
2026-02-23T06:01:25.3013529Z copying path '/nix/store/96wajifckqya26aazk4lrig5m5npw5l2-libavif-1.1.1' from 'https://cache.nixos.org'...
2026-02-23T06:01:25.7426838Z copying path '/nix/store/ascb2b0zncwlavz03zcj358p1i79hp64-gd-2.3.3' from 'https://cache.nixos.org'...
2026-02-23T06:01:26.4149326Z copying path '/nix/store/lvx8m4mh18aiqlqp5hdjpg3b34a07p35-graphviz-12.2.0' from 'https://cache.nixos.org'...
2026-02-23T06:01:27.6299835Z copying path '/nix/store/mczmw3rln2jm6nm080dapyjpj3833rg9-gcc-arm-embedded-12.3.rel1' from 'https://cache.nixos.org'...
2026-02-23T06:01:28.5304382Z copying path '/nix/store/4apajimszc47rxwcpvc3g3rj2icinl71-gcc-wrapper-13.3.0' from 'https://cache.nixos.org'...
2026-02-23T06:01:28.7761666Z copying path '/nix/store/qpb0z965ffwmny4p2m2jbbaqifkkb5y9-python3.12-docopt-0.6.2' from 'https://cache.nixos.org'...
2026-02-23T06:01:28.7764578Z copying path '/nix/store/rs8cgrcn6pkdxs2ksnhs1a0x0pvx5sac-python3.12-progress-1.6' from 'https://cache.nixos.org'...
2026-02-23T06:01:28.7766115Z copying path '/nix/store/qmm23pygh0kisvsm9wrfxw2s5km97670-python3.12-pyelftools-0.31' from 'https://cache.nixos.org'...
2026-02-23T06:01:28.7771346Z copying path '/nix/store/wg6fhwksxkxn24rnynizrr6f4rvd9dkf-python3.12-intelhex-2.3.0' from 'https://cache.nixos.org'...
2026-02-23T06:01:28.7773300Z copying path '/nix/store/l67gyhnl63la5pxmq4kbhl0g6xrfsdff-python3.12-msgpack-1.1.0' from 'https://cache.nixos.org'...
2026-02-23T06:01:28.7774970Z copying path '/nix/store/j7q50pmxnawpif7kfimy51mjhjdjldns-python3.12-pyyaml-6.0.2' from 'https://cache.nixos.org'...
2026-02-23T06:01:28.7776621Z copying path '/nix/store/qnfndbdg0k5s7zb47l5q9h7cszi56gpf-python3.12-packaging-24.1' from 'https://cache.nixos.org'...
2026-02-23T06:01:28.7785303Z copying path '/nix/store/3rghmwyhhwjaj3jmpc3drb8pzz9h14hj-python3.12-ruamel-yaml-clib-0.2.7' from 'https://cache.nixos.org'...
2026-02-23T06:01:28.7792336Z copying path '/nix/store/4743pgjalihwh1vb7jsy17ynw3s0xj04-python3.12-six-1.16.0' from 'https://cache.nixos.org'...
2026-02-23T06:01:28.7795600Z copying path '/nix/store/2k9j8zwlhd8vdpn0c4j5zgwkqr6digpx-python3.12-ruamel-base-1.0.0' from 'https://cache.nixos.org'...
2026-02-23T06:01:28.7797253Z copying path '/nix/store/n2pgidpi7vpq2hbpylfpa4ck7avniipp-python3.12-typing-extensions-4.12.2' from 'https://cache.nixos.org'...
2026-02-23T06:01:28.7798849Z copying path '/nix/store/2j2fcjlxczkx0yyjn3rqi1h9sd42r97v-python3.12-wrapt-1.16.0' from 'https://cache.nixos.org'...
2026-02-23T06:01:28.9971651Z copying path '/nix/store/gqjd4bvd683s55r0jcgc9q67rvjnmfc6-make-binary-wrapper-hook' from 'https://cache.nixos.org'...
2026-02-23T06:01:29.2130786Z copying path '/nix/store/7cvm89dzrkw7i4pdidyd8mvny73k07nb-python3.12-ruamel-yaml-0.18.6' from 'https://cache.nixos.org'...
2026-02-23T06:01:29.2139596Z copying path '/nix/store/09wri7s7nlgp1fs4q4ysx96scbbmr74v-python3.12-anytree-2.12.1' from 'https://cache.nixos.org'...
2026-02-23T06:01:29.2141439Z copying path '/nix/store/iz14w235v0nmwc3vnzrlbrkfpaj1qqka-python3.12-python-dateutil-2.9.0.post0' from 'https://cache.nixos.org'...
2026-02-23T06:01:29.2229845Z copying path '/nix/store/7p4gqrzavx0lpks2l0j9945zkzv77ds0-python3.12-python-can-4.5.0' from 'https://moergo-glove80-zmk-dev.cachix.org'...
2026-02-23T06:01:29.6934092Z copying path '/nix/store/k1hzsby2pa29jwbbdgg3y4wj0rxn8dnn-python3.12-pykwalify-1.8.0' from 'https://cache.nixos.org'...
2026-02-23T06:01:30.1756700Z building '/nix/store/14s41r3aqgw7vrl845jxarjcx3ivgvc4-python3-3.12.7-env.drv'...
2026-02-23T06:01:30.3076516Z created 296 symlinks in user environment
2026-02-23T06:01:40.5573210Z warning: Ignoring setting 'auto-allocate-uids' because experimental feature 'auto-allocate-uids' is not enabled
2026-02-23T06:01:40.5574596Z warning: Ignoring setting 'impure-env' because experimental feature 'configurable-impure-env' is not enabled
2026-02-23T06:01:40.5820721Z building '/nix/store/izvfmaiadxs2p2k6j498i98dqbr5ixsb-zmk_go60_lh.drv'...
2026-02-23T06:01:40.6038597Z building '/nix/store/7c91jrnf8vc5j5l9j5sbw5ppfbv6pd0l-zmk_go60_rh.drv'...
2026-02-23T06:01:40.6342513Z Running phase: unpackPhase
2026-02-23T06:01:40.6387636Z unpacking source archive /nix/store/ypiphcbzypxpz9p904y3da2z7rpgj17j-source
2026-02-23T06:01:40.6555360Z Running phase: unpackPhase
2026-02-23T06:01:40.6595496Z unpacking source archive /nix/store/ypiphcbzypxpz9p904y3da2z7rpgj17j-source
2026-02-23T06:01:40.8105365Z source root is source/app
2026-02-23T06:01:40.8232134Z source root is source/app
2026-02-23T06:01:40.8549277Z Running phase: patchPhase
2026-02-23T06:01:40.8615282Z Running phase: updateAutotoolsGnuConfigScriptsPhase
2026-02-23T06:01:40.8685159Z Running phase: patchPhase
2026-02-23T06:01:40.8747166Z Running phase: updateAutotoolsGnuConfigScriptsPhase
2026-02-23T06:01:40.8869457Z Running phase: configurePhase
2026-02-23T06:01:40.8914681Z fixing cmake files...
2026-02-23T06:01:40.8992666Z Running phase: configurePhase
2026-02-23T06:01:40.9033666Z fixing cmake files...
2026-02-23T06:01:41.0816433Z cmake flags: -GNinja -DCMAKE_FIND_USE_SYSTEM_PACKAGE_REGISTRY=OFF -DCMAKE_FIND_USE_PACKAGE_REGISTRY=OFF -DCMAKE_EXPORT_NO_PACKAGE_REGISTRY=ON -DCMAKE_BUILD_TYPE=Release -DBUILD_TESTING=OFF -DCMAKE_INSTALL_LOCALEDIR=/nix/store/ryfbkamfxgn2vwbxrjhsxwbqa5zy5366-zmk_go60_lh/share/locale -DCMAKE_INSTALL_LIBEXECDIR=/nix/store/ryfbkamfxgn2vwbxrjhsxwbqa5zy5366-zmk_go60_lh/libexec -DCMAKE_INSTALL_LIBDIR=/nix/store/ryfbkamfxgn2vwbxrjhsxwbqa5zy5366-zmk_go60_lh/lib -DCMAKE_INSTALL_DOCDIR=/nix/store/ryfbkamfxgn2vwbxrjhsxwbqa5zy5366-zmk_go60_lh/share/doc/zmk -DCMAKE_INSTALL_INFODIR=/nix/store/ryfbkamfxgn2vwbxrjhsxwbqa5zy5366-zmk_go60_lh/share/info -DCMAKE_INSTALL_MANDIR=/nix/store/ryfbkamfxgn2vwbxrjhsxwbqa5zy5366-zmk_go60_lh/share/man -DCMAKE_INSTALL_OLDINCLUDEDIR=/nix/store/ryfbkamfxgn2vwbxrjhsxwbqa5zy5366-zmk_go60_lh/include -DCMAKE_INSTALL_INCLUDEDIR=/nix/store/ryfbkamfxgn2vwbxrjhsxwbqa5zy5366-zmk_go60_lh/include -DCMAKE_INSTALL_SBINDIR=/nix/store/ryfbkamfxgn2vwbxrjhsxwbqa5zy5366-zmk_go60_lh/sbin -DCMAKE_INSTALL_BINDIR=/nix/store/ryfbkamfxgn2vwbxrjhsxwbqa5zy5366-zmk_go60_lh/bin -DCMAKE_INSTALL_NAME_DIR=/nix/store/ryfbkamfxgn2vwbxrjhsxwbqa5zy5366-zmk_go60_lh/lib -DCMAKE_POLICY_DEFAULT_CMP0025=NEW -DCMAKE_FIND_FRAMEWORK=LAST -DCMAKE_STRIP= -DCMAKE_RANLIB= -DCMAKE_AR= -DCMAKE_C_COMPILER= -DCMAKE_CXX_COMPILER= -DCMAKE_INSTALL_PREFIX=/nix/store/ryfbkamfxgn2vwbxrjhsxwbqa5zy5366-zmk_go60_lh -DZEPHYR_BASE=/nix/store/pz26iwsn417j90xs7y7cwbsjnk7b1riv-zephyr/zephyr -DBOARD_ROOT=. -DBOARD=go60_lh -DZEPHYR_TOOLCHAIN_VARIANT=gnuarmemb -DGNUARMEMB_TOOLCHAIN_PATH=/nix/store/mczmw3rln2jm6nm080dapyjpj3833rg9-gcc-arm-embedded-12.3.rel1 -DCMAKE_C_COMPILER=/nix/store/mczmw3rln2jm6nm080dapyjpj3833rg9-gcc-arm-embedded-12.3.rel1/bin/arm-none-eabi-gcc -DCMAKE_CXX_COMPILER=/nix/store/mczmw3rln2jm6nm080dapyjpj3833rg9-gcc-arm-embedded-12.3.rel1/bin/arm-none-eabi-g++ -DCMAKE_AR=/nix/store/mczmw3rln2jm6nm080dapyjpj3833rg9-gcc-arm-embedded-12.3.rel1/bin/arm-none-eabi-ar -DCMAKE_RANLIB=/nix/store/mczmw3rln2jm6nm080dapyjpj3833rg9-gcc-arm-embedded-12.3.rel1/bin/arm-none-eabi-ranlib -DZEPHYR_MODULES=/nix/store/pq757h971kd946xqi9ckk2ylsj25i610-zmk-module-cmsis/cmsis\;/nix/store/wggfl9p3y2ahy21hb1gpfgr3fxsbv8ss-zmk-module-hal_nordic/hal_nordic\;/nix/store/grk5a1pd1mbzl3lgzf2amf7c0nbb0rvs-zmk-module-tinycrypt/tinycrypt\;/nix/store/44v1jwji8rksbmvsjwkd4igbb1vhxbl5-zmk-module-lvgl/lvgl\;/nix/store/4bn1207zpfrcdmf1ldh86ziaav3kwwbb-zmk-module-picolibc/picolibc\;/nix/store/w90l0zpl7slydmc947qscinn0d6rgq5c-zmk-module-segger/segger\;/nix/store/3581iwklzqcg4iyhlyqqrj7yvvm0pykl-cirque-input-module -DKEYMAP_FILE=/nix/store/zh10d5yd0v5074h3n9jbzja8n839vkpc-zmk-multi-keyboard-build/boards/go60/go60.keymap -DEXTRA_CONF_FILE=/nix/store/zh10d5yd0v5074h3n9jbzja8n839vkpc-zmk-multi-keyboard-build/boards/go60/go60.conf -DUSER_CACHE_DIR=/build/.cache
2026-02-23T06:01:41.0905386Z Loading Zephyr default modules (Zephyr base (cached)).
2026-02-23T06:01:41.0909070Z -- Application: /build/source/app
2026-02-23T06:01:41.0909487Z -- CMake version: 3.30.5
2026-02-23T06:01:41.0946490Z cmake flags: -GNinja -DCMAKE_FIND_USE_SYSTEM_PACKAGE_REGISTRY=OFF -DCMAKE_FIND_USE_PACKAGE_REGISTRY=OFF -DCMAKE_EXPORT_NO_PACKAGE_REGISTRY=ON -DCMAKE_BUILD_TYPE=Release -DBUILD_TESTING=OFF -DCMAKE_INSTALL_LOCALEDIR=/nix/store/hl6jag8myb5w9a4h4abyhbnb0ydkamrc-zmk_go60_rh/share/locale -DCMAKE_INSTALL_LIBEXECDIR=/nix/store/hl6jag8myb5w9a4h4abyhbnb0ydkamrc-zmk_go60_rh/libexec -DCMAKE_INSTALL_LIBDIR=/nix/store/hl6jag8myb5w9a4h4abyhbnb0ydkamrc-zmk_go60_rh/lib -DCMAKE_INSTALL_DOCDIR=/nix/store/hl6jag8myb5w9a4h4abyhbnb0ydkamrc-zmk_go60_rh/share/doc/zmk -DCMAKE_INSTALL_INFODIR=/nix/store/hl6jag8myb5w9a4h4abyhbnb0ydkamrc-zmk_go60_rh/share/info -DCMAKE_INSTALL_MANDIR=/nix/store/hl6jag8myb5w9a4h4abyhbnb0ydkamrc-zmk_go60_rh/share/man -DCMAKE_INSTALL_OLDINCLUDEDIR=/nix/store/hl6jag8myb5w9a4h4abyhbnb0ydkamrc-zmk_go60_rh/include -DCMAKE_INSTALL_INCLUDEDIR=/nix/store/hl6jag8myb5w9a4h4abyhbnb0ydkamrc-zmk_go60_rh/include -DCMAKE_INSTALL_SBINDIR=/nix/store/hl6jag8myb5w9a4h4abyhbnb0ydkamrc-zmk_go60_rh/sbin -DCMAKE_INSTALL_BINDIR=/nix/store/hl6jag8myb5w9a4h4abyhbnb0ydkamrc-zmk_go60_rh/bin -DCMAKE_INSTALL_NAME_DIR=/nix/store/hl6jag8myb5w9a4h4abyhbnb0ydkamrc-zmk_go60_rh/lib -DCMAKE_POLICY_DEFAULT_CMP0025=NEW -DCMAKE_FIND_FRAMEWORK=LAST -DCMAKE_STRIP= -DCMAKE_RANLIB= -DCMAKE_AR= -DCMAKE_C_COMPILER= -DCMAKE_CXX_COMPILER= -DCMAKE_INSTALL_PREFIX=/nix/store/hl6jag8myb5w9a4h4abyhbnb0ydkamrc-zmk_go60_rh -DZEPHYR_BASE=/nix/store/pz26iwsn417j90xs7y7cwbsjnk7b1riv-zephyr/zephyr -DBOARD_ROOT=. -DBOARD=go60_rh -DZEPHYR_TOOLCHAIN_VARIANT=gnuarmemb -DGNUARMEMB_TOOLCHAIN_PATH=/nix/store/mczmw3rln2jm6nm080dapyjpj3833rg9-gcc-arm-embedded-12.3.rel1 -DCMAKE_C_COMPILER=/nix/store/mczmw3rln2jm6nm080dapyjpj3833rg9-gcc-arm-embedded-12.3.rel1/bin/arm-none-eabi-gcc -DCMAKE_CXX_COMPILER=/nix/store/mczmw3rln2jm6nm080dapyjpj3833rg9-gcc-arm-embedded-12.3.rel1/bin/arm-none-eabi-g++ -DCMAKE_AR=/nix/store/mczmw3rln2jm6nm080dapyjpj3833rg9-gcc-arm-embedded-12.3.rel1/bin/arm-none-eabi-ar -DCMAKE_RANLIB=/nix/store/mczmw3rln2jm6nm080dapyjpj3833rg9-gcc-arm-embedded-12.3.rel1/bin/arm-none-eabi-ranlib -DZEPHYR_MODULES=/nix/store/pq757h971kd946xqi9ckk2ylsj25i610-zmk-module-cmsis/cmsis\;/nix/store/wggfl9p3y2ahy21hb1gpfgr3fxsbv8ss-zmk-module-hal_nordic/hal_nordic\;/nix/store/grk5a1pd1mbzl3lgzf2amf7c0nbb0rvs-zmk-module-tinycrypt/tinycrypt\;/nix/store/44v1jwji8rksbmvsjwkd4igbb1vhxbl5-zmk-module-lvgl/lvgl\;/nix/store/4bn1207zpfrcdmf1ldh86ziaav3kwwbb-zmk-module-picolibc/picolibc\;/nix/store/w90l0zpl7slydmc947qscinn0d6rgq5c-zmk-module-segger/segger\;/nix/store/3581iwklzqcg4iyhlyqqrj7yvvm0pykl-cirque-input-module -DKEYMAP_FILE=/nix/store/zh10d5yd0v5074h3n9jbzja8n839vkpc-zmk-multi-keyboard-build/boards/go60/go60.keymap -DEXTRA_CONF_FILE=/nix/store/zh10d5yd0v5074h3n9jbzja8n839vkpc-zmk-multi-keyboard-build/boards/go60/go60.conf -DUSER_CACHE_DIR=/build/.cache
2026-02-23T06:01:41.1017795Z Loading Zephyr default modules (Zephyr base (cached)).
2026-02-23T06:01:41.1019705Z -- Application: /build/source/app
2026-02-23T06:01:41.1020944Z -- CMake version: 3.30.5
2026-02-23T06:01:41.3070750Z -- Found Python3: /nix/store/3ym73yjdw7yg6sv3nwr0syligji76i3z-python3-3.12.7-env/bin/python (found suitable version "3.12.7", minimum required is "3.8") found components: Interpreter
2026-02-23T06:01:41.3079757Z -- Cache files will be written to: /build/.cache
2026-02-23T06:01:41.3134063Z -- Zephyr version: 3.5.0 (/nix/store/pz26iwsn417j90xs7y7cwbsjnk7b1riv-zephyr/zephyr)
2026-02-23T06:01:41.3178550Z -- Found Python3: /nix/store/3ym73yjdw7yg6sv3nwr0syligji76i3z-python3-3.12.7-env/bin/python (found suitable version "3.12.7", minimum required is "3.8") found components: Interpreter
2026-02-23T06:01:41.3180325Z -- Cache files will be written to: /build/.cache
2026-02-23T06:01:41.3253499Z -- Zephyr version: 3.5.0 (/nix/store/pz26iwsn417j90xs7y7cwbsjnk7b1riv-zephyr/zephyr)
2026-02-23T06:01:41.4943930Z -- Using keymap file: /nix/store/zh10d5yd0v5074h3n9jbzja8n839vkpc-zmk-multi-keyboard-build/boards/go60/go60.keymap
2026-02-23T06:01:41.4988190Z -- Board: go60_lh
2026-02-23T06:01:41.5005209Z -- Using keymap file: /nix/store/zh10d5yd0v5074h3n9jbzja8n839vkpc-zmk-multi-keyboard-build/boards/go60/go60.keymap
2026-02-23T06:01:41.5050605Z -- Board: go60_rh
2026-02-23T06:01:41.6706964Z -- Found toolchain: gnuarmemb (/nix/store/mczmw3rln2jm6nm080dapyjpj3833rg9-gcc-arm-embedded-12.3.rel1)
2026-02-23T06:01:41.6784269Z -- Found Dtc: /nix/store/2nvmq98zj69i1af1ksh6m08hvfdkjv1z-dtc-1.7.2/bin/dtc (found suitable version "1.7.2", minimum required is "1.4.6")
2026-02-23T06:01:41.6792227Z -- Found BOARD.dts: /build/source/app/boards/arm/go60/go60_lh.dts
2026-02-23T06:01:41.6793711Z -- Found devicetree overlay: /nix/store/zh10d5yd0v5074h3n9jbzja8n839vkpc-zmk-multi-keyboard-build/boards/go60/go60.keymap
2026-02-23T06:01:41.6795462Z -- Found toolchain: gnuarmemb (/nix/store/mczmw3rln2jm6nm080dapyjpj3833rg9-gcc-arm-embedded-12.3.rel1)
2026-02-23T06:01:41.6857878Z -- Found Dtc: /nix/store/2nvmq98zj69i1af1ksh6m08hvfdkjv1z-dtc-1.7.2/bin/dtc (found suitable version "1.7.2", minimum required is "1.4.6")
2026-02-23T06:01:41.6863009Z -- Found BOARD.dts: /build/source/app/boards/arm/go60/go60_rh.dts
2026-02-23T06:01:41.6865192Z -- Found devicetree overlay: /nix/store/zh10d5yd0v5074h3n9jbzja8n839vkpc-zmk-multi-keyboard-build/boards/go60/go60.keymap
2026-02-23T06:01:42.2154259Z 'label' is marked as deprecated in 'properties:' in /build/source/app/dts/bindings/behaviors/zmk,behavior-macro.yaml for node /behaviors/cur_EXTEND_LINE_macos_v1_TKZ.
2026-02-23T06:01:42.2157723Z 'label' is marked as deprecated in 'properties:' in /build/source/app/dts/bindings/behaviors/zmk,behavior-macro.yaml for node /behaviors/cur_EXTEND_WORD_macos_v1_TKZ.
2026-02-23T06:01:42.2159739Z 'label' is marked as deprecated in 'properties:' in /build/source/app/dts/bindings/behaviors/zmk,behavior-macro.yaml for node /behaviors/cur_SELECT_LINE_macos_v1_TKZ.
2026-02-23T06:01:42.2161942Z 'label' is marked as deprecated in 'properties:' in /build/source/app/dts/bindings/behaviors/zmk,behavior-macro.yaml for node /behaviors/cur_SELECT_NONE_v1_TKZ.
2026-02-23T06:01:42.2163911Z 'label' is marked as deprecated in 'properties:' in /build/source/app/dts/bindings/behaviors/zmk,behavior-macro.yaml for node /behaviors/cur_SELECT_WORD_macos_v1_TKZ.
2026-02-23T06:01:42.2165920Z 'label' is marked as deprecated in 'properties:' in /build/source/app/dts/bindings/behaviors/zmk,behavior-macro-two-param.yaml for node /behaviors/mod_tab_chord_v2_TKZ.
2026-02-23T06:01:42.2167967Z 'label' is marked as deprecated in 'properties:' in /build/source/app/dts/bindings/behaviors/zmk,behavior-macro-one-param.yaml for node /behaviors/mod_tab_v1_TKZ.
2026-02-23T06:01:42.2169880Z 'label' is marked as deprecated in 'properties:' in /build/source/app/dts/bindings/behaviors/zmk,behavior-macro.yaml for node /behaviors/symb_dotdot_v1_TKZ.
2026-02-23T06:01:42.2172367Z 'label' is marked as deprecated in 'properties:' in /build/source/app/dts/bindings/behaviors/zmk,behavior-macro-one-param.yaml for node /behaviors/HRM_left_index_hold_v1B_TKZ.
2026-02-23T06:01:42.2174537Z 'label' is marked as deprecated in 'properties:' in /build/source/app/dts/bindings/behaviors/zmk,behavior-macro-one-param.yaml for node /behaviors/HRM_left_index_tap_v1B_TKZ.
2026-02-23T06:01:42.2176630Z 'label' is marked as deprecated in 'properties:' in /build/source/app/dts/bindings/behaviors/zmk,behavior-macro-one-param.yaml for node /behaviors/HRM_left_middy_hold_v1B_TKZ.
2026-02-23T06:01:42.2178745Z 'label' is marked as deprecated in 'properties:' in /build/source/app/dts/bindings/behaviors/zmk,behavior-macro-one-param.yaml for node /behaviors/HRM_left_middy_tap_v1B_TKZ.
2026-02-23T06:01:42.2180893Z 'label' is marked as deprecated in 'properties:' in /build/source/app/dts/bindings/behaviors/zmk,behavior-macro-one-param.yaml for node /behaviors/HRM_left_pinky_hold_v1B_TKZ.
2026-02-23T06:01:42.2183204Z 'label' is marked as deprecated in 'properties:' in /build/source/app/dts/bindings/behaviors/zmk,behavior-macro-one-param.yaml for node /behaviors/HRM_left_pinky_tap_v1B_TKZ.
2026-02-23T06:01:42.2185294Z 'label' is marked as deprecated in 'properties:' in /build/source/app/dts/bindings/behaviors/zmk,behavior-macro-one-param.yaml for node /behaviors/HRM_left_ring_hold_v1B_TKZ.
2026-02-23T06:01:42.2187344Z 'label' is marked as deprecated in 'properties:' in /build/source/app/dts/bindings/behaviors/zmk,behavior-macro-one-param.yaml for node /behaviors/HRM_left_ring_tap_v1B_TKZ.
2026-02-23T06:01:42.2189732Z 'label' is marked as deprecated in 'properties:' in /build/source/app/dts/bindings/behaviors/zmk,behavior-macro-one-param.yaml for node /behaviors/HRM_right_index_hold_v1B_TKZ.
2026-02-23T06:01:42.2192016Z 'label' is marked as deprecated in 'properties:' in /build/source/app/dts/bindings/behaviors/zmk,behavior-macro-one-param.yaml for node /behaviors/HRM_right_index_tap_v1B_TKZ.
2026-02-23T06:01:42.2194009Z 'label' is marked as deprecated in 'properties:' in /build/source/app/dts/bindings/behaviors/zmk,behavior-macro-one-param.yaml for node /behaviors/HRM_right_middy_hold_v1B_TKZ.
2026-02-23T06:01:42.2195972Z 'label' is marked as deprecated in 'properties:' in /build/source/app/dts/bindings/behaviors/zmk,behavior-macro-one-param.yaml for node /behaviors/HRM_right_middy_tap_v1B_TKZ.
2026-02-23T06:01:42.2197801Z 'label' is marked as deprecated in 'properties:' in /build/source/app/dts/bindings/behaviors/zmk,behavior-macro-one-param.yaml for node /behaviors/HRM_right_pinky_hold_v1B_TKZ.
2026-02-23T06:01:42.2199649Z 'label' is marked as deprecated in 'properties:' in /build/source/app/dts/bindings/behaviors/zmk,behavior-macro-one-param.yaml for node /behaviors/HRM_right_pinky_tap_v1B_TKZ.
2026-02-23T06:01:42.2201682Z 'label' is marked as deprecated in 'properties:' in /build/source/app/dts/bindings/behaviors/zmk,behavior-macro-one-param.yaml for node /behaviors/HRM_right_ring_hold_v1B_TKZ.
2026-02-23T06:01:42.2203586Z 'label' is marked as deprecated in 'properties:' in /build/source/app/dts/bindings/behaviors/zmk,behavior-macro-one-param.yaml for node /behaviors/HRM_right_ring_tap_v1B_TKZ.
2026-02-23T06:01:42.2205723Z devicetree error: value of property '#binding-cells' on /behaviors/tab_hyper in /build/source/app/build/zephyr/zephyr.dts.pre (1) is different from the 'const' value specified in /build/source/app/dts/bindings/behaviors/zmk,behavior-hold-tap.yaml (2)
2026-02-23T06:01:42.2336459Z 'label' is marked as deprecated in 'properties:' in /build/source/app/dts/bindings/behaviors/zmk,behavior-macro.yaml for node /behaviors/cur_EXTEND_LINE_macos_v1_TKZ.
2026-02-23T06:01:42.2339167Z 'label' is marked as deprecated in 'properties:' in /build/source/app/dts/bindings/behaviors/zmk,behavior-macro.yaml for node /behaviors/cur_EXTEND_WORD_macos_v1_TKZ.
2026-02-23T06:01:42.2340796Z 'label' is marked as deprecated in 'properties:' in /build/source/app/dts/bindings/behaviors/zmk,behavior-macro.yaml for node /behaviors/cur_SELECT_LINE_macos_v1_TKZ.
2026-02-23T06:01:42.2343254Z 'label' is marked as deprecated in 'properties:' in /build/source/app/dts/bindings/behaviors/zmk,behavior-macro.yaml for node /behaviors/cur_SELECT_NONE_v1_TKZ.
2026-02-23T06:01:42.2354673Z -- In: /build/source/app/build/zephyr, command: /nix/store/3ym73yjdw7yg6sv3nwr0syligji76i3z-python3-3.12.7-env/bin/python;/nix/store/pz26iwsn417j90xs7y7cwbsjnk7b1riv-zephyr/zephyr/scripts/dts/gen_defines.py;--dts;/build/source/app/build/zephyr/zephyr.dts.pre;--dtc-flags;'-Wno-unique_unit_address_if_enabled';--bindings-dirs;/nix/store/3581iwklzqcg4iyhlyqqrj7yvvm0pykl-cirque-input-module/dts/bindings;/build/source/app/module/dts/bindings;/build/source/app/dts/bindings;/nix/store/pz26iwsn417j90xs7y7cwbsjnk7b1riv-zephyr/zephyr/dts/bindings;--header-out;/build/source/app/build/zephyr/include/generated/devicetree_generated.h.new;--dts-out;/build/source/app/build/zephyr/zephyr.dts.new;--edt-pickle-out;/build/source/app/build/zephyr/edt.pickle;--vendor-prefixes;/nix/store/3581iwklzqcg4iyhlyqqrj7yvvm0pykl-cirque-input-module/dts/bindings/vendor-prefixes.txt;--vendor-prefixes;/build/source/app/dts/bindings/vendor-prefixes.txt;--vendor-prefixes;/nix/store/pz26iwsn417j90xs7y7cwbsjnk7b1riv-zephyr/zephyr/dts/bindings/vendor-prefixes.txt
2026-02-23T06:01:42.2367293Z CMake Error at /nix/store/pz26iwsn417j90xs7y7cwbsjnk7b1riv-zephyr/zephyr/cmake/modules/dts.cmake:279 (message):
2026-02-23T06:01:42.2368260Z   gen_defines.py failed with return code: 1
2026-02-23T06:01:42.2368751Z Call Stack (most recent call first):
2026-02-23T06:01:42.2370972Z   /nix/store/pz26iwsn417j90xs7y7cwbsjnk7b1riv-zephyr/zephyr/cmake/modules/zephyr_default.cmake:129 (include)
2026-02-23T06:01:42.2373190Z   /nix/store/pz26iwsn417j90xs7y7cwbsjnk7b1riv-zephyr/zephyr/share/zephyr-package/cmake/ZephyrConfig.cmake:66 (include)
2026-02-23T06:01:42.2375461Z   /nix/store/pz26iwsn417j90xs7y7cwbsjnk7b1riv-zephyr/zephyr/share/zephyr-package/cmake/ZephyrConfig.cmake:97 (include_boilerplate)
2026-02-23T06:01:42.2376535Z   CMakeLists.txt:9 (find_package)
2026-02-23T06:01:42.2376824Z 
2026-02-23T06:01:42.2376831Z 
2026-02-23T06:01:42.2377021Z -- Configuring incomplete, errors occurred!
2026-02-23T06:01:42.2378618Z 'label' is marked as deprecated in 'properties:' in /build/source/app/dts/bindings/behaviors/zmk,behavior-macro.yaml for node /behaviors/cur_SELECT_WORD_macos_v1_TKZ.
2026-02-23T06:01:42.2380537Z 'label' is marked as deprecated in 'properties:' in /build/source/app/dts/bindings/behaviors/zmk,behavior-macro-two-param.yaml for node /behaviors/mod_tab_chord_v2_TKZ.
2026-02-23T06:01:42.2382612Z 'label' is marked as deprecated in 'properties:' in /build/source/app/dts/bindings/behaviors/zmk,behavior-macro-one-param.yaml for node /behaviors/mod_tab_v1_TKZ.
2026-02-23T06:01:42.2384297Z 'label' is marked as deprecated in 'properties:' in /build/source/app/dts/bindings/behaviors/zmk,behavior-macro.yaml for node /behaviors/symb_dotdot_v1_TKZ.
2026-02-23T06:01:42.2385987Z 'label' is marked as deprecated in 'properties:' in /build/source/app/dts/bindings/behaviors/zmk,behavior-macro-one-param.yaml for node /behaviors/HRM_left_index_hold_v1B_TKZ.
2026-02-23T06:01:42.2387768Z 'label' is marked as deprecated in 'properties:' in /build/source/app/dts/bindings/behaviors/zmk,behavior-macro-one-param.yaml for node /behaviors/HRM_left_index_tap_v1B_TKZ.
2026-02-23T06:01:42.2389713Z 'label' is marked as deprecated in 'properties:' in /build/source/app/dts/bindings/behaviors/zmk,behavior-macro-one-param.yaml for node /behaviors/HRM_left_middy_hold_v1B_TKZ.
2026-02-23T06:01:42.2391713Z 'label' is marked as deprecated in 'properties:' in /build/source/app/dts/bindings/behaviors/zmk,behavior-macro-one-param.yaml for node /behaviors/HRM_left_middy_tap_v1B_TKZ.
2026-02-23T06:01:42.2393485Z 'label' is marked as deprecated in 'properties:' in /build/source/app/dts/bindings/behaviors/zmk,behavior-macro-one-param.yaml for node /behaviors/HRM_left_pinky_hold_v1B_TKZ.
2026-02-23T06:01:42.2395171Z 'label' is marked as deprecated in 'properties:' in /build/source/app/dts/bindings/behaviors/zmk,behavior-macro-one-param.yaml for node /behaviors/HRM_left_pinky_tap_v1B_TKZ.
2026-02-23T06:01:42.2397103Z 'label' is marked as deprecated in 'properties:' in /build/source/app/dts/bindings/behaviors/zmk,behavior-macro-one-param.yaml for node /behaviors/HRM_left_ring_hold_v1B_TKZ.
2026-02-23T06:01:42.2398952Z 'label' is marked as deprecated in 'properties:' in /build/source/app/dts/bindings/behaviors/zmk,behavior-macro-one-param.yaml for node /behaviors/HRM_left_ring_tap_v1B_TKZ.
2026-02-23T06:01:42.2400703Z 'label' is marked as deprecated in 'properties:' in /build/source/app/dts/bindings/behaviors/zmk,behavior-macro-one-param.yaml for node /behaviors/HRM_right_index_hold_v1B_TKZ.
2026-02-23T06:01:42.2402669Z 'label' is marked as deprecated in 'properties:' in /build/source/app/dts/bindings/behaviors/zmk,behavior-macro-one-param.yaml for node /behaviors/HRM_right_index_tap_v1B_TKZ.
2026-02-23T06:01:42.2404455Z 'label' is marked as deprecated in 'properties:' in /build/source/app/dts/bindings/behaviors/zmk,behavior-macro-one-param.yaml for node /behaviors/HRM_right_middy_hold_v1B_TKZ.
2026-02-23T06:01:42.2406159Z 'label' is marked as deprecated in 'properties:' in /build/source/app/dts/bindings/behaviors/zmk,behavior-macro-one-param.yaml for node /behaviors/HRM_right_middy_tap_v1B_TKZ.
2026-02-23T06:01:42.2408062Z 'label' is marked as deprecated in 'properties:' in /build/source/app/dts/bindings/behaviors/zmk,behavior-macro-one-param.yaml for node /behaviors/HRM_right_pinky_hold_v1B_TKZ.
2026-02-23T06:01:42.2409836Z 'label' is marked as deprecated in 'properties:' in /build/source/app/dts/bindings/behaviors/zmk,behavior-macro-one-param.yaml for node /behaviors/HRM_right_pinky_tap_v1B_TKZ.
2026-02-23T06:01:42.2411921Z 'label' is marked as deprecated in 'properties:' in /build/source/app/dts/bindings/behaviors/zmk,behavior-macro-one-param.yaml for node /behaviors/HRM_right_ring_hold_v1B_TKZ.
2026-02-23T06:01:42.2413852Z 'label' is marked as deprecated in 'properties:' in /build/source/app/dts/bindings/behaviors/zmk,behavior-macro-one-param.yaml for node /behaviors/HRM_right_ring_tap_v1B_TKZ.
2026-02-23T06:01:42.2416016Z devicetree error: value of property '#binding-cells' on /behaviors/tab_hyper in /build/source/app/build/zephyr/zephyr.dts.pre (1) is different from the 'const' value specified in /build/source/app/dts/bindings/behaviors/zmk,behavior-hold-tap.yaml (2)
2026-02-23T06:01:42.3202892Z error: builder for '/nix/store/izvfmaiadxs2p2k6j498i98dqbr5ixsb-zmk_go60_lh.drv' failed with exit code 1;
2026-02-23T06:01:42.3203796Z        last 10 log lines:
2026-02-23T06:01:42.3204651Z        > CMake Error at /nix/store/pz26iwsn417j90xs7y7cwbsjnk7b1riv-zephyr/zephyr/cmake/modules/dts.cmake:279 (message):
2026-02-23T06:01:42.3205589Z        >   gen_defines.py failed with return code: 1
2026-02-23T06:01:42.3206084Z        > Call Stack (most recent call first):
2026-02-23T06:01:42.3206960Z        >   /nix/store/pz26iwsn417j90xs7y7cwbsjnk7b1riv-zephyr/zephyr/cmake/modules/zephyr_default.cmake:129 (include)
2026-02-23T06:01:42.3208351Z        >   /nix/store/pz26iwsn417j90xs7y7cwbsjnk7b1riv-zephyr/zephyr/share/zephyr-package/cmake/ZephyrConfig.cmake:66 (include)
2026-02-23T06:01:42.3209871Z        >   /nix/store/pz26iwsn417j90xs7y7cwbsjnk7b1riv-zephyr/zephyr/share/zephyr-package/cmake/ZephyrConfig.cmake:97 (include_boilerplate)
2026-02-23T06:01:42.3210901Z        >   CMakeLists.txt:9 (find_package)
2026-02-23T06:01:42.3211527Z        >
2026-02-23T06:01:42.3211785Z        > 
2026-02-23T06:01:42.3212165Z        > -- Configuring incomplete, errors occurred!
2026-02-23T06:01:42.3212923Z        For full logs, run 'nix log /nix/store/izvfmaiadxs2p2k6j498i98dqbr5ixsb-zmk_go60_lh.drv'.
2026-02-23T06:01:42.4242970Z error: 1 dependencies of derivation '/nix/store/g7dnxm1lv6djfnginqzy2vd6zi8dvf8r-combined_zmk_go60_lh_zmk_go60_rh.drv' failed to build
2026-02-23T06:01:42.4359740Z ##[error]Process completed with exit code 1.
2026-02-23T06:01:42.4429167Z Post job cleanup.
2026-02-23T06:01:42.4861947Z ##[group]Cachix: push
2026-02-23T06:01:42.4863639Z Pushing is disabled as skipPush is set to true
2026-02-23T06:01:42.4864340Z ##[endgroup]
2026-02-23T06:01:42.4958718Z Post job cleanup.
2026-02-23T06:01:42.5900447Z [command]/usr/bin/git version
2026-02-23T06:01:42.5936919Z git version 2.52.0
2026-02-23T06:01:42.5979709Z Temporarily overriding HOME='/home/runner/work/_temp/b3144b29-1fae-4c7b-885b-d30f858bcacc' before making global git config changes
2026-02-23T06:01:42.5980846Z Adding repository directory to the temporary git global config as a safe directory
2026-02-23T06:01:42.5992246Z [command]/usr/bin/git config --global --add safe.directory /home/runner/work/zmk-multi-keyboard-build/zmk-multi-keyboard-build/src
2026-02-23T06:01:42.6027043Z [command]/usr/bin/git config --local --name-only --get-regexp core\.sshCommand
2026-02-23T06:01:42.6058527Z [command]/usr/bin/git submodule foreach --recursive sh -c "git config --local --name-only --get-regexp 'core\.sshCommand' && git config --local --unset-all 'core.sshCommand' || :"
2026-02-23T06:01:42.6290202Z [command]/usr/bin/git config --local --name-only --get-regexp http\.https\:\/\/github\.com\/\.extraheader
2026-02-23T06:01:42.6311458Z http.https://github.com/.extraheader
2026-02-23T06:01:42.6324031Z [command]/usr/bin/git config --local --unset-all http.https://github.com/.extraheader
2026-02-23T06:01:42.6354850Z [command]/usr/bin/git submodule foreach --recursive sh -c "git config --local --name-only --get-regexp 'http\.https\:\/\/github\.com\/\.extraheader' && git config --local --unset-all 'http.https://github.com/.extraheader' || :"
2026-02-23T06:01:42.6584230Z [command]/usr/bin/git config --local --name-only --get-regexp ^includeIf\.gitdir:
2026-02-23T06:01:42.6616014Z [command]/usr/bin/git submodule foreach --recursive git config --local --show-origin --name-only --get-regexp remote.origin.url
2026-02-23T06:01:42.7024013Z Post job cleanup.
2026-02-23T06:01:42.7983112Z [command]/usr/bin/git version
2026-02-23T06:01:42.8020932Z git version 2.52.0
2026-02-23T06:01:42.8064009Z Temporarily overriding HOME='/home/runner/work/_temp/fda5ab48-e054-4ea0-ab15-1d945474c9b6' before making global git config changes
2026-02-23T06:01:42.8065217Z Adding repository directory to the temporary git global config as a safe directory
2026-02-23T06:01:42.8069832Z [command]/usr/bin/git config --global --add safe.directory /home/runner/work/zmk-multi-keyboard-build/zmk-multi-keyboard-build
2026-02-23T06:01:42.8113938Z [command]/usr/bin/git config --local --name-only --get-regexp core\.sshCommand
2026-02-23T06:01:42.8146374Z [command]/usr/bin/git submodule foreach --recursive sh -c "git config --local --name-only --get-regexp 'core\.sshCommand' && git config --local --unset-all 'core.sshCommand' || :"
2026-02-23T06:01:42.8373463Z [command]/usr/bin/git config --local --name-only --get-regexp http\.https\:\/\/github\.com\/\.extraheader
2026-02-23T06:01:42.8395357Z http.https://github.com/.extraheader
2026-02-23T06:01:42.8408075Z [command]/usr/bin/git config --local --unset-all http.https://github.com/.extraheader
2026-02-23T06:01:42.8440614Z [command]/usr/bin/git submodule foreach --recursive sh -c "git config --local --name-only --get-regexp 'http\.https\:\/\/github\.com\/\.extraheader' && git config --local --unset-all 'http.https://github.com/.extraheader' || :"
2026-02-23T06:01:42.8664322Z [command]/usr/bin/git config --local --name-only --get-regexp ^includeIf\.gitdir:
2026-02-23T06:01:42.8695923Z [command]/usr/bin/git submodule foreach --recursive git config --local --show-origin --name-only --get-regexp remote.origin.url
2026-02-23T06:01:42.9039393Z Cleaning up orphan processes
