2026-02-21T22:42:16.8100293Z Current runner version: '2.331.0'
2026-02-21T22:42:16.8123303Z ##[group]Runner Image Provisioner
2026-02-21T22:42:16.8124277Z Hosted Compute Agent
2026-02-21T22:42:16.8125003Z Version: 20260123.484
2026-02-21T22:42:16.8125569Z Commit: 6bd6555ca37d84114959e1c76d2c01448ff61c5d
2026-02-21T22:42:16.8126340Z Build Date: 2026-01-23T19:41:17Z
2026-02-21T22:42:16.8126976Z Worker ID: {d585cc1d-6175-4bcb-b62d-bdbbb2671b0f}
2026-02-21T22:42:16.8127703Z Azure Region: westus3
2026-02-21T22:42:16.8128266Z ##[endgroup]
2026-02-21T22:42:16.8129682Z ##[group]Operating System
2026-02-21T22:42:16.8130285Z Ubuntu
2026-02-21T22:42:16.8130792Z 24.04.3
2026-02-21T22:42:16.8131272Z LTS
2026-02-21T22:42:16.8131744Z ##[endgroup]
2026-02-21T22:42:16.8132304Z ##[group]Runner Image
2026-02-21T22:42:16.8132848Z Image: ubuntu-24.04
2026-02-21T22:42:16.8133378Z Version: 20260201.15.1
2026-02-21T22:42:16.8134930Z Included Software: https://github.com/actions/runner-images/blob/ubuntu24/20260201.15/images/ubuntu/Ubuntu2404-Readme.md
2026-02-21T22:42:16.8136481Z Image Release: https://github.com/actions/runner-images/releases/tag/ubuntu24%2F20260201.15
2026-02-21T22:42:16.8137429Z ##[endgroup]
2026-02-21T22:42:16.8138511Z ##[group]GITHUB_TOKEN Permissions
2026-02-21T22:42:16.8140531Z Contents: read
2026-02-21T22:42:16.8141175Z Metadata: read
2026-02-21T22:42:16.8141698Z Packages: read
2026-02-21T22:42:16.8142182Z ##[endgroup]
2026-02-21T22:42:16.8144288Z Secret source: Actions
2026-02-21T22:42:16.8145314Z Prepare workflow directory
2026-02-21T22:42:16.8455273Z Prepare all required actions
2026-02-21T22:42:16.8494923Z Getting action download info
2026-02-21T22:42:17.3535962Z Download action repository 'actions/checkout@v4' (SHA:34e114876b0b11c390a56381ad16ebd13914f8d5)
2026-02-21T22:42:17.4487131Z Download action repository 'cachix/install-nix-action@v25' (SHA:6004951b182f8860210c8d6f0d808ec5b1a33d28)
2026-02-21T22:42:18.0125278Z Download action repository 'cachix/cachix-action@v14' (SHA:18cf96c7c98e048e10a83abd92116114cd8504be)
2026-02-21T22:42:18.6471587Z Download action repository 'actions/upload-artifact@v4' (SHA:ea165f8d65b6e75b540449e92b4886f43607fa02)
2026-02-21T22:42:18.9093876Z Complete job name: Build Go60
2026-02-21T22:42:18.9881987Z ##[group]Run actions/checkout@v4
2026-02-21T22:42:18.9883299Z with:
2026-02-21T22:42:18.9884264Z   repository: nothingfortune/zmk-custom-functions-lib
2026-02-21T22:42:18.9886016Z   token: ***
2026-02-21T22:42:18.9886778Z   ssh-strict: true
2026-02-21T22:42:18.9887541Z   ssh-user: git
2026-02-21T22:42:18.9888278Z   persist-credentials: true
2026-02-21T22:42:18.9889100Z   clean: true
2026-02-21T22:42:18.9889829Z   sparse-checkout-cone-mode: true
2026-02-21T22:42:18.9890762Z   fetch-depth: 1
2026-02-21T22:42:18.9891528Z   fetch-tags: false
2026-02-21T22:42:18.9892315Z   show-progress: true
2026-02-21T22:42:18.9893117Z   lfs: false
2026-02-21T22:42:18.9893867Z   submodules: false
2026-02-21T22:42:18.9894774Z   set-safe-directory: true
2026-02-21T22:42:18.9895950Z ##[endgroup]
2026-02-21T22:42:19.0963047Z Syncing repository: nothingfortune/zmk-custom-functions-lib
2026-02-21T22:42:19.0966512Z ##[group]Getting Git version info
2026-02-21T22:42:19.0968794Z Working directory is '/home/runner/work/zmk-custom-functions-lib/zmk-custom-functions-lib'
2026-02-21T22:42:19.0971425Z [command]/usr/bin/git version
2026-02-21T22:42:19.1017676Z git version 2.52.0
2026-02-21T22:42:19.1043380Z ##[endgroup]
2026-02-21T22:42:19.1057796Z Temporarily overriding HOME='/home/runner/work/_temp/eda12679-10ad-4971-9542-221c4d97b49e' before making global git config changes
2026-02-21T22:42:19.1060469Z Adding repository directory to the temporary git global config as a safe directory
2026-02-21T22:42:19.1069858Z [command]/usr/bin/git config --global --add safe.directory /home/runner/work/zmk-custom-functions-lib/zmk-custom-functions-lib
2026-02-21T22:42:19.1105443Z Deleting the contents of '/home/runner/work/zmk-custom-functions-lib/zmk-custom-functions-lib'
2026-02-21T22:42:19.1108470Z ##[group]Initializing the repository
2026-02-21T22:42:19.1112775Z [command]/usr/bin/git init /home/runner/work/zmk-custom-functions-lib/zmk-custom-functions-lib
2026-02-21T22:42:19.1214469Z hint: Using 'master' as the name for the initial branch. This default branch name
2026-02-21T22:42:19.1216678Z hint: will change to "main" in Git 3.0. To configure the initial branch name
2026-02-21T22:42:19.1219067Z hint: to use in all of your new repositories, which will suppress this warning,
2026-02-21T22:42:19.1220488Z hint: call:
2026-02-21T22:42:19.1221311Z hint:
2026-02-21T22:42:19.1222210Z hint: 	git config --global init.defaultBranch <name>
2026-02-21T22:42:19.1223558Z hint:
2026-02-21T22:42:19.1224830Z hint: Names commonly chosen instead of 'master' are 'main', 'trunk' and
2026-02-21T22:42:19.1226794Z hint: 'development'. The just-created branch can be renamed via this command:
2026-02-21T22:42:19.1228493Z hint:
2026-02-21T22:42:19.1229261Z hint: 	git branch -m <name>
2026-02-21T22:42:19.1230116Z hint:
2026-02-21T22:42:19.1231271Z hint: Disable this message with "git config set advice.defaultBranchName false"
2026-02-21T22:42:19.1233636Z Initialized empty Git repository in /home/runner/work/zmk-custom-functions-lib/zmk-custom-functions-lib/.git/
2026-02-21T22:42:19.1237391Z [command]/usr/bin/git remote add origin https://github.com/nothingfortune/zmk-custom-functions-lib
2026-02-21T22:42:19.1262782Z ##[endgroup]
2026-02-21T22:42:19.1264143Z ##[group]Disabling automatic garbage collection
2026-02-21T22:42:19.1266488Z [command]/usr/bin/git config --local gc.auto 0
2026-02-21T22:42:19.1294104Z ##[endgroup]
2026-02-21T22:42:19.1295732Z ##[group]Setting up auth
2026-02-21T22:42:19.1300342Z [command]/usr/bin/git config --local --name-only --get-regexp core\.sshCommand
2026-02-21T22:42:19.1330192Z [command]/usr/bin/git submodule foreach --recursive sh -c "git config --local --name-only --get-regexp 'core\.sshCommand' && git config --local --unset-all 'core.sshCommand' || :"
2026-02-21T22:42:19.1637318Z [command]/usr/bin/git config --local --name-only --get-regexp http\.https\:\/\/github\.com\/\.extraheader
2026-02-21T22:42:19.1666079Z [command]/usr/bin/git submodule foreach --recursive sh -c "git config --local --name-only --get-regexp 'http\.https\:\/\/github\.com\/\.extraheader' && git config --local --unset-all 'http.https://github.com/.extraheader' || :"
2026-02-21T22:42:19.1880818Z [command]/usr/bin/git config --local --name-only --get-regexp ^includeIf\.gitdir:
2026-02-21T22:42:19.1912876Z [command]/usr/bin/git submodule foreach --recursive git config --local --show-origin --name-only --get-regexp remote.origin.url
2026-02-21T22:42:19.2137742Z [command]/usr/bin/git config --local http.https://github.com/.extraheader AUTHORIZATION: basic ***
2026-02-21T22:42:19.2171500Z ##[endgroup]
2026-02-21T22:42:19.2173900Z ##[group]Fetching the repository
2026-02-21T22:42:19.2182919Z [command]/usr/bin/git -c protocol.version=2 fetch --no-tags --prune --no-recurse-submodules --depth=1 origin +36a779d76fd5db290dc732bcbe6856e785d4ce71:refs/remotes/origin/main
2026-02-21T22:42:19.6158234Z From https://github.com/nothingfortune/zmk-custom-functions-lib
2026-02-21T22:42:19.6162665Z  * [new ref]         36a779d76fd5db290dc732bcbe6856e785d4ce71 -> origin/main
2026-02-21T22:42:19.6191267Z ##[endgroup]
2026-02-21T22:42:19.6193472Z ##[group]Determining the checkout info
2026-02-21T22:42:19.6196145Z ##[endgroup]
2026-02-21T22:42:19.6198914Z [command]/usr/bin/git sparse-checkout disable
2026-02-21T22:42:19.6242960Z [command]/usr/bin/git config --local --unset-all extensions.worktreeConfig
2026-02-21T22:42:19.6272344Z ##[group]Checking out the ref
2026-02-21T22:42:19.6275087Z [command]/usr/bin/git checkout --progress --force -B main refs/remotes/origin/main
2026-02-21T22:42:19.6364391Z Switched to a new branch 'main'
2026-02-21T22:42:19.6368306Z branch 'main' set up to track 'origin/main'.
2026-02-21T22:42:19.6376188Z ##[endgroup]
2026-02-21T22:42:19.6410987Z [command]/usr/bin/git log -1 --format=%H
2026-02-21T22:42:19.6433603Z 36a779d76fd5db290dc732bcbe6856e785d4ce71
2026-02-21T22:42:19.6743385Z ##[group]Run actions/checkout@v4
2026-02-21T22:42:19.6744372Z with:
2026-02-21T22:42:19.6745279Z   repository: moergo-sc/zmk
2026-02-21T22:42:19.6746006Z   ref: main
2026-02-21T22:42:19.6746580Z   path: src
2026-02-21T22:42:19.6747395Z   token: ***
2026-02-21T22:42:19.6747996Z   ssh-strict: true
2026-02-21T22:42:19.6748637Z   ssh-user: git
2026-02-21T22:42:19.6749296Z   persist-credentials: true
2026-02-21T22:42:19.6750048Z   clean: true
2026-02-21T22:42:19.6750712Z   sparse-checkout-cone-mode: true
2026-02-21T22:42:19.6751528Z   fetch-depth: 1
2026-02-21T22:42:19.6752157Z   fetch-tags: false
2026-02-21T22:42:19.6752814Z   show-progress: true
2026-02-21T22:42:19.6753470Z   lfs: false
2026-02-21T22:42:19.6754066Z   submodules: false
2026-02-21T22:42:19.6754853Z   set-safe-directory: true
2026-02-21T22:42:19.6755577Z ##[endgroup]
2026-02-21T22:42:19.7681427Z Syncing repository: moergo-sc/zmk
2026-02-21T22:42:19.7688107Z ##[group]Getting Git version info
2026-02-21T22:42:19.7689814Z Working directory is '/home/runner/work/zmk-custom-functions-lib/zmk-custom-functions-lib/src'
2026-02-21T22:42:19.7729311Z [command]/usr/bin/git version
2026-02-21T22:42:19.7763774Z git version 2.52.0
2026-02-21T22:42:19.7789494Z ##[endgroup]
2026-02-21T22:42:19.7807930Z Temporarily overriding HOME='/home/runner/work/_temp/ecb69c5f-1485-42f9-8143-e2762548a766' before making global git config changes
2026-02-21T22:42:19.7810774Z Adding repository directory to the temporary git global config as a safe directory
2026-02-21T22:42:19.7814287Z [command]/usr/bin/git config --global --add safe.directory /home/runner/work/zmk-custom-functions-lib/zmk-custom-functions-lib/src
2026-02-21T22:42:19.7851199Z ##[group]Initializing the repository
2026-02-21T22:42:19.7857758Z [command]/usr/bin/git init /home/runner/work/zmk-custom-functions-lib/zmk-custom-functions-lib/src
2026-02-21T22:42:19.7896857Z hint: Using 'master' as the name for the initial branch. This default branch name
2026-02-21T22:42:19.7901264Z hint: will change to "main" in Git 3.0. To configure the initial branch name
2026-02-21T22:42:19.7904189Z hint: to use in all of your new repositories, which will suppress this warning,
2026-02-21T22:42:19.7906617Z hint: call:
2026-02-21T22:42:19.7907615Z hint:
2026-02-21T22:42:19.7908924Z hint: 	git config --global init.defaultBranch <name>
2026-02-21T22:42:19.7910669Z hint:
2026-02-21T22:42:19.7912260Z hint: Names commonly chosen instead of 'master' are 'main', 'trunk' and
2026-02-21T22:42:19.7914269Z hint: 'development'. The just-created branch can be renamed via this command:
2026-02-21T22:42:19.7977450Z hint:
2026-02-21T22:42:19.7978623Z hint: 	git branch -m <name>
2026-02-21T22:42:19.7979824Z hint:
2026-02-21T22:42:19.7981085Z hint: Disable this message with "git config set advice.defaultBranchName false"
2026-02-21T22:42:19.7983710Z Initialized empty Git repository in /home/runner/work/zmk-custom-functions-lib/zmk-custom-functions-lib/src/.git/
2026-02-21T22:42:19.7987069Z [command]/usr/bin/git remote add origin https://github.com/moergo-sc/zmk
2026-02-21T22:42:19.7989560Z ##[endgroup]
2026-02-21T22:42:19.7990697Z ##[group]Disabling automatic garbage collection
2026-02-21T22:42:19.7991768Z [command]/usr/bin/git config --local gc.auto 0
2026-02-21T22:42:19.7993952Z ##[endgroup]
2026-02-21T22:42:19.7995296Z ##[group]Setting up auth
2026-02-21T22:42:19.7996449Z [command]/usr/bin/git config --local --name-only --get-regexp core\.sshCommand
2026-02-21T22:42:19.8013634Z [command]/usr/bin/git submodule foreach --recursive sh -c "git config --local --name-only --get-regexp 'core\.sshCommand' && git config --local --unset-all 'core.sshCommand' || :"
2026-02-21T22:42:19.8229792Z [command]/usr/bin/git config --local --name-only --get-regexp http\.https\:\/\/github\.com\/\.extraheader
2026-02-21T22:42:19.8258011Z [command]/usr/bin/git submodule foreach --recursive sh -c "git config --local --name-only --get-regexp 'http\.https\:\/\/github\.com\/\.extraheader' && git config --local --unset-all 'http.https://github.com/.extraheader' || :"
2026-02-21T22:42:19.8472411Z [command]/usr/bin/git config --local --name-only --get-regexp ^includeIf\.gitdir:
2026-02-21T22:42:19.8504943Z [command]/usr/bin/git submodule foreach --recursive git config --local --show-origin --name-only --get-regexp remote.origin.url
2026-02-21T22:42:19.8729381Z [command]/usr/bin/git config --local http.https://github.com/.extraheader AUTHORIZATION: basic ***
2026-02-21T22:42:19.8764794Z ##[endgroup]
2026-02-21T22:42:19.8766784Z ##[group]Fetching the repository
2026-02-21T22:42:19.8775475Z [command]/usr/bin/git -c protocol.version=2 fetch --no-tags --prune --no-recurse-submodules --depth=1 origin +refs/heads/main*:refs/remotes/origin/main* +refs/tags/main*:refs/tags/main*
2026-02-21T22:42:20.9438004Z From https://github.com/moergo-sc/zmk
2026-02-21T22:42:20.9438677Z  * [new branch]      main       -> origin/main
2026-02-21T22:42:20.9466361Z ##[endgroup]
2026-02-21T22:42:20.9466912Z ##[group]Determining the checkout info
2026-02-21T22:42:20.9474108Z [command]/usr/bin/git branch --list --remote origin/main
2026-02-21T22:42:20.9496696Z   origin/main
2026-02-21T22:42:20.9501444Z ##[endgroup]
2026-02-21T22:42:20.9506220Z [command]/usr/bin/git sparse-checkout disable
2026-02-21T22:42:20.9539566Z [command]/usr/bin/git config --local --unset-all extensions.worktreeConfig
2026-02-21T22:42:20.9564304Z ##[group]Checking out the ref
2026-02-21T22:42:20.9568639Z [command]/usr/bin/git checkout --progress --force -B main refs/remotes/origin/main
2026-02-21T22:42:21.0916041Z Switched to a new branch 'main'
2026-02-21T22:42:21.0918425Z branch 'main' set up to track 'origin/main'.
2026-02-21T22:42:21.0927340Z ##[endgroup]
2026-02-21T22:42:21.0963715Z [command]/usr/bin/git log -1 --format=%H
2026-02-21T22:42:21.0985753Z 11454d23596afbdb06380a1125371b19ab65675c
2026-02-21T22:42:21.1145472Z ##[group]Run cachix/install-nix-action@v25
2026-02-21T22:42:21.1145787Z with:
2026-02-21T22:42:21.1145994Z   nix_path: nixpkgs=channel:nixos-22.05
2026-02-21T22:42:21.1146255Z   enable_kvm: true
2026-02-21T22:42:21.1146444Z ##[endgroup]
2026-02-21T22:42:21.1232194Z ##[group]Run ${GITHUB_ACTION_PATH}/install-nix.sh
2026-02-21T22:42:21.1232602Z [36;1m${GITHUB_ACTION_PATH}/install-nix.sh[0m
2026-02-21T22:42:21.1267347Z shell: /usr/bin/bash --noprofile --norc -e -o pipefail {0}
2026-02-21T22:42:21.1267683Z env:
2026-02-21T22:42:21.1267871Z   INPUT_EXTRA_NIX_CONFIG: 
2026-02-21T22:42:21.1268108Z   INPUT_GITHUB_ACCESS_TOKEN: 
2026-02-21T22:42:21.1268337Z   INPUT_INSTALL_OPTIONS: 
2026-02-21T22:42:21.1268553Z   INPUT_INSTALL_URL: 
2026-02-21T22:42:21.1268800Z   INPUT_NIX_PATH: nixpkgs=channel:nixos-22.05
2026-02-21T22:42:21.1269111Z   INPUT_ENABLE_KVM: true
2026-02-21T22:42:21.1269546Z   GITHUB_TOKEN: ***
2026-02-21T22:42:21.1269748Z ##[endgroup]
2026-02-21T22:42:21.1366559Z ##[group]Enabling KVM support
2026-02-21T22:42:21.1432056Z KERNEL=="kvm", GROUP="kvm", MODE="0666", OPTIONS+="static_node=kvm"
2026-02-21T22:42:21.1741935Z Enabled KVM
2026-02-21T22:42:21.1742624Z ##[endgroup]
2026-02-21T22:42:21.1743170Z ##[group]Installing Nix
2026-02-21T22:42:21.2024993Z installer options: --no-channel-add --darwin-use-unencrypted-nix-store-volume --nix-extra-conf-file /tmp/tmp.R46wrzt2vh/nix.conf --daemon --daemon-user-count 8
2026-02-21T22:42:21.4002498Z * Host releases.nixos.org:443 was resolved.
2026-02-21T22:42:21.4007046Z * IPv6: 2a04:4e42:87::347
2026-02-21T22:42:21.4007469Z * IPv4: 146.75.93.91
2026-02-21T22:42:21.4007833Z *   Trying 146.75.93.91:443...
2026-02-21T22:42:21.4100956Z * Connected to releases.nixos.org (146.75.93.91) port 443
2026-02-21T22:42:21.4116883Z * ALPN: curl offers h2,http/1.1
2026-02-21T22:42:21.4118089Z } [5 bytes data]
2026-02-21T22:42:21.4118490Z * TLSv1.3 (OUT), TLS handshake, Client hello (1):
2026-02-21T22:42:21.4118977Z } [512 bytes data]
2026-02-21T22:42:21.4333429Z *  CAfile: /etc/ssl/certs/ca-certificates.crt
2026-02-21T22:42:21.4333930Z *  CApath: /etc/ssl/certs
2026-02-21T22:42:21.4334294Z { [5 bytes data]
2026-02-21T22:42:21.4334786Z * TLSv1.3 (IN), TLS handshake, Server hello (2):
2026-02-21T22:42:21.4335142Z { [122 bytes data]
2026-02-21T22:42:21.4335879Z * TLSv1.3 (IN), TLS handshake, Encrypted Extensions (8):
2026-02-21T22:42:21.4336378Z { [19 bytes data]
2026-02-21T22:42:21.4336758Z * TLSv1.3 (IN), TLS handshake, Certificate (11):
2026-02-21T22:42:21.4337241Z { [2602 bytes data]
2026-02-21T22:42:21.4343157Z * TLSv1.3 (IN), TLS handshake, CERT verify (15):
2026-02-21T22:42:21.4343662Z { [264 bytes data]
2026-02-21T22:42:21.4344041Z * TLSv1.3 (IN), TLS handshake, Finished (20):
2026-02-21T22:42:21.4344649Z { [36 bytes data]
2026-02-21T22:42:21.4345098Z * TLSv1.3 (OUT), TLS change cipher, Change cipher spec (1):
2026-02-21T22:42:21.4345609Z } [1 bytes data]
2026-02-21T22:42:21.4345980Z * TLSv1.3 (OUT), TLS handshake, Finished (20):
2026-02-21T22:42:21.4346452Z } [36 bytes data]
2026-02-21T22:42:21.4346985Z * SSL connection using TLSv1.3 / TLS_AES_128_GCM_SHA256 / X25519 / RSASSA-PSS
2026-02-21T22:42:21.4347619Z * ALPN: server accepted h2
2026-02-21T22:42:21.4347996Z * Server certificate:
2026-02-21T22:42:21.4348390Z *  subject: CN=releases.nixos.org
2026-02-21T22:42:21.4348814Z *  start date: Jan 13 01:58:01 2026 GMT
2026-02-21T22:42:21.4349234Z *  expire date: Apr 13 01:58:00 2026 GMT
2026-02-21T22:42:21.4349910Z *  subjectAltName: host "releases.nixos.org" matched cert's "releases.nixos.org"
2026-02-21T22:42:21.4350588Z *  issuer: C=US; O=Let's Encrypt; CN=R12
2026-02-21T22:42:21.4351032Z *  SSL certificate verify ok.
2026-02-21T22:42:21.4351498Z *   Certificate level 0: Public key type RSA (2048/112 Bits/secBits), signed using sha256WithRSAEncryption
2026-02-21T22:42:21.4352172Z *   Certificate level 1: Public key type RSA (2048/112 Bits/secBits), signed using sha256WithRSAEncryption
2026-02-21T22:42:21.4353086Z *   Certificate level 2: Public key type RSA (4096/152 Bits/secBits), signed using sha256WithRSAEncryption
2026-02-21T22:42:21.4353560Z { [5 bytes data]
2026-02-21T22:42:21.4353811Z * TLSv1.3 (IN), TLS handshake, Newsession Ticket (4):
2026-02-21T22:42:21.4354095Z { [201 bytes data]
2026-02-21T22:42:21.4354281Z * using HTTP/2
2026-02-21T22:42:21.4354844Z * [HTTP/2] [1] OPENED stream for https://releases.nixos.org/nix/nix-2.19.2/install
2026-02-21T22:42:21.4355258Z * [HTTP/2] [1] [:method: GET]
2026-02-21T22:42:21.4355493Z * [HTTP/2] [1] [:scheme: https]
2026-02-21T22:42:21.4355751Z * [HTTP/2] [1] [:authority: releases.nixos.org]
2026-02-21T22:42:21.4356051Z * [HTTP/2] [1] [:path: /nix/nix-2.19.2/install]
2026-02-21T22:42:21.4356322Z * [HTTP/2] [1] [user-agent: curl/8.5.0]
2026-02-21T22:42:21.4356574Z * [HTTP/2] [1] [accept: */*]
2026-02-21T22:42:21.4356784Z } [5 bytes data]
2026-02-21T22:42:21.4356990Z > GET /nix/nix-2.19.2/install HTTP/2
2026-02-21T22:42:21.4357243Z > Host: releases.nixos.org
2026-02-21T22:42:21.4357467Z > User-Agent: curl/8.5.0
2026-02-21T22:42:21.4357686Z > Accept: */*
2026-02-21T22:42:21.4357857Z > 
2026-02-21T22:42:21.4442423Z { [5 bytes data]
2026-02-21T22:42:21.4457203Z < HTTP/2 200 
2026-02-21T22:42:21.4457593Z < last-modified: Wed, 29 Nov 2023 16:16:25 GMT
2026-02-21T22:42:21.4458071Z < etag: "65029e6468c72d36dcb083ab91c4a430"
2026-02-21T22:42:21.4458546Z < x-amz-server-side-encryption: AES256
2026-02-21T22:42:21.4459010Z < content-type: text/plain
2026-02-21T22:42:21.4459367Z < server: AmazonS3
2026-02-21T22:42:21.4459683Z < via: 1.1 varnish, 1.1 varnish
2026-02-21T22:42:21.4460086Z < access-control-allow-origin: *
2026-02-21T22:42:21.4460488Z < accept-ranges: bytes
2026-02-21T22:42:21.4460806Z < age: 142596
2026-02-21T22:42:21.4461114Z < date: Sat, 21 Feb 2026 22:42:21 GMT
2026-02-21T22:42:21.4461586Z < x-served-by: cache-dub4395-DUB, cache-bur-kbur8200036-BUR
2026-02-21T22:42:21.4461916Z < x-cache: HIT, HIT
2026-02-21T22:42:21.4462107Z < x-cache-hits: 130, 0
2026-02-21T22:42:21.4462340Z < content-length: 4052
2026-02-21T22:42:21.4462585Z < 
2026-02-21T22:42:21.4462740Z { [4052 bytes data]
2026-02-21T22:42:21.4462988Z * Connection #0 to host releases.nixos.org left intact
2026-02-21T22:42:21.4525759Z downloading Nix 2.19.2 binary tarball for x86_64-linux from 'https://releases.nixos.org/nix/nix-2.19.2/nix-2.19.2-x86_64-linux.tar.xz' to '/tmp/nix-binary-tarball-unpack.MAUgTWaQwr'...
2026-02-21T22:42:21.4572288Z   % Total    % Received % Xferd  Average Speed   Time    Time     Time  Current
2026-02-21T22:42:21.4573090Z                                  Dload  Upload   Total   Spent    Left  Speed
2026-02-21T22:42:21.4573486Z 
2026-02-21T22:42:21.6049079Z   0     0    0     0    0     0      0      0 --:--:-- --:--:-- --:--:--     0
2026-02-21T22:42:21.6049756Z 100 20.6M  100 20.6M    0     0   139M      0 --:--:-- --:--:-- --:--:--  140M
2026-02-21T22:42:23.0436828Z Note: a multi-user installation is possible. See https://nixos.org/manual/nix/stable/installation/installing-binary.html#multi-user-installation
2026-02-21T22:42:23.0444936Z Warning: the flag --darwin-use-unencrypted-nix-store-volume
2026-02-21T22:42:23.0445594Z          is no longer needed and will be removed in the future.
2026-02-21T22:42:23.0445847Z 
2026-02-21T22:42:23.0455408Z [1;31mSwitching to the Multi-user Installer[0m
2026-02-21T22:42:23.0550297Z [32mWelcome to the Multi-User Nix Installation
2026-02-21T22:42:23.0559956Z [0m
2026-02-21T22:42:23.0560304Z This installation tool will set up your computer with the Nix package
2026-02-21T22:42:23.0560685Z manager. This will happen in a few stages:
2026-02-21T22:42:23.0560869Z 
2026-02-21T22:42:23.0561024Z 1. Make sure your computer doesn't already have Nix. If it does, I
2026-02-21T22:42:23.0561407Z    will show you instructions on how to clean up your old install.
2026-02-21T22:42:23.0561646Z 
2026-02-21T22:42:23.0561856Z 2. Show you what I am going to install and where. Then I will ask
2026-02-21T22:42:23.0562351Z    if you are ready to continue.
2026-02-21T22:42:23.0562503Z 
2026-02-21T22:42:23.0563074Z 3. Create the system users [34m(uids [30001..30008])[0m and groups [34m(gid 30000)[0m
2026-02-21T22:42:23.0563474Z    that the Nix daemon uses to run builds.
2026-02-21T22:42:23.0563641Z 
2026-02-21T22:42:23.0563780Z 4. Perform the basic installation of the Nix files daemon.
2026-02-21T22:42:23.0564012Z 
2026-02-21T22:42:23.0564173Z 5. Configure your shell to import special Nix Profile files, so you
2026-02-21T22:42:23.0564486Z    can use Nix.
2026-02-21T22:42:23.0564776Z 
2026-02-21T22:42:23.0564853Z 6. Start the Nix daemon.
2026-02-21T22:42:23.0564988Z 
2026-02-21T22:42:23.0565232Z [32m[4;32mWould you like to see a more detailed list of what I will do?
2026-02-21T22:42:23.0565616Z [0mNo TTY, assuming you would say yes :)
2026-02-21T22:42:23.0571881Z 
2026-02-21T22:42:23.0572000Z I will:
2026-02-21T22:42:23.0572151Z 
2026-02-21T22:42:23.0572305Z  - make sure your computer doesn't already have Nix files
2026-02-21T22:42:23.0572639Z    (if it does, I will tell you how to clean them up.)
2026-02-21T22:42:23.0572991Z  - create local users (see the list above for the users I'll make)
2026-02-21T22:42:23.0573306Z  - create a local group (nixbld)
2026-02-21T22:42:23.0573527Z  - install Nix in to /nix
2026-02-21T22:42:23.0573744Z  - create a configuration file in /etc/nix
2026-02-21T22:42:23.0574080Z  - set up the "default profile" by creating some Nix-related files in
2026-02-21T22:42:23.0574384Z    /root
2026-02-21T22:42:23.0646504Z  - back up /etc/bash.bashrc to /etc/bash.bashrc.backup-before-nix
2026-02-21T22:42:23.0647169Z  - update /etc/bash.bashrc to include some Nix configuration
2026-02-21T22:42:23.0657436Z  - load and start a service (at /etc/systemd/system/nix-daemon.service
2026-02-21T22:42:23.0657905Z    and /etc/systemd/system/nix-daemon.socket) for nix-daemon
2026-02-21T22:42:23.0658141Z 
2026-02-21T22:42:23.0659932Z [32m[4;32mReady to continue?
2026-02-21T22:42:23.0660444Z [0mNo TTY, assuming you would say yes :)
2026-02-21T22:42:23.0677784Z 
2026-02-21T22:42:23.0678309Z [34m---- let's talk about sudo -----------------------------------------------------
2026-02-21T22:42:23.0687928Z [0mThis script is going to call sudo a lot. Normally, it would show you
2026-02-21T22:42:23.0688389Z exactly what commands it is running and why. However, the script is
2026-02-21T22:42:23.0688725Z run in a headless fashion, like this:
2026-02-21T22:42:23.0689134Z 
2026-02-21T22:42:23.0689261Z   $ curl -L https://nixos.org/nix/install | sh
2026-02-21T22:42:23.0689456Z 
2026-02-21T22:42:23.0689699Z or maybe in a CI pipeline. Because of that, I'm going to skip the
2026-02-21T22:42:23.0690255Z verbose output in the interest of brevity.
2026-02-21T22:42:23.0690554Z 
2026-02-21T22:42:23.0690672Z If you would like to
2026-02-21T22:42:23.0690992Z see the output, try like this:
2026-02-21T22:42:23.0691151Z 
2026-02-21T22:42:23.0691286Z   $ curl -L -o install-nix https://nixos.org/nix/install
2026-02-21T22:42:23.0691585Z   $ sh ./install-nix
2026-02-21T22:42:23.0691703Z 
2026-02-21T22:42:23.0691713Z 
2026-02-21T22:42:23.0691907Z [32m~~> Checking for artifacts of previous installs
2026-02-21T22:42:23.0699788Z [0mBefore I try to install, I'll check for signs Nix already is or has
2026-02-21T22:42:23.0700157Z been installed on this system.
2026-02-21T22:42:23.0732111Z 
2026-02-21T22:42:23.0732651Z [34m---- Nix config report ---------------------------------------------------------
2026-02-21T22:42:23.0733404Z [0m[1m        Temp Dir[0m:	/tmp/tmp.WIPeSXYDVs
2026-02-21T22:42:23.0733932Z [1m        Nix Root[0m:	/nix
2026-02-21T22:42:23.0734261Z [1m     Build Users[0m:	8
2026-02-21T22:42:23.0734689Z [1m  Build Group ID[0m:	30000
2026-02-21T22:42:23.0734966Z [1mBuild Group Name[0m:	nixbld
2026-02-21T22:42:23.0735195Z 
2026-02-21T22:42:23.0735308Z [4;34mbuild users:
2026-02-21T22:42:23.0735669Z [0m[1m    Username[0m:	UID
2026-02-21T22:42:23.0761958Z [1m     nixbld1[0m:	30001
2026-02-21T22:42:23.0771482Z [1m     nixbld2[0m:	30002
2026-02-21T22:42:23.0781111Z [1m     nixbld3[0m:	30003
2026-02-21T22:42:23.0790872Z [1m     nixbld4[0m:	30004
2026-02-21T22:42:23.0800123Z [1m     nixbld5[0m:	30005
2026-02-21T22:42:23.0809526Z [1m     nixbld6[0m:	30006
2026-02-21T22:42:23.0818910Z [1m     nixbld7[0m:	30007
2026-02-21T22:42:23.0828518Z [1m     nixbld8[0m:	30008
2026-02-21T22:42:23.0828761Z 
2026-02-21T22:42:23.0828925Z [32m[4;32mReady to continue?
2026-02-21T22:42:23.0829283Z [0mNo TTY, assuming you would say yes :)
2026-02-21T22:42:23.0829559Z 
2026-02-21T22:42:23.0830013Z [32m~~> Setting up the build group nixbld
2026-02-21T22:42:23.1045192Z [0m[1m            Created[0m:	Yes
2026-02-21T22:42:23.1067362Z 
2026-02-21T22:42:23.1067888Z [32m~~> Setting up the build user nixbld1
2026-02-21T22:42:23.1217117Z useradd warning: nixbld1's uid 30001 is greater than SYS_UID_MAX 999
2026-02-21T22:42:23.1308936Z [0m[1m           Created[0m:	Yes
2026-02-21T22:42:23.1314104Z [1m            Hidden[0m:	Yes
2026-02-21T22:42:23.1332134Z [1m    Home Directory[0m:	/var/empty
2026-02-21T22:42:23.1351627Z [1m              Note[0m:	Nix build user 1
2026-02-21T22:42:23.1369126Z [1m   Logins Disabled[0m:	Yes
2026-02-21T22:42:23.1394189Z [1m  Member of nixbld[0m:	Yes
2026-02-21T22:42:23.1412026Z [1m    PrimaryGroupID[0m:	30000
2026-02-21T22:42:23.1423037Z 
2026-02-21T22:42:23.1423308Z [32m~~> Setting up the build user nixbld2
2026-02-21T22:42:23.1549231Z useradd warning: nixbld2's uid 30002 is greater than SYS_UID_MAX 999
2026-02-21T22:42:23.1637197Z [0m[1m           Created[0m:	Yes
2026-02-21T22:42:23.1642270Z [1m            Hidden[0m:	Yes
2026-02-21T22:42:23.1659805Z [1m    Home Directory[0m:	/var/empty
2026-02-21T22:42:23.1679522Z [1m              Note[0m:	Nix build user 2
2026-02-21T22:42:23.1696935Z [1m   Logins Disabled[0m:	Yes
2026-02-21T22:42:23.1715155Z [1m  Member of nixbld[0m:	Yes
2026-02-21T22:42:23.1732565Z [1m    PrimaryGroupID[0m:	30000
2026-02-21T22:42:23.1742855Z 
2026-02-21T22:42:23.1743139Z [32m~~> Setting up the build user nixbld3
2026-02-21T22:42:23.1865697Z useradd warning: nixbld3's uid 30003 is greater than SYS_UID_MAX 999
2026-02-21T22:42:23.1952467Z [0m[1m           Created[0m:	Yes
2026-02-21T22:42:23.1957878Z [1m            Hidden[0m:	Yes
2026-02-21T22:42:23.1975656Z [1m    Home Directory[0m:	/var/empty
2026-02-21T22:42:23.1995566Z [1m              Note[0m:	Nix build user 3
2026-02-21T22:42:23.2013932Z [1m   Logins Disabled[0m:	Yes
2026-02-21T22:42:23.2033027Z [1m  Member of nixbld[0m:	Yes
2026-02-21T22:42:23.2050846Z [1m    PrimaryGroupID[0m:	30000
2026-02-21T22:42:23.2061557Z 
2026-02-21T22:42:23.2061843Z [32m~~> Setting up the build user nixbld4
2026-02-21T22:42:23.2188295Z useradd warning: nixbld4's uid 30004 is greater than SYS_UID_MAX 999
2026-02-21T22:42:23.2279388Z [0m[1m           Created[0m:	Yes
2026-02-21T22:42:23.2284449Z [1m            Hidden[0m:	Yes
2026-02-21T22:42:23.2302218Z [1m    Home Directory[0m:	/var/empty
2026-02-21T22:42:23.2322098Z [1m              Note[0m:	Nix build user 4
2026-02-21T22:42:23.2339711Z [1m   Logins Disabled[0m:	Yes
2026-02-21T22:42:23.2357718Z [1m  Member of nixbld[0m:	Yes
2026-02-21T22:42:23.2376103Z [1m    PrimaryGroupID[0m:	30000
2026-02-21T22:42:23.2386541Z 
2026-02-21T22:42:23.2386824Z [32m~~> Setting up the build user nixbld5
2026-02-21T22:42:23.2521186Z useradd warning: nixbld5's uid 30005 is greater than SYS_UID_MAX 999
2026-02-21T22:42:23.2608785Z [0m[1m           Created[0m:	Yes
2026-02-21T22:42:23.2614017Z [1m            Hidden[0m:	Yes
2026-02-21T22:42:23.2631491Z [1m    Home Directory[0m:	/var/empty
2026-02-21T22:42:23.2651478Z [1m              Note[0m:	Nix build user 5
2026-02-21T22:42:23.2669150Z [1m   Logins Disabled[0m:	Yes
2026-02-21T22:42:23.2688175Z [1m  Member of nixbld[0m:	Yes
2026-02-21T22:42:23.2705963Z [1m    PrimaryGroupID[0m:	30000
2026-02-21T22:42:23.2716213Z 
2026-02-21T22:42:23.2716493Z [32m~~> Setting up the build user nixbld6
2026-02-21T22:42:23.2839316Z useradd warning: nixbld6's uid 30006 is greater than SYS_UID_MAX 999
2026-02-21T22:42:23.2925526Z [0m[1m           Created[0m:	Yes
2026-02-21T22:42:23.2930999Z [1m            Hidden[0m:	Yes
2026-02-21T22:42:23.2948826Z [1m    Home Directory[0m:	/var/empty
2026-02-21T22:42:23.2968806Z [1m              Note[0m:	Nix build user 6
2026-02-21T22:42:23.2986529Z [1m   Logins Disabled[0m:	Yes
2026-02-21T22:42:23.3004997Z [1m  Member of nixbld[0m:	Yes
2026-02-21T22:42:23.3022910Z [1m    PrimaryGroupID[0m:	30000
2026-02-21T22:42:23.3033299Z 
2026-02-21T22:42:23.3033658Z [32m~~> Setting up the build user nixbld7
2026-02-21T22:42:23.3157460Z useradd warning: nixbld7's uid 30007 is greater than SYS_UID_MAX 999
2026-02-21T22:42:23.3244056Z [0m[1m           Created[0m:	Yes
2026-02-21T22:42:23.3249509Z [1m            Hidden[0m:	Yes
2026-02-21T22:42:23.3267409Z [1m    Home Directory[0m:	/var/empty
2026-02-21T22:42:23.3287371Z [1m              Note[0m:	Nix build user 7
2026-02-21T22:42:23.3305509Z [1m   Logins Disabled[0m:	Yes
2026-02-21T22:42:23.3324945Z [1m  Member of nixbld[0m:	Yes
2026-02-21T22:42:23.3342689Z [1m    PrimaryGroupID[0m:	30000
2026-02-21T22:42:23.3353289Z 
2026-02-21T22:42:23.3353739Z [32m~~> Setting up the build user nixbld8
2026-02-21T22:42:23.3478139Z useradd warning: nixbld8's uid 30008 is greater than SYS_UID_MAX 999
2026-02-21T22:42:23.3572391Z [0m[1m           Created[0m:	Yes
2026-02-21T22:42:23.3577693Z [1m            Hidden[0m:	Yes
2026-02-21T22:42:23.3595675Z [1m    Home Directory[0m:	/var/empty
2026-02-21T22:42:23.3615965Z [1m              Note[0m:	Nix build user 8
2026-02-21T22:42:23.3633059Z [1m   Logins Disabled[0m:	Yes
2026-02-21T22:42:23.3651707Z [1m  Member of nixbld[0m:	Yes
2026-02-21T22:42:23.3669889Z [1m    PrimaryGroupID[0m:	30000
2026-02-21T22:42:23.3670214Z 
2026-02-21T22:42:23.3670500Z [32m~~> Setting up the basic directory structure
2026-02-21T22:42:23.3746156Z [0minstall: creating directory '/nix'
2026-02-21T22:42:23.3746643Z install: creating directory '/nix/var'
2026-02-21T22:42:23.3747097Z install: creating directory '/nix/var/log'
2026-02-21T22:42:23.3747547Z install: creating directory '/nix/var/log/nix'
2026-02-21T22:42:23.3747877Z install: creating directory '/nix/var/log/nix/drvs'
2026-02-21T22:42:23.3748172Z install: creating directory '/nix/var/nix'
2026-02-21T22:42:23.3748445Z install: creating directory '/nix/var/nix/db'
2026-02-21T22:42:23.3749203Z install: creating directory '/nix/var/nix/gcroots'
2026-02-21T22:42:23.3749524Z install: creating directory '/nix/var/nix/profiles'
2026-02-21T22:42:23.3749849Z install: creating directory '/nix/var/nix/temproots'
2026-02-21T22:42:23.3750164Z install: creating directory '/nix/var/nix/userpool'
2026-02-21T22:42:23.3750499Z install: creating directory '/nix/var/nix/daemon-socket'
2026-02-21T22:42:23.3750845Z install: creating directory '/nix/var/nix/gcroots/per-user'
2026-02-21T22:42:23.3751209Z install: creating directory '/nix/var/nix/profiles/per-user'
2026-02-21T22:42:23.3819634Z install: creating directory '/nix/store'
2026-02-21T22:42:23.3892322Z install: creating directory '/etc/nix'
2026-02-21T22:42:23.3902248Z 
2026-02-21T22:42:23.3902807Z [32m~~> Installing Nix
2026-02-21T22:42:23.5799472Z [0m      Alright! We have our first nix at /nix/store/smfmnz0ylx80wkbqbjibj7zcw4q668xp-nix-2.19.2
2026-02-21T22:42:23.6198656Z       Just finished getting the nix database ready.
2026-02-21T22:42:23.6201735Z 
2026-02-21T22:42:23.6203085Z [32m~~> Setting up shell profiles: /etc/bashrc /etc/profile.d/nix.sh /etc/zshrc /etc/bash.bashrc /etc/zsh/zshrc
2026-02-21T22:42:23.6351594Z [0m
2026-02-21T22:42:23.6351887Z # Nix
2026-02-21T22:42:23.6352426Z if [ -e '/nix/var/nix/profiles/default/etc/profile.d/nix-daemon.sh' ]; then
2026-02-21T22:42:23.6352912Z   . '/nix/var/nix/profiles/default/etc/profile.d/nix-daemon.sh'
2026-02-21T22:42:23.6353223Z fi
2026-02-21T22:42:23.6353370Z # End Nix
2026-02-21T22:42:23.6353470Z 
2026-02-21T22:42:23.6504205Z 
2026-02-21T22:42:23.6505081Z # Nix
2026-02-21T22:42:23.6505618Z if [ -e '/nix/var/nix/profiles/default/etc/profile.d/nix-daemon.sh' ]; then
2026-02-21T22:42:23.6506559Z   . '/nix/var/nix/profiles/default/etc/profile.d/nix-daemon.sh'
2026-02-21T22:42:23.6507096Z fi
2026-02-21T22:42:23.6507281Z # End Nix
2026-02-21T22:42:23.6507377Z 
2026-02-21T22:42:23.6659829Z 
2026-02-21T22:42:23.6659976Z # Nix
2026-02-21T22:42:23.6660499Z if [ -e '/nix/var/nix/profiles/default/etc/profile.d/nix-daemon.sh' ]; then
2026-02-21T22:42:23.6661218Z   . '/nix/var/nix/profiles/default/etc/profile.d/nix-daemon.sh'
2026-02-21T22:42:23.6661545Z fi
2026-02-21T22:42:23.6661688Z # End Nix
2026-02-21T22:42:23.6661789Z 
2026-02-21T22:42:23.6807273Z 
2026-02-21T22:42:23.6807455Z # Nix
2026-02-21T22:42:23.6807977Z if [ -e '/nix/var/nix/profiles/default/etc/profile.d/nix-daemon.sh' ]; then
2026-02-21T22:42:23.6808648Z   . '/nix/var/nix/profiles/default/etc/profile.d/nix-daemon.sh'
2026-02-21T22:42:23.6808975Z fi
2026-02-21T22:42:23.6809119Z # End Nix
2026-02-21T22:42:23.6809212Z 
2026-02-21T22:42:23.6830999Z 
2026-02-21T22:42:23.6831696Z [32m~~> Setting up shell profiles for Fish with conf.d/nix.fish inside /etc/fish /usr/local/etc/fish /opt/homebrew/etc/fish /opt/local/etc/fish
2026-02-21T22:42:23.6898368Z [0m
2026-02-21T22:42:23.6898654Z [32m~~> Setting up the default profile
2026-02-21T22:42:23.7175262Z installing 'nix-2.19.2'
2026-02-21T22:42:23.7294307Z building '/nix/store/g8k2ay0cs99bzfzdrgl98j8rybjjki98-user-environment.drv'...
2026-02-21T22:42:23.7650570Z installing 'nss-cacert-3.92'
2026-02-21T22:42:23.7766357Z building '/nix/store/yyad8x4mww9vi0njnc0mw4ii4fcslyhc-user-environment.drv'...
2026-02-21T22:42:23.7951445Z [0m
2026-02-21T22:42:23.7951931Z [32m~~> Setting up the nix-daemon systemd service
2026-02-21T22:42:23.8209229Z Created symlink /etc/systemd/system/nix-daemon.service → /nix/var/nix/profiles/default/lib/systemd/system/nix-daemon.service.
2026-02-21T22:42:24.0755411Z Created symlink /etc/systemd/system/nix-daemon.socket → /nix/var/nix/profiles/default/lib/systemd/system/nix-daemon.socket.
2026-02-21T22:42:24.0796386Z Created symlink /etc/systemd/system/sockets.target.wants/nix-daemon.socket → /nix/var/nix/profiles/default/lib/systemd/system/nix-daemon.socket.
2026-02-21T22:42:24.6270111Z [0m[32mAlright! We're done!
2026-02-21T22:42:24.6291479Z [0mTry it! Open a new terminal, and type:
2026-02-21T22:42:24.6293083Z 
2026-02-21T22:42:24.6293303Z   $ nix-shell -p nix-info --run "nix-info -m"
2026-02-21T22:42:24.6293956Z 
2026-02-21T22:42:24.6294237Z Thank you for using this installer. If you have any feedback or need
2026-02-21T22:42:24.6294988Z help, don't hesitate:
2026-02-21T22:42:24.6295198Z 
2026-02-21T22:42:24.6295328Z You can open an issue at
2026-02-21T22:42:24.6295956Z https://github.com/NixOS/nix/issues/new?labels=installer&template=installer.md
2026-02-21T22:42:24.6296433Z 
2026-02-21T22:42:24.6296694Z Or get in touch with the community: https://nixos.org/community
2026-02-21T22:42:24.6312426Z 
2026-02-21T22:42:24.6314158Z [34m---- Reminders -----------------------------------------------------------------
2026-02-21T22:42:24.6314990Z [0m[34m[ 1 ][0m
2026-02-21T22:42:24.6315621Z Nix won't work in active shell sessions until you restart them.
2026-02-21T22:42:24.6316210Z 
2026-02-21T22:42:24.6977187Z ##[endgroup]
2026-02-21T22:42:24.7058873Z ##[group]Run cachix/cachix-action@v14
2026-02-21T22:42:24.7059136Z with:
2026-02-21T22:42:24.7059314Z   name: moergo-glove80-zmk-dev
2026-02-21T22:42:24.7059541Z   skipPush: true
2026-02-21T22:42:24.7059716Z   useDaemon: true
2026-02-21T22:42:24.7059882Z env:
2026-02-21T22:42:24.7060049Z   NIX_PATH: nixpkgs=channel:nixos-22.05
2026-02-21T22:42:24.7060305Z   TMPDIR: /home/runner/work/_temp
2026-02-21T22:42:24.7060519Z ##[endgroup]
2026-02-21T22:42:24.7497929Z ##[group]Cachix: installing
2026-02-21T22:42:24.7538983Z [command]/usr/bin/bash -c nix-env --quiet -j8 -iA cachix -f https://cachix.org/api/v1/install
2026-02-21T22:42:27.3464459Z ##[endgroup]
2026-02-21T22:42:27.3466462Z ##[group]Cachix: checking version
2026-02-21T22:42:27.3469963Z [command]/home/runner/.nix-profile/bin/cachix --version
2026-02-21T22:42:27.3850198Z cachix 1.10.1
2026-02-21T22:42:27.3890841Z ##[endgroup]
2026-02-21T22:42:27.3891671Z ##[group]Cachix: using cache moergo-glove80-zmk-dev
2026-02-21T22:42:27.3892940Z [command]/home/runner/.nix-profile/bin/cachix use moergo-glove80-zmk-dev
2026-02-21T22:42:27.6606301Z No config at /home/runner/.config/nix/nix.conf:
2026-02-21T22:42:27.6606705Z 
2026-02-21T22:42:27.6607066Z /home/runner/.config/nix/nix.conf: openFile: does not exist (No such file or directory)
2026-02-21T22:42:27.6607605Z 
2026-02-21T22:42:27.6609416Z Configured https://moergo-glove80-zmk-dev.cachix.org binary cache in /home/runner/.config/nix/nix.conf
2026-02-21T22:42:27.6691183Z ##[endgroup]
2026-02-21T22:42:27.7009110Z ##[warning]No push credentials found. Ignoring the 'useDaemon' option.
2026-02-21T22:42:27.7019312Z [command]/usr/bin/sh -c /home/runner/work/_actions/cachix/cachix-action/v14/dist/main/list-nix-store.sh > /tmp/store-path-pre-build
2026-02-21T22:42:27.7128842Z ##[group]Run nix-build build/go60.nix --arg firmware 'import ./src {}' -o result-go60
2026-02-21T22:42:27.7129435Z [36;1mnix-build build/go60.nix --arg firmware 'import ./src {}' -o result-go60[0m
2026-02-21T22:42:27.7162969Z shell: /usr/bin/bash -e {0}
2026-02-21T22:42:27.7163201Z env:
2026-02-21T22:42:27.7163395Z   NIX_PATH: nixpkgs=channel:nixos-22.05
2026-02-21T22:42:27.7163653Z   TMPDIR: /home/runner/work/_temp
2026-02-21T22:42:27.7163893Z ##[endgroup]
2026-02-21T22:42:46.7684454Z these 5 derivations will be built:
2026-02-21T22:42:46.7689824Z   /nix/store/ryf981zc9kshrrgm5c5dphnw879gn09m-builder.pl.drv
2026-02-21T22:42:46.7690596Z   /nix/store/14s41r3aqgw7vrl845jxarjcx3ivgvc4-python3-3.12.7-env.drv
2026-02-21T22:42:46.7691315Z   /nix/store/7kmdrsh8a2ahkl5588nplck2j31r9632-zmk_go60_lh.drv
2026-02-21T22:42:46.7691986Z   /nix/store/qcd0xiif943gh9mj621557vhxqjcs9gs-zmk_go60_rh.drv
2026-02-21T22:42:46.7692851Z   /nix/store/f0507s9lzngfdhg07pr3wr9jpr44i07d-combined_zmk_go60_lh_zmk_go60_rh.drv
2026-02-21T22:42:46.7693717Z these 156 paths will be fetched (458.96 MiB download, 2284.78 MiB unpacked):
2026-02-21T22:42:46.7694460Z   /nix/store/nrl5m466dwdscvavf1nqzdnqhszjyy9n-acl-2.3.2
2026-02-21T22:42:46.7695115Z   /nix/store/nmq6s9l9zlym3qjx76zzrqbp05a63y90-attr-2.5.2
2026-02-21T22:42:46.7695600Z   /nix/store/p6k7xp1lsfmbdd731mlglrdj2d66mr82-bash-5.2p37
2026-02-21T22:42:46.7695978Z   /nix/store/bwkb907myixfzzykp21m9iczkhrq5pfy-binutils-2.43.1
2026-02-21T22:42:46.7696637Z   /nix/store/2qssg7pjgadwmqns6jm3qlr5bbdl4dcr-binutils-2.43.1-lib
2026-02-21T22:42:46.7697067Z   /nix/store/x9as7x6f7cdgcskvvn3yp02m662krr7y-binutils-wrapper-2.43.1
2026-02-21T22:42:46.7697601Z   /nix/store/2vgwd43vqxm66grkgsy7z1d87z31nzph-brotli-1.1.0-lib
2026-02-21T22:42:46.7698134Z   /nix/store/hl3iw85v12gh9mwgvr9yfgjgy0rk81hb-bzip2-1.0.8
2026-02-21T22:42:46.7698821Z   /nix/store/vqjygx23hkim1kpidik5xcs9whayf3sr-bzip2-1.0.8-bin
2026-02-21T22:42:46.7699491Z   /nix/store/9l20xx4bw18qgkicjcrsfx7vfykp9m8h-cairo-1.18.2
2026-02-21T22:42:46.7700199Z   /nix/store/3581iwklzqcg4iyhlyqqrj7yvvm0pykl-cirque-input-module
2026-02-21T22:42:46.7700878Z   /nix/store/4k2h9qsps52n1v56zq03yi67dwmxa81i-cmake-3.30.5
2026-02-21T22:42:46.7701473Z   /nix/store/azxckjbc4f70yliac1x35z5awbzf9jzj-cmsis
2026-02-21T22:42:46.7701977Z   /nix/store/b1wvkjx96i3s7wblz38ya0zr8i93zbc5-coreutils-9.5
2026-02-21T22:42:46.7702492Z   /nix/store/ps0zg8jx995br0s7k353qhal1ma3nnbd-curl-8.11.0
2026-02-21T22:42:46.7703000Z   /nix/store/zr9c15gg53zsbyc54fsrlwh3r8kmhfyy-dav1d-1.5.0
2026-02-21T22:42:46.7703510Z   /nix/store/n19lfs7ix2g9kdh6cf2pfaylbcwjay71-dav1d-1.5.0-dev
2026-02-21T22:42:46.7704145Z   /nix/store/hbrcibdl494a5w3dypy7095dckalzlqa-dejavu-fonts-minimal-2.37
2026-02-21T22:42:46.7705051Z   /nix/store/85sj9hb9phy4fh3q4fmc1vm9vz27z1lg-die-hook
2026-02-21T22:42:46.7705677Z   /nix/store/cxwsmlr3xh1ml4r0kgdjrknw7504b9f8-diffutils-3.10
2026-02-21T22:42:46.7706273Z   /nix/store/2nvmq98zj69i1af1ksh6m08hvfdkjv1z-dtc-1.7.2
2026-02-21T22:42:46.7706689Z   /nix/store/k5x874vwcaxlan1cw248lwqr4l4v7hyk-ed-1.20.2
2026-02-21T22:42:46.7707313Z   /nix/store/ka4sync4bccr9mz2ys0dbqjn24hp8v57-expand-response-params
2026-02-21T22:42:46.7708057Z   /nix/store/8sgvk9wjq9vfz5irkl4436yhpfr10njq-expat-2.6.4
2026-02-21T22:42:46.7708680Z   /nix/store/g4lksqp6l8qiab4a0as21s6556xh4gyp-file-5.45
2026-02-21T22:42:46.7709329Z   /nix/store/w8pnfazxqwmrqmwkb5zrz1bifsd8abxl-findutils-4.10.0
2026-02-21T22:42:46.7710067Z   /nix/store/ziqnk17xikg73dfrwnyi2jd593xlxza9-fontconfig-2.15.0
2026-02-21T22:42:46.7710616Z   /nix/store/jfyibphs7pv1izw879lrmr0pp1x3llb8-fontconfig-2.15.0-lib
2026-02-21T22:42:46.7711023Z   /nix/store/waj425c88y21wccgk9zpyi3q48xq0sgk-freetype-2.13.3
2026-02-21T22:42:46.7711613Z   /nix/store/37azjaxs8cwqbmb0fywl8fa6n2x8bgwq-fribidi-1.0.16
2026-02-21T22:42:46.7712488Z   /nix/store/nnin69nrnrrmnv2scbwyfkgh1rf51gh1-gawk-5.3.1
2026-02-21T22:42:46.7713109Z   /nix/store/4krab2h0hd4wvxxmscxrw21pl77j4i7j-gcc-13.3.0
2026-02-21T22:42:46.7714054Z   /nix/store/ybjcla5bhj8g1y84998pn4a2drfxybkv-gcc-13.3.0-lib
2026-02-21T22:42:46.7714978Z   /nix/store/j8rzqx7farv0w3isp9z943zy437zk02f-gcc-13.3.0-libgcc
2026-02-21T22:42:46.7715779Z   /nix/store/mczmw3rln2jm6nm080dapyjpj3833rg9-gcc-arm-embedded-12.3.rel1
2026-02-21T22:42:46.7716585Z   /nix/store/4apajimszc47rxwcpvc3g3rj2icinl71-gcc-wrapper-13.3.0
2026-02-21T22:42:46.7717254Z   /nix/store/ascb2b0zncwlavz03zcj358p1i79hp64-gd-2.3.3
2026-02-21T22:42:46.7717855Z   /nix/store/hq7m89gp4kafmj8rr0f5sy2qyl7jq479-gdbm-1.24-lib
2026-02-21T22:42:46.7718536Z   /nix/store/alnzmaf07kv3dl4017vrzqngay5rx904-gdk-pixbuf-2.42.12
2026-02-21T22:42:46.7719225Z   /nix/store/brj8bvvn63gbdrslwsj7gpj0gqaxlprn-giflib-5.2.2
2026-02-21T22:42:46.7719850Z   /nix/store/26hcp8h792wl0h52c5r94qakhvk6q717-glib-2.82.1
2026-02-21T22:42:46.7720466Z   /nix/store/wn7v2vhyyyi6clcyn0s9ixvl7d4d87ic-glibc-2.40-36
2026-02-21T22:42:46.7721158Z   /nix/store/zw5haplzbwjgbp3yykhm6iprkpfppzxb-glibc-2.40-36-bin
2026-02-21T22:42:46.7721874Z   /nix/store/lw21wr626v5sdcaxxkv2k4zf1121hfc9-glibc-2.40-36-dev
2026-02-21T22:42:46.7722513Z   /nix/store/y11zr71f9i1zy1vrdy3kjx8j6slsb3l3-gmp-6.3.0
2026-02-21T22:42:46.7723182Z   /nix/store/nxg637az00fnm705pinlrpjac9b4hgsc-gmp-with-cxx-6.3.0
2026-02-21T22:42:46.7723874Z   /nix/store/rlnih3wlxxwqn4xdahjgfjydvv78kvki-gnu-config-2024-01-01
2026-02-21T22:42:46.7724681Z   /nix/store/85amyk92rg19l4fy0qmy7wr4jmq8p5z0-gnugrep-3.11
2026-02-21T22:42:46.7725181Z   /nix/store/9y5kd90fdbrq3r4yc9mpqn82f93zdgyq-gnumake-4.4.1
2026-02-21T22:42:46.7726060Z   /nix/store/vmby25zqxnx94awvj0k7zn0rsd0zyrwg-gnused-4.9
2026-02-21T22:42:46.7726682Z   /nix/store/zhaypw0znkjnymg0rk1599zn21rr0l50-gnutar-1.35
2026-02-21T22:42:46.7727319Z   /nix/store/23y66ax8z30m8xl4brrz792xlsrm0syr-graphite2-1.3.14
2026-02-21T22:42:46.7727883Z   /nix/store/lvx8m4mh18aiqlqp5hdjpg3b34a07p35-graphviz-12.2.0
2026-02-21T22:42:46.7728245Z   /nix/store/avwmwsn9v4an5v2a4k1gzbqk917avjn1-gts-0.7.6
2026-02-21T22:42:46.7728587Z   /nix/store/a7pimibppfw2m3ryijnwwzx76i780bw2-gzip-1.13
2026-02-21T22:42:46.7728928Z   /nix/store/a473gcmd84qs4vpapa70nwamlpkryc7b-hal_nordic
2026-02-21T22:42:46.7729288Z   /nix/store/yxgc37sx1a0fswq3hvvld54491ryx6sf-harfbuzz-10.0.1
2026-02-21T22:42:46.7729643Z   /nix/store/xxfkk4gqnaimiwzi6mmsmcs9bl2r8y7f-isl-0.20
2026-02-21T22:42:46.7730003Z   /nix/store/ys6f20b4chzkmfh9ak0hjdp60l0g5abb-keyutils-1.6.3-lib
2026-02-21T22:42:46.7730393Z   /nix/store/g9hgzjcj9g7hw3c2pzgz271b1g1jgc4w-krb5-1.21.3-lib
2026-02-21T22:42:46.7730735Z   /nix/store/1dmri839kv55917flq6pyvr6xf17cb29-lerc-4.0.0
2026-02-21T22:42:46.7731079Z   /nix/store/ikjw6a952jd9wn5k06mkj710xzabssr0-libX11-1.8.10
2026-02-21T22:42:46.7731435Z   /nix/store/ighb6h0x1nv14ap2fj0j3bqdn0x3xra4-libXau-1.0.11
2026-02-21T22:42:46.7731814Z   /nix/store/8jqc1bpk99jgib12wgpdjmnbndrmg7vz-libXdmcp-1.1.5
2026-02-21T22:42:46.7732179Z   /nix/store/d5y0sl4vwsb9m99r18zh1mx4fw9y70g6-libXext-1.3.6
2026-02-21T22:42:46.7732521Z   /nix/store/a98zld1as826z4s0b71xs64k02arj4zj-libXft-2.3.8
2026-02-21T22:42:46.7732871Z   /nix/store/ln8sk1vlpzmm346lx30ifihqdw0fw4g9-libXpm-3.5.17
2026-02-21T22:42:46.7733245Z   /nix/store/7ygszkkili3kfqh789ivdgrhyrjshm5n-libXrender-0.9.11
2026-02-21T22:42:46.7733623Z   /nix/store/kabp82iq5p0l8zidw9ch1mrpq431g6jd-libaom-3.10.0
2026-02-21T22:42:46.7733986Z   /nix/store/v567mv8b0bg0ph7xn61g33qqm484xxj0-libaom-3.10.0-bin
2026-02-21T22:42:46.7734679Z   /nix/store/1asppgbns142f1sqyr6sz843h0689a1k-libaom-3.10.0-dev
2026-02-21T22:42:46.7735430Z   /nix/store/n0gxk0ys2zgqqz6zcsq8qlv6nv5k6fpj-libarchive-3.7.7-lib
2026-02-21T22:42:46.7736135Z   /nix/store/96wajifckqya26aazk4lrig5m5npw5l2-libavif-1.1.1
2026-02-21T22:42:46.7736876Z   /nix/store/rk2r5yq7al5jddg6jriwv1lg5j1dw0ih-libdatrie-2019-12-20-lib
2026-02-21T22:42:46.7737621Z   /nix/store/v6m37463j6bs788wbid8yvfhp1773cax-libdeflate-1.22
2026-02-21T22:42:46.7738272Z   /nix/store/lw7psn749bfn2nrn943jdh68hh2im8yl-libffi-3.4.6
2026-02-21T22:42:46.7738700Z   /nix/store/qwjjm4j652ck9izaid7bz63s4hd5bnha-libidn2-2.3.7
2026-02-21T22:42:46.7739185Z   /nix/store/g8m63j9rzhqf0i9v4pzbdyrnzshr5mkx-libjpeg-turbo-3.0.4
2026-02-21T22:42:46.7740147Z   /nix/store/0qqs7bkfk21h8vh7m3x84hphciqv75lm-libmpc-1.3.1
2026-02-21T22:42:46.7740873Z   /nix/store/kvzfyxs3v0nb2lvfx28c5hj0vz7j9737-libpng-apng-1.6.43
2026-02-21T22:42:46.7741569Z   /nix/store/rp6b82pm6b7x03ngbzffsl3vj8pvay5v-libselinux-3.7
2026-02-21T22:42:46.7742135Z   /nix/store/1n0b29iid3y0w9i91v9zqdiwnx3inak0-libssh2-1.11.1
2026-02-21T22:42:46.7742702Z   /nix/store/h11ip75g5azb1d9f9jr8c6pwjhpcx20n-libthai-0.1.29
2026-02-21T22:42:46.7743298Z   /nix/store/mgw74i0szz30zbmvgasvyws1y8mvkb86-libtiff-4.7.0
2026-02-21T22:42:46.7743959Z   /nix/store/ggpir31aij6dj2fsas74jyz8z33dxwnc-libtool-2.4.7-lib
2026-02-21T22:42:46.7745042Z   /nix/store/6pqgj71r0850b0cd95yxx0d52zax016i-libunistring-1.2
2026-02-21T22:42:46.7745722Z   /nix/store/scb132gc1zzd904zibk2mz0q5q42z0ym-libuv-1.48.0
2026-02-21T22:42:46.7746369Z   /nix/store/llj89sgbf5512bnhx76khs7aq2pkhqjv-libvmaf-3.0.0
2026-02-21T22:42:46.7747041Z   /nix/store/dbkf2m0b3a2n9drrbz6ra4ljfx45d4aa-libvmaf-3.0.0-dev
2026-02-21T22:42:46.7747731Z   /nix/store/xk1z1b27hck084x12pn24rk526arwwlz-libwebp-1.4.0
2026-02-21T22:42:46.7748363Z   /nix/store/zgcaxpjipkvdz3185gfb8ba63xw1sv4n-libwebp-1.4.0
2026-02-21T22:42:46.7749003Z   /nix/store/w63ks7mg1dsgm2gg302ss70wpq7g0l4d-libxcb-1.17.0
2026-02-21T22:42:46.7749672Z   /nix/store/5j9m3z3c6hygjx34xr1bzrkk8srvcs8a-libxcrypt-4.4.36
2026-02-21T22:42:46.7750358Z   /nix/store/sbc37bmgpzr7wvlbm9lgf4y6q6dyz40q-libxcrypt-4.4.36
2026-02-21T22:42:46.7751367Z   /nix/store/shg1vgcjxghqxhl0sifwgr0g2zg6bbv7-libxml2-2.13.4
2026-02-21T22:42:46.7751767Z   /nix/store/s5y8cgwj9saik6hpxq6hvry31hggnxij-libyaml-0.2.5
2026-02-21T22:42:46.7752178Z   /nix/store/43nf72jxw9m9mazn5qs7pdj52a7gmcr5-libyuv-1787
2026-02-21T22:42:46.7752848Z   /nix/store/dvsai0ym9czjl5mcsarcdwccb70615n4-linux-headers-6.10
2026-02-21T22:42:46.7753502Z   /nix/store/wwmn97j9jv083973a7md52v4wkxr6lvd-lvgl
2026-02-21T22:42:46.7754092Z   /nix/store/77yxcw58nmqx2c67a7srpfxxp40j5rbl-mailcap-2.1.54
2026-02-21T22:42:46.7755038Z   /nix/store/gqjd4bvd683s55r0jcgc9q67rvjnmfc6-make-binary-wrapper-hook
2026-02-21T22:42:46.7755481Z   /nix/store/aqga8f06jxy5a6ci4na35v7n09j8i74f-mpdecimal-4.0.0
2026-02-21T22:42:46.7755848Z   /nix/store/wfxkyxmg47bhj098im5rp60hmkagn96x-mpfr-4.2.1
2026-02-21T22:42:46.7756352Z   /nix/store/zi4768cbcny3vx6f8k2yqy3zp90jalhz-ncompress-5.0
2026-02-21T22:42:46.7757041Z   /nix/store/1p1j0iv3c909kcs4d5300kcsnlwmbwyj-ncurses-6.4.20221231
2026-02-21T22:42:46.7757889Z   /nix/store/vj1wkvkfgcgxr93b5p6kwjbqgrjnv7d9-ncurses-abi5-compat-6.4.20221231
2026-02-21T22:42:46.7758752Z   /nix/store/aygalfgrn7pvxcqc45jw53b9gc29hwzs-nghttp2-1.64.0-lib
2026-02-21T22:42:46.7759443Z   /nix/store/s2lws03pga0vyq84kfa6h041n8csbg4p-ninja-1.12.1
2026-02-21T22:42:46.7760090Z   /nix/store/k1dsk0zyq43pvi7f76is2rx6l4aphm5z-openssl-3.3.2
2026-02-21T22:42:46.7760720Z   /nix/store/vy93rplabj9l70a098rvp52ni9bg476v-pango-1.54.0
2026-02-21T22:42:46.7761363Z   /nix/store/mdmansf6zkzsnrcf4h3yav5kz93rh03y-patch-2.7.6
2026-02-21T22:42:46.7762000Z   /nix/store/9q63d382x7k2h6cc2pfsb39ar3n6f9wg-patchelf-0.15.0
2026-02-21T22:42:46.7762641Z   /nix/store/gkj66hn5cyi3d761nmcdpj35ngv7h8ph-pcre2-10.44
2026-02-21T22:42:46.7763163Z   /nix/store/6fklzkr5x213h868q31isgy82wpmb1yb-perl-5.40.0
2026-02-21T22:42:46.7763766Z   /nix/store/kxawdq25ad6x9cb63yvslaprm4ihx5hr-picolibc
2026-02-21T22:42:46.7764360Z   /nix/store/f86x63y57hwyx9nl4l098fpl93y3xrya-pixman-0.43.4
2026-02-21T22:42:46.7765120Z   /nix/store/zv1kaq7f1q20x62kbjv6pfjygw5jmwl6-python3-3.12.7
2026-02-21T22:42:46.7765841Z   /nix/store/qb69wvblgz1x2hkfxf7lwl9lg9xk4zpj-python3-3.9.20
2026-02-21T22:42:46.7766606Z   /nix/store/09wri7s7nlgp1fs4q4ysx96scbbmr74v-python3.12-anytree-2.12.1
2026-02-21T22:42:46.7767434Z   /nix/store/qpb0z965ffwmny4p2m2jbbaqifkkb5y9-python3.12-docopt-0.6.2
2026-02-21T22:42:46.7768255Z   /nix/store/wg6fhwksxkxn24rnynizrr6f4rvd9dkf-python3.12-intelhex-2.3.0
2026-02-21T22:42:46.7769106Z   /nix/store/l67gyhnl63la5pxmq4kbhl0g6xrfsdff-python3.12-msgpack-1.1.0
2026-02-21T22:42:46.7770089Z   /nix/store/qnfndbdg0k5s7zb47l5q9h7cszi56gpf-python3.12-packaging-24.1
2026-02-21T22:42:46.7771169Z   /nix/store/rs8cgrcn6pkdxs2ksnhs1a0x0pvx5sac-python3.12-progress-1.6
2026-02-21T22:42:46.7772062Z   /nix/store/qmm23pygh0kisvsm9wrfxw2s5km97670-python3.12-pyelftools-0.31
2026-02-21T22:42:46.7772968Z   /nix/store/k1hzsby2pa29jwbbdgg3y4wj0rxn8dnn-python3.12-pykwalify-1.8.0
2026-02-21T22:42:46.7773851Z   /nix/store/7p4gqrzavx0lpks2l0j9945zkzv77ds0-python3.12-python-can-4.5.0
2026-02-21T22:42:46.7774990Z   /nix/store/iz14w235v0nmwc3vnzrlbrkfpaj1qqka-python3.12-python-dateutil-2.9.0.post0
2026-02-21T22:42:46.7775939Z   /nix/store/j7q50pmxnawpif7kfimy51mjhjdjldns-python3.12-pyyaml-6.0.2
2026-02-21T22:42:46.7776522Z   /nix/store/2k9j8zwlhd8vdpn0c4j5zgwkqr6digpx-python3.12-ruamel-base-1.0.0
2026-02-21T22:42:46.7777250Z   /nix/store/7cvm89dzrkw7i4pdidyd8mvny73k07nb-python3.12-ruamel-yaml-0.18.6
2026-02-21T22:42:46.7778173Z   /nix/store/3rghmwyhhwjaj3jmpc3drb8pzz9h14hj-python3.12-ruamel-yaml-clib-0.2.7
2026-02-21T22:42:46.7779070Z   /nix/store/4743pgjalihwh1vb7jsy17ynw3s0xj04-python3.12-six-1.16.0
2026-02-21T22:42:46.7779960Z   /nix/store/n2pgidpi7vpq2hbpylfpa4ck7avniipp-python3.12-typing-extensions-4.12.2
2026-02-21T22:42:46.7780489Z   /nix/store/2j2fcjlxczkx0yyjn3rqi1h9sd42r97v-python3.12-wrapt-1.16.0
2026-02-21T22:42:46.7780917Z   /nix/store/n0q4xhb9z19f0rfd1i8frw7a3ip3rgar-readline-8.2p13
2026-02-21T22:42:46.7781283Z   /nix/store/gpbi7j64vk1my8gpqgylwf9iljqb09is-rhash-1.4.4
2026-02-21T22:42:46.7781794Z   /nix/store/wkad860jvdc881ngy6r0fbjg6s5i8alh-segger
2026-02-21T22:42:46.7782128Z   /nix/store/bbd59cqw259149r2ddk4w1q0lr2fch8c-sqlite-3.46.1
2026-02-21T22:42:46.7782545Z   /nix/store/spb2bpcnw0gbbr4x94cq8xs9n72hipwj-stdenv-linux
2026-02-21T22:42:46.7782966Z   /nix/store/n4xjlyn5hk979p2ywqpajw7dq5y94q1g-tinycrypt
2026-02-21T22:42:46.7783305Z   /nix/store/dfsiy184c8z6gf5x6cqfyahxv9g16828-tzdata-2024b
2026-02-21T22:42:46.7783763Z   /nix/store/ljlah5wqcbix5wg8rvm3g8rc7k9zn1qg-update-autotools-gnu-config-scripts-hook
2026-02-21T22:42:46.7784323Z   /nix/store/gm5g3xyn8iwxkag8gs6rf3ci64bqld80-util-linux-minimal-2.39.4-lib
2026-02-21T22:42:46.7785219Z   /nix/store/2d5spnl8j5r4n1s4bj1zmra7mwx0f1n8-xgcc-13.3.0-libgcc
2026-02-21T22:42:46.7785653Z   /nix/store/bdpc1864983kf51r3cznbrvnlkv4d9ff-xz-5.6.3
2026-02-21T22:42:46.7785990Z   /nix/store/5180mi672sl6ikiwyhvgnxasz6iqxws0-xz-5.6.3-bin
2026-02-21T22:42:46.7786319Z   /nix/store/pz26iwsn417j90xs7y7cwbsjnk7b1riv-zephyr
2026-02-21T22:42:46.7786644Z   /nix/store/bzk3q2l71qwhycsip23y6rl5n881la4n-zlib-1.3.1
2026-02-21T22:42:46.7786996Z   /nix/store/pq757h971kd946xqi9ckk2ylsj25i610-zmk-module-cmsis
2026-02-21T22:42:46.7787399Z   /nix/store/wggfl9p3y2ahy21hb1gpfgr3fxsbv8ss-zmk-module-hal_nordic
2026-02-21T22:42:46.7787808Z   /nix/store/44v1jwji8rksbmvsjwkd4igbb1vhxbl5-zmk-module-lvgl
2026-02-21T22:42:46.7788203Z   /nix/store/4bn1207zpfrcdmf1ldh86ziaav3kwwbb-zmk-module-picolibc
2026-02-21T22:42:46.7788616Z   /nix/store/w90l0zpl7slydmc947qscinn0d6rgq5c-zmk-module-segger
2026-02-21T22:42:46.7789021Z   /nix/store/grk5a1pd1mbzl3lgzf2amf7c0nbb0rvs-zmk-module-tinycrypt
2026-02-21T22:42:46.7789417Z   /nix/store/8pys6a47askf0g75a1k73p3rx2wim7m6-zstd-1.5.6
2026-02-21T22:42:46.7848985Z copying path '/nix/store/rlnih3wlxxwqn4xdahjgfjydvv78kvki-gnu-config-2024-01-01' from 'https://cache.nixos.org'...
2026-02-21T22:42:46.7852623Z copying path '/nix/store/2d5spnl8j5r4n1s4bj1zmra7mwx0f1n8-xgcc-13.3.0-libgcc' from 'https://cache.nixos.org'...
2026-02-21T22:42:46.7890468Z copying path '/nix/store/3581iwklzqcg4iyhlyqqrj7yvvm0pykl-cirque-input-module' from 'https://moergo-glove80-zmk-dev.cachix.org'...
2026-02-21T22:42:46.7895282Z copying path '/nix/store/j8rzqx7farv0w3isp9z943zy437zk02f-gcc-13.3.0-libgcc' from 'https://cache.nixos.org'...
2026-02-21T22:42:46.7900320Z copying path '/nix/store/6pqgj71r0850b0cd95yxx0d52zax016i-libunistring-1.2' from 'https://cache.nixos.org'...
2026-02-21T22:42:46.7934393Z copying path '/nix/store/azxckjbc4f70yliac1x35z5awbzf9jzj-cmsis' from 'https://moergo-glove80-zmk-dev.cachix.org'...
2026-02-21T22:42:46.7942608Z copying path '/nix/store/a473gcmd84qs4vpapa70nwamlpkryc7b-hal_nordic' from 'https://moergo-glove80-zmk-dev.cachix.org'...
2026-02-21T22:42:46.7950147Z copying path '/nix/store/wwmn97j9jv083973a7md52v4wkxr6lvd-lvgl' from 'https://moergo-glove80-zmk-dev.cachix.org'...
2026-02-21T22:42:46.7956542Z copying path '/nix/store/kxawdq25ad6x9cb63yvslaprm4ihx5hr-picolibc' from 'https://moergo-glove80-zmk-dev.cachix.org'...
2026-02-21T22:42:46.7959045Z copying path '/nix/store/wkad860jvdc881ngy6r0fbjg6s5i8alh-segger' from 'https://moergo-glove80-zmk-dev.cachix.org'...
2026-02-21T22:42:46.7963931Z copying path '/nix/store/n4xjlyn5hk979p2ywqpajw7dq5y94q1g-tinycrypt' from 'https://moergo-glove80-zmk-dev.cachix.org'...
2026-02-21T22:42:46.7974798Z copying path '/nix/store/85sj9hb9phy4fh3q4fmc1vm9vz27z1lg-die-hook' from 'https://cache.nixos.org'...
2026-02-21T22:42:46.7991059Z copying path '/nix/store/dvsai0ym9czjl5mcsarcdwccb70615n4-linux-headers-6.10' from 'https://cache.nixos.org'...
2026-02-21T22:42:46.7995188Z copying path '/nix/store/dfsiy184c8z6gf5x6cqfyahxv9g16828-tzdata-2024b' from 'https://cache.nixos.org'...
2026-02-21T22:42:46.8001381Z copying path '/nix/store/77yxcw58nmqx2c67a7srpfxxp40j5rbl-mailcap-2.1.54' from 'https://cache.nixos.org'...
2026-02-21T22:42:46.8069391Z copying path '/nix/store/hbrcibdl494a5w3dypy7095dckalzlqa-dejavu-fonts-minimal-2.37' from 'https://cache.nixos.org'...
2026-02-21T22:42:46.8089153Z copying path '/nix/store/ljlah5wqcbix5wg8rvm3g8rc7k9zn1qg-update-autotools-gnu-config-scripts-hook' from 'https://cache.nixos.org'...
2026-02-21T22:42:46.8526469Z copying path '/nix/store/qwjjm4j652ck9izaid7bz63s4hd5bnha-libidn2-2.3.7' from 'https://cache.nixos.org'...
2026-02-21T22:42:46.8646671Z copying path '/nix/store/ziqnk17xikg73dfrwnyi2jd593xlxza9-fontconfig-2.15.0' from 'https://cache.nixos.org'...
2026-02-21T22:42:46.8696578Z copying path '/nix/store/grk5a1pd1mbzl3lgzf2amf7c0nbb0rvs-zmk-module-tinycrypt' from 'https://moergo-glove80-zmk-dev.cachix.org'...
2026-02-21T22:42:46.8726751Z copying path '/nix/store/w90l0zpl7slydmc947qscinn0d6rgq5c-zmk-module-segger' from 'https://moergo-glove80-zmk-dev.cachix.org'...
2026-02-21T22:42:46.8918371Z copying path '/nix/store/pq757h971kd946xqi9ckk2ylsj25i610-zmk-module-cmsis' from 'https://moergo-glove80-zmk-dev.cachix.org'...
2026-02-21T22:42:46.8919696Z copying path '/nix/store/wn7v2vhyyyi6clcyn0s9ixvl7d4d87ic-glibc-2.40-36' from 'https://cache.nixos.org'...
2026-02-21T22:42:47.3229122Z copying path '/nix/store/4bn1207zpfrcdmf1ldh86ziaav3kwwbb-zmk-module-picolibc' from 'https://moergo-glove80-zmk-dev.cachix.org'...
2026-02-21T22:42:47.7410821Z copying path '/nix/store/nmq6s9l9zlym3qjx76zzrqbp05a63y90-attr-2.5.2' from 'https://cache.nixos.org'...
2026-02-21T22:42:47.7417367Z copying path '/nix/store/zr9c15gg53zsbyc54fsrlwh3r8kmhfyy-dav1d-1.5.0' from 'https://cache.nixos.org'...
2026-02-21T22:42:47.7418642Z copying path '/nix/store/k5x874vwcaxlan1cw248lwqr4l4v7hyk-ed-1.20.2' from 'https://cache.nixos.org'...
2026-02-21T22:42:47.7419941Z copying path '/nix/store/p6k7xp1lsfmbdd731mlglrdj2d66mr82-bash-5.2p37' from 'https://cache.nixos.org'...
2026-02-21T22:42:47.7421389Z copying path '/nix/store/2vgwd43vqxm66grkgsy7z1d87z31nzph-brotli-1.1.0-lib' from 'https://cache.nixos.org'...
2026-02-21T22:42:47.7423140Z copying path '/nix/store/hl3iw85v12gh9mwgvr9yfgjgy0rk81hb-bzip2-1.0.8' from 'https://cache.nixos.org'...
2026-02-21T22:42:47.7427841Z copying path '/nix/store/ka4sync4bccr9mz2ys0dbqjn24hp8v57-expand-response-params' from 'https://cache.nixos.org'...
2026-02-21T22:42:47.7433224Z copying path '/nix/store/8sgvk9wjq9vfz5irkl4436yhpfr10njq-expat-2.6.4' from 'https://cache.nixos.org'...
2026-02-21T22:42:47.7437978Z copying path '/nix/store/37azjaxs8cwqbmb0fywl8fa6n2x8bgwq-fribidi-1.0.16' from 'https://cache.nixos.org'...
2026-02-21T22:42:47.7441169Z copying path '/nix/store/ybjcla5bhj8g1y84998pn4a2drfxybkv-gcc-13.3.0-lib' from 'https://cache.nixos.org'...
2026-02-21T22:42:47.7446495Z copying path '/nix/store/nnin69nrnrrmnv2scbwyfkgh1rf51gh1-gawk-5.3.1' from 'https://cache.nixos.org'...
2026-02-21T22:42:47.7451698Z copying path '/nix/store/zw5haplzbwjgbp3yykhm6iprkpfppzxb-glibc-2.40-36-bin' from 'https://cache.nixos.org'...
2026-02-21T22:42:47.7453400Z copying path '/nix/store/brj8bvvn63gbdrslwsj7gpj0gqaxlprn-giflib-5.2.2' from 'https://cache.nixos.org'...
2026-02-21T22:42:47.7456434Z copying path '/nix/store/hq7m89gp4kafmj8rr0f5sy2qyl7jq479-gdbm-1.24-lib' from 'https://cache.nixos.org'...
2026-02-21T22:42:47.7607939Z copying path '/nix/store/y11zr71f9i1zy1vrdy3kjx8j6slsb3l3-gmp-6.3.0' from 'https://cache.nixos.org'...
2026-02-21T22:42:47.7609397Z copying path '/nix/store/9y5kd90fdbrq3r4yc9mpqn82f93zdgyq-gnumake-4.4.1' from 'https://cache.nixos.org'...
2026-02-21T22:42:47.7612880Z copying path '/nix/store/vmby25zqxnx94awvj0k7zn0rsd0zyrwg-gnused-4.9' from 'https://cache.nixos.org'...
2026-02-21T22:42:47.7620420Z copying path '/nix/store/nrl5m466dwdscvavf1nqzdnqhszjyy9n-acl-2.3.2' from 'https://cache.nixos.org'...
2026-02-21T22:42:47.7897455Z copying path '/nix/store/vqjygx23hkim1kpidik5xcs9whayf3sr-bzip2-1.0.8-bin' from 'https://cache.nixos.org'...
2026-02-21T22:42:47.8046826Z copying path '/nix/store/ys6f20b4chzkmfh9ak0hjdp60l0g5abb-keyutils-1.6.3-lib' from 'https://cache.nixos.org'...
2026-02-21T22:42:47.8068875Z copying path '/nix/store/ighb6h0x1nv14ap2fj0j3bqdn0x3xra4-libXau-1.0.11' from 'https://cache.nixos.org'...
2026-02-21T22:42:47.8356358Z copying path '/nix/store/8jqc1bpk99jgib12wgpdjmnbndrmg7vz-libXdmcp-1.1.5' from 'https://cache.nixos.org'...
2026-02-21T22:42:47.8490123Z copying path '/nix/store/rk2r5yq7al5jddg6jriwv1lg5j1dw0ih-libdatrie-2019-12-20-lib' from 'https://cache.nixos.org'...
2026-02-21T22:42:47.8539702Z copying path '/nix/store/v6m37463j6bs788wbid8yvfhp1773cax-libdeflate-1.22' from 'https://cache.nixos.org'...
2026-02-21T22:42:47.8549268Z copying path '/nix/store/lw7psn749bfn2nrn943jdh68hh2im8yl-libffi-3.4.6' from 'https://cache.nixos.org'...
2026-02-21T22:42:47.8574017Z copying path '/nix/store/g8m63j9rzhqf0i9v4pzbdyrnzshr5mkx-libjpeg-turbo-3.0.4' from 'https://cache.nixos.org'...
2026-02-21T22:42:47.8731779Z copying path '/nix/store/ggpir31aij6dj2fsas74jyz8z33dxwnc-libtool-2.4.7-lib' from 'https://cache.nixos.org'...
2026-02-21T22:42:47.8767505Z copying path '/nix/store/zhaypw0znkjnymg0rk1599zn21rr0l50-gnutar-1.35' from 'https://cache.nixos.org'...
2026-02-21T22:42:47.8857317Z copying path '/nix/store/a7pimibppfw2m3ryijnwwzx76i780bw2-gzip-1.13' from 'https://cache.nixos.org'...
2026-02-21T22:42:47.8860450Z copying path '/nix/store/scb132gc1zzd904zibk2mz0q5q42z0ym-libuv-1.48.0' from 'https://cache.nixos.org'...
2026-02-21T22:42:47.8872752Z copying path '/nix/store/xxfkk4gqnaimiwzi6mmsmcs9bl2r8y7f-isl-0.20' from 'https://cache.nixos.org'...
2026-02-21T22:42:47.8912864Z copying path '/nix/store/h11ip75g5azb1d9f9jr8c6pwjhpcx20n-libthai-0.1.29' from 'https://cache.nixos.org'...
2026-02-21T22:42:47.8973529Z copying path '/nix/store/w63ks7mg1dsgm2gg302ss70wpq7g0l4d-libxcb-1.17.0' from 'https://cache.nixos.org'...
2026-02-21T22:42:47.9070430Z copying path '/nix/store/n19lfs7ix2g9kdh6cf2pfaylbcwjay71-dav1d-1.5.0-dev' from 'https://cache.nixos.org'...
2026-02-21T22:42:47.9075449Z copying path '/nix/store/5j9m3z3c6hygjx34xr1bzrkk8srvcs8a-libxcrypt-4.4.36' from 'https://cache.nixos.org'...
2026-02-21T22:42:47.9128796Z copying path '/nix/store/shg1vgcjxghqxhl0sifwgr0g2zg6bbv7-libxml2-2.13.4' from 'https://cache.nixos.org'...
2026-02-21T22:42:47.9133428Z copying path '/nix/store/sbc37bmgpzr7wvlbm9lgf4y6q6dyz40q-libxcrypt-4.4.36' from 'https://cache.nixos.org'...
2026-02-21T22:42:47.9186912Z copying path '/nix/store/lw21wr626v5sdcaxxkv2k4zf1121hfc9-glibc-2.40-36-dev' from 'https://cache.nixos.org'...
2026-02-21T22:42:47.9191842Z copying path '/nix/store/s5y8cgwj9saik6hpxq6hvry31hggnxij-libyaml-0.2.5' from 'https://cache.nixos.org'...
2026-02-21T22:42:47.9289445Z copying path '/nix/store/aqga8f06jxy5a6ci4na35v7n09j8i74f-mpdecimal-4.0.0' from 'https://cache.nixos.org'...
2026-02-21T22:42:47.9413644Z copying path '/nix/store/wfxkyxmg47bhj098im5rp60hmkagn96x-mpfr-4.2.1' from 'https://cache.nixos.org'...
2026-02-21T22:42:47.9429345Z copying path '/nix/store/zi4768cbcny3vx6f8k2yqy3zp90jalhz-ncompress-5.0' from 'https://cache.nixos.org'...
2026-02-21T22:42:47.9473098Z copying path '/nix/store/1p1j0iv3c909kcs4d5300kcsnlwmbwyj-ncurses-6.4.20221231' from 'https://cache.nixos.org'...
2026-02-21T22:42:47.9543698Z copying path '/nix/store/vj1wkvkfgcgxr93b5p6kwjbqgrjnv7d9-ncurses-abi5-compat-6.4.20221231' from 'https://cache.nixos.org'...
2026-02-21T22:42:47.9622521Z copying path '/nix/store/aygalfgrn7pvxcqc45jw53b9gc29hwzs-nghttp2-1.64.0-lib' from 'https://cache.nixos.org'...
2026-02-21T22:42:47.9894792Z copying path '/nix/store/k1dsk0zyq43pvi7f76is2rx6l4aphm5z-openssl-3.3.2' from 'https://cache.nixos.org'...
2026-02-21T22:42:48.0224832Z copying path '/nix/store/mdmansf6zkzsnrcf4h3yav5kz93rh03y-patch-2.7.6' from 'https://cache.nixos.org'...
2026-02-21T22:42:48.0248629Z copying path '/nix/store/gkj66hn5cyi3d761nmcdpj35ngv7h8ph-pcre2-10.44' from 'https://cache.nixos.org'...
2026-02-21T22:42:48.0255835Z copying path '/nix/store/ikjw6a952jd9wn5k06mkj710xzabssr0-libX11-1.8.10' from 'https://cache.nixos.org'...
2026-02-21T22:42:48.0264294Z copying path '/nix/store/f86x63y57hwyx9nl4l098fpl93y3xrya-pixman-0.43.4' from 'https://cache.nixos.org'...
2026-02-21T22:42:48.0345948Z copying path '/nix/store/gpbi7j64vk1my8gpqgylwf9iljqb09is-rhash-1.4.4' from 'https://cache.nixos.org'...
2026-02-21T22:42:48.0356178Z copying path '/nix/store/gm5g3xyn8iwxkag8gs6rf3ci64bqld80-util-linux-minimal-2.39.4-lib' from 'https://cache.nixos.org'...
2026-02-21T22:42:48.0455678Z copying path '/nix/store/2nvmq98zj69i1af1ksh6m08hvfdkjv1z-dtc-1.7.2' from 'https://cache.nixos.org'...
2026-02-21T22:42:48.0458197Z copying path '/nix/store/bdpc1864983kf51r3cznbrvnlkv4d9ff-xz-5.6.3' from 'https://cache.nixos.org'...
2026-02-21T22:42:48.0632308Z copying path '/nix/store/pz26iwsn417j90xs7y7cwbsjnk7b1riv-zephyr' from 'https://moergo-glove80-zmk-dev.cachix.org'...
2026-02-21T22:42:48.0780127Z copying path '/nix/store/bzk3q2l71qwhycsip23y6rl5n881la4n-zlib-1.3.1' from 'https://cache.nixos.org'...
2026-02-21T22:42:48.1028990Z copying path '/nix/store/wggfl9p3y2ahy21hb1gpfgr3fxsbv8ss-zmk-module-hal_nordic' from 'https://moergo-glove80-zmk-dev.cachix.org'...
2026-02-21T22:42:48.1142997Z copying path '/nix/store/0qqs7bkfk21h8vh7m3x84hphciqv75lm-libmpc-1.3.1' from 'https://cache.nixos.org'...
2026-02-21T22:42:48.1366588Z copying path '/nix/store/85amyk92rg19l4fy0qmy7wr4jmq8p5z0-gnugrep-3.11' from 'https://cache.nixos.org'...
2026-02-21T22:42:48.1626626Z copying path '/nix/store/rp6b82pm6b7x03ngbzffsl3vj8pvay5v-libselinux-3.7' from 'https://cache.nixos.org'...
2026-02-21T22:42:48.1684734Z copying path '/nix/store/nxg637az00fnm705pinlrpjac9b4hgsc-gmp-with-cxx-6.3.0' from 'https://cache.nixos.org'...
2026-02-21T22:42:48.1757041Z copying path '/nix/store/23y66ax8z30m8xl4brrz792xlsrm0syr-graphite2-1.3.14' from 'https://cache.nixos.org'...
2026-02-21T22:42:48.2199823Z copying path '/nix/store/1dmri839kv55917flq6pyvr6xf17cb29-lerc-4.0.0' from 'https://cache.nixos.org'...
2026-02-21T22:42:48.2206889Z copying path '/nix/store/llj89sgbf5512bnhx76khs7aq2pkhqjv-libvmaf-3.0.0' from 'https://cache.nixos.org'...
2026-02-21T22:42:48.2465176Z copying path '/nix/store/43nf72jxw9m9mazn5qs7pdj52a7gmcr5-libyuv-1787' from 'https://cache.nixos.org'...
2026-02-21T22:42:48.2467420Z copying path '/nix/store/s2lws03pga0vyq84kfa6h041n8csbg4p-ninja-1.12.1' from 'https://cache.nixos.org'...
2026-02-21T22:42:48.2610300Z copying path '/nix/store/5180mi672sl6ikiwyhvgnxasz6iqxws0-xz-5.6.3-bin' from 'https://cache.nixos.org'...
2026-02-21T22:42:48.2616029Z copying path '/nix/store/9q63d382x7k2h6cc2pfsb39ar3n6f9wg-patchelf-0.15.0' from 'https://cache.nixos.org'...
2026-02-21T22:42:48.2618736Z copying path '/nix/store/44v1jwji8rksbmvsjwkd4igbb1vhxbl5-zmk-module-lvgl' from 'https://moergo-glove80-zmk-dev.cachix.org'...
2026-02-21T22:42:48.2752525Z copying path '/nix/store/g4lksqp6l8qiab4a0as21s6556xh4gyp-file-5.45' from 'https://cache.nixos.org'...
2026-02-21T22:42:48.2754340Z copying path '/nix/store/2qssg7pjgadwmqns6jm3qlr5bbdl4dcr-binutils-2.43.1-lib' from 'https://cache.nixos.org'...
2026-02-21T22:42:48.2760513Z copying path '/nix/store/b1wvkjx96i3s7wblz38ya0zr8i93zbc5-coreutils-9.5' from 'https://cache.nixos.org'...
2026-02-21T22:42:48.3001640Z copying path '/nix/store/26hcp8h792wl0h52c5r94qakhvk6q717-glib-2.82.1' from 'https://cache.nixos.org'...
2026-02-21T22:42:48.3004260Z copying path '/nix/store/d5y0sl4vwsb9m99r18zh1mx4fw9y70g6-libXext-1.3.6' from 'https://cache.nixos.org'...
2026-02-21T22:42:48.3008693Z copying path '/nix/store/4krab2h0hd4wvxxmscxrw21pl77j4i7j-gcc-13.3.0' from 'https://cache.nixos.org'...
2026-02-21T22:42:48.3242537Z copying path '/nix/store/ln8sk1vlpzmm346lx30ifihqdw0fw4g9-libXpm-3.5.17' from 'https://cache.nixos.org'...
2026-02-21T22:42:48.3256877Z copying path '/nix/store/7ygszkkili3kfqh789ivdgrhyrjshm5n-libXrender-0.9.11' from 'https://cache.nixos.org'...
2026-02-21T22:42:48.3267077Z copying path '/nix/store/kvzfyxs3v0nb2lvfx28c5hj0vz7j9737-libpng-apng-1.6.43' from 'https://cache.nixos.org'...
2026-02-21T22:42:48.3274353Z copying path '/nix/store/bbd59cqw259149r2ddk4w1q0lr2fch8c-sqlite-3.46.1' from 'https://cache.nixos.org'...
2026-02-21T22:42:48.3565939Z copying path '/nix/store/kabp82iq5p0l8zidw9ch1mrpq431g6jd-libaom-3.10.0' from 'https://cache.nixos.org'...
2026-02-21T22:42:48.3609634Z copying path '/nix/store/dbkf2m0b3a2n9drrbz6ra4ljfx45d4aa-libvmaf-3.0.0-dev' from 'https://cache.nixos.org'...
2026-02-21T22:42:48.3680567Z copying path '/nix/store/g9hgzjcj9g7hw3c2pzgz271b1g1jgc4w-krb5-1.21.3-lib' from 'https://cache.nixos.org'...
2026-02-21T22:42:48.4315200Z copying path '/nix/store/cxwsmlr3xh1ml4r0kgdjrknw7504b9f8-diffutils-3.10' from 'https://cache.nixos.org'...
2026-02-21T22:42:48.4860466Z copying path '/nix/store/w8pnfazxqwmrqmwkb5zrz1bifsd8abxl-findutils-4.10.0' from 'https://cache.nixos.org'...
2026-02-21T22:42:48.5018446Z copying path '/nix/store/1n0b29iid3y0w9i91v9zqdiwnx3inak0-libssh2-1.11.1' from 'https://cache.nixos.org'...
2026-02-21T22:42:48.5525052Z copying path '/nix/store/bwkb907myixfzzykp21m9iczkhrq5pfy-binutils-2.43.1' from 'https://cache.nixos.org'...
2026-02-21T22:42:48.5677295Z copying path '/nix/store/6fklzkr5x213h868q31isgy82wpmb1yb-perl-5.40.0' from 'https://cache.nixos.org'...
2026-02-21T22:42:48.5729466Z copying path '/nix/store/n0q4xhb9z19f0rfd1i8frw7a3ip3rgar-readline-8.2p13' from 'https://cache.nixos.org'...
2026-02-21T22:42:48.5758872Z copying path '/nix/store/8pys6a47askf0g75a1k73p3rx2wim7m6-zstd-1.5.6' from 'https://cache.nixos.org'...
2026-02-21T22:42:48.5825615Z copying path '/nix/store/waj425c88y21wccgk9zpyi3q48xq0sgk-freetype-2.13.3' from 'https://cache.nixos.org'...
2026-02-21T22:42:48.5827022Z copying path '/nix/store/zgcaxpjipkvdz3185gfb8ba63xw1sv4n-libwebp-1.4.0' from 'https://cache.nixos.org'...
2026-02-21T22:42:48.7870508Z copying path '/nix/store/v567mv8b0bg0ph7xn61g33qqm484xxj0-libaom-3.10.0-bin' from 'https://cache.nixos.org'...
2026-02-21T22:42:48.8760785Z copying path '/nix/store/avwmwsn9v4an5v2a4k1gzbqk917avjn1-gts-0.7.6' from 'https://cache.nixos.org'...
2026-02-21T22:42:48.8817644Z copying path '/nix/store/ps0zg8jx995br0s7k353qhal1ma3nnbd-curl-8.11.0' from 'https://cache.nixos.org'...
2026-02-21T22:42:48.9055905Z copying path '/nix/store/spb2bpcnw0gbbr4x94cq8xs9n72hipwj-stdenv-linux' from 'https://cache.nixos.org'...
2026-02-21T22:42:49.1980746Z copying path '/nix/store/qb69wvblgz1x2hkfxf7lwl9lg9xk4zpj-python3-3.9.20' from 'https://cache.nixos.org'...
2026-02-21T22:42:49.1982123Z copying path '/nix/store/zv1kaq7f1q20x62kbjv6pfjygw5jmwl6-python3-3.12.7' from 'https://cache.nixos.org'...
2026-02-21T22:42:49.2401134Z building '/nix/store/ryf981zc9kshrrgm5c5dphnw879gn09m-builder.pl.drv'...
2026-02-21T22:42:49.2567443Z copying path '/nix/store/n0gxk0ys2zgqqz6zcsq8qlv6nv5k6fpj-libarchive-3.7.7-lib' from 'https://cache.nixos.org'...
2026-02-21T22:42:49.2573810Z copying path '/nix/store/mgw74i0szz30zbmvgasvyws1y8mvkb86-libtiff-4.7.0' from 'https://cache.nixos.org'...
2026-02-21T22:42:49.2710999Z copying path '/nix/store/jfyibphs7pv1izw879lrmr0pp1x3llb8-fontconfig-2.15.0-lib' from 'https://cache.nixos.org'...
2026-02-21T22:42:49.2713442Z copying path '/nix/store/yxgc37sx1a0fswq3hvvld54491ryx6sf-harfbuzz-10.0.1' from 'https://cache.nixos.org'...
2026-02-21T22:42:49.4632392Z copying path '/nix/store/x9as7x6f7cdgcskvvn3yp02m662krr7y-binutils-wrapper-2.43.1' from 'https://cache.nixos.org'...
2026-02-21T22:42:49.4681451Z copying path '/nix/store/1asppgbns142f1sqyr6sz843h0689a1k-libaom-3.10.0-dev' from 'https://cache.nixos.org'...
2026-02-21T22:42:49.6657004Z copying path '/nix/store/9l20xx4bw18qgkicjcrsfx7vfykp9m8h-cairo-1.18.2' from 'https://cache.nixos.org'...
2026-02-21T22:42:49.6659242Z copying path '/nix/store/a98zld1as826z4s0b71xs64k02arj4zj-libXft-2.3.8' from 'https://cache.nixos.org'...
2026-02-21T22:42:49.6661731Z copying path '/nix/store/alnzmaf07kv3dl4017vrzqngay5rx904-gdk-pixbuf-2.42.12' from 'https://cache.nixos.org'...
2026-02-21T22:42:49.6665152Z copying path '/nix/store/xk1z1b27hck084x12pn24rk526arwwlz-libwebp-1.4.0' from 'https://cache.nixos.org'...
2026-02-21T22:42:49.6935677Z copying path '/nix/store/4k2h9qsps52n1v56zq03yi67dwmxa81i-cmake-3.30.5' from 'https://cache.nixos.org'...
2026-02-21T22:42:50.4512369Z copying path '/nix/store/vy93rplabj9l70a098rvp52ni9bg476v-pango-1.54.0' from 'https://cache.nixos.org'...
2026-02-21T22:42:50.4671565Z copying path '/nix/store/96wajifckqya26aazk4lrig5m5npw5l2-libavif-1.1.1' from 'https://cache.nixos.org'...
2026-02-21T22:42:51.2022741Z copying path '/nix/store/ascb2b0zncwlavz03zcj358p1i79hp64-gd-2.3.3' from 'https://cache.nixos.org'...
2026-02-21T22:42:51.8250599Z copying path '/nix/store/lvx8m4mh18aiqlqp5hdjpg3b34a07p35-graphviz-12.2.0' from 'https://cache.nixos.org'...
2026-02-21T22:42:52.7167109Z copying path '/nix/store/mczmw3rln2jm6nm080dapyjpj3833rg9-gcc-arm-embedded-12.3.rel1' from 'https://cache.nixos.org'...
2026-02-21T22:42:53.7444081Z copying path '/nix/store/4apajimszc47rxwcpvc3g3rj2icinl71-gcc-wrapper-13.3.0' from 'https://cache.nixos.org'...
2026-02-21T22:42:53.9524864Z copying path '/nix/store/qpb0z965ffwmny4p2m2jbbaqifkkb5y9-python3.12-docopt-0.6.2' from 'https://cache.nixos.org'...
2026-02-21T22:42:53.9526359Z copying path '/nix/store/wg6fhwksxkxn24rnynizrr6f4rvd9dkf-python3.12-intelhex-2.3.0' from 'https://cache.nixos.org'...
2026-02-21T22:42:53.9527769Z copying path '/nix/store/qnfndbdg0k5s7zb47l5q9h7cszi56gpf-python3.12-packaging-24.1' from 'https://cache.nixos.org'...
2026-02-21T22:42:53.9534870Z copying path '/nix/store/l67gyhnl63la5pxmq4kbhl0g6xrfsdff-python3.12-msgpack-1.1.0' from 'https://cache.nixos.org'...
2026-02-21T22:42:53.9536551Z copying path '/nix/store/qmm23pygh0kisvsm9wrfxw2s5km97670-python3.12-pyelftools-0.31' from 'https://cache.nixos.org'...
2026-02-21T22:42:53.9538156Z copying path '/nix/store/j7q50pmxnawpif7kfimy51mjhjdjldns-python3.12-pyyaml-6.0.2' from 'https://cache.nixos.org'...
2026-02-21T22:42:53.9539748Z copying path '/nix/store/2k9j8zwlhd8vdpn0c4j5zgwkqr6digpx-python3.12-ruamel-base-1.0.0' from 'https://cache.nixos.org'...
2026-02-21T22:42:53.9542124Z copying path '/nix/store/3rghmwyhhwjaj3jmpc3drb8pzz9h14hj-python3.12-ruamel-yaml-clib-0.2.7' from 'https://cache.nixos.org'...
2026-02-21T22:42:53.9543625Z copying path '/nix/store/4743pgjalihwh1vb7jsy17ynw3s0xj04-python3.12-six-1.16.0' from 'https://cache.nixos.org'...
2026-02-21T22:42:53.9545191Z copying path '/nix/store/rs8cgrcn6pkdxs2ksnhs1a0x0pvx5sac-python3.12-progress-1.6' from 'https://cache.nixos.org'...
2026-02-21T22:42:53.9547390Z copying path '/nix/store/n2pgidpi7vpq2hbpylfpa4ck7avniipp-python3.12-typing-extensions-4.12.2' from 'https://cache.nixos.org'...
2026-02-21T22:42:53.9548947Z copying path '/nix/store/2j2fcjlxczkx0yyjn3rqi1h9sd42r97v-python3.12-wrapt-1.16.0' from 'https://cache.nixos.org'...
2026-02-21T22:42:54.2403131Z copying path '/nix/store/gqjd4bvd683s55r0jcgc9q67rvjnmfc6-make-binary-wrapper-hook' from 'https://cache.nixos.org'...
2026-02-21T22:42:54.4268383Z copying path '/nix/store/09wri7s7nlgp1fs4q4ysx96scbbmr74v-python3.12-anytree-2.12.1' from 'https://cache.nixos.org'...
2026-02-21T22:42:54.4280365Z copying path '/nix/store/iz14w235v0nmwc3vnzrlbrkfpaj1qqka-python3.12-python-dateutil-2.9.0.post0' from 'https://cache.nixos.org'...
2026-02-21T22:42:54.4381230Z copying path '/nix/store/7cvm89dzrkw7i4pdidyd8mvny73k07nb-python3.12-ruamel-yaml-0.18.6' from 'https://cache.nixos.org'...
2026-02-21T22:42:54.4465487Z copying path '/nix/store/7p4gqrzavx0lpks2l0j9945zkzv77ds0-python3.12-python-can-4.5.0' from 'https://moergo-glove80-zmk-dev.cachix.org'...
2026-02-21T22:42:54.8263669Z copying path '/nix/store/k1hzsby2pa29jwbbdgg3y4wj0rxn8dnn-python3.12-pykwalify-1.8.0' from 'https://cache.nixos.org'...
2026-02-21T22:42:55.3016491Z building '/nix/store/14s41r3aqgw7vrl845jxarjcx3ivgvc4-python3-3.12.7-env.drv'...
2026-02-21T22:42:55.3938070Z created 296 symlinks in user environment
2026-02-21T22:43:05.8591681Z warning: Ignoring setting 'auto-allocate-uids' because experimental feature 'auto-allocate-uids' is not enabled
2026-02-21T22:43:05.8593023Z warning: Ignoring setting 'impure-env' because experimental feature 'configurable-impure-env' is not enabled
2026-02-21T22:43:05.8835449Z building '/nix/store/7kmdrsh8a2ahkl5588nplck2j31r9632-zmk_go60_lh.drv'...
2026-02-21T22:43:05.9034893Z building '/nix/store/qcd0xiif943gh9mj621557vhxqjcs9gs-zmk_go60_rh.drv'...
2026-02-21T22:43:05.9346241Z Running phase: unpackPhase
2026-02-21T22:43:05.9390908Z unpacking source archive /nix/store/ypiphcbzypxpz9p904y3da2z7rpgj17j-source
2026-02-21T22:43:05.9554297Z Running phase: unpackPhase
2026-02-21T22:43:05.9594074Z unpacking source archive /nix/store/ypiphcbzypxpz9p904y3da2z7rpgj17j-source
2026-02-21T22:43:06.0933615Z source root is source/app
2026-02-21T22:43:06.1077366Z source root is source/app
2026-02-21T22:43:06.1362994Z Running phase: patchPhase
2026-02-21T22:43:06.1429410Z Running phase: updateAutotoolsGnuConfigScriptsPhase
2026-02-21T22:43:06.1515217Z Running phase: patchPhase
2026-02-21T22:43:06.1571912Z Running phase: updateAutotoolsGnuConfigScriptsPhase
2026-02-21T22:43:06.1662180Z Running phase: configurePhase
2026-02-21T22:43:06.1706398Z fixing cmake files...
2026-02-21T22:43:06.1809751Z Running phase: configurePhase
2026-02-21T22:43:06.1849950Z fixing cmake files...
2026-02-21T22:43:06.3637116Z cmake flags: -GNinja -DCMAKE_FIND_USE_SYSTEM_PACKAGE_REGISTRY=OFF -DCMAKE_FIND_USE_PACKAGE_REGISTRY=OFF -DCMAKE_EXPORT_NO_PACKAGE_REGISTRY=ON -DCMAKE_BUILD_TYPE=Release -DBUILD_TESTING=OFF -DCMAKE_INSTALL_LOCALEDIR=/nix/store/9rxw4p8nxygnm9hdg4v85yxajq7vf57n-zmk_go60_lh/share/locale -DCMAKE_INSTALL_LIBEXECDIR=/nix/store/9rxw4p8nxygnm9hdg4v85yxajq7vf57n-zmk_go60_lh/libexec -DCMAKE_INSTALL_LIBDIR=/nix/store/9rxw4p8nxygnm9hdg4v85yxajq7vf57n-zmk_go60_lh/lib -DCMAKE_INSTALL_DOCDIR=/nix/store/9rxw4p8nxygnm9hdg4v85yxajq7vf57n-zmk_go60_lh/share/doc/zmk -DCMAKE_INSTALL_INFODIR=/nix/store/9rxw4p8nxygnm9hdg4v85yxajq7vf57n-zmk_go60_lh/share/info -DCMAKE_INSTALL_MANDIR=/nix/store/9rxw4p8nxygnm9hdg4v85yxajq7vf57n-zmk_go60_lh/share/man -DCMAKE_INSTALL_OLDINCLUDEDIR=/nix/store/9rxw4p8nxygnm9hdg4v85yxajq7vf57n-zmk_go60_lh/include -DCMAKE_INSTALL_INCLUDEDIR=/nix/store/9rxw4p8nxygnm9hdg4v85yxajq7vf57n-zmk_go60_lh/include -DCMAKE_INSTALL_SBINDIR=/nix/store/9rxw4p8nxygnm9hdg4v85yxajq7vf57n-zmk_go60_lh/sbin -DCMAKE_INSTALL_BINDIR=/nix/store/9rxw4p8nxygnm9hdg4v85yxajq7vf57n-zmk_go60_lh/bin -DCMAKE_INSTALL_NAME_DIR=/nix/store/9rxw4p8nxygnm9hdg4v85yxajq7vf57n-zmk_go60_lh/lib -DCMAKE_POLICY_DEFAULT_CMP0025=NEW -DCMAKE_FIND_FRAMEWORK=LAST -DCMAKE_STRIP= -DCMAKE_RANLIB= -DCMAKE_AR= -DCMAKE_C_COMPILER= -DCMAKE_CXX_COMPILER= -DCMAKE_INSTALL_PREFIX=/nix/store/9rxw4p8nxygnm9hdg4v85yxajq7vf57n-zmk_go60_lh -DZEPHYR_BASE=/nix/store/pz26iwsn417j90xs7y7cwbsjnk7b1riv-zephyr/zephyr -DBOARD_ROOT=. -DBOARD=go60_lh -DZEPHYR_TOOLCHAIN_VARIANT=gnuarmemb -DGNUARMEMB_TOOLCHAIN_PATH=/nix/store/mczmw3rln2jm6nm080dapyjpj3833rg9-gcc-arm-embedded-12.3.rel1 -DCMAKE_C_COMPILER=/nix/store/mczmw3rln2jm6nm080dapyjpj3833rg9-gcc-arm-embedded-12.3.rel1/bin/arm-none-eabi-gcc -DCMAKE_CXX_COMPILER=/nix/store/mczmw3rln2jm6nm080dapyjpj3833rg9-gcc-arm-embedded-12.3.rel1/bin/arm-none-eabi-g++ -DCMAKE_AR=/nix/store/mczmw3rln2jm6nm080dapyjpj3833rg9-gcc-arm-embedded-12.3.rel1/bin/arm-none-eabi-ar -DCMAKE_RANLIB=/nix/store/mczmw3rln2jm6nm080dapyjpj3833rg9-gcc-arm-embedded-12.3.rel1/bin/arm-none-eabi-ranlib -DZEPHYR_MODULES=/nix/store/pq757h971kd946xqi9ckk2ylsj25i610-zmk-module-cmsis/cmsis\;/nix/store/wggfl9p3y2ahy21hb1gpfgr3fxsbv8ss-zmk-module-hal_nordic/hal_nordic\;/nix/store/grk5a1pd1mbzl3lgzf2amf7c0nbb0rvs-zmk-module-tinycrypt/tinycrypt\;/nix/store/44v1jwji8rksbmvsjwkd4igbb1vhxbl5-zmk-module-lvgl/lvgl\;/nix/store/4bn1207zpfrcdmf1ldh86ziaav3kwwbb-zmk-module-picolibc/picolibc\;/nix/store/w90l0zpl7slydmc947qscinn0d6rgq5c-zmk-module-segger/segger\;/nix/store/3581iwklzqcg4iyhlyqqrj7yvvm0pykl-cirque-input-module -DKEYMAP_FILE=/nix/store/s1zcf2p21dg9xnmspjnn87n1m3yyzab3-zmk-custom-functions-lib/boards/go60/go60.keymap -DEXTRA_CONF_FILE=/nix/store/s1zcf2p21dg9xnmspjnn87n1m3yyzab3-zmk-custom-functions-lib/boards/go60/go60.conf -DUSER_CACHE_DIR=/build/.cache
2026-02-21T22:43:06.3724383Z Loading Zephyr default modules (Zephyr base (cached)).
2026-02-21T22:43:06.3726300Z -- Application: /build/source/app
2026-02-21T22:43:06.3726732Z -- CMake version: 3.30.5
2026-02-21T22:43:06.3768336Z cmake flags: -GNinja -DCMAKE_FIND_USE_SYSTEM_PACKAGE_REGISTRY=OFF -DCMAKE_FIND_USE_PACKAGE_REGISTRY=OFF -DCMAKE_EXPORT_NO_PACKAGE_REGISTRY=ON -DCMAKE_BUILD_TYPE=Release -DBUILD_TESTING=OFF -DCMAKE_INSTALL_LOCALEDIR=/nix/store/2q5shc1w4lx113naayjlv3cs0bcrbg9q-zmk_go60_rh/share/locale -DCMAKE_INSTALL_LIBEXECDIR=/nix/store/2q5shc1w4lx113naayjlv3cs0bcrbg9q-zmk_go60_rh/libexec -DCMAKE_INSTALL_LIBDIR=/nix/store/2q5shc1w4lx113naayjlv3cs0bcrbg9q-zmk_go60_rh/lib -DCMAKE_INSTALL_DOCDIR=/nix/store/2q5shc1w4lx113naayjlv3cs0bcrbg9q-zmk_go60_rh/share/doc/zmk -DCMAKE_INSTALL_INFODIR=/nix/store/2q5shc1w4lx113naayjlv3cs0bcrbg9q-zmk_go60_rh/share/info -DCMAKE_INSTALL_MANDIR=/nix/store/2q5shc1w4lx113naayjlv3cs0bcrbg9q-zmk_go60_rh/share/man -DCMAKE_INSTALL_OLDINCLUDEDIR=/nix/store/2q5shc1w4lx113naayjlv3cs0bcrbg9q-zmk_go60_rh/include -DCMAKE_INSTALL_INCLUDEDIR=/nix/store/2q5shc1w4lx113naayjlv3cs0bcrbg9q-zmk_go60_rh/include -DCMAKE_INSTALL_SBINDIR=/nix/store/2q5shc1w4lx113naayjlv3cs0bcrbg9q-zmk_go60_rh/sbin -DCMAKE_INSTALL_BINDIR=/nix/store/2q5shc1w4lx113naayjlv3cs0bcrbg9q-zmk_go60_rh/bin -DCMAKE_INSTALL_NAME_DIR=/nix/store/2q5shc1w4lx113naayjlv3cs0bcrbg9q-zmk_go60_rh/lib -DCMAKE_POLICY_DEFAULT_CMP0025=NEW -DCMAKE_FIND_FRAMEWORK=LAST -DCMAKE_STRIP= -DCMAKE_RANLIB= -DCMAKE_AR= -DCMAKE_C_COMPILER= -DCMAKE_CXX_COMPILER= -DCMAKE_INSTALL_PREFIX=/nix/store/2q5shc1w4lx113naayjlv3cs0bcrbg9q-zmk_go60_rh -DZEPHYR_BASE=/nix/store/pz26iwsn417j90xs7y7cwbsjnk7b1riv-zephyr/zephyr -DBOARD_ROOT=. -DBOARD=go60_rh -DZEPHYR_TOOLCHAIN_VARIANT=gnuarmemb -DGNUARMEMB_TOOLCHAIN_PATH=/nix/store/mczmw3rln2jm6nm080dapyjpj3833rg9-gcc-arm-embedded-12.3.rel1 -DCMAKE_C_COMPILER=/nix/store/mczmw3rln2jm6nm080dapyjpj3833rg9-gcc-arm-embedded-12.3.rel1/bin/arm-none-eabi-gcc -DCMAKE_CXX_COMPILER=/nix/store/mczmw3rln2jm6nm080dapyjpj3833rg9-gcc-arm-embedded-12.3.rel1/bin/arm-none-eabi-g++ -DCMAKE_AR=/nix/store/mczmw3rln2jm6nm080dapyjpj3833rg9-gcc-arm-embedded-12.3.rel1/bin/arm-none-eabi-ar -DCMAKE_RANLIB=/nix/store/mczmw3rln2jm6nm080dapyjpj3833rg9-gcc-arm-embedded-12.3.rel1/bin/arm-none-eabi-ranlib -DZEPHYR_MODULES=/nix/store/pq757h971kd946xqi9ckk2ylsj25i610-zmk-module-cmsis/cmsis\;/nix/store/wggfl9p3y2ahy21hb1gpfgr3fxsbv8ss-zmk-module-hal_nordic/hal_nordic\;/nix/store/grk5a1pd1mbzl3lgzf2amf7c0nbb0rvs-zmk-module-tinycrypt/tinycrypt\;/nix/store/44v1jwji8rksbmvsjwkd4igbb1vhxbl5-zmk-module-lvgl/lvgl\;/nix/store/4bn1207zpfrcdmf1ldh86ziaav3kwwbb-zmk-module-picolibc/picolibc\;/nix/store/w90l0zpl7slydmc947qscinn0d6rgq5c-zmk-module-segger/segger\;/nix/store/3581iwklzqcg4iyhlyqqrj7yvvm0pykl-cirque-input-module -DKEYMAP_FILE=/nix/store/s1zcf2p21dg9xnmspjnn87n1m3yyzab3-zmk-custom-functions-lib/boards/go60/go60.keymap -DEXTRA_CONF_FILE=/nix/store/s1zcf2p21dg9xnmspjnn87n1m3yyzab3-zmk-custom-functions-lib/boards/go60/go60.conf -DUSER_CACHE_DIR=/build/.cache
2026-02-21T22:43:06.3875938Z Loading Zephyr default modules (Zephyr base (cached)).
2026-02-21T22:43:06.3878392Z -- Application: /build/source/app
2026-02-21T22:43:06.3878817Z -- CMake version: 3.30.5
2026-02-21T22:43:06.5964006Z -- Found Python3: /nix/store/3ym73yjdw7yg6sv3nwr0syligji76i3z-python3-3.12.7-env/bin/python (found suitable version "3.12.7", minimum required is "3.8") found components: Interpreter
2026-02-21T22:43:06.5973028Z -- Cache files will be written to: /build/.cache
2026-02-21T22:43:06.6025100Z -- Zephyr version: 3.5.0 (/nix/store/pz26iwsn417j90xs7y7cwbsjnk7b1riv-zephyr/zephyr)
2026-02-21T22:43:06.6122143Z -- Found Python3: /nix/store/3ym73yjdw7yg6sv3nwr0syligji76i3z-python3-3.12.7-env/bin/python (found suitable version "3.12.7", minimum required is "3.8") found components: Interpreter
2026-02-21T22:43:06.6130257Z -- Cache files will be written to: /build/.cache
2026-02-21T22:43:06.6199405Z -- Zephyr version: 3.5.0 (/nix/store/pz26iwsn417j90xs7y7cwbsjnk7b1riv-zephyr/zephyr)
2026-02-21T22:43:06.7826745Z -- Using keymap file: /nix/store/s1zcf2p21dg9xnmspjnn87n1m3yyzab3-zmk-custom-functions-lib/boards/go60/go60.keymap
2026-02-21T22:43:06.7869797Z -- Board: go60_lh
2026-02-21T22:43:06.7877429Z -- Using keymap file: /nix/store/s1zcf2p21dg9xnmspjnn87n1m3yyzab3-zmk-custom-functions-lib/boards/go60/go60.keymap
2026-02-21T22:43:06.7922542Z -- Board: go60_rh
2026-02-21T22:43:06.9570330Z -- Found toolchain: gnuarmemb (/nix/store/mczmw3rln2jm6nm080dapyjpj3833rg9-gcc-arm-embedded-12.3.rel1)
2026-02-21T22:43:06.9617055Z -- Found toolchain: gnuarmemb (/nix/store/mczmw3rln2jm6nm080dapyjpj3833rg9-gcc-arm-embedded-12.3.rel1)
2026-02-21T22:43:06.9646120Z -- Found Dtc: /nix/store/2nvmq98zj69i1af1ksh6m08hvfdkjv1z-dtc-1.7.2/bin/dtc (found suitable version "1.7.2", minimum required is "1.4.6")
2026-02-21T22:43:06.9671438Z -- Found BOARD.dts: /build/source/app/boards/arm/go60/go60_lh.dts
2026-02-21T22:43:06.9672796Z -- Found devicetree overlay: /nix/store/s1zcf2p21dg9xnmspjnn87n1m3yyzab3-zmk-custom-functions-lib/boards/go60/go60.keymap
2026-02-21T22:43:06.9707200Z -- Found Dtc: /nix/store/2nvmq98zj69i1af1ksh6m08hvfdkjv1z-dtc-1.7.2/bin/dtc (found suitable version "1.7.2", minimum required is "1.4.6")
2026-02-21T22:43:06.9709845Z -- Found BOARD.dts: /build/source/app/boards/arm/go60/go60_rh.dts
2026-02-21T22:43:06.9712812Z -- Found devicetree overlay: /nix/store/s1zcf2p21dg9xnmspjnn87n1m3yyzab3-zmk-custom-functions-lib/boards/go60/go60.keymap
2026-02-21T22:43:07.1516998Z devicetree error: /nix/store/s1zcf2p21dg9xnmspjnn87n1m3yyzab3-zmk-custom-functions-lib/boards/go60/board_meta.dtsi:27 (column 19): parse error: expected number or parenthesized expression
2026-02-21T22:43:07.1560725Z devicetree error: /nix/store/s1zcf2p21dg9xnmspjnn87n1m3yyzab3-zmk-custom-functions-lib/boards/go60/board_meta.dtsi:27 (column 19): parse error: expected number or parenthesized expression
2026-02-21T22:43:07.1633229Z -- In: /build/source/app/build/zephyr, command: /nix/store/3ym73yjdw7yg6sv3nwr0syligji76i3z-python3-3.12.7-env/bin/python;/nix/store/pz26iwsn417j90xs7y7cwbsjnk7b1riv-zephyr/zephyr/scripts/dts/gen_defines.py;--dts;/build/source/app/build/zephyr/zephyr.dts.pre;--dtc-flags;'-Wno-unique_unit_address_if_enabled';--bindings-dirs;/nix/store/3581iwklzqcg4iyhlyqqrj7yvvm0pykl-cirque-input-module/dts/bindings;/build/source/app/module/dts/bindings;/build/source/app/dts/bindings;/nix/store/pz26iwsn417j90xs7y7cwbsjnk7b1riv-zephyr/zephyr/dts/bindings;--header-out;/build/source/app/build/zephyr/include/generated/devicetree_generated.h.new;--dts-out;/build/source/app/build/zephyr/zephyr.dts.new;--edt-pickle-out;/build/source/app/build/zephyr/edt.pickle;--vendor-prefixes;/nix/store/3581iwklzqcg4iyhlyqqrj7yvvm0pykl-cirque-input-module/dts/bindings/vendor-prefixes.txt;--vendor-prefixes;/build/source/app/dts/bindings/vendor-prefixes.txt;--vendor-prefixes;/nix/store/pz26iwsn417j90xs7y7cwbsjnk7b1riv-zephyr/zephyr/dts/bindings/vendor-prefixes.txt
2026-02-21T22:43:07.1641404Z CMake Error at /nix/store/pz26iwsn417j90xs7y7cwbsjnk7b1riv-zephyr/zephyr/cmake/modules/dts.cmake:279 (message):
2026-02-21T22:43:07.1643215Z   gen_defines.py failed with return code: 1
2026-02-21T22:43:07.1643931Z Call Stack (most recent call first):
2026-02-21T22:43:07.1645102Z   /nix/store/pz26iwsn417j90xs7y7cwbsjnk7b1riv-zephyr/zephyr/cmake/modules/zephyr_default.cmake:129 (include)
2026-02-21T22:43:07.1646362Z   /nix/store/pz26iwsn417j90xs7y7cwbsjnk7b1riv-zephyr/zephyr/share/zephyr-package/cmake/ZephyrConfig.cmake:66 (include)
2026-02-21T22:43:07.1647844Z   /nix/store/pz26iwsn417j90xs7y7cwbsjnk7b1riv-zephyr/zephyr/share/zephyr-package/cmake/ZephyrConfig.cmake:97 (include_boilerplate)
2026-02-21T22:43:07.1648853Z   CMakeLists.txt:9 (find_package)
2026-02-21T22:43:07.1649101Z 
2026-02-21T22:43:07.1649106Z 
2026-02-21T22:43:07.1649261Z -- Configuring incomplete, errors occurred!
2026-02-21T22:43:07.2449298Z error: builder for '/nix/store/7kmdrsh8a2ahkl5588nplck2j31r9632-zmk_go60_lh.drv' failed with exit code 1;
2026-02-21T22:43:07.2449967Z        last 10 log lines:
2026-02-21T22:43:07.2450479Z        > CMake Error at /nix/store/pz26iwsn417j90xs7y7cwbsjnk7b1riv-zephyr/zephyr/cmake/modules/dts.cmake:279 (message):
2026-02-21T22:43:07.2451042Z        >   gen_defines.py failed with return code: 1
2026-02-21T22:43:07.2451324Z        > Call Stack (most recent call first):
2026-02-21T22:43:07.2451835Z        >   /nix/store/pz26iwsn417j90xs7y7cwbsjnk7b1riv-zephyr/zephyr/cmake/modules/zephyr_default.cmake:129 (include)
2026-02-21T22:43:07.2452618Z        >   /nix/store/pz26iwsn417j90xs7y7cwbsjnk7b1riv-zephyr/zephyr/share/zephyr-package/cmake/ZephyrConfig.cmake:66 (include)
2026-02-21T22:43:07.2453718Z        >   /nix/store/pz26iwsn417j90xs7y7cwbsjnk7b1riv-zephyr/zephyr/share/zephyr-package/cmake/ZephyrConfig.cmake:97 (include_boilerplate)
2026-02-21T22:43:07.2454309Z        >   CMakeLists.txt:9 (find_package)
2026-02-21T22:43:07.2454809Z        >
2026-02-21T22:43:07.2455011Z        > 
2026-02-21T22:43:07.2455406Z        > -- Configuring incomplete, errors occurred!
2026-02-21T22:43:07.2456053Z        For full logs, run 'nix log /nix/store/7kmdrsh8a2ahkl5588nplck2j31r9632-zmk_go60_lh.drv'.
2026-02-21T22:43:07.3481094Z error: 1 dependencies of derivation '/nix/store/f0507s9lzngfdhg07pr3wr9jpr44i07d-combined_zmk_go60_lh_zmk_go60_rh.drv' failed to build
2026-02-21T22:43:07.3592021Z ##[error]Process completed with exit code 1.
2026-02-21T22:43:07.3658035Z Post job cleanup.
2026-02-21T22:43:07.4082672Z ##[group]Cachix: push
2026-02-21T22:43:07.4083817Z Pushing is disabled as skipPush is set to true
2026-02-21T22:43:07.4084817Z ##[endgroup]
2026-02-21T22:43:07.4176240Z Post job cleanup.
2026-02-21T22:43:07.5096201Z [command]/usr/bin/git version
2026-02-21T22:43:07.5131404Z git version 2.52.0
2026-02-21T22:43:07.5172611Z Temporarily overriding HOME='/home/runner/work/_temp/8eec9345-2b8e-4239-94ad-8c66bb0fdbc7' before making global git config changes
2026-02-21T22:43:07.5173799Z Adding repository directory to the temporary git global config as a safe directory
2026-02-21T22:43:07.5184757Z [command]/usr/bin/git config --global --add safe.directory /home/runner/work/zmk-custom-functions-lib/zmk-custom-functions-lib/src
2026-02-21T22:43:07.5218342Z [command]/usr/bin/git config --local --name-only --get-regexp core\.sshCommand
2026-02-21T22:43:07.5249650Z [command]/usr/bin/git submodule foreach --recursive sh -c "git config --local --name-only --get-regexp 'core\.sshCommand' && git config --local --unset-all 'core.sshCommand' || :"
2026-02-21T22:43:07.5476990Z [command]/usr/bin/git config --local --name-only --get-regexp http\.https\:\/\/github\.com\/\.extraheader
2026-02-21T22:43:07.5495995Z http.https://github.com/.extraheader
2026-02-21T22:43:07.5508215Z [command]/usr/bin/git config --local --unset-all http.https://github.com/.extraheader
2026-02-21T22:43:07.5537528Z [command]/usr/bin/git submodule foreach --recursive sh -c "git config --local --name-only --get-regexp 'http\.https\:\/\/github\.com\/\.extraheader' && git config --local --unset-all 'http.https://github.com/.extraheader' || :"
2026-02-21T22:43:07.5757070Z [command]/usr/bin/git config --local --name-only --get-regexp ^includeIf\.gitdir:
2026-02-21T22:43:07.5786887Z [command]/usr/bin/git submodule foreach --recursive git config --local --show-origin --name-only --get-regexp remote.origin.url
2026-02-21T22:43:07.6131893Z Post job cleanup.
2026-02-21T22:43:07.7079002Z [command]/usr/bin/git version
2026-02-21T22:43:07.7125838Z git version 2.52.0
2026-02-21T22:43:07.7181329Z Temporarily overriding HOME='/home/runner/work/_temp/8718cd11-4e50-40ae-8554-96fcedc6ce00' before making global git config changes
2026-02-21T22:43:07.7182546Z Adding repository directory to the temporary git global config as a safe directory
2026-02-21T22:43:07.7197739Z [command]/usr/bin/git config --global --add safe.directory /home/runner/work/zmk-custom-functions-lib/zmk-custom-functions-lib
2026-02-21T22:43:07.7238978Z [command]/usr/bin/git config --local --name-only --get-regexp core\.sshCommand
2026-02-21T22:43:07.7277998Z [command]/usr/bin/git submodule foreach --recursive sh -c "git config --local --name-only --get-regexp 'core\.sshCommand' && git config --local --unset-all 'core.sshCommand' || :"
2026-02-21T22:43:07.7519378Z [command]/usr/bin/git config --local --name-only --get-regexp http\.https\:\/\/github\.com\/\.extraheader
2026-02-21T22:43:07.7541596Z http.https://github.com/.extraheader
2026-02-21T22:43:07.7554300Z [command]/usr/bin/git config --local --unset-all http.https://github.com/.extraheader
2026-02-21T22:43:07.7585789Z [command]/usr/bin/git submodule foreach --recursive sh -c "git config --local --name-only --get-regexp 'http\.https\:\/\/github\.com\/\.extraheader' && git config --local --unset-all 'http.https://github.com/.extraheader' || :"
2026-02-21T22:43:07.7821097Z [command]/usr/bin/git config --local --name-only --get-regexp ^includeIf\.gitdir:
2026-02-21T22:43:07.7851351Z [command]/usr/bin/git submodule foreach --recursive git config --local --show-origin --name-only --get-regexp remote.origin.url
2026-02-21T22:43:07.8169127Z Cleaning up orphan processes
