2026-02-21T22:42:16.8889985Z Current runner version: '2.331.0'
2026-02-21T22:42:16.8912524Z ##[group]Runner Image Provisioner
2026-02-21T22:42:16.8913358Z Hosted Compute Agent
2026-02-21T22:42:16.8913911Z Version: 20260123.484
2026-02-21T22:42:16.8914520Z Commit: 6bd6555ca37d84114959e1c76d2c01448ff61c5d
2026-02-21T22:42:16.8915236Z Build Date: 2026-01-23T19:41:17Z
2026-02-21T22:42:16.8915858Z Worker ID: {fce6e260-553e-42bd-aa26-160edb33ff36}
2026-02-21T22:42:16.8916573Z Azure Region: westus3
2026-02-21T22:42:16.8917179Z ##[endgroup]
2026-02-21T22:42:16.8918887Z ##[group]Operating System
2026-02-21T22:42:16.8919582Z Ubuntu
2026-02-21T22:42:16.8920051Z 24.04.3
2026-02-21T22:42:16.8920520Z LTS
2026-02-21T22:42:16.8920948Z ##[endgroup]
2026-02-21T22:42:16.8921556Z ##[group]Runner Image
2026-02-21T22:42:16.8922065Z Image: ubuntu-24.04
2026-02-21T22:42:16.8922557Z Version: 20260201.15.1
2026-02-21T22:42:16.8923765Z Included Software: https://github.com/actions/runner-images/blob/ubuntu24/20260201.15/images/ubuntu/Ubuntu2404-Readme.md
2026-02-21T22:42:16.8925287Z Image Release: https://github.com/actions/runner-images/releases/tag/ubuntu24%2F20260201.15
2026-02-21T22:42:16.8926202Z ##[endgroup]
2026-02-21T22:42:16.8927263Z ##[group]GITHUB_TOKEN Permissions
2026-02-21T22:42:16.8929528Z Contents: read
2026-02-21T22:42:16.8930080Z Metadata: read
2026-02-21T22:42:16.8930545Z Packages: read
2026-02-21T22:42:16.8931140Z ##[endgroup]
2026-02-21T22:42:16.8933130Z Secret source: Actions
2026-02-21T22:42:16.8933811Z Prepare workflow directory
2026-02-21T22:42:16.9257094Z Prepare all required actions
2026-02-21T22:42:16.9294806Z Getting action download info
2026-02-21T22:42:17.3570659Z Download action repository 'actions/checkout@v4' (SHA:34e114876b0b11c390a56381ad16ebd13914f8d5)
2026-02-21T22:42:17.4536244Z Download action repository 'cachix/install-nix-action@v25' (SHA:6004951b182f8860210c8d6f0d808ec5b1a33d28)
2026-02-21T22:42:17.9912098Z Download action repository 'cachix/cachix-action@v14' (SHA:18cf96c7c98e048e10a83abd92116114cd8504be)
2026-02-21T22:42:18.6680220Z Download action repository 'actions/upload-artifact@v4' (SHA:ea165f8d65b6e75b540449e92b4886f43607fa02)
2026-02-21T22:42:18.9399013Z Complete job name: Build Glove80
2026-02-21T22:42:19.0210317Z ##[group]Run actions/checkout@v4
2026-02-21T22:42:19.0211590Z with:
2026-02-21T22:42:19.0212491Z   repository: nothingfortune/zmk-custom-functions-lib
2026-02-21T22:42:19.0214007Z   token: ***
2026-02-21T22:42:19.0214739Z   ssh-strict: true
2026-02-21T22:42:19.0215498Z   ssh-user: git
2026-02-21T22:42:19.0216286Z   persist-credentials: true
2026-02-21T22:42:19.0217161Z   clean: true
2026-02-21T22:42:19.0217940Z   sparse-checkout-cone-mode: true
2026-02-21T22:42:19.0219117Z   fetch-depth: 1
2026-02-21T22:42:19.0219889Z   fetch-tags: false
2026-02-21T22:42:19.0220666Z   show-progress: true
2026-02-21T22:42:19.0221457Z   lfs: false
2026-02-21T22:42:19.0222179Z   submodules: false
2026-02-21T22:42:19.0222967Z   set-safe-directory: true
2026-02-21T22:42:19.0224068Z ##[endgroup]
2026-02-21T22:42:19.1291785Z Syncing repository: nothingfortune/zmk-custom-functions-lib
2026-02-21T22:42:19.1294571Z ##[group]Getting Git version info
2026-02-21T22:42:19.1296436Z Working directory is '/home/runner/work/zmk-custom-functions-lib/zmk-custom-functions-lib'
2026-02-21T22:42:19.1298802Z [command]/usr/bin/git version
2026-02-21T22:42:19.1380545Z git version 2.52.0
2026-02-21T22:42:19.1407060Z ##[endgroup]
2026-02-21T22:42:19.1423214Z Temporarily overriding HOME='/home/runner/work/_temp/54c1a904-beec-4d35-9324-84a225b21084' before making global git config changes
2026-02-21T22:42:19.1427881Z Adding repository directory to the temporary git global config as a safe directory
2026-02-21T22:42:19.1437382Z [command]/usr/bin/git config --global --add safe.directory /home/runner/work/zmk-custom-functions-lib/zmk-custom-functions-lib
2026-02-21T22:42:19.1476506Z Deleting the contents of '/home/runner/work/zmk-custom-functions-lib/zmk-custom-functions-lib'
2026-02-21T22:42:19.1480795Z ##[group]Initializing the repository
2026-02-21T22:42:19.1484884Z [command]/usr/bin/git init /home/runner/work/zmk-custom-functions-lib/zmk-custom-functions-lib
2026-02-21T22:42:19.1605567Z hint: Using 'master' as the name for the initial branch. This default branch name
2026-02-21T22:42:19.1607511Z hint: will change to "main" in Git 3.0. To configure the initial branch name
2026-02-21T22:42:19.1609487Z hint: to use in all of your new repositories, which will suppress this warning,
2026-02-21T22:42:19.1611471Z hint: call:
2026-02-21T22:42:19.1612313Z hint:
2026-02-21T22:42:19.1614042Z hint: 	git config --global init.defaultBranch <name>
2026-02-21T22:42:19.1616014Z hint:
2026-02-21T22:42:19.1617906Z hint: Names commonly chosen instead of 'master' are 'main', 'trunk' and
2026-02-21T22:42:19.1621213Z hint: 'development'. The just-created branch can be renamed via this command:
2026-02-21T22:42:19.1623730Z hint:
2026-02-21T22:42:19.1625108Z hint: 	git branch -m <name>
2026-02-21T22:42:19.1626570Z hint:
2026-02-21T22:42:19.1628710Z hint: Disable this message with "git config set advice.defaultBranchName false"
2026-02-21T22:42:19.1632136Z Initialized empty Git repository in /home/runner/work/zmk-custom-functions-lib/zmk-custom-functions-lib/.git/
2026-02-21T22:42:19.1635995Z [command]/usr/bin/git remote add origin https://github.com/nothingfortune/zmk-custom-functions-lib
2026-02-21T22:42:19.1661320Z ##[endgroup]
2026-02-21T22:42:19.1664249Z ##[group]Disabling automatic garbage collection
2026-02-21T22:42:19.1666670Z [command]/usr/bin/git config --local gc.auto 0
2026-02-21T22:42:19.1694824Z ##[endgroup]
2026-02-21T22:42:19.1697012Z ##[group]Setting up auth
2026-02-21T22:42:19.1702249Z [command]/usr/bin/git config --local --name-only --get-regexp core\.sshCommand
2026-02-21T22:42:19.1734526Z [command]/usr/bin/git submodule foreach --recursive sh -c "git config --local --name-only --get-regexp 'core\.sshCommand' && git config --local --unset-all 'core.sshCommand' || :"
2026-02-21T22:42:19.2110416Z [command]/usr/bin/git config --local --name-only --get-regexp http\.https\:\/\/github\.com\/\.extraheader
2026-02-21T22:42:19.2142659Z [command]/usr/bin/git submodule foreach --recursive sh -c "git config --local --name-only --get-regexp 'http\.https\:\/\/github\.com\/\.extraheader' && git config --local --unset-all 'http.https://github.com/.extraheader' || :"
2026-02-21T22:42:19.2357254Z [command]/usr/bin/git config --local --name-only --get-regexp ^includeIf\.gitdir:
2026-02-21T22:42:19.2385792Z [command]/usr/bin/git submodule foreach --recursive git config --local --show-origin --name-only --get-regexp remote.origin.url
2026-02-21T22:42:19.2609830Z [command]/usr/bin/git config --local http.https://github.com/.extraheader AUTHORIZATION: basic ***
2026-02-21T22:42:19.2644880Z ##[endgroup]
2026-02-21T22:42:19.2647212Z ##[group]Fetching the repository
2026-02-21T22:42:19.2656354Z [command]/usr/bin/git -c protocol.version=2 fetch --no-tags --prune --no-recurse-submodules --depth=1 origin +36a779d76fd5db290dc732bcbe6856e785d4ce71:refs/remotes/origin/main
2026-02-21T22:42:19.7358626Z From https://github.com/nothingfortune/zmk-custom-functions-lib
2026-02-21T22:42:19.7362390Z  * [new ref]         36a779d76fd5db290dc732bcbe6856e785d4ce71 -> origin/main
2026-02-21T22:42:19.7392024Z ##[endgroup]
2026-02-21T22:42:19.7393725Z ##[group]Determining the checkout info
2026-02-21T22:42:19.7395220Z ##[endgroup]
2026-02-21T22:42:19.7398267Z [command]/usr/bin/git sparse-checkout disable
2026-02-21T22:42:19.7439061Z [command]/usr/bin/git config --local --unset-all extensions.worktreeConfig
2026-02-21T22:42:19.7463906Z ##[group]Checking out the ref
2026-02-21T22:42:19.7466951Z [command]/usr/bin/git checkout --progress --force -B main refs/remotes/origin/main
2026-02-21T22:42:19.7556689Z Switched to a new branch 'main'
2026-02-21T22:42:19.7559426Z branch 'main' set up to track 'origin/main'.
2026-02-21T22:42:19.7566416Z ##[endgroup]
2026-02-21T22:42:19.7597815Z [command]/usr/bin/git log -1 --format=%H
2026-02-21T22:42:19.7619201Z 36a779d76fd5db290dc732bcbe6856e785d4ce71
2026-02-21T22:42:19.7934876Z ##[group]Run actions/checkout@v4
2026-02-21T22:42:19.7935997Z with:
2026-02-21T22:42:19.7936745Z   repository: moergo-sc/zmk
2026-02-21T22:42:19.7937570Z   ref: main
2026-02-21T22:42:19.7938371Z   path: src
2026-02-21T22:42:19.7939284Z   token: ***
2026-02-21T22:42:19.7939988Z   ssh-strict: true
2026-02-21T22:42:19.7940703Z   ssh-user: git
2026-02-21T22:42:19.7941456Z   persist-credentials: true
2026-02-21T22:42:19.7942291Z   clean: true
2026-02-21T22:42:19.7943045Z   sparse-checkout-cone-mode: true
2026-02-21T22:42:19.7943964Z   fetch-depth: 1
2026-02-21T22:42:19.7944692Z   fetch-tags: false
2026-02-21T22:42:19.7945449Z   show-progress: true
2026-02-21T22:42:19.7946204Z   lfs: false
2026-02-21T22:42:19.7946901Z   submodules: false
2026-02-21T22:42:19.7947670Z   set-safe-directory: true
2026-02-21T22:42:19.7948657Z ##[endgroup]
2026-02-21T22:42:19.8918681Z Syncing repository: moergo-sc/zmk
2026-02-21T22:42:19.8926272Z ##[group]Getting Git version info
2026-02-21T22:42:19.8929489Z Working directory is '/home/runner/work/zmk-custom-functions-lib/zmk-custom-functions-lib/src'
2026-02-21T22:42:19.8970681Z [command]/usr/bin/git version
2026-02-21T22:42:19.9006114Z git version 2.52.0
2026-02-21T22:42:19.9032745Z ##[endgroup]
2026-02-21T22:42:19.9046298Z Temporarily overriding HOME='/home/runner/work/_temp/5d133ec6-cfc9-453a-a31d-1fb027714e17' before making global git config changes
2026-02-21T22:42:19.9051034Z Adding repository directory to the temporary git global config as a safe directory
2026-02-21T22:42:19.9060404Z [command]/usr/bin/git config --global --add safe.directory /home/runner/work/zmk-custom-functions-lib/zmk-custom-functions-lib/src
2026-02-21T22:42:19.9090648Z ##[group]Initializing the repository
2026-02-21T22:42:19.9096937Z [command]/usr/bin/git init /home/runner/work/zmk-custom-functions-lib/zmk-custom-functions-lib/src
2026-02-21T22:42:19.9132719Z hint: Using 'master' as the name for the initial branch. This default branch name
2026-02-21T22:42:19.9135687Z hint: will change to "main" in Git 3.0. To configure the initial branch name
2026-02-21T22:42:19.9138969Z hint: to use in all of your new repositories, which will suppress this warning,
2026-02-21T22:42:19.9141395Z hint: call:
2026-02-21T22:42:19.9215646Z hint:
2026-02-21T22:42:19.9217249Z hint: 	git config --global init.defaultBranch <name>
2026-02-21T22:42:19.9219054Z hint:
2026-02-21T22:42:19.9220107Z hint: Names commonly chosen instead of 'master' are 'main', 'trunk' and
2026-02-21T22:42:19.9222123Z hint: 'development'. The just-created branch can be renamed via this command:
2026-02-21T22:42:19.9223468Z hint:
2026-02-21T22:42:19.9224159Z hint: 	git branch -m <name>
2026-02-21T22:42:19.9224961Z hint:
2026-02-21T22:42:19.9226100Z hint: Disable this message with "git config set advice.defaultBranchName false"
2026-02-21T22:42:19.9228576Z Initialized empty Git repository in /home/runner/work/zmk-custom-functions-lib/zmk-custom-functions-lib/src/.git/
2026-02-21T22:42:19.9231908Z [command]/usr/bin/git remote add origin https://github.com/moergo-sc/zmk
2026-02-21T22:42:19.9234620Z ##[endgroup]
2026-02-21T22:42:19.9235900Z ##[group]Disabling automatic garbage collection
2026-02-21T22:42:19.9237047Z [command]/usr/bin/git config --local gc.auto 0
2026-02-21T22:42:19.9239638Z ##[endgroup]
2026-02-21T22:42:19.9240825Z ##[group]Setting up auth
2026-02-21T22:42:19.9242065Z [command]/usr/bin/git config --local --name-only --get-regexp core\.sshCommand
2026-02-21T22:42:19.9253207Z [command]/usr/bin/git submodule foreach --recursive sh -c "git config --local --name-only --get-regexp 'core\.sshCommand' && git config --local --unset-all 'core.sshCommand' || :"
2026-02-21T22:42:19.9485100Z [command]/usr/bin/git config --local --name-only --get-regexp http\.https\:\/\/github\.com\/\.extraheader
2026-02-21T22:42:19.9520439Z [command]/usr/bin/git submodule foreach --recursive sh -c "git config --local --name-only --get-regexp 'http\.https\:\/\/github\.com\/\.extraheader' && git config --local --unset-all 'http.https://github.com/.extraheader' || :"
2026-02-21T22:42:19.9754408Z [command]/usr/bin/git config --local --name-only --get-regexp ^includeIf\.gitdir:
2026-02-21T22:42:19.9787474Z [command]/usr/bin/git submodule foreach --recursive git config --local --show-origin --name-only --get-regexp remote.origin.url
2026-02-21T22:42:20.0046363Z [command]/usr/bin/git config --local http.https://github.com/.extraheader AUTHORIZATION: basic ***
2026-02-21T22:42:20.0080598Z ##[endgroup]
2026-02-21T22:42:20.0082874Z ##[group]Fetching the repository
2026-02-21T22:42:20.0091551Z [command]/usr/bin/git -c protocol.version=2 fetch --no-tags --prune --no-recurse-submodules --depth=1 origin +refs/heads/main*:refs/remotes/origin/main* +refs/tags/main*:refs/tags/main*
2026-02-21T22:42:20.9810558Z From https://github.com/moergo-sc/zmk
2026-02-21T22:42:20.9811654Z  * [new branch]      main       -> origin/main
2026-02-21T22:42:20.9840507Z ##[endgroup]
2026-02-21T22:42:20.9841561Z ##[group]Determining the checkout info
2026-02-21T22:42:20.9848760Z [command]/usr/bin/git branch --list --remote origin/main
2026-02-21T22:42:20.9871702Z   origin/main
2026-02-21T22:42:20.9877164Z ##[endgroup]
2026-02-21T22:42:20.9881501Z [command]/usr/bin/git sparse-checkout disable
2026-02-21T22:42:20.9918616Z [command]/usr/bin/git config --local --unset-all extensions.worktreeConfig
2026-02-21T22:42:20.9946241Z ##[group]Checking out the ref
2026-02-21T22:42:20.9949140Z [command]/usr/bin/git checkout --progress --force -B main refs/remotes/origin/main
2026-02-21T22:42:21.1304447Z Switched to a new branch 'main'
2026-02-21T22:42:21.1306197Z branch 'main' set up to track 'origin/main'.
2026-02-21T22:42:21.1316955Z ##[endgroup]
2026-02-21T22:42:21.1358420Z [command]/usr/bin/git log -1 --format=%H
2026-02-21T22:42:21.1381744Z 11454d23596afbdb06380a1125371b19ab65675c
2026-02-21T22:42:21.1545856Z ##[group]Run cachix/install-nix-action@v25
2026-02-21T22:42:21.1546167Z with:
2026-02-21T22:42:21.1546378Z   nix_path: nixpkgs=channel:nixos-22.05
2026-02-21T22:42:21.1546647Z   enable_kvm: true
2026-02-21T22:42:21.1546841Z ##[endgroup]
2026-02-21T22:42:21.1632022Z ##[group]Run ${GITHUB_ACTION_PATH}/install-nix.sh
2026-02-21T22:42:21.1632455Z [36;1m${GITHUB_ACTION_PATH}/install-nix.sh[0m
2026-02-21T22:42:21.1666869Z shell: /usr/bin/bash --noprofile --norc -e -o pipefail {0}
2026-02-21T22:42:21.1667219Z env:
2026-02-21T22:42:21.1667412Z   INPUT_EXTRA_NIX_CONFIG: 
2026-02-21T22:42:21.1667657Z   INPUT_GITHUB_ACCESS_TOKEN: 
2026-02-21T22:42:21.1667891Z   INPUT_INSTALL_OPTIONS: 
2026-02-21T22:42:21.1668358Z   INPUT_INSTALL_URL: 
2026-02-21T22:42:21.1668608Z   INPUT_NIX_PATH: nixpkgs=channel:nixos-22.05
2026-02-21T22:42:21.1668898Z   INPUT_ENABLE_KVM: true
2026-02-21T22:42:21.1669367Z   GITHUB_TOKEN: ***
2026-02-21T22:42:21.1669580Z ##[endgroup]
2026-02-21T22:42:21.1762191Z ##[group]Enabling KVM support
2026-02-21T22:42:21.1827710Z KERNEL=="kvm", GROUP="kvm", MODE="0666", OPTIONS+="static_node=kvm"
2026-02-21T22:42:21.2123606Z Enabled KVM
2026-02-21T22:42:21.2124381Z ##[endgroup]
2026-02-21T22:42:21.2124937Z ##[group]Installing Nix
2026-02-21T22:42:21.2406018Z installer options: --no-channel-add --darwin-use-unencrypted-nix-store-volume --nix-extra-conf-file /tmp/tmp.uTP9igsKDo/nix.conf --daemon --daemon-user-count 8
2026-02-21T22:42:21.4117594Z * Host releases.nixos.org:443 was resolved.
2026-02-21T22:42:21.4121872Z * IPv6: 2a04:4e42:87::347
2026-02-21T22:42:21.4122167Z * IPv4: 146.75.93.91
2026-02-21T22:42:21.4122402Z *   Trying 146.75.93.91:443...
2026-02-21T22:42:21.4211502Z * Connected to releases.nixos.org (146.75.93.91) port 443
2026-02-21T22:42:21.4228418Z * ALPN: curl offers h2,http/1.1
2026-02-21T22:42:21.4230179Z } [5 bytes data]
2026-02-21T22:42:21.4230505Z * TLSv1.3 (OUT), TLS handshake, Client hello (1):
2026-02-21T22:42:21.4230814Z } [512 bytes data]
2026-02-21T22:42:21.4448483Z *  CAfile: /etc/ssl/certs/ca-certificates.crt
2026-02-21T22:42:21.4448912Z *  CApath: /etc/ssl/certs
2026-02-21T22:42:21.4449157Z { [5 bytes data]
2026-02-21T22:42:21.4449421Z * TLSv1.3 (IN), TLS handshake, Server hello (2):
2026-02-21T22:42:21.4449733Z { [122 bytes data]
2026-02-21T22:42:21.4450544Z * TLSv1.3 (IN), TLS handshake, Encrypted Extensions (8):
2026-02-21T22:42:21.4450915Z { [19 bytes data]
2026-02-21T22:42:21.4451180Z * TLSv1.3 (IN), TLS handshake, Certificate (11):
2026-02-21T22:42:21.4451487Z { [2602 bytes data]
2026-02-21T22:42:21.4456842Z * TLSv1.3 (IN), TLS handshake, CERT verify (15):
2026-02-21T22:42:21.4457318Z { [264 bytes data]
2026-02-21T22:42:21.4457655Z * TLSv1.3 (IN), TLS handshake, Finished (20):
2026-02-21T22:42:21.4458239Z { [36 bytes data]
2026-02-21T22:42:21.4458615Z * TLSv1.3 (OUT), TLS change cipher, Change cipher spec (1):
2026-02-21T22:42:21.4459108Z } [1 bytes data]
2026-02-21T22:42:21.4459524Z * TLSv1.3 (OUT), TLS handshake, Finished (20):
2026-02-21T22:42:21.4459982Z } [36 bytes data]
2026-02-21T22:42:21.4460489Z * SSL connection using TLSv1.3 / TLS_AES_128_GCM_SHA256 / X25519 / RSASSA-PSS
2026-02-21T22:42:21.4460949Z * ALPN: server accepted h2
2026-02-21T22:42:21.4461345Z * Server certificate:
2026-02-21T22:42:21.4461771Z *  subject: CN=releases.nixos.org
2026-02-21T22:42:21.4462178Z *  start date: Jan 13 01:58:01 2026 GMT
2026-02-21T22:42:21.4462492Z *  expire date: Apr 13 01:58:00 2026 GMT
2026-02-21T22:42:21.4462958Z *  subjectAltName: host "releases.nixos.org" matched cert's "releases.nixos.org"
2026-02-21T22:42:21.4463451Z *  issuer: C=US; O=Let's Encrypt; CN=R12
2026-02-21T22:42:21.4463755Z *  SSL certificate verify ok.
2026-02-21T22:42:21.4464285Z *   Certificate level 0: Public key type RSA (2048/112 Bits/secBits), signed using sha256WithRSAEncryption
2026-02-21T22:42:21.4465091Z *   Certificate level 1: Public key type RSA (2048/112 Bits/secBits), signed using sha256WithRSAEncryption
2026-02-21T22:42:21.4466077Z *   Certificate level 2: Public key type RSA (4096/152 Bits/secBits), signed using sha256WithRSAEncryption
2026-02-21T22:42:21.4466542Z { [5 bytes data]
2026-02-21T22:42:21.4466790Z * TLSv1.3 (IN), TLS handshake, Newsession Ticket (4):
2026-02-21T22:42:21.4467079Z { [201 bytes data]
2026-02-21T22:42:21.4467261Z * using HTTP/2
2026-02-21T22:42:21.4467633Z * [HTTP/2] [1] OPENED stream for https://releases.nixos.org/nix/nix-2.19.2/install
2026-02-21T22:42:21.4468178Z * [HTTP/2] [1] [:method: GET]
2026-02-21T22:42:21.4468411Z * [HTTP/2] [1] [:scheme: https]
2026-02-21T22:42:21.4468671Z * [HTTP/2] [1] [:authority: releases.nixos.org]
2026-02-21T22:42:21.4468965Z * [HTTP/2] [1] [:path: /nix/nix-2.19.2/install]
2026-02-21T22:42:21.4469243Z * [HTTP/2] [1] [user-agent: curl/8.5.0]
2026-02-21T22:42:21.4469493Z * [HTTP/2] [1] [accept: */*]
2026-02-21T22:42:21.4469707Z } [5 bytes data]
2026-02-21T22:42:21.4469900Z > GET /nix/nix-2.19.2/install HTTP/2
2026-02-21T22:42:21.4470154Z > Host: releases.nixos.org
2026-02-21T22:42:21.4470373Z > User-Agent: curl/8.5.0
2026-02-21T22:42:21.4470584Z > Accept: */*
2026-02-21T22:42:21.4470761Z > 
2026-02-21T22:42:21.4552905Z { [5 bytes data]
2026-02-21T22:42:21.4586736Z < HTTP/2 200 
2026-02-21T22:42:21.4587066Z < last-modified: Wed, 29 Nov 2023 16:16:25 GMT
2026-02-21T22:42:21.4587494Z < etag: "65029e6468c72d36dcb083ab91c4a430"
2026-02-21T22:42:21.4587812Z < x-amz-server-side-encryption: AES256
2026-02-21T22:42:21.4588287Z < content-type: text/plain
2026-02-21T22:42:21.4588514Z < server: AmazonS3
2026-02-21T22:42:21.4588708Z < via: 1.1 varnish, 1.1 varnish
2026-02-21T22:42:21.4588953Z < access-control-allow-origin: *
2026-02-21T22:42:21.4589188Z < accept-ranges: bytes
2026-02-21T22:42:21.4589403Z < date: Sat, 21 Feb 2026 22:42:21 GMT
2026-02-21T22:42:21.4589629Z < age: 142596
2026-02-21T22:42:21.4589897Z < x-served-by: cache-dub4395-DUB, cache-bur-kbur8200141-BUR
2026-02-21T22:42:21.4590202Z < x-cache: HIT, HIT
2026-02-21T22:42:21.4590398Z < x-cache-hits: 130, 1
2026-02-21T22:42:21.4590596Z < content-length: 4052
2026-02-21T22:42:21.4590801Z < 
2026-02-21T22:42:21.4590965Z { [4052 bytes data]
2026-02-21T22:42:21.4591202Z * Connection #0 to host releases.nixos.org left intact
2026-02-21T22:42:21.4658196Z downloading Nix 2.19.2 binary tarball for x86_64-linux from 'https://releases.nixos.org/nix/nix-2.19.2/nix-2.19.2-x86_64-linux.tar.xz' to '/tmp/nix-binary-tarball-unpack.DkBb1eh8Kn'...
2026-02-21T22:42:21.4705576Z   % Total    % Received % Xferd  Average Speed   Time    Time     Time  Current
2026-02-21T22:42:21.4706400Z                                  Dload  Upload   Total   Spent    Left  Speed
2026-02-21T22:42:21.4706796Z 
2026-02-21T22:42:21.6221720Z   0     0    0     0    0     0      0      0 --:--:-- --:--:-- --:--:--     0
2026-02-21T22:42:21.6222375Z 100 20.6M  100 20.6M    0     0   136M      0 --:--:-- --:--:-- --:--:--  136M
2026-02-21T22:42:23.0611662Z Note: a multi-user installation is possible. See https://nixos.org/manual/nix/stable/installation/installing-binary.html#multi-user-installation
2026-02-21T22:42:23.0621132Z Warning: the flag --darwin-use-unencrypted-nix-store-volume
2026-02-21T22:42:23.0621674Z          is no longer needed and will be removed in the future.
2026-02-21T22:42:23.0622053Z 
2026-02-21T22:42:23.0631812Z [1;31mSwitching to the Multi-user Installer[0m
2026-02-21T22:42:23.0728757Z [32mWelcome to the Multi-User Nix Installation
2026-02-21T22:42:23.0738457Z [0m
2026-02-21T22:42:23.0738941Z This installation tool will set up your computer with the Nix package
2026-02-21T22:42:23.0739507Z manager. This will happen in a few stages:
2026-02-21T22:42:23.0739708Z 
2026-02-21T22:42:23.0739875Z 1. Make sure your computer doesn't already have Nix. If it does, I
2026-02-21T22:42:23.0740280Z    will show you instructions on how to clean up your old install.
2026-02-21T22:42:23.0740520Z 
2026-02-21T22:42:23.0740777Z 2. Show you what I am going to install and where. Then I will ask
2026-02-21T22:42:23.0741357Z    if you are ready to continue.
2026-02-21T22:42:23.0741602Z 
2026-02-21T22:42:23.0742417Z 3. Create the system users [34m(uids [30001..30008])[0m and groups [34m(gid 30000)[0m
2026-02-21T22:42:23.0743101Z    that the Nix daemon uses to run builds.
2026-02-21T22:42:23.0743413Z 
2026-02-21T22:42:23.0743648Z 4. Perform the basic installation of the Nix files daemon.
2026-02-21T22:42:23.0744063Z 
2026-02-21T22:42:23.0744361Z 5. Configure your shell to import special Nix Profile files, so you
2026-02-21T22:42:23.0744929Z    can use Nix.
2026-02-21T22:42:23.0745115Z 
2026-02-21T22:42:23.0745246Z 6. Start the Nix daemon.
2026-02-21T22:42:23.0745476Z 
2026-02-21T22:42:23.0745932Z [32m[4;32mWould you like to see a more detailed list of what I will do?
2026-02-21T22:42:23.0746616Z [0mNo TTY, assuming you would say yes :)
2026-02-21T22:42:23.0750980Z 
2026-02-21T22:42:23.0751233Z I will:
2026-02-21T22:42:23.0751413Z 
2026-02-21T22:42:23.0751674Z  - make sure your computer doesn't already have Nix files
2026-02-21T22:42:23.0752296Z    (if it does, I will tell you how to clean them up.)
2026-02-21T22:42:23.0752960Z  - create local users (see the list above for the users I'll make)
2026-02-21T22:42:23.0753566Z  - create a local group (nixbld)
2026-02-21T22:42:23.0754008Z  - install Nix in to /nix
2026-02-21T22:42:23.0754426Z  - create a configuration file in /etc/nix
2026-02-21T22:42:23.0755059Z  - set up the "default profile" by creating some Nix-related files in
2026-02-21T22:42:23.0755616Z    /root
2026-02-21T22:42:23.0766148Z  - back up /etc/bash.bashrc to /etc/bash.bashrc.backup-before-nix
2026-02-21T22:42:23.0766880Z  - update /etc/bash.bashrc to include some Nix configuration
2026-02-21T22:42:23.0777890Z  - load and start a service (at /etc/systemd/system/nix-daemon.service
2026-02-21T22:42:23.0778796Z    and /etc/systemd/system/nix-daemon.socket) for nix-daemon
2026-02-21T22:42:23.0779043Z 
2026-02-21T22:42:23.0780198Z [32m[4;32mReady to continue?
2026-02-21T22:42:23.0780671Z [0mNo TTY, assuming you would say yes :)
2026-02-21T22:42:23.0797956Z 
2026-02-21T22:42:23.0798950Z [34m---- let's talk about sudo -----------------------------------------------------
2026-02-21T22:42:23.0808697Z [0mThis script is going to call sudo a lot. Normally, it would show you
2026-02-21T22:42:23.0809440Z exactly what commands it is running and why. However, the script is
2026-02-21T22:42:23.0810172Z run in a headless fashion, like this:
2026-02-21T22:42:23.0810342Z 
2026-02-21T22:42:23.0810476Z   $ curl -L https://nixos.org/nix/install | sh
2026-02-21T22:42:23.0810670Z 
2026-02-21T22:42:23.0810970Z or maybe in a CI pipeline. Because of that, I'm going to skip the
2026-02-21T22:42:23.0811533Z verbose output in the interest of brevity.
2026-02-21T22:42:23.0811834Z 
2026-02-21T22:42:23.0811911Z If you would like to
2026-02-21T22:42:23.0812115Z see the output, try like this:
2026-02-21T22:42:23.0812265Z 
2026-02-21T22:42:23.0812500Z   $ curl -L -o install-nix https://nixos.org/nix/install
2026-02-21T22:42:23.0813009Z   $ sh ./install-nix
2026-02-21T22:42:23.0813202Z 
2026-02-21T22:42:23.0813214Z 
2026-02-21T22:42:23.0813534Z [32m~~> Checking for artifacts of previous installs
2026-02-21T22:42:23.0822225Z [0mBefore I try to install, I'll check for signs Nix already is or has
2026-02-21T22:42:23.0822589Z been installed on this system.
2026-02-21T22:42:23.0855696Z 
2026-02-21T22:42:23.0856324Z [34m---- Nix config report ---------------------------------------------------------
2026-02-21T22:42:23.0857059Z [0m[1m        Temp Dir[0m:	/tmp/tmp.10aevTNDhI
2026-02-21T22:42:23.0857539Z [1m        Nix Root[0m:	/nix
2026-02-21T22:42:23.0857885Z [1m     Build Users[0m:	8
2026-02-21T22:42:23.0858420Z [1m  Build Group ID[0m:	30000
2026-02-21T22:42:23.0858706Z [1mBuild Group Name[0m:	nixbld
2026-02-21T22:42:23.0858857Z 
2026-02-21T22:42:23.0858955Z [4;34mbuild users:
2026-02-21T22:42:23.0859164Z [0m[1m    Username[0m:	UID
2026-02-21T22:42:23.0969481Z [1m     nixbld1[0m:	30001
2026-02-21T22:42:23.0979532Z [1m     nixbld2[0m:	30002
2026-02-21T22:42:23.0989448Z [1m     nixbld3[0m:	30003
2026-02-21T22:42:23.0999474Z [1m     nixbld4[0m:	30004
2026-02-21T22:42:23.1009791Z [1m     nixbld5[0m:	30005
2026-02-21T22:42:23.1019968Z [1m     nixbld6[0m:	30006
2026-02-21T22:42:23.1029813Z [1m     nixbld7[0m:	30007
2026-02-21T22:42:23.1039755Z [1m     nixbld8[0m:	30008
2026-02-21T22:42:23.1040019Z 
2026-02-21T22:42:23.1040177Z [32m[4;32mReady to continue?
2026-02-21T22:42:23.1040704Z [0mNo TTY, assuming you would say yes :)
2026-02-21T22:42:23.1041380Z 
2026-02-21T22:42:23.1041745Z [32m~~> Setting up the build group nixbld
2026-02-21T22:42:23.1279962Z [0m[1m            Created[0m:	Yes
2026-02-21T22:42:23.1302829Z 
2026-02-21T22:42:23.1303361Z [32m~~> Setting up the build user nixbld1
2026-02-21T22:42:23.1485195Z useradd warning: nixbld1's uid 30001 is greater than SYS_UID_MAX 999
2026-02-21T22:42:23.1601195Z [0m[1m           Created[0m:	Yes
2026-02-21T22:42:23.1606159Z [1m            Hidden[0m:	Yes
2026-02-21T22:42:23.1624052Z [1m    Home Directory[0m:	/var/empty
2026-02-21T22:42:23.1644316Z [1m              Note[0m:	Nix build user 1
2026-02-21T22:42:23.1661667Z [1m   Logins Disabled[0m:	Yes
2026-02-21T22:42:23.1685230Z [1m  Member of nixbld[0m:	Yes
2026-02-21T22:42:23.1703432Z [1m    PrimaryGroupID[0m:	30000
2026-02-21T22:42:23.1714351Z 
2026-02-21T22:42:23.1715790Z [32m~~> Setting up the build user nixbld2
2026-02-21T22:42:23.1859810Z useradd warning: nixbld2's uid 30002 is greater than SYS_UID_MAX 999
2026-02-21T22:42:23.1974204Z [0m[1m           Created[0m:	Yes
2026-02-21T22:42:23.1979561Z [1m            Hidden[0m:	Yes
2026-02-21T22:42:23.1997520Z [1m    Home Directory[0m:	/var/empty
2026-02-21T22:42:23.2018633Z [1m              Note[0m:	Nix build user 2
2026-02-21T22:42:23.2039455Z [1m   Logins Disabled[0m:	Yes
2026-02-21T22:42:23.2057627Z [1m  Member of nixbld[0m:	Yes
2026-02-21T22:42:23.2075314Z [1m    PrimaryGroupID[0m:	30000
2026-02-21T22:42:23.2085939Z 
2026-02-21T22:42:23.2086381Z [32m~~> Setting up the build user nixbld3
2026-02-21T22:42:23.2224787Z useradd warning: nixbld3's uid 30003 is greater than SYS_UID_MAX 999
2026-02-21T22:42:23.2340190Z [0m[1m           Created[0m:	Yes
2026-02-21T22:42:23.2345402Z [1m            Hidden[0m:	Yes
2026-02-21T22:42:23.2363456Z [1m    Home Directory[0m:	/var/empty
2026-02-21T22:42:23.2383963Z [1m              Note[0m:	Nix build user 3
2026-02-21T22:42:23.2405874Z [1m   Logins Disabled[0m:	Yes
2026-02-21T22:42:23.2427875Z [1m  Member of nixbld[0m:	Yes
2026-02-21T22:42:23.2449944Z [1m    PrimaryGroupID[0m:	30000
2026-02-21T22:42:23.2461737Z 
2026-02-21T22:42:23.2462283Z [32m~~> Setting up the build user nixbld4
2026-02-21T22:42:23.2621245Z useradd warning: nixbld4's uid 30004 is greater than SYS_UID_MAX 999
2026-02-21T22:42:23.2735697Z [0m[1m           Created[0m:	Yes
2026-02-21T22:42:23.2741060Z [1m            Hidden[0m:	Yes
2026-02-21T22:42:23.2759370Z [1m    Home Directory[0m:	/var/empty
2026-02-21T22:42:23.2779933Z [1m              Note[0m:	Nix build user 4
2026-02-21T22:42:23.2797520Z [1m   Logins Disabled[0m:	Yes
2026-02-21T22:42:23.2816208Z [1m  Member of nixbld[0m:	Yes
2026-02-21T22:42:23.2834175Z [1m    PrimaryGroupID[0m:	30000
2026-02-21T22:42:23.2845057Z 
2026-02-21T22:42:23.2845549Z [32m~~> Setting up the build user nixbld5
2026-02-21T22:42:23.2983520Z useradd warning: nixbld5's uid 30005 is greater than SYS_UID_MAX 999
2026-02-21T22:42:23.3091007Z [0m[1m           Created[0m:	Yes
2026-02-21T22:42:23.3096745Z [1m            Hidden[0m:	Yes
2026-02-21T22:42:23.3114734Z [1m    Home Directory[0m:	/var/empty
2026-02-21T22:42:23.3135186Z [1m              Note[0m:	Nix build user 5
2026-02-21T22:42:23.3153537Z [1m   Logins Disabled[0m:	Yes
2026-02-21T22:42:23.3172213Z [1m  Member of nixbld[0m:	Yes
2026-02-21T22:42:23.3190761Z [1m    PrimaryGroupID[0m:	30000
2026-02-21T22:42:23.3201951Z 
2026-02-21T22:42:23.3202254Z [32m~~> Setting up the build user nixbld6
2026-02-21T22:42:23.3335729Z useradd warning: nixbld6's uid 30006 is greater than SYS_UID_MAX 999
2026-02-21T22:42:23.3434679Z [0m[1m           Created[0m:	Yes
2026-02-21T22:42:23.3440534Z [1m            Hidden[0m:	Yes
2026-02-21T22:42:23.3458534Z [1m    Home Directory[0m:	/var/empty
2026-02-21T22:42:23.3479101Z [1m              Note[0m:	Nix build user 6
2026-02-21T22:42:23.3497028Z [1m   Logins Disabled[0m:	Yes
2026-02-21T22:42:23.3515799Z [1m  Member of nixbld[0m:	Yes
2026-02-21T22:42:23.3533912Z [1m    PrimaryGroupID[0m:	30000
2026-02-21T22:42:23.3547392Z 
2026-02-21T22:42:23.3547964Z [32m~~> Setting up the build user nixbld7
2026-02-21T22:42:23.3681562Z useradd warning: nixbld7's uid 30007 is greater than SYS_UID_MAX 999
2026-02-21T22:42:23.3790244Z [0m[1m           Created[0m:	Yes
2026-02-21T22:42:23.3795577Z [1m            Hidden[0m:	Yes
2026-02-21T22:42:23.3813570Z [1m    Home Directory[0m:	/var/empty
2026-02-21T22:42:23.3833901Z [1m              Note[0m:	Nix build user 7
2026-02-21T22:42:23.3851787Z [1m   Logins Disabled[0m:	Yes
2026-02-21T22:42:23.3870098Z [1m  Member of nixbld[0m:	Yes
2026-02-21T22:42:23.3887984Z [1m    PrimaryGroupID[0m:	30000
2026-02-21T22:42:23.3899457Z 
2026-02-21T22:42:23.3899961Z [32m~~> Setting up the build user nixbld8
2026-02-21T22:42:23.4043880Z useradd warning: nixbld8's uid 30008 is greater than SYS_UID_MAX 999
2026-02-21T22:42:23.4155262Z [0m[1m           Created[0m:	Yes
2026-02-21T22:42:23.4160704Z [1m            Hidden[0m:	Yes
2026-02-21T22:42:23.4178625Z [1m    Home Directory[0m:	/var/empty
2026-02-21T22:42:23.4199496Z [1m              Note[0m:	Nix build user 8
2026-02-21T22:42:23.4216965Z [1m   Logins Disabled[0m:	Yes
2026-02-21T22:42:23.4235755Z [1m  Member of nixbld[0m:	Yes
2026-02-21T22:42:23.4254098Z [1m    PrimaryGroupID[0m:	30000
2026-02-21T22:42:23.4254422Z 
2026-02-21T22:42:23.4255628Z [32m~~> Setting up the basic directory structure
2026-02-21T22:42:23.4463408Z [0minstall: creating directory '/nix'
2026-02-21T22:42:23.4463948Z install: creating directory '/nix/var'
2026-02-21T22:42:23.4464418Z install: creating directory '/nix/var/log'
2026-02-21T22:42:23.4464843Z install: creating directory '/nix/var/log/nix'
2026-02-21T22:42:23.4465174Z install: creating directory '/nix/var/log/nix/drvs'
2026-02-21T22:42:23.4465510Z install: creating directory '/nix/var/nix'
2026-02-21T22:42:23.4465845Z install: creating directory '/nix/var/nix/db'
2026-02-21T22:42:23.4466566Z install: creating directory '/nix/var/nix/gcroots'
2026-02-21T22:42:23.4466914Z install: creating directory '/nix/var/nix/profiles'
2026-02-21T22:42:23.4467256Z install: creating directory '/nix/var/nix/temproots'
2026-02-21T22:42:23.4467588Z install: creating directory '/nix/var/nix/userpool'
2026-02-21T22:42:23.4467930Z install: creating directory '/nix/var/nix/daemon-socket'
2026-02-21T22:42:23.4468597Z install: creating directory '/nix/var/nix/gcroots/per-user'
2026-02-21T22:42:23.4468986Z install: creating directory '/nix/var/nix/profiles/per-user'
2026-02-21T22:42:23.4537837Z install: creating directory '/nix/store'
2026-02-21T22:42:23.4610158Z install: creating directory '/etc/nix'
2026-02-21T22:42:23.4620055Z 
2026-02-21T22:42:23.4620490Z [32m~~> Installing Nix
2026-02-21T22:42:23.6535653Z [0m      Alright! We have our first nix at /nix/store/smfmnz0ylx80wkbqbjibj7zcw4q668xp-nix-2.19.2
2026-02-21T22:42:23.6936732Z       Just finished getting the nix database ready.
2026-02-21T22:42:23.6939623Z 
2026-02-21T22:42:23.6940667Z [32m~~> Setting up shell profiles: /etc/bashrc /etc/profile.d/nix.sh /etc/zshrc /etc/bash.bashrc /etc/zsh/zshrc
2026-02-21T22:42:23.7092429Z [0m
2026-02-21T22:42:23.7092722Z # Nix
2026-02-21T22:42:23.7093203Z if [ -e '/nix/var/nix/profiles/default/etc/profile.d/nix-daemon.sh' ]; then
2026-02-21T22:42:23.7093681Z   . '/nix/var/nix/profiles/default/etc/profile.d/nix-daemon.sh'
2026-02-21T22:42:23.7094004Z fi
2026-02-21T22:42:23.7094158Z # End Nix
2026-02-21T22:42:23.7094254Z 
2026-02-21T22:42:23.7247246Z 
2026-02-21T22:42:23.7247407Z # Nix
2026-02-21T22:42:23.7247926Z if [ -e '/nix/var/nix/profiles/default/etc/profile.d/nix-daemon.sh' ]; then
2026-02-21T22:42:23.7248909Z   . '/nix/var/nix/profiles/default/etc/profile.d/nix-daemon.sh'
2026-02-21T22:42:23.7249223Z fi
2026-02-21T22:42:23.7249377Z # End Nix
2026-02-21T22:42:23.7249470Z 
2026-02-21T22:42:23.7402056Z 
2026-02-21T22:42:23.7402342Z # Nix
2026-02-21T22:42:23.7402878Z if [ -e '/nix/var/nix/profiles/default/etc/profile.d/nix-daemon.sh' ]; then
2026-02-21T22:42:23.7403661Z   . '/nix/var/nix/profiles/default/etc/profile.d/nix-daemon.sh'
2026-02-21T22:42:23.7404212Z fi
2026-02-21T22:42:23.7404485Z # End Nix
2026-02-21T22:42:23.7404662Z 
2026-02-21T22:42:23.7551596Z 
2026-02-21T22:42:23.7551839Z # Nix
2026-02-21T22:42:23.7552296Z if [ -e '/nix/var/nix/profiles/default/etc/profile.d/nix-daemon.sh' ]; then
2026-02-21T22:42:23.7552871Z   . '/nix/var/nix/profiles/default/etc/profile.d/nix-daemon.sh'
2026-02-21T22:42:23.7553453Z fi
2026-02-21T22:42:23.7553724Z # End Nix
2026-02-21T22:42:23.7553896Z 
2026-02-21T22:42:23.7576059Z 
2026-02-21T22:42:23.7577147Z [32m~~> Setting up shell profiles for Fish with conf.d/nix.fish inside /etc/fish /usr/local/etc/fish /opt/homebrew/etc/fish /opt/local/etc/fish
2026-02-21T22:42:23.7664307Z [0m
2026-02-21T22:42:23.7664699Z [32m~~> Setting up the default profile
2026-02-21T22:42:23.7941320Z installing 'nix-2.19.2'
2026-02-21T22:42:23.8064419Z building '/nix/store/g8k2ay0cs99bzfzdrgl98j8rybjjki98-user-environment.drv'...
2026-02-21T22:42:23.8441143Z installing 'nss-cacert-3.92'
2026-02-21T22:42:23.8561100Z building '/nix/store/yyad8x4mww9vi0njnc0mw4ii4fcslyhc-user-environment.drv'...
2026-02-21T22:42:23.8756507Z [0m
2026-02-21T22:42:23.8756993Z [32m~~> Setting up the nix-daemon systemd service
2026-02-21T22:42:23.9014709Z Created symlink /etc/systemd/system/nix-daemon.service → /nix/var/nix/profiles/default/lib/systemd/system/nix-daemon.service.
2026-02-21T22:42:24.1671818Z Created symlink /etc/systemd/system/nix-daemon.socket → /nix/var/nix/profiles/default/lib/systemd/system/nix-daemon.socket.
2026-02-21T22:42:24.1673713Z Created symlink /etc/systemd/system/sockets.target.wants/nix-daemon.socket → /nix/var/nix/profiles/default/lib/systemd/system/nix-daemon.socket.
2026-02-21T22:42:24.7473080Z [0m[32mAlright! We're done!
2026-02-21T22:42:24.7494007Z [0mTry it! Open a new terminal, and type:
2026-02-21T22:42:24.7494384Z 
2026-02-21T22:42:24.7494586Z   $ nix-shell -p nix-info --run "nix-info -m"
2026-02-21T22:42:24.7495273Z 
2026-02-21T22:42:24.7495574Z Thank you for using this installer. If you have any feedback or need
2026-02-21T22:42:24.7496129Z help, don't hesitate:
2026-02-21T22:42:24.7496344Z 
2026-02-21T22:42:24.7496470Z You can open an issue at
2026-02-21T22:42:24.7497069Z https://github.com/NixOS/nix/issues/new?labels=installer&template=installer.md
2026-02-21T22:42:24.7497596Z 
2026-02-21T22:42:24.7497847Z Or get in touch with the community: https://nixos.org/community
2026-02-21T22:42:24.7515041Z 
2026-02-21T22:42:24.7516093Z [34m---- Reminders -----------------------------------------------------------------
2026-02-21T22:42:24.7516780Z [0m[34m[ 1 ][0m
2026-02-21T22:42:24.7517236Z Nix won't work in active shell sessions until you restart them.
2026-02-21T22:42:24.8259373Z 
2026-02-21T22:42:24.8260315Z ##[endgroup]
2026-02-21T22:42:24.8347812Z ##[group]Run cachix/cachix-action@v14
2026-02-21T22:42:24.8348237Z with:
2026-02-21T22:42:24.8348428Z   name: moergo-glove80-zmk-dev
2026-02-21T22:42:24.8348659Z   skipPush: true
2026-02-21T22:42:24.8348846Z   useDaemon: true
2026-02-21T22:42:24.8349019Z env:
2026-02-21T22:42:24.8349191Z   NIX_PATH: nixpkgs=channel:nixos-22.05
2026-02-21T22:42:24.8349446Z   TMPDIR: /home/runner/work/_temp
2026-02-21T22:42:24.8349663Z ##[endgroup]
2026-02-21T22:42:24.8783432Z ##[group]Cachix: installing
2026-02-21T22:42:24.8824085Z [command]/usr/bin/bash -c nix-env --quiet -j8 -iA cachix -f https://cachix.org/api/v1/install
2026-02-21T22:42:27.5778584Z ##[endgroup]
2026-02-21T22:42:27.5782314Z ##[group]Cachix: checking version
2026-02-21T22:42:27.5783900Z [command]/home/runner/.nix-profile/bin/cachix --version
2026-02-21T22:42:27.6165829Z cachix 1.10.1
2026-02-21T22:42:27.6205110Z ##[endgroup]
2026-02-21T22:42:27.6205786Z ##[group]Cachix: using cache moergo-glove80-zmk-dev
2026-02-21T22:42:27.6207621Z [command]/home/runner/.nix-profile/bin/cachix use moergo-glove80-zmk-dev
2026-02-21T22:42:27.8832722Z No config at /home/runner/.config/nix/nix.conf:
2026-02-21T22:42:27.8833161Z 
2026-02-21T22:42:27.8833552Z /home/runner/.config/nix/nix.conf: openFile: does not exist (No such file or directory)
2026-02-21T22:42:27.8834118Z 
2026-02-21T22:42:27.8836174Z Configured https://moergo-glove80-zmk-dev.cachix.org binary cache in /home/runner/.config/nix/nix.conf
2026-02-21T22:42:27.8923322Z ##[endgroup]
2026-02-21T22:42:27.9248788Z ##[warning]No push credentials found. Ignoring the 'useDaemon' option.
2026-02-21T22:42:27.9256926Z [command]/usr/bin/sh -c /home/runner/work/_actions/cachix/cachix-action/v14/dist/main/list-nix-store.sh > /tmp/store-path-pre-build
2026-02-21T22:42:27.9366491Z ##[group]Run nix-build build/glove80.nix --arg firmware 'import ./src {}' -o result-glove80
2026-02-21T22:42:27.9367114Z [36;1mnix-build build/glove80.nix --arg firmware 'import ./src {}' -o result-glove80[0m
2026-02-21T22:42:27.9400078Z shell: /usr/bin/bash -e {0}
2026-02-21T22:42:27.9400309Z env:
2026-02-21T22:42:27.9400504Z   NIX_PATH: nixpkgs=channel:nixos-22.05
2026-02-21T22:42:27.9400788Z   TMPDIR: /home/runner/work/_temp
2026-02-21T22:42:27.9401015Z ##[endgroup]
2026-02-21T22:42:46.1790576Z these 5 derivations will be built:
2026-02-21T22:42:46.1795874Z   /nix/store/ryf981zc9kshrrgm5c5dphnw879gn09m-builder.pl.drv
2026-02-21T22:42:46.1796653Z   /nix/store/14s41r3aqgw7vrl845jxarjcx3ivgvc4-python3-3.12.7-env.drv
2026-02-21T22:42:46.1797425Z   /nix/store/f33818q4f9sibgnicgj8ckcdbz1qrbss-zmk_glove80_rh.drv
2026-02-21T22:42:46.1798306Z   /nix/store/kqmjqkq2c290v8gsc5wwnvnjhma17847-zmk_glove80_lh.drv
2026-02-21T22:42:46.1799303Z   /nix/store/0ndsmk6plxfhd48b0xbyq63crks0hbxq-combined_zmk_glove80_lh_zmk_glove80_rh.drv
2026-02-21T22:42:46.1800254Z these 156 paths will be fetched (458.96 MiB download, 2284.78 MiB unpacked):
2026-02-21T22:42:46.1801044Z   /nix/store/nrl5m466dwdscvavf1nqzdnqhszjyy9n-acl-2.3.2
2026-02-21T22:42:46.1801656Z   /nix/store/nmq6s9l9zlym3qjx76zzrqbp05a63y90-attr-2.5.2
2026-02-21T22:42:46.1802291Z   /nix/store/p6k7xp1lsfmbdd731mlglrdj2d66mr82-bash-5.2p37
2026-02-21T22:42:46.1803343Z   /nix/store/bwkb907myixfzzykp21m9iczkhrq5pfy-binutils-2.43.1
2026-02-21T22:42:46.1804073Z   /nix/store/2qssg7pjgadwmqns6jm3qlr5bbdl4dcr-binutils-2.43.1-lib
2026-02-21T22:42:46.1804877Z   /nix/store/x9as7x6f7cdgcskvvn3yp02m662krr7y-binutils-wrapper-2.43.1
2026-02-21T22:42:46.1805571Z   /nix/store/2vgwd43vqxm66grkgsy7z1d87z31nzph-brotli-1.1.0-lib
2026-02-21T22:42:46.1806246Z   /nix/store/hl3iw85v12gh9mwgvr9yfgjgy0rk81hb-bzip2-1.0.8
2026-02-21T22:42:46.1806996Z   /nix/store/vqjygx23hkim1kpidik5xcs9whayf3sr-bzip2-1.0.8-bin
2026-02-21T22:42:46.1807758Z   /nix/store/9l20xx4bw18qgkicjcrsfx7vfykp9m8h-cairo-1.18.2
2026-02-21T22:42:46.1808672Z   /nix/store/3581iwklzqcg4iyhlyqqrj7yvvm0pykl-cirque-input-module
2026-02-21T22:42:46.1809393Z   /nix/store/4k2h9qsps52n1v56zq03yi67dwmxa81i-cmake-3.30.5
2026-02-21T22:42:46.1810005Z   /nix/store/azxckjbc4f70yliac1x35z5awbzf9jzj-cmsis
2026-02-21T22:42:46.1810628Z   /nix/store/b1wvkjx96i3s7wblz38ya0zr8i93zbc5-coreutils-9.5
2026-02-21T22:42:46.1811297Z   /nix/store/ps0zg8jx995br0s7k353qhal1ma3nnbd-curl-8.11.0
2026-02-21T22:42:46.1811950Z   /nix/store/zr9c15gg53zsbyc54fsrlwh3r8kmhfyy-dav1d-1.5.0
2026-02-21T22:42:46.1812636Z   /nix/store/n19lfs7ix2g9kdh6cf2pfaylbcwjay71-dav1d-1.5.0-dev
2026-02-21T22:42:46.1813441Z   /nix/store/hbrcibdl494a5w3dypy7095dckalzlqa-dejavu-fonts-minimal-2.37
2026-02-21T22:42:46.1814116Z   /nix/store/85sj9hb9phy4fh3q4fmc1vm9vz27z1lg-die-hook
2026-02-21T22:42:46.1814764Z   /nix/store/cxwsmlr3xh1ml4r0kgdjrknw7504b9f8-diffutils-3.10
2026-02-21T22:42:46.1815411Z   /nix/store/2nvmq98zj69i1af1ksh6m08hvfdkjv1z-dtc-1.7.2
2026-02-21T22:42:46.1816032Z   /nix/store/k5x874vwcaxlan1cw248lwqr4l4v7hyk-ed-1.20.2
2026-02-21T22:42:46.1816759Z   /nix/store/ka4sync4bccr9mz2ys0dbqjn24hp8v57-expand-response-params
2026-02-21T22:42:46.1817499Z   /nix/store/8sgvk9wjq9vfz5irkl4436yhpfr10njq-expat-2.6.4
2026-02-21T22:42:46.1818255Z   /nix/store/g4lksqp6l8qiab4a0as21s6556xh4gyp-file-5.45
2026-02-21T22:42:46.1818958Z   /nix/store/w8pnfazxqwmrqmwkb5zrz1bifsd8abxl-findutils-4.10.0
2026-02-21T22:42:46.1819734Z   /nix/store/ziqnk17xikg73dfrwnyi2jd593xlxza9-fontconfig-2.15.0
2026-02-21T22:42:46.1820533Z   /nix/store/jfyibphs7pv1izw879lrmr0pp1x3llb8-fontconfig-2.15.0-lib
2026-02-21T22:42:46.1821296Z   /nix/store/waj425c88y21wccgk9zpyi3q48xq0sgk-freetype-2.13.3
2026-02-21T22:42:46.1822027Z   /nix/store/37azjaxs8cwqbmb0fywl8fa6n2x8bgwq-fribidi-1.0.16
2026-02-21T22:42:46.1822699Z   /nix/store/nnin69nrnrrmnv2scbwyfkgh1rf51gh1-gawk-5.3.1
2026-02-21T22:42:46.1823345Z   /nix/store/4krab2h0hd4wvxxmscxrw21pl77j4i7j-gcc-13.3.0
2026-02-21T22:42:46.1824309Z   /nix/store/ybjcla5bhj8g1y84998pn4a2drfxybkv-gcc-13.3.0-lib
2026-02-21T22:42:46.1825034Z   /nix/store/j8rzqx7farv0w3isp9z943zy437zk02f-gcc-13.3.0-libgcc
2026-02-21T22:42:46.1825831Z   /nix/store/mczmw3rln2jm6nm080dapyjpj3833rg9-gcc-arm-embedded-12.3.rel1
2026-02-21T22:42:46.1826580Z   /nix/store/4apajimszc47rxwcpvc3g3rj2icinl71-gcc-wrapper-13.3.0
2026-02-21T22:42:46.1827242Z   /nix/store/ascb2b0zncwlavz03zcj358p1i79hp64-gd-2.3.3
2026-02-21T22:42:46.1827774Z   /nix/store/hq7m89gp4kafmj8rr0f5sy2qyl7jq479-gdbm-1.24-lib
2026-02-21T22:42:46.1828663Z   /nix/store/alnzmaf07kv3dl4017vrzqngay5rx904-gdk-pixbuf-2.42.12
2026-02-21T22:42:46.1829375Z   /nix/store/brj8bvvn63gbdrslwsj7gpj0gqaxlprn-giflib-5.2.2
2026-02-21T22:42:46.1830022Z   /nix/store/26hcp8h792wl0h52c5r94qakhvk6q717-glib-2.82.1
2026-02-21T22:42:46.1830681Z   /nix/store/wn7v2vhyyyi6clcyn0s9ixvl7d4d87ic-glibc-2.40-36
2026-02-21T22:42:46.1831396Z   /nix/store/zw5haplzbwjgbp3yykhm6iprkpfppzxb-glibc-2.40-36-bin
2026-02-21T22:42:46.1831975Z   /nix/store/lw21wr626v5sdcaxxkv2k4zf1121hfc9-glibc-2.40-36-dev
2026-02-21T22:42:46.1832557Z   /nix/store/y11zr71f9i1zy1vrdy3kjx8j6slsb3l3-gmp-6.3.0
2026-02-21T22:42:46.1833118Z   /nix/store/nxg637az00fnm705pinlrpjac9b4hgsc-gmp-with-cxx-6.3.0
2026-02-21T22:42:46.1833864Z   /nix/store/rlnih3wlxxwqn4xdahjgfjydvv78kvki-gnu-config-2024-01-01
2026-02-21T22:42:46.1834611Z   /nix/store/85amyk92rg19l4fy0qmy7wr4jmq8p5z0-gnugrep-3.11
2026-02-21T22:42:46.1835322Z   /nix/store/9y5kd90fdbrq3r4yc9mpqn82f93zdgyq-gnumake-4.4.1
2026-02-21T22:42:46.1836223Z   /nix/store/vmby25zqxnx94awvj0k7zn0rsd0zyrwg-gnused-4.9
2026-02-21T22:42:46.1836870Z   /nix/store/zhaypw0znkjnymg0rk1599zn21rr0l50-gnutar-1.35
2026-02-21T22:42:46.1837537Z   /nix/store/23y66ax8z30m8xl4brrz792xlsrm0syr-graphite2-1.3.14
2026-02-21T22:42:46.1838410Z   /nix/store/lvx8m4mh18aiqlqp5hdjpg3b34a07p35-graphviz-12.2.0
2026-02-21T22:42:46.1839084Z   /nix/store/avwmwsn9v4an5v2a4k1gzbqk917avjn1-gts-0.7.6
2026-02-21T22:42:46.1839704Z   /nix/store/a7pimibppfw2m3ryijnwwzx76i780bw2-gzip-1.13
2026-02-21T22:42:46.1840314Z   /nix/store/a473gcmd84qs4vpapa70nwamlpkryc7b-hal_nordic
2026-02-21T22:42:46.1840905Z   /nix/store/yxgc37sx1a0fswq3hvvld54491ryx6sf-harfbuzz-10.0.1
2026-02-21T22:42:46.1841565Z   /nix/store/xxfkk4gqnaimiwzi6mmsmcs9bl2r8y7f-isl-0.20
2026-02-21T22:42:46.1842235Z   /nix/store/ys6f20b4chzkmfh9ak0hjdp60l0g5abb-keyutils-1.6.3-lib
2026-02-21T22:42:46.1842973Z   /nix/store/g9hgzjcj9g7hw3c2pzgz271b1g1jgc4w-krb5-1.21.3-lib
2026-02-21T22:42:46.1843636Z   /nix/store/1dmri839kv55917flq6pyvr6xf17cb29-lerc-4.0.0
2026-02-21T22:42:46.1844258Z   /nix/store/ikjw6a952jd9wn5k06mkj710xzabssr0-libX11-1.8.10
2026-02-21T22:42:46.1844922Z   /nix/store/ighb6h0x1nv14ap2fj0j3bqdn0x3xra4-libXau-1.0.11
2026-02-21T22:42:46.1845334Z   /nix/store/8jqc1bpk99jgib12wgpdjmnbndrmg7vz-libXdmcp-1.1.5
2026-02-21T22:42:46.1845863Z   /nix/store/d5y0sl4vwsb9m99r18zh1mx4fw9y70g6-libXext-1.3.6
2026-02-21T22:42:46.1846501Z   /nix/store/a98zld1as826z4s0b71xs64k02arj4zj-libXft-2.3.8
2026-02-21T22:42:46.1847099Z   /nix/store/ln8sk1vlpzmm346lx30ifihqdw0fw4g9-libXpm-3.5.17
2026-02-21T22:42:46.1847490Z   /nix/store/7ygszkkili3kfqh789ivdgrhyrjshm5n-libXrender-0.9.11
2026-02-21T22:42:46.1847886Z   /nix/store/kabp82iq5p0l8zidw9ch1mrpq431g6jd-libaom-3.10.0
2026-02-21T22:42:46.1848823Z   /nix/store/v567mv8b0bg0ph7xn61g33qqm484xxj0-libaom-3.10.0-bin
2026-02-21T22:42:46.1849243Z   /nix/store/1asppgbns142f1sqyr6sz843h0689a1k-libaom-3.10.0-dev
2026-02-21T22:42:46.1850014Z   /nix/store/n0gxk0ys2zgqqz6zcsq8qlv6nv5k6fpj-libarchive-3.7.7-lib
2026-02-21T22:42:46.1850679Z   /nix/store/96wajifckqya26aazk4lrig5m5npw5l2-libavif-1.1.1
2026-02-21T22:42:46.1851448Z   /nix/store/rk2r5yq7al5jddg6jriwv1lg5j1dw0ih-libdatrie-2019-12-20-lib
2026-02-21T22:42:46.1852233Z   /nix/store/v6m37463j6bs788wbid8yvfhp1773cax-libdeflate-1.22
2026-02-21T22:42:46.1852896Z   /nix/store/lw7psn749bfn2nrn943jdh68hh2im8yl-libffi-3.4.6
2026-02-21T22:42:46.1853548Z   /nix/store/qwjjm4j652ck9izaid7bz63s4hd5bnha-libidn2-2.3.7
2026-02-21T22:42:46.1854592Z   /nix/store/g8m63j9rzhqf0i9v4pzbdyrnzshr5mkx-libjpeg-turbo-3.0.4
2026-02-21T22:42:46.1855325Z   /nix/store/0qqs7bkfk21h8vh7m3x84hphciqv75lm-libmpc-1.3.1
2026-02-21T22:42:46.1856014Z   /nix/store/kvzfyxs3v0nb2lvfx28c5hj0vz7j9737-libpng-apng-1.6.43
2026-02-21T22:42:46.1856741Z   /nix/store/rp6b82pm6b7x03ngbzffsl3vj8pvay5v-libselinux-3.7
2026-02-21T22:42:46.1857432Z   /nix/store/1n0b29iid3y0w9i91v9zqdiwnx3inak0-libssh2-1.11.1
2026-02-21T22:42:46.1858286Z   /nix/store/h11ip75g5azb1d9f9jr8c6pwjhpcx20n-libthai-0.1.29
2026-02-21T22:42:46.1858967Z   /nix/store/mgw74i0szz30zbmvgasvyws1y8mvkb86-libtiff-4.7.0
2026-02-21T22:42:46.1859643Z   /nix/store/ggpir31aij6dj2fsas74jyz8z33dxwnc-libtool-2.4.7-lib
2026-02-21T22:42:46.1860333Z   /nix/store/6pqgj71r0850b0cd95yxx0d52zax016i-libunistring-1.2
2026-02-21T22:42:46.1861007Z   /nix/store/scb132gc1zzd904zibk2mz0q5q42z0ym-libuv-1.48.0
2026-02-21T22:42:46.1861662Z   /nix/store/llj89sgbf5512bnhx76khs7aq2pkhqjv-libvmaf-3.0.0
2026-02-21T22:42:46.1862339Z   /nix/store/dbkf2m0b3a2n9drrbz6ra4ljfx45d4aa-libvmaf-3.0.0-dev
2026-02-21T22:42:46.1863024Z   /nix/store/xk1z1b27hck084x12pn24rk526arwwlz-libwebp-1.4.0
2026-02-21T22:42:46.1863671Z   /nix/store/zgcaxpjipkvdz3185gfb8ba63xw1sv4n-libwebp-1.4.0
2026-02-21T22:42:46.1864339Z   /nix/store/w63ks7mg1dsgm2gg302ss70wpq7g0l4d-libxcb-1.17.0
2026-02-21T22:42:46.1865014Z   /nix/store/5j9m3z3c6hygjx34xr1bzrkk8srvcs8a-libxcrypt-4.4.36
2026-02-21T22:42:46.1865710Z   /nix/store/sbc37bmgpzr7wvlbm9lgf4y6q6dyz40q-libxcrypt-4.4.36
2026-02-21T22:42:46.1866840Z   /nix/store/shg1vgcjxghqxhl0sifwgr0g2zg6bbv7-libxml2-2.13.4
2026-02-21T22:42:46.1867551Z   /nix/store/s5y8cgwj9saik6hpxq6hvry31hggnxij-libyaml-0.2.5
2026-02-21T22:42:46.1868358Z   /nix/store/43nf72jxw9m9mazn5qs7pdj52a7gmcr5-libyuv-1787
2026-02-21T22:42:46.1869050Z   /nix/store/dvsai0ym9czjl5mcsarcdwccb70615n4-linux-headers-6.10
2026-02-21T22:42:46.1869702Z   /nix/store/wwmn97j9jv083973a7md52v4wkxr6lvd-lvgl
2026-02-21T22:42:46.1870323Z   /nix/store/77yxcw58nmqx2c67a7srpfxxp40j5rbl-mailcap-2.1.54
2026-02-21T22:42:46.1871008Z   /nix/store/gqjd4bvd683s55r0jcgc9q67rvjnmfc6-make-binary-wrapper-hook
2026-02-21T22:42:46.1871799Z   /nix/store/aqga8f06jxy5a6ci4na35v7n09j8i74f-mpdecimal-4.0.0
2026-02-21T22:42:46.1872449Z   /nix/store/wfxkyxmg47bhj098im5rp60hmkagn96x-mpfr-4.2.1
2026-02-21T22:42:46.1873089Z   /nix/store/zi4768cbcny3vx6f8k2yqy3zp90jalhz-ncompress-5.0
2026-02-21T22:42:46.1873788Z   /nix/store/1p1j0iv3c909kcs4d5300kcsnlwmbwyj-ncurses-6.4.20221231
2026-02-21T22:42:46.1874653Z   /nix/store/vj1wkvkfgcgxr93b5p6kwjbqgrjnv7d9-ncurses-abi5-compat-6.4.20221231
2026-02-21T22:42:46.1875509Z   /nix/store/aygalfgrn7pvxcqc45jw53b9gc29hwzs-nghttp2-1.64.0-lib
2026-02-21T22:42:46.1876188Z   /nix/store/s2lws03pga0vyq84kfa6h041n8csbg4p-ninja-1.12.1
2026-02-21T22:42:46.1876835Z   /nix/store/k1dsk0zyq43pvi7f76is2rx6l4aphm5z-openssl-3.3.2
2026-02-21T22:42:46.1877363Z   /nix/store/vy93rplabj9l70a098rvp52ni9bg476v-pango-1.54.0
2026-02-21T22:42:46.1878003Z   /nix/store/mdmansf6zkzsnrcf4h3yav5kz93rh03y-patch-2.7.6
2026-02-21T22:42:46.1878848Z   /nix/store/9q63d382x7k2h6cc2pfsb39ar3n6f9wg-patchelf-0.15.0
2026-02-21T22:42:46.1879523Z   /nix/store/gkj66hn5cyi3d761nmcdpj35ngv7h8ph-pcre2-10.44
2026-02-21T22:42:46.1880144Z   /nix/store/6fklzkr5x213h868q31isgy82wpmb1yb-perl-5.40.0
2026-02-21T22:42:46.1880679Z   /nix/store/kxawdq25ad6x9cb63yvslaprm4ihx5hr-picolibc
2026-02-21T22:42:46.1881167Z   /nix/store/f86x63y57hwyx9nl4l098fpl93y3xrya-pixman-0.43.4
2026-02-21T22:42:46.1881831Z   /nix/store/zv1kaq7f1q20x62kbjv6pfjygw5jmwl6-python3-3.12.7
2026-02-21T22:42:46.1882518Z   /nix/store/qb69wvblgz1x2hkfxf7lwl9lg9xk4zpj-python3-3.9.20
2026-02-21T22:42:46.1883297Z   /nix/store/09wri7s7nlgp1fs4q4ysx96scbbmr74v-python3.12-anytree-2.12.1
2026-02-21T22:42:46.1884174Z   /nix/store/qpb0z965ffwmny4p2m2jbbaqifkkb5y9-python3.12-docopt-0.6.2
2026-02-21T22:42:46.1885034Z   /nix/store/wg6fhwksxkxn24rnynizrr6f4rvd9dkf-python3.12-intelhex-2.3.0
2026-02-21T22:42:46.1885900Z   /nix/store/l67gyhnl63la5pxmq4kbhl0g6xrfsdff-python3.12-msgpack-1.1.0
2026-02-21T22:42:46.1886812Z   /nix/store/qnfndbdg0k5s7zb47l5q9h7cszi56gpf-python3.12-packaging-24.1
2026-02-21T22:42:46.1887324Z   /nix/store/rs8cgrcn6pkdxs2ksnhs1a0x0pvx5sac-python3.12-progress-1.6
2026-02-21T22:42:46.1887789Z   /nix/store/qmm23pygh0kisvsm9wrfxw2s5km97670-python3.12-pyelftools-0.31
2026-02-21T22:42:46.1888524Z   /nix/store/k1hzsby2pa29jwbbdgg3y4wj0rxn8dnn-python3.12-pykwalify-1.8.0
2026-02-21T22:42:46.1889010Z   /nix/store/7p4gqrzavx0lpks2l0j9945zkzv77ds0-python3.12-python-can-4.5.0
2026-02-21T22:42:46.1889558Z   /nix/store/iz14w235v0nmwc3vnzrlbrkfpaj1qqka-python3.12-python-dateutil-2.9.0.post0
2026-02-21T22:42:46.1890088Z   /nix/store/j7q50pmxnawpif7kfimy51mjhjdjldns-python3.12-pyyaml-6.0.2
2026-02-21T22:42:46.1890559Z   /nix/store/2k9j8zwlhd8vdpn0c4j5zgwkqr6digpx-python3.12-ruamel-base-1.0.0
2026-02-21T22:42:46.1891056Z   /nix/store/7cvm89dzrkw7i4pdidyd8mvny73k07nb-python3.12-ruamel-yaml-0.18.6
2026-02-21T22:42:46.1891575Z   /nix/store/3rghmwyhhwjaj3jmpc3drb8pzz9h14hj-python3.12-ruamel-yaml-clib-0.2.7
2026-02-21T22:42:46.1892071Z   /nix/store/4743pgjalihwh1vb7jsy17ynw3s0xj04-python3.12-six-1.16.0
2026-02-21T22:42:46.1892572Z   /nix/store/n2pgidpi7vpq2hbpylfpa4ck7avniipp-python3.12-typing-extensions-4.12.2
2026-02-21T22:42:46.1893079Z   /nix/store/2j2fcjlxczkx0yyjn3rqi1h9sd42r97v-python3.12-wrapt-1.16.0
2026-02-21T22:42:46.1893498Z   /nix/store/n0q4xhb9z19f0rfd1i8frw7a3ip3rgar-readline-8.2p13
2026-02-21T22:42:46.1893870Z   /nix/store/gpbi7j64vk1my8gpqgylwf9iljqb09is-rhash-1.4.4
2026-02-21T22:42:46.1894354Z   /nix/store/wkad860jvdc881ngy6r0fbjg6s5i8alh-segger
2026-02-21T22:42:46.1894688Z   /nix/store/bbd59cqw259149r2ddk4w1q0lr2fch8c-sqlite-3.46.1
2026-02-21T22:42:46.1895049Z   /nix/store/spb2bpcnw0gbbr4x94cq8xs9n72hipwj-stdenv-linux
2026-02-21T22:42:46.1895397Z   /nix/store/n4xjlyn5hk979p2ywqpajw7dq5y94q1g-tinycrypt
2026-02-21T22:42:46.1895740Z   /nix/store/dfsiy184c8z6gf5x6cqfyahxv9g16828-tzdata-2024b
2026-02-21T22:42:46.1896216Z   /nix/store/ljlah5wqcbix5wg8rvm3g8rc7k9zn1qg-update-autotools-gnu-config-scripts-hook
2026-02-21T22:42:46.1896776Z   /nix/store/gm5g3xyn8iwxkag8gs6rf3ci64bqld80-util-linux-minimal-2.39.4-lib
2026-02-21T22:42:46.1897253Z   /nix/store/2d5spnl8j5r4n1s4bj1zmra7mwx0f1n8-xgcc-13.3.0-libgcc
2026-02-21T22:42:46.1897618Z   /nix/store/bdpc1864983kf51r3cznbrvnlkv4d9ff-xz-5.6.3
2026-02-21T22:42:46.1897945Z   /nix/store/5180mi672sl6ikiwyhvgnxasz6iqxws0-xz-5.6.3-bin
2026-02-21T22:42:46.1898506Z   /nix/store/pz26iwsn417j90xs7y7cwbsjnk7b1riv-zephyr
2026-02-21T22:42:46.1898841Z   /nix/store/bzk3q2l71qwhycsip23y6rl5n881la4n-zlib-1.3.1
2026-02-21T22:42:46.1899203Z   /nix/store/pq757h971kd946xqi9ckk2ylsj25i610-zmk-module-cmsis
2026-02-21T22:42:46.1899611Z   /nix/store/wggfl9p3y2ahy21hb1gpfgr3fxsbv8ss-zmk-module-hal_nordic
2026-02-21T22:42:46.1900031Z   /nix/store/44v1jwji8rksbmvsjwkd4igbb1vhxbl5-zmk-module-lvgl
2026-02-21T22:42:46.1900447Z   /nix/store/4bn1207zpfrcdmf1ldh86ziaav3kwwbb-zmk-module-picolibc
2026-02-21T22:42:46.1900854Z   /nix/store/w90l0zpl7slydmc947qscinn0d6rgq5c-zmk-module-segger
2026-02-21T22:42:46.1901299Z   /nix/store/grk5a1pd1mbzl3lgzf2amf7c0nbb0rvs-zmk-module-tinycrypt
2026-02-21T22:42:46.1901685Z   /nix/store/8pys6a47askf0g75a1k73p3rx2wim7m6-zstd-1.5.6
2026-02-21T22:42:46.1963212Z copying path '/nix/store/rlnih3wlxxwqn4xdahjgfjydvv78kvki-gnu-config-2024-01-01' from 'https://cache.nixos.org'...
2026-02-21T22:42:46.1967683Z copying path '/nix/store/2d5spnl8j5r4n1s4bj1zmra7mwx0f1n8-xgcc-13.3.0-libgcc' from 'https://cache.nixos.org'...
2026-02-21T22:42:46.2005051Z copying path '/nix/store/3581iwklzqcg4iyhlyqqrj7yvvm0pykl-cirque-input-module' from 'https://moergo-glove80-zmk-dev.cachix.org'...
2026-02-21T22:42:46.2009934Z copying path '/nix/store/j8rzqx7farv0w3isp9z943zy437zk02f-gcc-13.3.0-libgcc' from 'https://cache.nixos.org'...
2026-02-21T22:42:46.2015639Z copying path '/nix/store/6pqgj71r0850b0cd95yxx0d52zax016i-libunistring-1.2' from 'https://cache.nixos.org'...
2026-02-21T22:42:46.2044167Z copying path '/nix/store/azxckjbc4f70yliac1x35z5awbzf9jzj-cmsis' from 'https://moergo-glove80-zmk-dev.cachix.org'...
2026-02-21T22:42:46.2052852Z copying path '/nix/store/a473gcmd84qs4vpapa70nwamlpkryc7b-hal_nordic' from 'https://moergo-glove80-zmk-dev.cachix.org'...
2026-02-21T22:42:46.2060205Z copying path '/nix/store/wwmn97j9jv083973a7md52v4wkxr6lvd-lvgl' from 'https://moergo-glove80-zmk-dev.cachix.org'...
2026-02-21T22:42:46.2066847Z copying path '/nix/store/kxawdq25ad6x9cb63yvslaprm4ihx5hr-picolibc' from 'https://moergo-glove80-zmk-dev.cachix.org'...
2026-02-21T22:42:46.2069799Z copying path '/nix/store/wkad860jvdc881ngy6r0fbjg6s5i8alh-segger' from 'https://moergo-glove80-zmk-dev.cachix.org'...
2026-02-21T22:42:46.2073785Z copying path '/nix/store/n4xjlyn5hk979p2ywqpajw7dq5y94q1g-tinycrypt' from 'https://moergo-glove80-zmk-dev.cachix.org'...
2026-02-21T22:42:46.2080678Z copying path '/nix/store/85sj9hb9phy4fh3q4fmc1vm9vz27z1lg-die-hook' from 'https://cache.nixos.org'...
2026-02-21T22:42:46.2097874Z copying path '/nix/store/dvsai0ym9czjl5mcsarcdwccb70615n4-linux-headers-6.10' from 'https://cache.nixos.org'...
2026-02-21T22:42:46.2100746Z copying path '/nix/store/77yxcw58nmqx2c67a7srpfxxp40j5rbl-mailcap-2.1.54' from 'https://cache.nixos.org'...
2026-02-21T22:42:46.2103345Z copying path '/nix/store/dfsiy184c8z6gf5x6cqfyahxv9g16828-tzdata-2024b' from 'https://cache.nixos.org'...
2026-02-21T22:42:46.2197096Z copying path '/nix/store/hbrcibdl494a5w3dypy7095dckalzlqa-dejavu-fonts-minimal-2.37' from 'https://cache.nixos.org'...
2026-02-21T22:42:46.2235554Z copying path '/nix/store/ljlah5wqcbix5wg8rvm3g8rc7k9zn1qg-update-autotools-gnu-config-scripts-hook' from 'https://cache.nixos.org'...
2026-02-21T22:42:46.2693216Z copying path '/nix/store/qwjjm4j652ck9izaid7bz63s4hd5bnha-libidn2-2.3.7' from 'https://cache.nixos.org'...
2026-02-21T22:42:46.2911309Z copying path '/nix/store/ziqnk17xikg73dfrwnyi2jd593xlxza9-fontconfig-2.15.0' from 'https://cache.nixos.org'...
2026-02-21T22:42:46.3016069Z copying path '/nix/store/wn7v2vhyyyi6clcyn0s9ixvl7d4d87ic-glibc-2.40-36' from 'https://cache.nixos.org'...
2026-02-21T22:42:46.3365614Z copying path '/nix/store/grk5a1pd1mbzl3lgzf2amf7c0nbb0rvs-zmk-module-tinycrypt' from 'https://moergo-glove80-zmk-dev.cachix.org'...
2026-02-21T22:42:46.6023118Z copying path '/nix/store/pq757h971kd946xqi9ckk2ylsj25i610-zmk-module-cmsis' from 'https://moergo-glove80-zmk-dev.cachix.org'...
2026-02-21T22:42:46.6040148Z copying path '/nix/store/w90l0zpl7slydmc947qscinn0d6rgq5c-zmk-module-segger' from 'https://moergo-glove80-zmk-dev.cachix.org'...
2026-02-21T22:42:47.1641014Z copying path '/nix/store/p6k7xp1lsfmbdd731mlglrdj2d66mr82-bash-5.2p37' from 'https://cache.nixos.org'...
2026-02-21T22:42:47.1649342Z copying path '/nix/store/nmq6s9l9zlym3qjx76zzrqbp05a63y90-attr-2.5.2' from 'https://cache.nixos.org'...
2026-02-21T22:42:47.1651239Z copying path '/nix/store/2vgwd43vqxm66grkgsy7z1d87z31nzph-brotli-1.1.0-lib' from 'https://cache.nixos.org'...
2026-02-21T22:42:47.1654486Z copying path '/nix/store/hl3iw85v12gh9mwgvr9yfgjgy0rk81hb-bzip2-1.0.8' from 'https://cache.nixos.org'...
2026-02-21T22:42:47.1656092Z copying path '/nix/store/37azjaxs8cwqbmb0fywl8fa6n2x8bgwq-fribidi-1.0.16' from 'https://cache.nixos.org'...
2026-02-21T22:42:47.1657749Z copying path '/nix/store/zr9c15gg53zsbyc54fsrlwh3r8kmhfyy-dav1d-1.5.0' from 'https://cache.nixos.org'...
2026-02-21T22:42:47.1659276Z copying path '/nix/store/ka4sync4bccr9mz2ys0dbqjn24hp8v57-expand-response-params' from 'https://cache.nixos.org'...
2026-02-21T22:42:47.1660623Z copying path '/nix/store/8sgvk9wjq9vfz5irkl4436yhpfr10njq-expat-2.6.4' from 'https://cache.nixos.org'...
2026-02-21T22:42:47.1667052Z copying path '/nix/store/k5x874vwcaxlan1cw248lwqr4l4v7hyk-ed-1.20.2' from 'https://cache.nixos.org'...
2026-02-21T22:42:47.1680073Z copying path '/nix/store/nnin69nrnrrmnv2scbwyfkgh1rf51gh1-gawk-5.3.1' from 'https://cache.nixos.org'...
2026-02-21T22:42:47.1681404Z copying path '/nix/store/ybjcla5bhj8g1y84998pn4a2drfxybkv-gcc-13.3.0-lib' from 'https://cache.nixos.org'...
2026-02-21T22:42:47.1789756Z copying path '/nix/store/hq7m89gp4kafmj8rr0f5sy2qyl7jq479-gdbm-1.24-lib' from 'https://cache.nixos.org'...
2026-02-21T22:42:47.1804414Z copying path '/nix/store/brj8bvvn63gbdrslwsj7gpj0gqaxlprn-giflib-5.2.2' from 'https://cache.nixos.org'...
2026-02-21T22:42:47.2634472Z copying path '/nix/store/zw5haplzbwjgbp3yykhm6iprkpfppzxb-glibc-2.40-36-bin' from 'https://cache.nixos.org'...
2026-02-21T22:42:47.3898222Z copying path '/nix/store/y11zr71f9i1zy1vrdy3kjx8j6slsb3l3-gmp-6.3.0' from 'https://cache.nixos.org'...
2026-02-21T22:42:47.3913230Z copying path '/nix/store/9y5kd90fdbrq3r4yc9mpqn82f93zdgyq-gnumake-4.4.1' from 'https://cache.nixos.org'...
2026-02-21T22:42:47.3980771Z copying path '/nix/store/vmby25zqxnx94awvj0k7zn0rsd0zyrwg-gnused-4.9' from 'https://cache.nixos.org'...
2026-02-21T22:42:47.3993625Z copying path '/nix/store/ys6f20b4chzkmfh9ak0hjdp60l0g5abb-keyutils-1.6.3-lib' from 'https://cache.nixos.org'...
2026-02-21T22:42:47.4000372Z copying path '/nix/store/nrl5m466dwdscvavf1nqzdnqhszjyy9n-acl-2.3.2' from 'https://cache.nixos.org'...
2026-02-21T22:42:47.4010523Z copying path '/nix/store/ighb6h0x1nv14ap2fj0j3bqdn0x3xra4-libXau-1.0.11' from 'https://cache.nixos.org'...
2026-02-21T22:42:47.4421193Z copying path '/nix/store/vqjygx23hkim1kpidik5xcs9whayf3sr-bzip2-1.0.8-bin' from 'https://cache.nixos.org'...
2026-02-21T22:42:47.4495652Z copying path '/nix/store/8jqc1bpk99jgib12wgpdjmnbndrmg7vz-libXdmcp-1.1.5' from 'https://cache.nixos.org'...
2026-02-21T22:42:47.4710160Z copying path '/nix/store/a7pimibppfw2m3ryijnwwzx76i780bw2-gzip-1.13' from 'https://cache.nixos.org'...
2026-02-21T22:42:47.4854227Z copying path '/nix/store/n19lfs7ix2g9kdh6cf2pfaylbcwjay71-dav1d-1.5.0-dev' from 'https://cache.nixos.org'...
2026-02-21T22:42:47.5656198Z copying path '/nix/store/rk2r5yq7al5jddg6jriwv1lg5j1dw0ih-libdatrie-2019-12-20-lib' from 'https://cache.nixos.org'...
2026-02-21T22:42:47.5729769Z copying path '/nix/store/v6m37463j6bs788wbid8yvfhp1773cax-libdeflate-1.22' from 'https://cache.nixos.org'...
2026-02-21T22:42:47.6180488Z copying path '/nix/store/lw7psn749bfn2nrn943jdh68hh2im8yl-libffi-3.4.6' from 'https://cache.nixos.org'...
2026-02-21T22:42:47.6626255Z copying path '/nix/store/g8m63j9rzhqf0i9v4pzbdyrnzshr5mkx-libjpeg-turbo-3.0.4' from 'https://cache.nixos.org'...
2026-02-21T22:42:47.6627887Z copying path '/nix/store/ggpir31aij6dj2fsas74jyz8z33dxwnc-libtool-2.4.7-lib' from 'https://cache.nixos.org'...
2026-02-21T22:42:47.6629572Z copying path '/nix/store/lw21wr626v5sdcaxxkv2k4zf1121hfc9-glibc-2.40-36-dev' from 'https://cache.nixos.org'...
2026-02-21T22:42:47.6631212Z copying path '/nix/store/scb132gc1zzd904zibk2mz0q5q42z0ym-libuv-1.48.0' from 'https://cache.nixos.org'...
2026-02-21T22:42:47.6657650Z copying path '/nix/store/w63ks7mg1dsgm2gg302ss70wpq7g0l4d-libxcb-1.17.0' from 'https://cache.nixos.org'...
2026-02-21T22:42:47.6663919Z copying path '/nix/store/5j9m3z3c6hygjx34xr1bzrkk8srvcs8a-libxcrypt-4.4.36' from 'https://cache.nixos.org'...
2026-02-21T22:42:47.6732669Z copying path '/nix/store/h11ip75g5azb1d9f9jr8c6pwjhpcx20n-libthai-0.1.29' from 'https://cache.nixos.org'...
2026-02-21T22:42:47.6741278Z copying path '/nix/store/zhaypw0znkjnymg0rk1599zn21rr0l50-gnutar-1.35' from 'https://cache.nixos.org'...
2026-02-21T22:42:47.6862180Z copying path '/nix/store/sbc37bmgpzr7wvlbm9lgf4y6q6dyz40q-libxcrypt-4.4.36' from 'https://cache.nixos.org'...
2026-02-21T22:42:47.6917927Z copying path '/nix/store/shg1vgcjxghqxhl0sifwgr0g2zg6bbv7-libxml2-2.13.4' from 'https://cache.nixos.org'...
2026-02-21T22:42:47.7009105Z copying path '/nix/store/xxfkk4gqnaimiwzi6mmsmcs9bl2r8y7f-isl-0.20' from 'https://cache.nixos.org'...
2026-02-21T22:42:47.7100933Z copying path '/nix/store/s5y8cgwj9saik6hpxq6hvry31hggnxij-libyaml-0.2.5' from 'https://cache.nixos.org'...
2026-02-21T22:42:47.7458749Z copying path '/nix/store/aqga8f06jxy5a6ci4na35v7n09j8i74f-mpdecimal-4.0.0' from 'https://cache.nixos.org'...
2026-02-21T22:42:47.7463871Z copying path '/nix/store/wfxkyxmg47bhj098im5rp60hmkagn96x-mpfr-4.2.1' from 'https://cache.nixos.org'...
2026-02-21T22:42:47.7501114Z copying path '/nix/store/zi4768cbcny3vx6f8k2yqy3zp90jalhz-ncompress-5.0' from 'https://cache.nixos.org'...
2026-02-21T22:42:47.7623328Z copying path '/nix/store/nxg637az00fnm705pinlrpjac9b4hgsc-gmp-with-cxx-6.3.0' from 'https://cache.nixos.org'...
2026-02-21T22:42:47.7700689Z copying path '/nix/store/23y66ax8z30m8xl4brrz792xlsrm0syr-graphite2-1.3.14' from 'https://cache.nixos.org'...
2026-02-21T22:42:47.7830427Z copying path '/nix/store/1dmri839kv55917flq6pyvr6xf17cb29-lerc-4.0.0' from 'https://cache.nixos.org'...
2026-02-21T22:42:47.7849926Z copying path '/nix/store/ikjw6a952jd9wn5k06mkj710xzabssr0-libX11-1.8.10' from 'https://cache.nixos.org'...
2026-02-21T22:42:47.7918613Z copying path '/nix/store/llj89sgbf5512bnhx76khs7aq2pkhqjv-libvmaf-3.0.0' from 'https://cache.nixos.org'...
2026-02-21T22:42:47.8155067Z copying path '/nix/store/43nf72jxw9m9mazn5qs7pdj52a7gmcr5-libyuv-1787' from 'https://cache.nixos.org'...
2026-02-21T22:42:47.8240004Z copying path '/nix/store/1p1j0iv3c909kcs4d5300kcsnlwmbwyj-ncurses-6.4.20221231' from 'https://cache.nixos.org'...
2026-02-21T22:42:47.8291595Z copying path '/nix/store/vj1wkvkfgcgxr93b5p6kwjbqgrjnv7d9-ncurses-abi5-compat-6.4.20221231' from 'https://cache.nixos.org'...
2026-02-21T22:42:47.8347989Z copying path '/nix/store/aygalfgrn7pvxcqc45jw53b9gc29hwzs-nghttp2-1.64.0-lib' from 'https://cache.nixos.org'...
2026-02-21T22:42:47.8408235Z copying path '/nix/store/s2lws03pga0vyq84kfa6h041n8csbg4p-ninja-1.12.1' from 'https://cache.nixos.org'...
2026-02-21T22:42:47.8425913Z copying path '/nix/store/k1dsk0zyq43pvi7f76is2rx6l4aphm5z-openssl-3.3.2' from 'https://cache.nixos.org'...
2026-02-21T22:42:47.8473032Z copying path '/nix/store/b1wvkjx96i3s7wblz38ya0zr8i93zbc5-coreutils-9.5' from 'https://cache.nixos.org'...
2026-02-21T22:42:47.8537771Z copying path '/nix/store/0qqs7bkfk21h8vh7m3x84hphciqv75lm-libmpc-1.3.1' from 'https://cache.nixos.org'...
2026-02-21T22:42:47.8633060Z copying path '/nix/store/mdmansf6zkzsnrcf4h3yav5kz93rh03y-patch-2.7.6' from 'https://cache.nixos.org'...
2026-02-21T22:42:47.8932153Z copying path '/nix/store/9q63d382x7k2h6cc2pfsb39ar3n6f9wg-patchelf-0.15.0' from 'https://cache.nixos.org'...
2026-02-21T22:42:47.8968582Z copying path '/nix/store/gkj66hn5cyi3d761nmcdpj35ngv7h8ph-pcre2-10.44' from 'https://cache.nixos.org'...
2026-02-21T22:42:47.9233570Z copying path '/nix/store/2nvmq98zj69i1af1ksh6m08hvfdkjv1z-dtc-1.7.2' from 'https://cache.nixos.org'...
2026-02-21T22:42:47.9273708Z copying path '/nix/store/gpbi7j64vk1my8gpqgylwf9iljqb09is-rhash-1.4.4' from 'https://cache.nixos.org'...
2026-02-21T22:42:47.9278222Z copying path '/nix/store/f86x63y57hwyx9nl4l098fpl93y3xrya-pixman-0.43.4' from 'https://cache.nixos.org'...
2026-02-21T22:42:47.9320303Z copying path '/nix/store/gm5g3xyn8iwxkag8gs6rf3ci64bqld80-util-linux-minimal-2.39.4-lib' from 'https://cache.nixos.org'...
2026-02-21T22:42:47.9492822Z copying path '/nix/store/bdpc1864983kf51r3cznbrvnlkv4d9ff-xz-5.6.3' from 'https://cache.nixos.org'...
2026-02-21T22:42:47.9508016Z copying path '/nix/store/d5y0sl4vwsb9m99r18zh1mx4fw9y70g6-libXext-1.3.6' from 'https://cache.nixos.org'...
2026-02-21T22:42:47.9741732Z copying path '/nix/store/ln8sk1vlpzmm346lx30ifihqdw0fw4g9-libXpm-3.5.17' from 'https://cache.nixos.org'...
2026-02-21T22:42:47.9852602Z copying path '/nix/store/cxwsmlr3xh1ml4r0kgdjrknw7504b9f8-diffutils-3.10' from 'https://cache.nixos.org'...
2026-02-21T22:42:47.9855964Z copying path '/nix/store/7ygszkkili3kfqh789ivdgrhyrjshm5n-libXrender-0.9.11' from 'https://cache.nixos.org'...
2026-02-21T22:42:48.0257276Z copying path '/nix/store/w8pnfazxqwmrqmwkb5zrz1bifsd8abxl-findutils-4.10.0' from 'https://cache.nixos.org'...
2026-02-21T22:42:48.0374436Z copying path '/nix/store/kabp82iq5p0l8zidw9ch1mrpq431g6jd-libaom-3.10.0' from 'https://cache.nixos.org'...
2026-02-21T22:42:48.0402074Z copying path '/nix/store/dbkf2m0b3a2n9drrbz6ra4ljfx45d4aa-libvmaf-3.0.0-dev' from 'https://cache.nixos.org'...
2026-02-21T22:42:48.0803313Z copying path '/nix/store/pz26iwsn417j90xs7y7cwbsjnk7b1riv-zephyr' from 'https://moergo-glove80-zmk-dev.cachix.org'...
2026-02-21T22:42:48.0841193Z copying path '/nix/store/bzk3q2l71qwhycsip23y6rl5n881la4n-zlib-1.3.1' from 'https://cache.nixos.org'...
2026-02-21T22:42:48.0911295Z copying path '/nix/store/wggfl9p3y2ahy21hb1gpfgr3fxsbv8ss-zmk-module-hal_nordic' from 'https://moergo-glove80-zmk-dev.cachix.org'...
2026-02-21T22:42:48.1041491Z copying path '/nix/store/44v1jwji8rksbmvsjwkd4igbb1vhxbl5-zmk-module-lvgl' from 'https://moergo-glove80-zmk-dev.cachix.org'...
2026-02-21T22:42:48.1113322Z copying path '/nix/store/4bn1207zpfrcdmf1ldh86ziaav3kwwbb-zmk-module-picolibc' from 'https://moergo-glove80-zmk-dev.cachix.org'...
2026-02-21T22:42:48.1350654Z copying path '/nix/store/85amyk92rg19l4fy0qmy7wr4jmq8p5z0-gnugrep-3.11' from 'https://cache.nixos.org'...
2026-02-21T22:42:48.1640038Z copying path '/nix/store/8pys6a47askf0g75a1k73p3rx2wim7m6-zstd-1.5.6' from 'https://cache.nixos.org'...
2026-02-21T22:42:48.1644509Z copying path '/nix/store/rp6b82pm6b7x03ngbzffsl3vj8pvay5v-libselinux-3.7' from 'https://cache.nixos.org'...
2026-02-21T22:42:48.1660756Z copying path '/nix/store/g9hgzjcj9g7hw3c2pzgz271b1g1jgc4w-krb5-1.21.3-lib' from 'https://cache.nixos.org'...
2026-02-21T22:42:48.1686626Z copying path '/nix/store/5180mi672sl6ikiwyhvgnxasz6iqxws0-xz-5.6.3-bin' from 'https://cache.nixos.org'...
2026-02-21T22:42:48.2209245Z copying path '/nix/store/g4lksqp6l8qiab4a0as21s6556xh4gyp-file-5.45' from 'https://cache.nixos.org'...
2026-02-21T22:42:48.2210811Z copying path '/nix/store/2qssg7pjgadwmqns6jm3qlr5bbdl4dcr-binutils-2.43.1-lib' from 'https://cache.nixos.org'...
2026-02-21T22:42:48.2230847Z copying path '/nix/store/kvzfyxs3v0nb2lvfx28c5hj0vz7j9737-libpng-apng-1.6.43' from 'https://cache.nixos.org'...
2026-02-21T22:42:48.2232220Z copying path '/nix/store/4krab2h0hd4wvxxmscxrw21pl77j4i7j-gcc-13.3.0' from 'https://cache.nixos.org'...
2026-02-21T22:42:48.2249377Z copying path '/nix/store/1n0b29iid3y0w9i91v9zqdiwnx3inak0-libssh2-1.11.1' from 'https://cache.nixos.org'...
2026-02-21T22:42:48.2513060Z copying path '/nix/store/6fklzkr5x213h868q31isgy82wpmb1yb-perl-5.40.0' from 'https://cache.nixos.org'...
2026-02-21T22:42:48.2592617Z copying path '/nix/store/bbd59cqw259149r2ddk4w1q0lr2fch8c-sqlite-3.46.1' from 'https://cache.nixos.org'...
2026-02-21T22:42:48.2690006Z copying path '/nix/store/26hcp8h792wl0h52c5r94qakhvk6q717-glib-2.82.1' from 'https://cache.nixos.org'...
2026-02-21T22:42:48.2853945Z copying path '/nix/store/waj425c88y21wccgk9zpyi3q48xq0sgk-freetype-2.13.3' from 'https://cache.nixos.org'...
2026-02-21T22:42:48.2910501Z copying path '/nix/store/zgcaxpjipkvdz3185gfb8ba63xw1sv4n-libwebp-1.4.0' from 'https://cache.nixos.org'...
2026-02-21T22:42:48.2919410Z copying path '/nix/store/n0gxk0ys2zgqqz6zcsq8qlv6nv5k6fpj-libarchive-3.7.7-lib' from 'https://cache.nixos.org'...
2026-02-21T22:42:48.2937599Z copying path '/nix/store/n0q4xhb9z19f0rfd1i8frw7a3ip3rgar-readline-8.2p13' from 'https://cache.nixos.org'...
2026-02-21T22:42:48.3723340Z copying path '/nix/store/spb2bpcnw0gbbr4x94cq8xs9n72hipwj-stdenv-linux' from 'https://cache.nixos.org'...
2026-02-21T22:42:48.3770891Z copying path '/nix/store/bwkb907myixfzzykp21m9iczkhrq5pfy-binutils-2.43.1' from 'https://cache.nixos.org'...
2026-02-21T22:42:48.3810760Z copying path '/nix/store/ps0zg8jx995br0s7k353qhal1ma3nnbd-curl-8.11.0' from 'https://cache.nixos.org'...
2026-02-21T22:42:48.3941088Z copying path '/nix/store/v567mv8b0bg0ph7xn61g33qqm484xxj0-libaom-3.10.0-bin' from 'https://cache.nixos.org'...
2026-02-21T22:42:48.6583539Z copying path '/nix/store/avwmwsn9v4an5v2a4k1gzbqk917avjn1-gts-0.7.6' from 'https://cache.nixos.org'...
2026-02-21T22:42:48.6952337Z copying path '/nix/store/qb69wvblgz1x2hkfxf7lwl9lg9xk4zpj-python3-3.9.20' from 'https://cache.nixos.org'...
2026-02-21T22:42:48.6953755Z copying path '/nix/store/zv1kaq7f1q20x62kbjv6pfjygw5jmwl6-python3-3.12.7' from 'https://cache.nixos.org'...
2026-02-21T22:42:48.7147445Z copying path '/nix/store/yxgc37sx1a0fswq3hvvld54491ryx6sf-harfbuzz-10.0.1' from 'https://cache.nixos.org'...
2026-02-21T22:42:48.7149091Z copying path '/nix/store/jfyibphs7pv1izw879lrmr0pp1x3llb8-fontconfig-2.15.0-lib' from 'https://cache.nixos.org'...
2026-02-21T22:42:48.7199394Z copying path '/nix/store/mgw74i0szz30zbmvgasvyws1y8mvkb86-libtiff-4.7.0' from 'https://cache.nixos.org'...
2026-02-21T22:42:48.8860185Z building '/nix/store/ryf981zc9kshrrgm5c5dphnw879gn09m-builder.pl.drv'...
2026-02-21T22:42:48.8919945Z copying path '/nix/store/1asppgbns142f1sqyr6sz843h0689a1k-libaom-3.10.0-dev' from 'https://cache.nixos.org'...
2026-02-21T22:42:49.1160162Z copying path '/nix/store/4k2h9qsps52n1v56zq03yi67dwmxa81i-cmake-3.30.5' from 'https://cache.nixos.org'...
2026-02-21T22:42:49.2695120Z copying path '/nix/store/9l20xx4bw18qgkicjcrsfx7vfykp9m8h-cairo-1.18.2' from 'https://cache.nixos.org'...
2026-02-21T22:42:49.2713500Z copying path '/nix/store/a98zld1as826z4s0b71xs64k02arj4zj-libXft-2.3.8' from 'https://cache.nixos.org'...
2026-02-21T22:42:49.2718597Z copying path '/nix/store/alnzmaf07kv3dl4017vrzqngay5rx904-gdk-pixbuf-2.42.12' from 'https://cache.nixos.org'...
2026-02-21T22:42:49.2722821Z copying path '/nix/store/xk1z1b27hck084x12pn24rk526arwwlz-libwebp-1.4.0' from 'https://cache.nixos.org'...
2026-02-21T22:42:49.5254008Z copying path '/nix/store/x9as7x6f7cdgcskvvn3yp02m662krr7y-binutils-wrapper-2.43.1' from 'https://cache.nixos.org'...
2026-02-21T22:42:50.1762981Z copying path '/nix/store/vy93rplabj9l70a098rvp52ni9bg476v-pango-1.54.0' from 'https://cache.nixos.org'...
2026-02-21T22:42:50.1886223Z copying path '/nix/store/96wajifckqya26aazk4lrig5m5npw5l2-libavif-1.1.1' from 'https://cache.nixos.org'...
2026-02-21T22:42:50.7189906Z copying path '/nix/store/ascb2b0zncwlavz03zcj358p1i79hp64-gd-2.3.3' from 'https://cache.nixos.org'...
2026-02-21T22:42:51.3771181Z copying path '/nix/store/lvx8m4mh18aiqlqp5hdjpg3b34a07p35-graphviz-12.2.0' from 'https://cache.nixos.org'...
2026-02-21T22:42:52.0104950Z copying path '/nix/store/mczmw3rln2jm6nm080dapyjpj3833rg9-gcc-arm-embedded-12.3.rel1' from 'https://cache.nixos.org'...
2026-02-21T22:42:53.1581800Z copying path '/nix/store/qpb0z965ffwmny4p2m2jbbaqifkkb5y9-python3.12-docopt-0.6.2' from 'https://cache.nixos.org'...
2026-02-21T22:42:53.1583393Z copying path '/nix/store/wg6fhwksxkxn24rnynizrr6f4rvd9dkf-python3.12-intelhex-2.3.0' from 'https://cache.nixos.org'...
2026-02-21T22:42:53.1584887Z copying path '/nix/store/l67gyhnl63la5pxmq4kbhl0g6xrfsdff-python3.12-msgpack-1.1.0' from 'https://cache.nixos.org'...
2026-02-21T22:42:53.1586522Z copying path '/nix/store/qnfndbdg0k5s7zb47l5q9h7cszi56gpf-python3.12-packaging-24.1' from 'https://cache.nixos.org'...
2026-02-21T22:42:53.1590317Z copying path '/nix/store/rs8cgrcn6pkdxs2ksnhs1a0x0pvx5sac-python3.12-progress-1.6' from 'https://cache.nixos.org'...
2026-02-21T22:42:53.1602435Z copying path '/nix/store/2k9j8zwlhd8vdpn0c4j5zgwkqr6digpx-python3.12-ruamel-base-1.0.0' from 'https://cache.nixos.org'...
2026-02-21T22:42:53.1604648Z copying path '/nix/store/qmm23pygh0kisvsm9wrfxw2s5km97670-python3.12-pyelftools-0.31' from 'https://cache.nixos.org'...
2026-02-21T22:42:53.1608974Z copying path '/nix/store/j7q50pmxnawpif7kfimy51mjhjdjldns-python3.12-pyyaml-6.0.2' from 'https://cache.nixos.org'...
2026-02-21T22:42:53.1610581Z copying path '/nix/store/3rghmwyhhwjaj3jmpc3drb8pzz9h14hj-python3.12-ruamel-yaml-clib-0.2.7' from 'https://cache.nixos.org'...
2026-02-21T22:42:53.1612105Z copying path '/nix/store/4743pgjalihwh1vb7jsy17ynw3s0xj04-python3.12-six-1.16.0' from 'https://cache.nixos.org'...
2026-02-21T22:42:53.1613543Z copying path '/nix/store/2j2fcjlxczkx0yyjn3rqi1h9sd42r97v-python3.12-wrapt-1.16.0' from 'https://cache.nixos.org'...
2026-02-21T22:42:53.1615112Z copying path '/nix/store/n2pgidpi7vpq2hbpylfpa4ck7avniipp-python3.12-typing-extensions-4.12.2' from 'https://cache.nixos.org'...
2026-02-21T22:42:53.2298610Z copying path '/nix/store/4apajimszc47rxwcpvc3g3rj2icinl71-gcc-wrapper-13.3.0' from 'https://cache.nixos.org'...
2026-02-21T22:42:53.4937383Z copying path '/nix/store/09wri7s7nlgp1fs4q4ysx96scbbmr74v-python3.12-anytree-2.12.1' from 'https://cache.nixos.org'...
2026-02-21T22:42:53.4939499Z copying path '/nix/store/iz14w235v0nmwc3vnzrlbrkfpaj1qqka-python3.12-python-dateutil-2.9.0.post0' from 'https://cache.nixos.org'...
2026-02-21T22:42:53.5908966Z copying path '/nix/store/7cvm89dzrkw7i4pdidyd8mvny73k07nb-python3.12-ruamel-yaml-0.18.6' from 'https://cache.nixos.org'...
2026-02-21T22:42:53.8654576Z copying path '/nix/store/gqjd4bvd683s55r0jcgc9q67rvjnmfc6-make-binary-wrapper-hook' from 'https://cache.nixos.org'...
2026-02-21T22:42:53.9579114Z copying path '/nix/store/7p4gqrzavx0lpks2l0j9945zkzv77ds0-python3.12-python-can-4.5.0' from 'https://moergo-glove80-zmk-dev.cachix.org'...
2026-02-21T22:42:54.2491695Z copying path '/nix/store/k1hzsby2pa29jwbbdgg3y4wj0rxn8dnn-python3.12-pykwalify-1.8.0' from 'https://cache.nixos.org'...
2026-02-21T22:42:54.6835850Z building '/nix/store/14s41r3aqgw7vrl845jxarjcx3ivgvc4-python3-3.12.7-env.drv'...
2026-02-21T22:42:54.7909688Z created 296 symlinks in user environment
2026-02-21T22:43:05.0816280Z warning: Ignoring setting 'auto-allocate-uids' because experimental feature 'auto-allocate-uids' is not enabled
2026-02-21T22:43:05.0817189Z warning: Ignoring setting 'impure-env' because experimental feature 'configurable-impure-env' is not enabled
2026-02-21T22:43:05.1048603Z building '/nix/store/kqmjqkq2c290v8gsc5wwnvnjhma17847-zmk_glove80_lh.drv'...
2026-02-21T22:43:05.1300313Z building '/nix/store/f33818q4f9sibgnicgj8ckcdbz1qrbss-zmk_glove80_rh.drv'...
2026-02-21T22:43:05.1673800Z Running phase: unpackPhase
2026-02-21T22:43:05.1713950Z unpacking source archive /nix/store/ypiphcbzypxpz9p904y3da2z7rpgj17j-source
2026-02-21T22:43:05.1863335Z Running phase: unpackPhase
2026-02-21T22:43:05.1902690Z unpacking source archive /nix/store/ypiphcbzypxpz9p904y3da2z7rpgj17j-source
2026-02-21T22:43:05.3259372Z source root is source/app
2026-02-21T22:43:05.3394572Z source root is source/app
2026-02-21T22:43:05.3691554Z Running phase: patchPhase
2026-02-21T22:43:05.3760638Z Running phase: updateAutotoolsGnuConfigScriptsPhase
2026-02-21T22:43:05.3840963Z Running phase: patchPhase
2026-02-21T22:43:05.3899122Z Running phase: updateAutotoolsGnuConfigScriptsPhase
2026-02-21T22:43:05.3998601Z Running phase: configurePhase
2026-02-21T22:43:05.4040924Z fixing cmake files...
2026-02-21T22:43:05.4133604Z Running phase: configurePhase
2026-02-21T22:43:05.4175490Z fixing cmake files...
2026-02-21T22:43:05.5963091Z cmake flags: -GNinja -DCMAKE_FIND_USE_SYSTEM_PACKAGE_REGISTRY=OFF -DCMAKE_FIND_USE_PACKAGE_REGISTRY=OFF -DCMAKE_EXPORT_NO_PACKAGE_REGISTRY=ON -DCMAKE_BUILD_TYPE=Release -DBUILD_TESTING=OFF -DCMAKE_INSTALL_LOCALEDIR=/nix/store/ng6nx69mhclzjsdn5ww7vnvmfjdbdfny-zmk_glove80_lh/share/locale -DCMAKE_INSTALL_LIBEXECDIR=/nix/store/ng6nx69mhclzjsdn5ww7vnvmfjdbdfny-zmk_glove80_lh/libexec -DCMAKE_INSTALL_LIBDIR=/nix/store/ng6nx69mhclzjsdn5ww7vnvmfjdbdfny-zmk_glove80_lh/lib -DCMAKE_INSTALL_DOCDIR=/nix/store/ng6nx69mhclzjsdn5ww7vnvmfjdbdfny-zmk_glove80_lh/share/doc/zmk -DCMAKE_INSTALL_INFODIR=/nix/store/ng6nx69mhclzjsdn5ww7vnvmfjdbdfny-zmk_glove80_lh/share/info -DCMAKE_INSTALL_MANDIR=/nix/store/ng6nx69mhclzjsdn5ww7vnvmfjdbdfny-zmk_glove80_lh/share/man -DCMAKE_INSTALL_OLDINCLUDEDIR=/nix/store/ng6nx69mhclzjsdn5ww7vnvmfjdbdfny-zmk_glove80_lh/include -DCMAKE_INSTALL_INCLUDEDIR=/nix/store/ng6nx69mhclzjsdn5ww7vnvmfjdbdfny-zmk_glove80_lh/include -DCMAKE_INSTALL_SBINDIR=/nix/store/ng6nx69mhclzjsdn5ww7vnvmfjdbdfny-zmk_glove80_lh/sbin -DCMAKE_INSTALL_BINDIR=/nix/store/ng6nx69mhclzjsdn5ww7vnvmfjdbdfny-zmk_glove80_lh/bin -DCMAKE_INSTALL_NAME_DIR=/nix/store/ng6nx69mhclzjsdn5ww7vnvmfjdbdfny-zmk_glove80_lh/lib -DCMAKE_POLICY_DEFAULT_CMP0025=NEW -DCMAKE_FIND_FRAMEWORK=LAST -DCMAKE_STRIP= -DCMAKE_RANLIB= -DCMAKE_AR= -DCMAKE_C_COMPILER= -DCMAKE_CXX_COMPILER= -DCMAKE_INSTALL_PREFIX=/nix/store/ng6nx69mhclzjsdn5ww7vnvmfjdbdfny-zmk_glove80_lh -DZEPHYR_BASE=/nix/store/pz26iwsn417j90xs7y7cwbsjnk7b1riv-zephyr/zephyr -DBOARD_ROOT=. -DBOARD=glove80_lh -DZEPHYR_TOOLCHAIN_VARIANT=gnuarmemb -DGNUARMEMB_TOOLCHAIN_PATH=/nix/store/mczmw3rln2jm6nm080dapyjpj3833rg9-gcc-arm-embedded-12.3.rel1 -DCMAKE_C_COMPILER=/nix/store/mczmw3rln2jm6nm080dapyjpj3833rg9-gcc-arm-embedded-12.3.rel1/bin/arm-none-eabi-gcc -DCMAKE_CXX_COMPILER=/nix/store/mczmw3rln2jm6nm080dapyjpj3833rg9-gcc-arm-embedded-12.3.rel1/bin/arm-none-eabi-g++ -DCMAKE_AR=/nix/store/mczmw3rln2jm6nm080dapyjpj3833rg9-gcc-arm-embedded-12.3.rel1/bin/arm-none-eabi-ar -DCMAKE_RANLIB=/nix/store/mczmw3rln2jm6nm080dapyjpj3833rg9-gcc-arm-embedded-12.3.rel1/bin/arm-none-eabi-ranlib -DZEPHYR_MODULES=/nix/store/pq757h971kd946xqi9ckk2ylsj25i610-zmk-module-cmsis/cmsis\;/nix/store/wggfl9p3y2ahy21hb1gpfgr3fxsbv8ss-zmk-module-hal_nordic/hal_nordic\;/nix/store/grk5a1pd1mbzl3lgzf2amf7c0nbb0rvs-zmk-module-tinycrypt/tinycrypt\;/nix/store/44v1jwji8rksbmvsjwkd4igbb1vhxbl5-zmk-module-lvgl/lvgl\;/nix/store/4bn1207zpfrcdmf1ldh86ziaav3kwwbb-zmk-module-picolibc/picolibc\;/nix/store/w90l0zpl7slydmc947qscinn0d6rgq5c-zmk-module-segger/segger\;/nix/store/3581iwklzqcg4iyhlyqqrj7yvvm0pykl-cirque-input-module -DKEYMAP_FILE=/nix/store/649fg5a6rw15am212bkm0h92ay6bjbwr-zmk-custom-functions-lib/boards/glove80/glove80.keymap -DEXTRA_CONF_FILE=/nix/store/649fg5a6rw15am212bkm0h92ay6bjbwr-zmk-custom-functions-lib/boards/glove80/glove80.conf -DUSER_CACHE_DIR=/build/.cache
2026-02-21T22:43:05.6049636Z Loading Zephyr default modules (Zephyr base (cached)).
2026-02-21T22:43:05.6051229Z -- Application: /build/source/app
2026-02-21T22:43:05.6051656Z -- CMake version: 3.30.5
2026-02-21T22:43:05.6105006Z cmake flags: -GNinja -DCMAKE_FIND_USE_SYSTEM_PACKAGE_REGISTRY=OFF -DCMAKE_FIND_USE_PACKAGE_REGISTRY=OFF -DCMAKE_EXPORT_NO_PACKAGE_REGISTRY=ON -DCMAKE_BUILD_TYPE=Release -DBUILD_TESTING=OFF -DCMAKE_INSTALL_LOCALEDIR=/nix/store/q7n6hzrbbf300gzp3glh3a262ivfql9d-zmk_glove80_rh/share/locale -DCMAKE_INSTALL_LIBEXECDIR=/nix/store/q7n6hzrbbf300gzp3glh3a262ivfql9d-zmk_glove80_rh/libexec -DCMAKE_INSTALL_LIBDIR=/nix/store/q7n6hzrbbf300gzp3glh3a262ivfql9d-zmk_glove80_rh/lib -DCMAKE_INSTALL_DOCDIR=/nix/store/q7n6hzrbbf300gzp3glh3a262ivfql9d-zmk_glove80_rh/share/doc/zmk -DCMAKE_INSTALL_INFODIR=/nix/store/q7n6hzrbbf300gzp3glh3a262ivfql9d-zmk_glove80_rh/share/info -DCMAKE_INSTALL_MANDIR=/nix/store/q7n6hzrbbf300gzp3glh3a262ivfql9d-zmk_glove80_rh/share/man -DCMAKE_INSTALL_OLDINCLUDEDIR=/nix/store/q7n6hzrbbf300gzp3glh3a262ivfql9d-zmk_glove80_rh/include -DCMAKE_INSTALL_INCLUDEDIR=/nix/store/q7n6hzrbbf300gzp3glh3a262ivfql9d-zmk_glove80_rh/include -DCMAKE_INSTALL_SBINDIR=/nix/store/q7n6hzrbbf300gzp3glh3a262ivfql9d-zmk_glove80_rh/sbin -DCMAKE_INSTALL_BINDIR=/nix/store/q7n6hzrbbf300gzp3glh3a262ivfql9d-zmk_glove80_rh/bin -DCMAKE_INSTALL_NAME_DIR=/nix/store/q7n6hzrbbf300gzp3glh3a262ivfql9d-zmk_glove80_rh/lib -DCMAKE_POLICY_DEFAULT_CMP0025=NEW -DCMAKE_FIND_FRAMEWORK=LAST -DCMAKE_STRIP= -DCMAKE_RANLIB= -DCMAKE_AR= -DCMAKE_C_COMPILER= -DCMAKE_CXX_COMPILER= -DCMAKE_INSTALL_PREFIX=/nix/store/q7n6hzrbbf300gzp3glh3a262ivfql9d-zmk_glove80_rh -DZEPHYR_BASE=/nix/store/pz26iwsn417j90xs7y7cwbsjnk7b1riv-zephyr/zephyr -DBOARD_ROOT=. -DBOARD=glove80_rh -DZEPHYR_TOOLCHAIN_VARIANT=gnuarmemb -DGNUARMEMB_TOOLCHAIN_PATH=/nix/store/mczmw3rln2jm6nm080dapyjpj3833rg9-gcc-arm-embedded-12.3.rel1 -DCMAKE_C_COMPILER=/nix/store/mczmw3rln2jm6nm080dapyjpj3833rg9-gcc-arm-embedded-12.3.rel1/bin/arm-none-eabi-gcc -DCMAKE_CXX_COMPILER=/nix/store/mczmw3rln2jm6nm080dapyjpj3833rg9-gcc-arm-embedded-12.3.rel1/bin/arm-none-eabi-g++ -DCMAKE_AR=/nix/store/mczmw3rln2jm6nm080dapyjpj3833rg9-gcc-arm-embedded-12.3.rel1/bin/arm-none-eabi-ar -DCMAKE_RANLIB=/nix/store/mczmw3rln2jm6nm080dapyjpj3833rg9-gcc-arm-embedded-12.3.rel1/bin/arm-none-eabi-ranlib -DZEPHYR_MODULES=/nix/store/pq757h971kd946xqi9ckk2ylsj25i610-zmk-module-cmsis/cmsis\;/nix/store/wggfl9p3y2ahy21hb1gpfgr3fxsbv8ss-zmk-module-hal_nordic/hal_nordic\;/nix/store/grk5a1pd1mbzl3lgzf2amf7c0nbb0rvs-zmk-module-tinycrypt/tinycrypt\;/nix/store/44v1jwji8rksbmvsjwkd4igbb1vhxbl5-zmk-module-lvgl/lvgl\;/nix/store/4bn1207zpfrcdmf1ldh86ziaav3kwwbb-zmk-module-picolibc/picolibc\;/nix/store/w90l0zpl7slydmc947qscinn0d6rgq5c-zmk-module-segger/segger\;/nix/store/3581iwklzqcg4iyhlyqqrj7yvvm0pykl-cirque-input-module -DKEYMAP_FILE=/nix/store/649fg5a6rw15am212bkm0h92ay6bjbwr-zmk-custom-functions-lib/boards/glove80/glove80.keymap -DEXTRA_CONF_FILE=/nix/store/649fg5a6rw15am212bkm0h92ay6bjbwr-zmk-custom-functions-lib/boards/glove80/glove80.conf -DUSER_CACHE_DIR=/build/.cache
2026-02-21T22:43:05.6214662Z Loading Zephyr default modules (Zephyr base (cached)).
2026-02-21T22:43:05.6216691Z -- Application: /build/source/app
2026-02-21T22:43:05.6217134Z -- CMake version: 3.30.5
2026-02-21T22:43:05.8227929Z -- Found Python3: /nix/store/3ym73yjdw7yg6sv3nwr0syligji76i3z-python3-3.12.7-env/bin/python (found suitable version "3.12.7", minimum required is "3.8") found components: Interpreter
2026-02-21T22:43:05.8235568Z -- Cache files will be written to: /build/.cache
2026-02-21T22:43:05.8288804Z -- Zephyr version: 3.5.0 (/nix/store/pz26iwsn417j90xs7y7cwbsjnk7b1riv-zephyr/zephyr)
2026-02-21T22:43:05.8335631Z -- Found Python3: /nix/store/3ym73yjdw7yg6sv3nwr0syligji76i3z-python3-3.12.7-env/bin/python (found suitable version "3.12.7", minimum required is "3.8") found components: Interpreter
2026-02-21T22:43:05.8345660Z -- Cache files will be written to: /build/.cache
2026-02-21T22:43:05.8421297Z -- Zephyr version: 3.5.0 (/nix/store/pz26iwsn417j90xs7y7cwbsjnk7b1riv-zephyr/zephyr)
2026-02-21T22:43:06.0123821Z -- Using keymap file: /nix/store/649fg5a6rw15am212bkm0h92ay6bjbwr-zmk-custom-functions-lib/boards/glove80/glove80.keymap
2026-02-21T22:43:06.0151748Z -- Using keymap file: /nix/store/649fg5a6rw15am212bkm0h92ay6bjbwr-zmk-custom-functions-lib/boards/glove80/glove80.keymap
2026-02-21T22:43:06.0168965Z -- Board: glove80_lh
2026-02-21T22:43:06.0196144Z -- Board: glove80_rh
2026-02-21T22:43:06.1850929Z -- Found toolchain: gnuarmemb (/nix/store/mczmw3rln2jm6nm080dapyjpj3833rg9-gcc-arm-embedded-12.3.rel1)
2026-02-21T22:43:06.1873255Z -- Found toolchain: gnuarmemb (/nix/store/mczmw3rln2jm6nm080dapyjpj3833rg9-gcc-arm-embedded-12.3.rel1)
2026-02-21T22:43:06.1954585Z -- Found Dtc: /nix/store/2nvmq98zj69i1af1ksh6m08hvfdkjv1z-dtc-1.7.2/bin/dtc (found suitable version "1.7.2", minimum required is "1.4.6")
2026-02-21T22:43:06.1972405Z -- Found BOARD.dts: /build/source/app/boards/arm/glove80/glove80_lh.dts
2026-02-21T22:43:06.1973597Z -- Found devicetree overlay: /nix/store/649fg5a6rw15am212bkm0h92ay6bjbwr-zmk-custom-functions-lib/boards/glove80/glove80.keymap
2026-02-21T22:43:06.1975151Z -- Found Dtc: /nix/store/2nvmq98zj69i1af1ksh6m08hvfdkjv1z-dtc-1.7.2/bin/dtc (found suitable version "1.7.2", minimum required is "1.4.6")
2026-02-21T22:43:06.1976283Z -- Found BOARD.dts: /build/source/app/boards/arm/glove80/glove80_rh.dts
2026-02-21T22:43:06.1977401Z -- Found devicetree overlay: /nix/store/649fg5a6rw15am212bkm0h92ay6bjbwr-zmk-custom-functions-lib/boards/glove80/glove80.keymap
2026-02-21T22:43:06.4019159Z devicetree error: /nix/store/649fg5a6rw15am212bkm0h92ay6bjbwr-zmk-custom-functions-lib/boards/glove80/board_meta.dtsi:26 (column 126): parse error: expected number or parenthesized expression
2026-02-21T22:43:06.4035859Z devicetree error: /nix/store/649fg5a6rw15am212bkm0h92ay6bjbwr-zmk-custom-functions-lib/boards/glove80/board_meta.dtsi:26 (column 126): parse error: expected number or parenthesized expression
2026-02-21T22:43:06.4144588Z -- In: /build/source/app/build/zephyr, command: /nix/store/3ym73yjdw7yg6sv3nwr0syligji76i3z-python3-3.12.7-env/bin/python;/nix/store/pz26iwsn417j90xs7y7cwbsjnk7b1riv-zephyr/zephyr/scripts/dts/gen_defines.py;--dts;/build/source/app/build/zephyr/zephyr.dts.pre;--dtc-flags;'-Wno-unique_unit_address_if_enabled';--bindings-dirs;/nix/store/3581iwklzqcg4iyhlyqqrj7yvvm0pykl-cirque-input-module/dts/bindings;/build/source/app/module/dts/bindings;/build/source/app/dts/bindings;/nix/store/pz26iwsn417j90xs7y7cwbsjnk7b1riv-zephyr/zephyr/dts/bindings;--header-out;/build/source/app/build/zephyr/include/generated/devicetree_generated.h.new;--dts-out;/build/source/app/build/zephyr/zephyr.dts.new;--edt-pickle-out;/build/source/app/build/zephyr/edt.pickle;--vendor-prefixes;/nix/store/3581iwklzqcg4iyhlyqqrj7yvvm0pykl-cirque-input-module/dts/bindings/vendor-prefixes.txt;--vendor-prefixes;/build/source/app/dts/bindings/vendor-prefixes.txt;--vendor-prefixes;/nix/store/pz26iwsn417j90xs7y7cwbsjnk7b1riv-zephyr/zephyr/dts/bindings/vendor-prefixes.txt
2026-02-21T22:43:06.4153393Z CMake Error at /nix/store/pz26iwsn417j90xs7y7cwbsjnk7b1riv-zephyr/zephyr/cmake/modules/dts.cmake:279 (message):
2026-02-21T22:43:06.4154309Z   gen_defines.py failed with return code: 1
2026-02-21T22:43:06.4154753Z Call Stack (most recent call first):
2026-02-21T22:43:06.4155585Z   /nix/store/pz26iwsn417j90xs7y7cwbsjnk7b1riv-zephyr/zephyr/cmake/modules/zephyr_default.cmake:129 (include)
2026-02-21T22:43:06.4156920Z   /nix/store/pz26iwsn417j90xs7y7cwbsjnk7b1riv-zephyr/zephyr/share/zephyr-package/cmake/ZephyrConfig.cmake:66 (include)
2026-02-21T22:43:06.4158579Z   /nix/store/pz26iwsn417j90xs7y7cwbsjnk7b1riv-zephyr/zephyr/share/zephyr-package/cmake/ZephyrConfig.cmake:97 (include_boilerplate)
2026-02-21T22:43:06.4160107Z   CMakeLists.txt:9 (find_package)
2026-02-21T22:43:06.4160531Z 
2026-02-21T22:43:06.4160536Z 
2026-02-21T22:43:06.4160860Z -- Configuring incomplete, errors occurred!
2026-02-21T22:43:06.4167790Z -- In: /build/source/app/build/zephyr, command: /nix/store/3ym73yjdw7yg6sv3nwr0syligji76i3z-python3-3.12.7-env/bin/python;/nix/store/pz26iwsn417j90xs7y7cwbsjnk7b1riv-zephyr/zephyr/scripts/dts/gen_defines.py;--dts;/build/source/app/build/zephyr/zephyr.dts.pre;--dtc-flags;'-Wno-unique_unit_address_if_enabled';--bindings-dirs;/nix/store/3581iwklzqcg4iyhlyqqrj7yvvm0pykl-cirque-input-module/dts/bindings;/build/source/app/module/dts/bindings;/build/source/app/dts/bindings;/nix/store/pz26iwsn417j90xs7y7cwbsjnk7b1riv-zephyr/zephyr/dts/bindings;--header-out;/build/source/app/build/zephyr/include/generated/devicetree_generated.h.new;--dts-out;/build/source/app/build/zephyr/zephyr.dts.new;--edt-pickle-out;/build/source/app/build/zephyr/edt.pickle;--vendor-prefixes;/nix/store/3581iwklzqcg4iyhlyqqrj7yvvm0pykl-cirque-input-module/dts/bindings/vendor-prefixes.txt;--vendor-prefixes;/build/source/app/dts/bindings/vendor-prefixes.txt;--vendor-prefixes;/nix/store/pz26iwsn417j90xs7y7cwbsjnk7b1riv-zephyr/zephyr/dts/bindings/vendor-prefixes.txt
2026-02-21T22:43:06.4175518Z CMake Error at /nix/store/pz26iwsn417j90xs7y7cwbsjnk7b1riv-zephyr/zephyr/cmake/modules/dts.cmake:279 (message):
2026-02-21T22:43:06.4176411Z   gen_defines.py failed with return code: 1
2026-02-21T22:43:06.4176863Z Call Stack (most recent call first):
2026-02-21T22:43:06.4177691Z   /nix/store/pz26iwsn417j90xs7y7cwbsjnk7b1riv-zephyr/zephyr/cmake/modules/zephyr_default.cmake:129 (include)
2026-02-21T22:43:06.4179141Z   /nix/store/pz26iwsn417j90xs7y7cwbsjnk7b1riv-zephyr/zephyr/share/zephyr-package/cmake/ZephyrConfig.cmake:66 (include)
2026-02-21T22:43:06.4180651Z   /nix/store/pz26iwsn417j90xs7y7cwbsjnk7b1riv-zephyr/zephyr/share/zephyr-package/cmake/ZephyrConfig.cmake:97 (include_boilerplate)
2026-02-21T22:43:06.4181710Z   CMakeLists.txt:9 (find_package)
2026-02-21T22:43:06.4181967Z 
2026-02-21T22:43:06.4181973Z 
2026-02-21T22:43:06.4182133Z -- Configuring incomplete, errors occurred!
2026-02-21T22:43:06.5024049Z error: builder for '/nix/store/kqmjqkq2c290v8gsc5wwnvnjhma17847-zmk_glove80_lh.drv' failed with exit code 1;
2026-02-21T22:43:06.5024731Z        last 10 log lines:
2026-02-21T22:43:06.5025312Z        > CMake Error at /nix/store/pz26iwsn417j90xs7y7cwbsjnk7b1riv-zephyr/zephyr/cmake/modules/dts.cmake:279 (message):
2026-02-21T22:43:06.5025942Z        >   gen_defines.py failed with return code: 1
2026-02-21T22:43:06.5026268Z        > Call Stack (most recent call first):
2026-02-21T22:43:06.5026847Z        >   /nix/store/pz26iwsn417j90xs7y7cwbsjnk7b1riv-zephyr/zephyr/cmake/modules/zephyr_default.cmake:129 (include)
2026-02-21T22:43:06.5027776Z        >   /nix/store/pz26iwsn417j90xs7y7cwbsjnk7b1riv-zephyr/zephyr/share/zephyr-package/cmake/ZephyrConfig.cmake:66 (include)
2026-02-21T22:43:06.5028962Z        >   /nix/store/pz26iwsn417j90xs7y7cwbsjnk7b1riv-zephyr/zephyr/share/zephyr-package/cmake/ZephyrConfig.cmake:97 (include_boilerplate)
2026-02-21T22:43:06.5029647Z        >   CMakeLists.txt:9 (find_package)
2026-02-21T22:43:06.5029918Z        >
2026-02-21T22:43:06.5030086Z        > 
2026-02-21T22:43:06.5030320Z        > -- Configuring incomplete, errors occurred!
2026-02-21T22:43:06.5031098Z        For full logs, run 'nix log /nix/store/kqmjqkq2c290v8gsc5wwnvnjhma17847-zmk_glove80_lh.drv'.
2026-02-21T22:43:06.6026292Z error: 1 dependencies of derivation '/nix/store/0ndsmk6plxfhd48b0xbyq63crks0hbxq-combined_zmk_glove80_lh_zmk_glove80_rh.drv' failed to build
2026-02-21T22:43:06.6144747Z ##[error]Process completed with exit code 1.
2026-02-21T22:43:06.6194192Z Post job cleanup.
2026-02-21T22:43:06.6615448Z ##[group]Cachix: push
2026-02-21T22:43:06.6616555Z Pushing is disabled as skipPush is set to true
2026-02-21T22:43:06.6617341Z ##[endgroup]
2026-02-21T22:43:06.6708617Z Post job cleanup.
2026-02-21T22:43:06.7633785Z [command]/usr/bin/git version
2026-02-21T22:43:06.7669208Z git version 2.52.0
2026-02-21T22:43:06.7711822Z Temporarily overriding HOME='/home/runner/work/_temp/cd0b9357-a3d8-457c-9bef-60a9f235051b' before making global git config changes
2026-02-21T22:43:06.7713171Z Adding repository directory to the temporary git global config as a safe directory
2026-02-21T22:43:06.7718395Z [command]/usr/bin/git config --global --add safe.directory /home/runner/work/zmk-custom-functions-lib/zmk-custom-functions-lib/src
2026-02-21T22:43:06.7757552Z [command]/usr/bin/git config --local --name-only --get-regexp core\.sshCommand
2026-02-21T22:43:06.7788822Z [command]/usr/bin/git submodule foreach --recursive sh -c "git config --local --name-only --get-regexp 'core\.sshCommand' && git config --local --unset-all 'core.sshCommand' || :"
2026-02-21T22:43:06.8022906Z [command]/usr/bin/git config --local --name-only --get-regexp http\.https\:\/\/github\.com\/\.extraheader
2026-02-21T22:43:06.8042752Z http.https://github.com/.extraheader
2026-02-21T22:43:06.8055005Z [command]/usr/bin/git config --local --unset-all http.https://github.com/.extraheader
2026-02-21T22:43:06.8084018Z [command]/usr/bin/git submodule foreach --recursive sh -c "git config --local --name-only --get-regexp 'http\.https\:\/\/github\.com\/\.extraheader' && git config --local --unset-all 'http.https://github.com/.extraheader' || :"
2026-02-21T22:43:06.8306660Z [command]/usr/bin/git config --local --name-only --get-regexp ^includeIf\.gitdir:
2026-02-21T22:43:06.8337236Z [command]/usr/bin/git submodule foreach --recursive git config --local --show-origin --name-only --get-regexp remote.origin.url
2026-02-21T22:43:06.8690811Z Post job cleanup.
2026-02-21T22:43:06.9608748Z [command]/usr/bin/git version
2026-02-21T22:43:06.9643715Z git version 2.52.0
2026-02-21T22:43:06.9686376Z Temporarily overriding HOME='/home/runner/work/_temp/43ee38fb-0783-4a66-b755-f0fccf781a0d' before making global git config changes
2026-02-21T22:43:06.9687706Z Adding repository directory to the temporary git global config as a safe directory
2026-02-21T22:43:06.9700661Z [command]/usr/bin/git config --global --add safe.directory /home/runner/work/zmk-custom-functions-lib/zmk-custom-functions-lib
2026-02-21T22:43:06.9735634Z [command]/usr/bin/git config --local --name-only --get-regexp core\.sshCommand
2026-02-21T22:43:06.9766953Z [command]/usr/bin/git submodule foreach --recursive sh -c "git config --local --name-only --get-regexp 'core\.sshCommand' && git config --local --unset-all 'core.sshCommand' || :"
2026-02-21T22:43:06.9985487Z [command]/usr/bin/git config --local --name-only --get-regexp http\.https\:\/\/github\.com\/\.extraheader
2026-02-21T22:43:07.0005622Z http.https://github.com/.extraheader
2026-02-21T22:43:07.0017959Z [command]/usr/bin/git config --local --unset-all http.https://github.com/.extraheader
2026-02-21T22:43:07.0047832Z [command]/usr/bin/git submodule foreach --recursive sh -c "git config --local --name-only --get-regexp 'http\.https\:\/\/github\.com\/\.extraheader' && git config --local --unset-all 'http.https://github.com/.extraheader' || :"
2026-02-21T22:43:07.0269942Z [command]/usr/bin/git config --local --name-only --get-regexp ^includeIf\.gitdir:
2026-02-21T22:43:07.0302481Z [command]/usr/bin/git submodule foreach --recursive git config --local --show-origin --name-only --get-regexp remote.origin.url
2026-02-21T22:43:07.0639111Z Cleaning up orphan processes
